--------------------------------------------------------
 Starting UVM Simulation: corerv_test
--------------------------------------------------------
irun -clean -64bit -sv -uvm -access +rwc -svseed 27784 -coverage all -covoverwrite -covtest corerv_test /home/user1/Darshan_Verification/Tanuja/core_uvm/rtl/*.sv /home/user1/Darshan_Verification/Tanuja/core_uvm/tb/sv/corerv_if.sv /home/user1/Darshan_Verification/Tanuja/core_uvm/tb/sv/corerv_pkg.sv /home/user1/Darshan_Verification/Tanuja/core_uvm/tb/sv/tb_top.sv ./spike_wrapper.so +UVM_TESTNAME=corerv_test
irun(64): 15.20-s086: (c) Copyright 1995-2020 Cadence Design Systems, Inc.
irun: *N,CLEAN: Removing existing directory ./INCA_libs.
Compiling UVM packages (uvm_pkg.sv cdns_uvm_pkg.sv) using uvmhome location /home/install/INCISIVE152/tools/methodology/UVM/CDNS-1.1d
file: /home/user1/Darshan_Verification/Tanuja/core_uvm/rtl/alu_in1_mux.sv
	module worklib.alu_in1_mux:sv
		errors: 0, warnings: 0
file: /home/user1/Darshan_Verification/Tanuja/core_uvm/rtl/alu_in2_mux.sv
	module worklib.alu_in2_mux:sv
		errors: 0, warnings: 0
file: /home/user1/Darshan_Verification/Tanuja/core_uvm/rtl/alu_mul_csr_mux.sv
	module worklib.alu_mul_csr_mux:sv
		errors: 0, warnings: 0
file: /home/user1/Darshan_Verification/Tanuja/core_uvm/rtl/alu.sv
	module worklib.alu:sv
		errors: 0, warnings: 0
file: /home/user1/Darshan_Verification/Tanuja/core_uvm/rtl/Control_Unit.sv
	module worklib.Control_Unit:sv
		errors: 0, warnings: 0
file: /home/user1/Darshan_Verification/Tanuja/core_uvm/rtl/CoreRV.sv
	module worklib.CoreRV:sv
		errors: 0, warnings: 0
file: /home/user1/Darshan_Verification/Tanuja/core_uvm/rtl/csr_register_file.sv
	module worklib.csr_register_file:sv
		errors: 0, warnings: 0
file: /home/user1/Darshan_Verification/Tanuja/core_uvm/rtl/csr_unit.sv
	module worklib.csr_unit:sv
		errors: 0, warnings: 0
file: /home/user1/Darshan_Verification/Tanuja/core_uvm/rtl/data_ram.sv
	module worklib.data_ram:sv
		errors: 0, warnings: 0
file: /home/user1/Darshan_Verification/Tanuja/core_uvm/rtl/dp_ram.sv
	module worklib.dp_ram:sv
		errors: 0, warnings: 0
file: /home/user1/Darshan_Verification/Tanuja/core_uvm/rtl/immediate_generator.sv
	module worklib.immediate_generator:sv
		errors: 0, warnings: 0
file: /home/user1/Darshan_Verification/Tanuja/core_uvm/rtl/instr_ram.sv
	module worklib.instr_ram:sv
		errors: 0, warnings: 0
file: /home/user1/Darshan_Verification/Tanuja/core_uvm/rtl/interrupt_controller.sv
	module worklib.interrupt_controller:sv
		errors: 0, warnings: 0
file: /home/user1/Darshan_Verification/Tanuja/core_uvm/rtl/LSU_RVX.sv
	module worklib.LSU_RVX:sv
		errors: 0, warnings: 0
file: /home/user1/Darshan_Verification/Tanuja/core_uvm/rtl/Memory_Ctrl.sv
	module worklib.Memory_Ctrl:sv
		errors: 0, warnings: 0
file: /home/user1/Darshan_Verification/Tanuja/core_uvm/rtl/memtoreg_mux.sv
	module worklib.memtoreg_mux:sv
		errors: 0, warnings: 0
file: /home/user1/Darshan_Verification/Tanuja/core_uvm/rtl/pc_mux.sv
	module worklib.pc_mux:sv
		errors: 0, warnings: 0
file: /home/user1/Darshan_Verification/Tanuja/core_uvm/rtl/Pipelined_M.sv
	module worklib.Pipelined_M:sv
		errors: 0, warnings: 0
	module worklib.M1:sv
		errors: 0, warnings: 0
	module worklib.M2:sv
		errors: 0, warnings: 0
	module worklib.half_adder:sv
		errors: 0, warnings: 0
	module worklib.full_adder:sv
		errors: 0, warnings: 0
	module worklib.booth_encoder:sv
		errors: 0, warnings: 0
	module worklib.gp_cell:sv
		errors: 0, warnings: 0
	module worklib.cla4:sv
		errors: 0, warnings: 0
	module worklib.cla16:sv
		errors: 0, warnings: 0
	module worklib.cla64:sv
		errors: 0, warnings: 0
file: /home/user1/Darshan_Verification/Tanuja/core_uvm/rtl/register_file.sv
	module worklib.register_file:sv
		errors: 0, warnings: 0
file: /home/user1/Darshan_Verification/Tanuja/core_uvm/rtl/sp_ram.sv
	module worklib.sp_ram:sv
		errors: 0, warnings: 0
file: /home/user1/Darshan_Verification/Tanuja/core_uvm/rtl/Stage1.sv
	module worklib.Stage1:sv
		errors: 0, warnings: 0
file: /home/user1/Darshan_Verification/Tanuja/core_uvm/rtl/Stage2.sv
	module worklib.Stage2:sv
		errors: 0, warnings: 0
file: /home/user1/Darshan_Verification/Tanuja/core_uvm/rtl/stall_controller.sv
	module worklib.stall_controller:sv
		errors: 0, warnings: 0
file: /home/user1/Darshan_Verification/Tanuja/core_uvm/tb/sv/corerv_if.sv
	interface worklib.corerv_if:sv
		errors: 0, warnings: 0
file: /home/user1/Darshan_Verification/Tanuja/core_uvm/tb/sv/corerv_pkg.sv
	package worklib.corerv_pkg:sv
		errors: 0, warnings: 0
file: /home/user1/Darshan_Verification/Tanuja/core_uvm/tb/sv/tb_top.sv
	interface worklib.corerv_trace_if:sv
		errors: 0, warnings: 0
	module worklib.tb_top:sv
		errors: 0, warnings: 0
$CDSROOT = /home/install/INCISIVE152
$TESTDIR = /home/user1/Darshan_Verification/Tanuja/core_uvm/sim

TOOL:	ncsc(64)	15.20-s086
make[1]: Entering directory `/home/user1/Darshan_Verification/Tanuja/core_uvm/sim'
building library run.so
make[1]: Leaving directory `/home/user1/Darshan_Verification/Tanuja/core_uvm/sim'

		Caching library 'worklib' ....... Done
	Elaborating the design hierarchy:
	)dut (
	   |
ncelab: *W,CUVWSP (../tb/sv/tb_top.sv,54|4): 2 output ports were not connected:
ncelab: (../rtl/CoreRV.sv,23): irq_ack_o
ncelab: (../rtl/CoreRV.sv,24): irq_id_o

	)dut (
	   |
ncelab: *W,CUVWSI (../tb/sv/tb_top.sv,54|4): 1 input port was not connected:
ncelab: (../rtl/CoreRV.sv,22): irq_i

	Top level design units:
		uvm_pkg
		cdns_uvmapi
		cdns_assert2uvm_pkg
		cdns_uvm_pkg
		corerv_pkg
		$unit_0x388f07e4
		dp_ram
		half_adder
		tb_top
ncelab: *W,DSEMEL: This SystemVerilog design will be simulated as per IEEE 1800-2009 SystemVerilog simulation semantics. Use -disable_sem2009 option for turning off SV 2009 simulation semantics.

	Extracting FSMs for coverage:
		worklib.dp_ram
		worklib.half_adder
		worklib.interrupt_controller
		worklib.Memory_Ctrl
		worklib.pc_mux
		worklib.sp_ram
		worklib.instr_ram
		worklib.register_file
		worklib.csr_register_file
		worklib.Control_Unit
		worklib.immediate_generator
		worklib.Stage1
		worklib.alu_in1_mux
		worklib.alu_in2_mux
		worklib.alu
		worklib.csr_unit
		worklib.booth_encoder
		worklib.M1
		worklib.full_adder
		worklib.M2
		worklib.gp_cell
		worklib.cla4
		worklib.cla16
		worklib.cla64
		worklib.Pipelined_M
		worklib.alu_mul_csr_mux
		worklib.Stage2
		worklib.stall_controller
		worklib.LSU_RVX
			FSM extracted for state register state
		worklib.data_ram
		worklib.memtoreg_mux
		worklib.CoreRV
		worklib.tb_top
	Total FSMs extracted = 1
	Building instance overlay tables: ...................
ncelab: *W,COVFHT: FSM hold transitions (transitions to the current state) are not extracted for any FSM in default mode.
. Done
	Enabling instrumentation for coverage types: block expression FSM toggle functional
ncelab: *W,COVDCL: By default expression coverage is scored only for Verilog logical operators (|| and &&) and VHDL logical operators (OR, AND, NOR, and NAND), and is scored only in condition expressions. To score coverage for other operators and for expressions in other statements, use the "set_expr_coverable_operators" and "set_expr_coverable_statements" coverage configuration file commands with suitable options at elaboration.
	Generating native compiled code:
		worklib.Control_Unit:sv <0x516e4421>
			streams:   2, words: 45026
		worklib.CoreRV:sv <0x44afc559>
			streams: 172, words: 138488
		worklib.LSU_RVX:sv <0x249ae70a>
			streams:  23, words: 28361
		worklib.M1:sv <0x25e7b7fc>
			streams:   9, words: 10028
		worklib.M2:sv <0x4e5b01f7>
			streams:   1, words:  1947
		worklib.Memory_Ctrl:sv <0x41b0ca7c>
			streams:   2, words:   892
		worklib.Pipelined_M:sv <0x58f2ee22>
			streams:  20, words: 12002
		worklib.Stage1:sv <0x3b45b068>
			streams:  59, words: 30039
		worklib.Stage2:sv <0x3f9424eb>
			streams:  36, words: 23688
		worklib.alu:sv <0x0abf656e>
			streams:   1, words:  8265
		worklib.alu_in1_mux:sv <0x2c2313d7>
			streams:   1, words:   850
		worklib.alu_in2_mux:sv <0x21db1c70>
			streams:   1, words:  1874
		worklib.alu_mul_csr_mux:sv <0x74fc9279>
			streams:   1, words:  1906
		worklib.booth_encoder:sv <0x4f9a32d7>
			streams:   1, words:  2872
		worklib.cdns_assert2uvm_pkg:sv <0x09043a22>
			streams:   3, words:  2639
		worklib.cdns_uvm_pkg:sv <0x1daf05ff>
			streams:   9, words:  6436
		worklib.cdns_uvm_pkg:sv <0x4e72f769>
			streams:  28, words: 46637
		worklib.cdns_uvm_pkg:sv <0x5643060f>
			streams:  10, words:  9567
		worklib.cdns_uvm_pkg:sv <0x628da63b>
			streams: 136, words: 297517
		worklib.cdns_uvmapi:svp <0x4eeed3a9>
			streams:  27, words: 38295
		worklib.cla16:sv <0x57530f55>
			streams:   2, words:   695
		worklib.cla4:sv <0x13b5beb5>
			streams:   1, words:   446
		worklib.cla64:sv <0x4ef33033>
			streams:   4, words:  1602
		worklib.corerv_if:sv <0x321d1431>
			streams:  22, words: 19268
		worklib.corerv_pkg:sv <0x5e0b5c90>
			streams:   0, words:     0
		worklib.corerv_trace_if:sv <0x7a9e4019>
			streams:  12, words:  5764
		worklib.csr_register_file:sv <0x6a434408>
			streams:  17, words: 12902
		worklib.csr_unit:sv <0x75ac1d01>
			streams:   1, words:  5521
		worklib.data_ram:sv <0x14bb8eb7>
			streams:   4, words:  9870
		worklib.dp_ram:sv <0x2f0dff6d>
			streams:  11, words:  9495
		worklib.full_adder:sv <0x1f6ad9be>
			streams:   0, words:     0
		worklib.gp_cell:sv <0x4e334a19>
			streams:   0, words:     0
		worklib.half_adder:sv <0x4130fb25>
			streams:   0, words:     0
		worklib.immediate_generator:sv <0x3ac14e6c>
			streams:   2, words:  5073
		worklib.instr_ram:sv <0x31554902>
			streams:  15, words: 24324
		worklib.interrupt_controller:sv <0x2bae3d8b>
			streams:   5, words:  4311
		worklib.memtoreg_mux:sv <0x196d2fb1>
			streams:   1, words:  1872
		worklib.pc_mux:sv <0x75b34f3e>
			streams:   1, words:  2849
		worklib.register_file:sv <0x2521ba8a>
			streams:   5, words:  4280
		worklib.sp_ram:sv <0x29d2d672>
			streams:   8, words:  4390
		worklib.sp_ram:sv <0x356e5f83>
			streams:   8, words:  4435
		worklib.sp_ram:sv <0x73ecf674>
			streams:   8, words:  4390
		worklib.stall_controller:sv <0x1522e610>
			streams:   6, words:  7194
		worklib.tb_top:sv <0x2544df29>
			streams: 155, words: 280972
		worklib.uvm_pkg:sv <0x01ac61ef>
			streams:  25, words: 62303
		worklib.uvm_pkg:sv <0x01c266f6>
			streams:   7, words:  3230
		worklib.uvm_pkg:sv <0x0303f4ac>
			streams:  26, words: 40358
		worklib.uvm_pkg:sv <0x0318ca69>
			streams:  27, words: 46271
		worklib.uvm_pkg:sv <0x08afa72c>
			streams:   7, words:  7967
		worklib.uvm_pkg:sv <0x0901f621>
			streams:  25, words: 64671
		worklib.uvm_pkg:sv <0x0aeb521b>
			streams:  27, words: 34211
		worklib.uvm_pkg:sv <0x10642354>
			streams: 181, words: 327214
		worklib.uvm_pkg:sv <0x1726efbb>
			streams: 177, words: 234728
		worklib.uvm_pkg:sv <0x17c8d12f>
			streams:   8, words:  9053
		worklib.uvm_pkg:sv <0x1a30e58f>
			streams:   7, words:  1863
		worklib.uvm_pkg:sv <0x2b0a392b>
			streams:  27, words: 55779
		worklib.uvm_pkg:sv <0x2c0a262b>
			streams:  16, words: 26899
		worklib.uvm_pkg:sv <0x30e64862>
			streams:   7, words:  3230
		worklib.uvm_pkg:sv <0x32777b24>
			streams:  26, words: 58656
		worklib.uvm_pkg:sv <0x38cc6fc3>
			streams: 4718, words: 10646212
		worklib.uvm_pkg:sv <0x3a692af2>
			streams:  17, words: 18882
		worklib.uvm_pkg:sv <0x3ae1c94b>
			streams:   7, words:  1863
		worklib.uvm_pkg:sv <0x3c593d1a>
			streams:  24, words: 27192
		worklib.uvm_pkg:sv <0x3d07073e>
			streams:  25, words: 71098
		worklib.uvm_pkg:sv <0x3f4b8279>
			streams:  27, words: 43114
		worklib.uvm_pkg:sv <0x3fda9cfa>
			streams:  38, words: 35012
		worklib.uvm_pkg:sv <0x455f1483>
			streams:  25, words: 63122
		worklib.uvm_pkg:sv <0x461f6a3f>
			streams:  24, words: 35572
		worklib.uvm_pkg:sv <0x464bb1ed>
			streams:  22, words: 69122
		worklib.uvm_pkg:sv <0x4b9cc803>
			streams:  27, words: 45373
		worklib.uvm_pkg:sv <0x4c559598>
			streams:  25, words: 67033
		worklib.uvm_pkg:sv <0x4d39c312>
			streams:   9, words:  5977
		worklib.uvm_pkg:sv <0x4fbdddf7>
			streams:  71, words: 154057
		worklib.uvm_pkg:sv <0x4fc4b563>
			streams:   9, words:  3363
		worklib.uvm_pkg:sv <0x578ca5d9>
			streams:  26, words: 42905
		worklib.uvm_pkg:sv <0x5b4755cd>
			streams:   8, words:  8608
		worklib.uvm_pkg:sv <0x5c4e4353>
			streams:  24, words: 29272
		worklib.uvm_pkg:sv <0x5eac42e7>
			streams:  38, words: 42107
		worklib.uvm_pkg:sv <0x621d3b39>
			streams:  23, words: 31599
		worklib.uvm_pkg:sv <0x64712540>
			streams:  24, words: 27660
		worklib.uvm_pkg:sv <0x6852afd5>
			streams:  28, words: 36794
		worklib.uvm_pkg:sv <0x71e2ecfc>
			streams:  29, words: 121967
		worklib.uvm_pkg:sv <0x74bbdd05>
			streams:  27, words: 48536
		worklib.uvm_pkg:sv <0x74ffaeb0>
			streams:   7, words:  2385
		worklib.uvm_pkg:sv <0x77e26c66>
			streams:  25, words: 69451
		worklib.uvm_pkg:sv <0x7f3aebe1>
			streams:   7, words:  3230
  logic [DATA_WIDTH/8-1:0][7:0] mem[words];
                                  |
ncelab: *W,COVMDD (../rtl/sp_ram.sv,21|34): Toggle coverage for bit, logic, reg, wire, and struct multi-dimensional static arrays and vectors is not supported by default. To enable toggle coverage on for these types specify 'set_toggle_scoring -sv_mda [<max_bit_base2_exponent>] [-sv_mda_of_struct]' ccf command in the coverage configuration file.
  integer i;
          |
ncelab: *W,COVUTA (../rtl/sp_ram.sv,25|10): Toggle coverage is not supported for SystemVerilog integer, real, string, dynamic array, sparse memory, and array of enum. It is also not supported for VHDL multi-dimensional array and array of record. There may also be other such objects in the design.
ncelab: *W,COVNOEN: By default, toggle coverage is not supported for systemverilog enumerated nets and variables. To enable toggle coverage of these objects, specify the 'set_toggle_scoring -sv_enum' command in the coverage configuration file.
	Building instance specific data structures.
ncelab: *W,CGPIDF: Covergroup "per_instance" option , by default, is set as 0.
ncelab: *N,COVCGN: Coverage configuration file command "set_covergroup -new_instance_reporting" can be specified to improve the scoping and naming of covergroup instances. It may be noted that subsequent merging of a coverage database saved with this command and a coverage database saved without this command is not allowed.
	Loading native compiled code:     .................... Done
	Design hierarchy summary:
		                       Instances  Unique
		Modules:                    1091      33
		Interfaces:                    2       2
		Verilog packages:              5       5
		Registers:                 14477   10490
		Scalar wires:               2475       -
		Expanded wires:             2457      33
		Vectored wires:              311       -
		Named events:                  6      14
		Always blocks:                98      64
		Initial blocks:              289     160
		Clocking blocks:               2       2
		Clocking items:               13      13
		Parallel blocks:              26      27
		Cont. assignments:           138     120
		Pseudo assignments:          230     224
		Assertions:                    4       4
		Covergroup Instances:          0       1
		Compilation units:             1       1
		SV Class declarations:       199     311
		SV Class specializations:    385     385
		Simulation timescale:        1ps
	Writing initial simulation snapshot: worklib.dp_ram:sv
Loading snapshot worklib.dp_ram:sv .................... Done
SVSEED set from command line: 27784
ncsim: *W,DSEM2009: This SystemVerilog design is simulated as per IEEE 1800-2009 SystemVerilog simulation semantics. Use -disable_sem2009 option for turning off SV 2009 simulation semantics.
ncsim> source /home/install/INCISIVE152/tools/inca/files/ncsimrc
ncsim> source /home/install/INCISIVE152/tools/methodology/UVM/CDNS-1.1d/additions/sv/files/tcl/uvm_sim.tcl
ncsim> run
----------------------------------------------------------------
CDNS-UVM-1.1d (15.20-s086)
(C) 2007-2013 Mentor Graphics Corporation
(C) 2007-2013 Cadence Design Systems, Inc.
(C) 2006-2013 Synopsys, Inc.
(C) 2011-2013 Cypress Semiconductor Corp.
----------------------------------------------------------------

  ***********       IMPORTANT RELEASE NOTES         ************

  You are using a version of the UVM library that has been compiled
  with `UVM_NO_DEPRECATED undefined.
  See http://www.eda.org/svdb/view.php?id=3313 for more details.

  You are using a version of the UVM library that has been compiled
  with `UVM_OBJECT_MUST_HAVE_CONSTRUCTOR undefined.
  See http://www.eda.org/svdb/view.php?id=3770 for more details.

      (Specify +UVM_NO_RELNOTES to turn off this notice)

UVM_INFO @ 0: reporter [RNTST] Running test corerv_test...
UVM_INFO /home/user1/Darshan_Verification/Tanuja/core_uvm/tb/sv/corerv_test.sv(19) @ 0: uvm_test_top [TEST] CPU Test started. Running firmware...
[DPI-C] Initializing Spike Golden Oracle at 0x80000000...
[DPI-C] Firmware loaded. PC set to: 0x80000000
UVM_INFO /home/user1/Darshan_Verification/Tanuja/core_uvm/tb/sv/corerv_scoreboard.sv(35) @ 65000: uvm_test_top.env.scb [SCB_MATCH] [PC: 80000000 | INSTR: e9800113] MATCH OK! -> Reg x30 = 0x80010000
UVM_INFO /home/user1/Darshan_Verification/Tanuja/core_uvm/tb/sv/corerv_scoreboard.sv(35) @ 85000: uvm_test_top.env.scb [SCB_MATCH] [PC: 80000004 | INSTR: dbc00213] MATCH OK! -> Reg x1 = 0x000002f1
UVM_INFO /home/user1/Darshan_Verification/Tanuja/core_uvm/tb/sv/corerv_scoreboard.sv(35) @ 95000: uvm_test_top.env.scb [SCB_MATCH] [PC: 80000008 | INSTR: f2400293] MATCH OK! -> Reg x2 = 0xfffffe98
UVM_INFO /home/user1/Darshan_Verification/Tanuja/core_uvm/tb/sv/corerv_scoreboard.sv(35) @ 105000: uvm_test_top.env.scb [SCB_MATCH] [PC: 8000000c | INSTR: e7d00313] MATCH OK! -> Reg x3 = 0xffffff65
UVM_INFO /home/user1/Darshan_Verification/Tanuja/core_uvm/tb/sv/corerv_scoreboard.sv(35) @ 115000: uvm_test_top.env.scb [SCB_MATCH] [PC: 80000010 | INSTR: 30b00393] MATCH OK! -> Reg x4 = 0xfffffdbc
UVM_INFO /home/user1/Darshan_Verification/Tanuja/core_uvm/tb/sv/corerv_scoreboard.sv(35) @ 125000: uvm_test_top.env.scb [SCB_MATCH] [PC: 80000014 | INSTR: 38000413] MATCH OK! -> Reg x5 = 0xffffff24
UVM_INFO /home/user1/Darshan_Verification/Tanuja/core_uvm/tb/sv/corerv_scoreboard.sv(35) @ 135000: uvm_test_top.env.scb [SCB_MATCH] [PC: 80000018 | INSTR: c2b00493] MATCH OK! -> Reg x6 = 0xfffffe7d
UVM_INFO /home/user1/Darshan_Verification/Tanuja/core_uvm/tb/sv/corerv_scoreboard.sv(35) @ 145000: uvm_test_top.env.scb [SCB_MATCH] [PC: 8000001c | INSTR: 61ec3393] MATCH OK! -> Reg x7 = 0x0000030b
UVM_INFO /home/user1/Darshan_Verification/Tanuja/core_uvm/tb/sv/corerv_scoreboard.sv(35) @ 155000: uvm_test_top.env.scb [SCB_MATCH] [PC: 80000020 | INSTR: 00000e97] MATCH OK! -> Reg x8 = 0x00000380
UVM_INFO /home/user1/Darshan_Verification/Tanuja/core_uvm/tb/sv/corerv_scoreboard.sv(35) @ 165000: uvm_test_top.env.scb [SCB_MATCH] [PC: 80000024 | INSTR: 00ce8d67] MATCH OK! -> Reg x9 = 0xfffffc2b
UVM_INFO /home/user1/Darshan_Verification/Tanuja/core_uvm/tb/sv/corerv_scoreboard.sv(35) @ 175000: uvm_test_top.env.scb [SCB_MATCH] [PC: 80000028 | INSTR: 00000013] MATCH OK! -> Reg x7 = 0x00000001
UVM_INFO /home/user1/Darshan_Verification/Tanuja/core_uvm/tb/sv/corerv_scoreboard.sv(35) @ 185000: uvm_test_top.env.scb [SCB_MATCH] [PC: 8000002c | INSTR: 00000000] MATCH OK! -> Reg x29 = 0x8000002c
UVM_INFO /home/user1/Darshan_Verification/Tanuja/core_uvm/tb/sv/corerv_scoreboard.sv(35) @ 195000: uvm_test_top.env.scb [SCB_MATCH] [PC: 80000030 | INSTR: 00000000] MATCH OK! -> Reg x26 = 0x80000034
UVM_INFO /home/user1/Darshan_Verification/Tanuja/core_uvm/tb/sv/corerv_scoreboard.sv(39) @ 235000: uvm_test_top.env.scb [SCB_MATCH] [PC: 80000038 | INSTR: 00ce8567] MATCH OK! -> Executed safely
UVM_INFO /home/user1/Darshan_Verification/Tanuja/core_uvm/tb/sv/corerv_scoreboard.sv(35) @ 245000: uvm_test_top.env.scb [SCB_MATCH] [PC: 8000003c | INSTR: 00000013] MATCH OK! -> Reg x23 = 0x00000000
UVM_INFO /home/user1/Darshan_Verification/Tanuja/core_uvm/tb/sv/corerv_scoreboard.sv(35) @ 255000: uvm_test_top.env.scb [SCB_MATCH] [PC: 80000040 | INSTR: 00000000] MATCH OK! -> Reg x29 = 0x80000040
UVM_INFO /home/user1/Darshan_Verification/Tanuja/core_uvm/tb/sv/corerv_scoreboard.sv(35) @ 265000: uvm_test_top.env.scb [SCB_MATCH] [PC: 80000044 | INSTR: 00000000] MATCH OK! -> Reg x10 = 0x80000048
UVM_INFO /home/user1/Darshan_Verification/Tanuja/core_uvm/tb/sv/corerv_scoreboard.sv(35) @ 325000: uvm_test_top.env.scb [SCB_MATCH] [PC: 8000004c | INSTR: bdc48393] MATCH OK! -> Reg x16 = 0x00000000
UVM_INFO /home/user1/Darshan_Verification/Tanuja/core_uvm/tb/sv/corerv_scoreboard.sv(35) @ 335000: uvm_test_top.env.scb [SCB_MATCH] [PC: 80000050 | INSTR: 025d8933] MATCH OK! -> Reg x3 = 0x00000000
UVM_INFO /home/user1/Darshan_Verification/Tanuja/core_uvm/tb/sv/corerv_scoreboard.sv(35) @ 345000: uvm_test_top.env.scb [SCB_MATCH] [PC: 80000054 | INSTR: 02a19933] MATCH OK! -> Reg x23 = 0x0f051000
UVM_INFO /home/user1/Darshan_Verification/Tanuja/core_uvm/tb/sv/corerv_scoreboard.sv(35) @ 355000: uvm_test_top.env.scb [SCB_MATCH] [PC: 80000058 | INSTR: 02a19933] MATCH OK! -> Reg x7 = 0xfffff807
UVM_INFO /home/user1/Darshan_Verification/Tanuja/core_uvm/tb/sv/corerv_scoreboard.sv(35) @ 385000: uvm_test_top.env.scb [SCB_MATCH] [PC: 8000005c | INSTR: 004f2683] MATCH OK! -> Reg x18 = 0x00000000
UVM_INFO /home/user1/Darshan_Verification/Tanuja/core_uvm/tb/sv/corerv_scoreboard.sv(35) @ 415000: uvm_test_top.env.scb [SCB_MATCH] [PC: 80000060 | INSTR: 0048c433] MATCH OK! -> Reg x18 = 0x00000000
UVM_INFO /home/user1/Darshan_Verification/Tanuja/core_uvm/tb/sv/corerv_scoreboard.sv(35) @ 425000: uvm_test_top.env.scb [SCB_MATCH] [PC: 80000064 | INSTR: 4c3b9ab7] MATCH OK! -> Reg x13 = 0x00000000
UVM_INFO /home/user1/Darshan_Verification/Tanuja/core_uvm/tb/sv/corerv_scoreboard.sv(35) @ 435000: uvm_test_top.env.scb [SCB_MATCH] [PC: 80000068 | INSTR: 021305b3] MATCH OK! -> Reg x27 = 0x00000000
UVM_INFO /home/user1/Darshan_Verification/Tanuja/core_uvm/tb/sv/corerv_scoreboard.sv(35) @ 445000: uvm_test_top.env.scb [SCB_MATCH] [PC: 8000006c | INSTR: 34057473] MATCH OK! -> Reg x8 = 0xfffffdbc
UVM_INFO /home/user1/Darshan_Verification/Tanuja/core_uvm/tb/sv/corerv_scoreboard.sv(35) @ 455000: uvm_test_top.env.scb [SCB_MATCH] [PC: 80000070 | INSTR: 34057473] MATCH OK! -> Reg x21 = 0x4c3b9000
UVM_INFO /home/user1/Darshan_Verification/Tanuja/core_uvm/tb/sv/corerv_scoreboard.sv(35) @ 485000: uvm_test_top.env.scb [SCB_MATCH] [PC: 80000074 | INSTR: 0064e633] MATCH OK! -> Reg x11 = 0xfffb8dad
UVM_INFO /home/user1/Darshan_Verification/Tanuja/core_uvm/tb/sv/corerv_scoreboard.sv(35) @ 495000: uvm_test_top.env.scb [SCB_MATCH] [PC: 80000078 | INSTR: 2401d5b7] MATCH OK! -> Reg x8 = 0x00000015
UVM_INFO /home/user1/Darshan_Verification/Tanuja/core_uvm/tb/sv/corerv_scoreboard.sv(35) @ 505000: uvm_test_top.env.scb [SCB_MATCH] [PC: 8000007c | INSTR: 585dc717] MATCH OK! -> Reg x18 = 0x00000015
UVM_INFO /home/user1/Darshan_Verification/Tanuja/core_uvm/tb/sv/corerv_scoreboard.sv(35) @ 515000: uvm_test_top.env.scb [SCB_MATCH] [PC: 80000080 | INSTR: 0080056f] MATCH OK! -> Reg x12 = 0xfffffe7f
UVM_INFO /home/user1/Darshan_Verification/Tanuja/core_uvm/tb/sv/corerv_scoreboard.sv(35) @ 525000: uvm_test_top.env.scb [SCB_MATCH] [PC: 80000084 | INSTR: 00000013] MATCH OK! -> Reg x11 = 0x2401d000
UVM_INFO /home/user1/Darshan_Verification/Tanuja/core_uvm/tb/sv/corerv_scoreboard.sv(35) @ 535000: uvm_test_top.env.scb [SCB_MATCH] [PC: 80000088 | INSTR: 00000000] MATCH OK! -> Reg x14 = 0xd85dc088
UVM_INFO /home/user1/Darshan_Verification/Tanuja/core_uvm/tb/sv/corerv_scoreboard.sv(35) @ 545000: uvm_test_top.env.scb [SCB_MATCH] [PC: 8000008c | INSTR: 00000000] MATCH OK! -> Reg x10 = 0x80000090
UVM_INFO /home/user1/Darshan_Verification/Tanuja/core_uvm/tb/sv/corerv_scoreboard.sv(35) @ 585000: uvm_test_top.env.scb [SCB_MATCH] [PC: 80000094 | INSTR: 00d6d463] MATCH OK! -> Reg x17 = 0x00000004
UVM_INFO /home/user1/Darshan_Verification/Tanuja/core_uvm/tb/sv/corerv_scoreboard.sv(35) @ 595000: uvm_test_top.env.scb [SCB_MATCH] [PC: 80000098 | INSTR: 00168b13] MATCH OK! -> Reg x4 = 0x00000005
UVM_INFO /home/user1/Darshan_Verification/Tanuja/core_uvm/tb/sv/corerv_scoreboard.sv(35) @ 605000: uvm_test_top.env.scb [SCB_MATCH] [PC: 8000009c | INSTR: 00000000] MATCH OK! -> Reg x12 = 0x80000094
UVM_INFO /home/user1/Darshan_Verification/Tanuja/core_uvm/tb/sv/corerv_scoreboard.sv(39) @ 615000: uvm_test_top.env.scb [SCB_MATCH] [PC: 800000a0 | INSTR: 00000000] MATCH OK! -> Executed safely
UVM_INFO /home/user1/Darshan_Verification/Tanuja/core_uvm/tb/sv/corerv_scoreboard.sv(35) @ 655000: uvm_test_top.env.scb [SCB_MATCH] [PC: 800000a8 | INSTR: 00000013] MATCH OK! -> Reg x17 = 0x79b70000
UVM_INFO /home/user1/Darshan_Verification/Tanuja/core_uvm/tb/sv/corerv_scoreboard.sv(35) @ 665000: uvm_test_top.env.scb [SCB_MATCH] [PC: 800000ac | INSTR: 00000000] MATCH OK! -> Reg x29 = 0x800000ac
UVM_INFO /home/user1/Darshan_Verification/Tanuja/core_uvm/tb/sv/corerv_scoreboard.sv(35) @ 675000: uvm_test_top.env.scb [SCB_MATCH] [PC: 800000b0 | INSTR: 00000000] MATCH OK! -> Reg x4 = 0x800000b4
UVM_INFO /home/user1/Darshan_Verification/Tanuja/core_uvm/tb/sv/corerv_scoreboard.sv(35) @ 715000: uvm_test_top.env.scb [SCB_MATCH] [PC: 800000b8 | INSTR: 340bb873] MATCH OK! -> Reg x19 = 0x8fbef0b8
UVM_INFO /home/user1/Darshan_Verification/Tanuja/core_uvm/tb/sv/corerv_scoreboard.sv(35) @ 725000: uvm_test_top.env.scb [SCB_MATCH] [PC: 800000bc | INSTR: 00000e97] MATCH OK! -> Reg x28 = 0x767a30bc
UVM_INFO /home/user1/Darshan_Verification/Tanuja/core_uvm/tb/sv/corerv_scoreboard.sv(35) @ 735000: uvm_test_top.env.scb [SCB_MATCH] [PC: 800000c0 | INSTR: 00ce8d67] MATCH OK! -> Reg x2 = 0x00000000
UVM_INFO /home/user1/Darshan_Verification/Tanuja/core_uvm/tb/sv/corerv_scoreboard.sv(35) @ 745000: uvm_test_top.env.scb [SCB_MATCH] [PC: 800000c4 | INSTR: 00000013] MATCH OK! -> Reg x16 = 0x00000018
UVM_INFO /home/user1/Darshan_Verification/Tanuja/core_uvm/tb/sv/corerv_scoreboard.sv(35) @ 755000: uvm_test_top.env.scb [SCB_MATCH] [PC: 800000c8 | INSTR: 00000000] MATCH OK! -> Reg x29 = 0x800000c8
UVM_INFO /home/user1/Darshan_Verification/Tanuja/core_uvm/tb/sv/corerv_scoreboard.sv(35) @ 765000: uvm_test_top.env.scb [SCB_MATCH] [PC: 800000cc | INSTR: 00000000] MATCH OK! -> Reg x26 = 0x800000d0
UVM_INFO /home/user1/Darshan_Verification/Tanuja/core_uvm/tb/sv/corerv_scoreboard.sv(39) @ 805000: uvm_test_top.env.scb [SCB_MATCH] [PC: 800000d4 | INSTR: 340233f3] MATCH OK! -> Executed safely
UVM_INFO /home/user1/Darshan_Verification/Tanuja/core_uvm/tb/sv/corerv_scoreboard.sv(35) @ 815000: uvm_test_top.env.scb [SCB_MATCH] [PC: 800000d8 | INSTR: 340233f3] MATCH OK! -> Reg x15 = 0x0f051001
UVM_INFO /home/user1/Darshan_Verification/Tanuja/core_uvm/tb/sv/corerv_scoreboard.sv(35) @ 845000: uvm_test_top.env.scb [SCB_MATCH] [PC: 800000dc | INSTR: 4220bc37] MATCH OK! -> Reg x27 = 0xd9e2382c
UVM_INFO /home/user1/Darshan_Verification/Tanuja/core_uvm/tb/sv/corerv_scoreboard.sv(35) @ 855000: uvm_test_top.env.scb [SCB_MATCH] [PC: 800000e0 | INSTR: 340676f3] MATCH OK! -> Reg x7 = 0x00000018
UVM_INFO /home/user1/Darshan_Verification/Tanuja/core_uvm/tb/sv/corerv_scoreboard.sv(35) @ 865000: uvm_test_top.env.scb [SCB_MATCH] [PC: 800000e4 | INSTR: 340b9973] MATCH OK! -> Reg x16 = 0x560ce000
UVM_INFO /home/user1/Darshan_Verification/Tanuja/core_uvm/tb/sv/corerv_scoreboard.sv(35) @ 875000: uvm_test_top.env.scb [SCB_MATCH] [PC: 800000e8 | INSTR: 00e3d693] MATCH OK! -> Reg x24 = 0x4220b000
UVM_INFO /home/user1/Darshan_Verification/Tanuja/core_uvm/tb/sv/corerv_scoreboard.sv(35) @ 885000: uvm_test_top.env.scb [SCB_MATCH] [PC: 800000ec | INSTR: 3f0a7837] MATCH OK! -> Reg x13 = 0x00000008
UVM_INFO /home/user1/Darshan_Verification/Tanuja/core_uvm/tb/sv/corerv_scoreboard.sv(35) @ 895000: uvm_test_top.env.scb [SCB_MATCH] [PC: 800000f0 | INSTR: 34082a73] MATCH OK! -> Reg x18 = 0x00000000
UVM_INFO /home/user1/Darshan_Verification/Tanuja/core_uvm/tb/sv/corerv_scoreboard.sv(35) @ 905000: uvm_test_top.env.scb [SCB_MATCH] [PC: 800000f4 | INSTR: 14fc7117] MATCH OK! -> Reg x13 = 0x00000000
UVM_INFO /home/user1/Darshan_Verification/Tanuja/core_uvm/tb/sv/corerv_scoreboard.sv(35) @ 915000: uvm_test_top.env.scb [SCB_MATCH] [PC: 800000f8 | INSTR: 629555b7] MATCH OK! -> Reg x16 = 0x3f0a7000
UVM_INFO /home/user1/Darshan_Verification/Tanuja/core_uvm/tb/sv/corerv_scoreboard.sv(35) @ 925000: uvm_test_top.env.scb [SCB_MATCH] [PC: 800000fc | INSTR: 340918f3] MATCH OK! -> Reg x20 = 0x0f051000
UVM_INFO /home/user1/Darshan_Verification/Tanuja/core_uvm/tb/sv/corerv_scoreboard.sv(35) @ 935000: uvm_test_top.env.scb [SCB_MATCH] [PC: 80000100 | INSTR: 5990b293] MATCH OK! -> Reg x2 = 0x94fc7100
UVM_INFO /home/user1/Darshan_Verification/Tanuja/core_uvm/tb/sv/corerv_scoreboard.sv(35) @ 945000: uvm_test_top.env.scb [SCB_MATCH] [PC: 80000104 | INSTR: 006f1e23] MATCH OK! -> Reg x11 = 0x62955000
UVM_INFO /home/user1/Darshan_Verification/Tanuja/core_uvm/tb/sv/corerv_scoreboard.sv(35) @ 955000: uvm_test_top.env.scb [SCB_MATCH] [PC: 80000108 | INSTR: c6a23e13] MATCH OK! -> Reg x17 = 0x3f0f7000
UVM_INFO /home/user1/Darshan_Verification/Tanuja/core_uvm/tb/sv/corerv_scoreboard.sv(35) @ 965000: uvm_test_top.env.scb [SCB_MATCH] [PC: 8000010c | INSTR: 340bd6f3] MATCH OK! -> Reg x5 = 0x00000001
UVM_INFO /home/user1/Darshan_Verification/Tanuja/core_uvm/tb/sv/corerv_scoreboard.sv(39) @ 975000: uvm_test_top.env.scb [SCB_MATCH] [PC: 80000110 | INSTR: 00375d13] MATCH OK! -> Executed safely
UVM_INFO /home/user1/Darshan_Verification/Tanuja/core_uvm/tb/sv/corerv_scoreboard.sv(35) @ 985000: uvm_test_top.env.scb [SCB_MATCH] [PC: 80000114 | INSTR: c9d77b93] MATCH OK! -> Reg x28 = 0x00000001
UVM_INFO /home/user1/Darshan_Verification/Tanuja/core_uvm/tb/sv/corerv_scoreboard.sv(35) @ 995000: uvm_test_top.env.scb [SCB_MATCH] [PC: 80000118 | INSTR: 00000e97] MATCH OK! -> Reg x13 = 0x00000000
UVM_INFO /home/user1/Darshan_Verification/Tanuja/core_uvm/tb/sv/corerv_scoreboard.sv(35) @ 1005000: uvm_test_top.env.scb [SCB_MATCH] [PC: 8000011c | INSTR: 00ce8ce7] MATCH OK! -> Reg x26 = 0x1b0bb811
UVM_INFO /home/user1/Darshan_Verification/Tanuja/core_uvm/tb/sv/corerv_scoreboard.sv(35) @ 1015000: uvm_test_top.env.scb [SCB_MATCH] [PC: 80000120 | INSTR: 00000013] MATCH OK! -> Reg x23 = 0xd85dc088
UVM_INFO /home/user1/Darshan_Verification/Tanuja/core_uvm/tb/sv/corerv_scoreboard.sv(35) @ 1025000: uvm_test_top.env.scb [SCB_MATCH] [PC: 80000124 | INSTR: 00000000] MATCH OK! -> Reg x29 = 0x80000124
UVM_INFO /home/user1/Darshan_Verification/Tanuja/core_uvm/tb/sv/corerv_scoreboard.sv(35) @ 1035000: uvm_test_top.env.scb [SCB_MATCH] [PC: 80000128 | INSTR: 00000000] MATCH OK! -> Reg x25 = 0x8000012c
UVM_INFO /home/user1/Darshan_Verification/Tanuja/core_uvm/tb/sv/corerv_scoreboard.sv(35) @ 1075000: uvm_test_top.env.scb [SCB_MATCH] [PC: 80000130 | INSTR: 02bb91b3] MATCH OK! -> Reg x28 = 0x00000017
UVM_INFO /home/user1/Darshan_Verification/Tanuja/core_uvm/tb/sv/corerv_scoreboard.sv(39) @ 1085000: uvm_test_top.env.scb [SCB_MATCH] [PC: 80000134 | INSTR: 00800c6f] MATCH OK! -> Executed safely
UVM_INFO /home/user1/Darshan_Verification/Tanuja/core_uvm/tb/sv/corerv_scoreboard.sv(35) @ 1095000: uvm_test_top.env.scb [SCB_MATCH] [PC: 80000138 | INSTR: 00800c6f] MATCH OK! -> Reg x8 = 0x66b90138
UVM_INFO /home/user1/Darshan_Verification/Tanuja/core_uvm/tb/sv/corerv_scoreboard.sv(35) @ 1125000: uvm_test_top.env.scb [SCB_MATCH] [PC: 8000013c | INSTR: 00000000] MATCH OK! -> Reg x3 = 0xf0bcc5e2
UVM_INFO /home/user1/Darshan_Verification/Tanuja/core_uvm/tb/sv/corerv_scoreboard.sv(35) @ 1135000: uvm_test_top.env.scb [SCB_MATCH] [PC: 80000140 | INSTR: 00000000] MATCH OK! -> Reg x24 = 0x80000144
UVM_INFO /home/user1/Darshan_Verification/Tanuja/core_uvm/tb/sv/corerv_scoreboard.sv(35) @ 1175000: uvm_test_top.env.scb [SCB_MATCH] [PC: 80000148 | INSTR: 00ce8367] MATCH OK! -> Reg x20 = 0x0f050bb9
UVM_INFO /home/user1/Darshan_Verification/Tanuja/core_uvm/tb/sv/corerv_scoreboard.sv(35) @ 1185000: uvm_test_top.env.scb [SCB_MATCH] [PC: 8000014c | INSTR: 00000013] MATCH OK! -> Reg x12 = 0xd024c000
UVM_INFO /home/user1/Darshan_Verification/Tanuja/core_uvm/tb/sv/corerv_scoreboard.sv(35) @ 1195000: uvm_test_top.env.scb [SCB_MATCH] [PC: 80000150 | INSTR: 00000000] MATCH OK! -> Reg x29 = 0x80000150
UVM_INFO /home/user1/Darshan_Verification/Tanuja/core_uvm/tb/sv/corerv_scoreboard.sv(35) @ 1205000: uvm_test_top.env.scb [SCB_MATCH] [PC: 80000154 | INSTR: 00000000] MATCH OK! -> Reg x6 = 0x80000158
UVM_INFO /home/user1/Darshan_Verification/Tanuja/core_uvm/tb/sv/corerv_scoreboard.sv(35) @ 1245000: uvm_test_top.env.scb [SCB_MATCH] [PC: 8000015c | INSTR: 00c9d463] MATCH OK! -> Reg x11 = 0x00000000
UVM_INFO /home/user1/Darshan_Verification/Tanuja/core_uvm/tb/sv/corerv_scoreboard.sv(35) @ 1255000: uvm_test_top.env.scb [SCB_MATCH] [PC: 80000160 | INSTR: 00198b13] MATCH OK! -> Reg x1 = 0x00000014
UVM_INFO /home/user1/Darshan_Verification/Tanuja/core_uvm/tb/sv/corerv_scoreboard.sv(35) @ 1265000: uvm_test_top.env.scb [SCB_MATCH] [PC: 80000164 | INSTR: 00800def] MATCH OK! -> Reg x25 = 0x4c3b90be
UVM_INFO /home/user1/Darshan_Verification/Tanuja/core_uvm/tb/sv/corerv_scoreboard.sv(39) @ 1275000: uvm_test_top.env.scb [SCB_MATCH] [PC: 80000168 | INSTR: 00000013] MATCH OK! -> Executed safely
UVM_INFO /home/user1/Darshan_Verification/Tanuja/core_uvm/tb/sv/corerv_scoreboard.sv(35) @ 1285000: uvm_test_top.env.scb [SCB_MATCH] [PC: 8000016c | INSTR: 00000000] MATCH OK! -> Reg x22 = 0x8fbef0b9
UVM_INFO /home/user1/Darshan_Verification/Tanuja/core_uvm/tb/sv/corerv_scoreboard.sv(35) @ 1295000: uvm_test_top.env.scb [SCB_MATCH] [PC: 80000170 | INSTR: 00000000] MATCH OK! -> Reg x27 = 0x80000174
UVM_INFO /home/user1/Darshan_Verification/Tanuja/core_uvm/tb/sv/corerv_scoreboard.sv(35) @ 1335000: uvm_test_top.env.scb [SCB_MATCH] [PC: 80000178 | INSTR: 033b00b3] MATCH OK! -> Reg x21 = 0x065e9178
UVM_INFO /home/user1/Darshan_Verification/Tanuja/core_uvm/tb/sv/corerv_scoreboard.sv(35) @ 1345000: uvm_test_top.env.scb [SCB_MATCH] [PC: 8000017c | INSTR: 5fe31c17] MATCH OK! -> Reg x28 = 0x8fbef080
UVM_INFO /home/user1/Darshan_Verification/Tanuja/core_uvm/tb/sv/corerv_scoreboard.sv(35) @ 1355000: uvm_test_top.env.scb [SCB_MATCH] [PC: 80000180 | INSTR: 5fe31c17] MATCH OK! -> Reg x4 = 0x1b0bb815
UVM_INFO /home/user1/Darshan_Verification/Tanuja/core_uvm/tb/sv/corerv_scoreboard.sv(35) @ 1385000: uvm_test_top.env.scb [SCB_MATCH] [PC: 80000184 | INSTR: 3bfbe213] MATCH OK! -> Reg x1 = 0x533874f8
UVM_INFO /home/user1/Darshan_Verification/Tanuja/core_uvm/tb/sv/corerv_scoreboard.sv(35) @ 1395000: uvm_test_top.env.scb [SCB_MATCH] [PC: 80000188 | INSTR: d85d0597] MATCH OK! -> Reg x24 = 0xdfe31188
UVM_INFO /home/user1/Darshan_Verification/Tanuja/core_uvm/tb/sv/corerv_scoreboard.sv(35) @ 1405000: uvm_test_top.env.scb [SCB_MATCH] [PC: 8000018c | INSTR: 025d95b3] MATCH OK! -> Reg x28 = 0x2455118c
UVM_INFO /home/user1/Darshan_Verification/Tanuja/core_uvm/tb/sv/corerv_scoreboard.sv(35) @ 1415000: uvm_test_top.env.scb [SCB_MATCH] [PC: 80000190 | INSTR: 340a2273] MATCH OK! -> Reg x4 = 0xd85dc3bf
UVM_INFO /home/user1/Darshan_Verification/Tanuja/core_uvm/tb/sv/corerv_scoreboard.sv(35) @ 1425000: uvm_test_top.env.scb [SCB_MATCH] [PC: 80000194 | INSTR: 340a2273] MATCH OK! -> Reg x11 = 0x585d0194
UVM_INFO /home/user1/Darshan_Verification/Tanuja/core_uvm/tb/sv/corerv_scoreboard.sv(35) @ 1455000: uvm_test_top.env.scb [SCB_MATCH] [PC: 80000198 | INSTR: 00df0823] MATCH OK! -> Reg x11 = 0xffffffff
UVM_INFO /home/user1/Darshan_Verification/Tanuja/core_uvm/tb/sv/corerv_scoreboard.sv(35) @ 1465000: uvm_test_top.env.scb [SCB_MATCH] [PC: 8000019c | INSTR: 34009af3] MATCH OK! -> Reg x4 = 0xd85dc09c
UVM_INFO /home/user1/Darshan_Verification/Tanuja/core_uvm/tb/sv/corerv_scoreboard.sv(35) @ 1475000: uvm_test_top.env.scb [SCB_MATCH] [PC: 800001a0 | INSTR: 610c2517] MATCH OK! -> Reg x24 = 0x00009000
UVM_INFO /home/user1/Darshan_Verification/Tanuja/core_uvm/tb/sv/corerv_scoreboard.sv(39) @ 1485000: uvm_test_top.env.scb [SCB_MATCH] [PC: 800001a4 | INSTR: 001cb133] MATCH OK! -> Executed safely
UVM_INFO /home/user1/Darshan_Verification/Tanuja/core_uvm/tb/sv/corerv_scoreboard.sv(35) @ 1495000: uvm_test_top.env.scb [SCB_MATCH] [PC: 800001a8 | INSTR: a93193b7] MATCH OK! -> Reg x21 = 0xdf5dcbbd
UVM_INFO /home/user1/Darshan_Verification/Tanuja/core_uvm/tb/sv/corerv_scoreboard.sv(35) @ 1505000: uvm_test_top.env.scb [SCB_MATCH] [PC: 800001ac | INSTR: 00613833] MATCH OK! -> Reg x10 = 0xe10c21ac
UVM_INFO /home/user1/Darshan_Verification/Tanuja/core_uvm/tb/sv/corerv_scoreboard.sv(35) @ 1515000: uvm_test_top.env.scb [SCB_MATCH] [PC: 800001b0 | INSTR: 2febc493] MATCH OK! -> Reg x2 = 0x00000001
UVM_INFO /home/user1/Darshan_Verification/Tanuja/core_uvm/tb/sv/corerv_scoreboard.sv(35) @ 1525000: uvm_test_top.env.scb [SCB_MATCH] [PC: 800001b4 | INSTR: 008001ef] MATCH OK! -> Reg x7 = 0xa9319000
UVM_INFO /home/user1/Darshan_Verification/Tanuja/core_uvm/tb/sv/corerv_scoreboard.sv(35) @ 1535000: uvm_test_top.env.scb [SCB_MATCH] [PC: 800001b8 | INSTR: 00000013] MATCH OK! -> Reg x16 = 0x00000001
UVM_INFO /home/user1/Darshan_Verification/Tanuja/core_uvm/tb/sv/corerv_scoreboard.sv(35) @ 1545000: uvm_test_top.env.scb [SCB_MATCH] [PC: 800001bc | INSTR: 00000000] MATCH OK! -> Reg x9 = 0xd85dc276
UVM_INFO /home/user1/Darshan_Verification/Tanuja/core_uvm/tb/sv/corerv_scoreboard.sv(35) @ 1555000: uvm_test_top.env.scb [SCB_MATCH] [PC: 800001c0 | INSTR: 00000000] MATCH OK! -> Reg x3 = 0x800001c4
UVM_INFO /home/user1/Darshan_Verification/Tanuja/core_uvm/tb/sv/corerv_scoreboard.sv(35) @ 1595000: uvm_test_top.env.scb [SCB_MATCH] [PC: 800001c8 | INSTR: 3406de73] MATCH OK! -> Reg x2 = 0x533874f8
UVM_INFO /home/user1/Darshan_Verification/Tanuja/core_uvm/tb/sv/corerv_scoreboard.sv(35) @ 1605000: uvm_test_top.env.scb [SCB_MATCH] [PC: 800001cc | INSTR: 02991633] MATCH OK! -> Reg x28 = 0x0000003f
UVM_INFO /home/user1/Darshan_Verification/Tanuja/core_uvm/tb/sv/corerv_scoreboard.sv(35) @ 1615000: uvm_test_top.env.scb [SCB_MATCH] [PC: 800001d0 | INSTR: 1f7edc97] MATCH OK! -> Reg x2 = 0xdf5dcbbd
UVM_INFO /home/user1/Darshan_Verification/Tanuja/core_uvm/tb/sv/corerv_scoreboard.sv(35) @ 1625000: uvm_test_top.env.scb [SCB_MATCH] [PC: 800001d4 | INSTR: 1f7edc97] MATCH OK! -> Reg x28 = 0x5b3bfcf9
UVM_INFO /home/user1/Darshan_Verification/Tanuja/core_uvm/tb/sv/corerv_scoreboard.sv(35) @ 1655000: uvm_test_top.env.scb [SCB_MATCH] [PC: 800001d8 | INSTR: 00ce8967] MATCH OK! -> Reg x12 = 0x00000000
UVM_INFO /home/user1/Darshan_Verification/Tanuja/core_uvm/tb/sv/corerv_scoreboard.sv(35) @ 1665000: uvm_test_top.env.scb [SCB_MATCH] [PC: 800001dc | INSTR: 00000013] MATCH OK! -> Reg x25 = 0x9f7ed1dc
UVM_INFO /home/user1/Darshan_Verification/Tanuja/core_uvm/tb/sv/corerv_scoreboard.sv(35) @ 1675000: uvm_test_top.env.scb [SCB_MATCH] [PC: 800001e0 | INSTR: 00000000] MATCH OK! -> Reg x29 = 0x800001e0
UVM_INFO /home/user1/Darshan_Verification/Tanuja/core_uvm/tb/sv/corerv_scoreboard.sv(35) @ 1685000: uvm_test_top.env.scb [SCB_MATCH] [PC: 800001e4 | INSTR: 00000000] MATCH OK! -> Reg x18 = 0x800001e8
UVM_INFO /home/user1/Darshan_Verification/Tanuja/core_uvm/tb/sv/corerv_scoreboard.sv(35) @ 1725000: uvm_test_top.env.scb [SCB_MATCH] [PC: 800001ec | INSTR: 004f2223] MATCH OK! -> Reg x20 = 0x66b90139
UVM_INFO /home/user1/Darshan_Verification/Tanuja/core_uvm/tb/sv/corerv_scoreboard.sv(39) @ 1735000: uvm_test_top.env.scb [SCB_MATCH] [PC: 800001f0 | INSTR: 00000e97] MATCH OK! -> Executed safely
UVM_INFO /home/user1/Darshan_Verification/Tanuja/core_uvm/tb/sv/corerv_scoreboard.sv(35) @ 1745000: uvm_test_top.env.scb [SCB_MATCH] [PC: 800001f4 | INSTR: 00ce83e7] MATCH OK! -> Reg x14 = 0x66b9013a
UVM_INFO /home/user1/Darshan_Verification/Tanuja/core_uvm/tb/sv/corerv_scoreboard.sv(39) @ 1755000: uvm_test_top.env.scb [SCB_MATCH] [PC: 800001f8 | INSTR: 00000013] MATCH OK! -> Executed safely
UVM_INFO /home/user1/Darshan_Verification/Tanuja/core_uvm/tb/sv/corerv_scoreboard.sv(35) @ 1765000: uvm_test_top.env.scb [SCB_MATCH] [PC: 800001fc | INSTR: 00000000] MATCH OK! -> Reg x29 = 0x800001fc
UVM_INFO /home/user1/Darshan_Verification/Tanuja/core_uvm/tb/sv/corerv_scoreboard.sv(35) @ 1775000: uvm_test_top.env.scb [SCB_MATCH] [PC: 80000200 | INSTR: 00000000] MATCH OK! -> Reg x7 = 0x80000204
UVM_INFO /home/user1/Darshan_Verification/Tanuja/core_uvm/tb/sv/corerv_scoreboard.sv(35) @ 1815000: uvm_test_top.env.scb [SCB_MATCH] [PC: 80000208 | INSTR: 730b7a17] MATCH OK! -> Reg x6 = 0x0000000d
UVM_INFO /home/user1/Darshan_Verification/Tanuja/core_uvm/tb/sv/corerv_scoreboard.sv(35) @ 1825000: uvm_test_top.env.scb [SCB_MATCH] [PC: 8000020c | INSTR: dd26cc13] MATCH OK! -> Reg x23 = 0x0021d20c
UVM_INFO /home/user1/Darshan_Verification/Tanuja/core_uvm/tb/sv/corerv_scoreboard.sv(35) @ 1835000: uvm_test_top.env.scb [SCB_MATCH] [PC: 80000210 | INSTR: 41910233] MATCH OK! -> Reg x3 = 0x00000015
UVM_INFO /home/user1/Darshan_Verification/Tanuja/core_uvm/tb/sv/corerv_scoreboard.sv(35) @ 1845000: uvm_test_top.env.scb [SCB_MATCH] [PC: 80000214 | INSTR: 340d1273] MATCH OK! -> Reg x20 = 0xf30b7214
UVM_INFO /home/user1/Darshan_Verification/Tanuja/core_uvm/tb/sv/corerv_scoreboard.sv(35) @ 1855000: uvm_test_top.env.scb [SCB_MATCH] [PC: 80000218 | INSTR: 340c1df3] MATCH OK! -> Reg x24 = 0xfffffdd2
UVM_INFO /home/user1/Darshan_Verification/Tanuja/core_uvm/tb/sv/corerv_scoreboard.sv(35) @ 1865000: uvm_test_top.env.scb [SCB_MATCH] [PC: 8000021c | INSTR: 002bf463] MATCH OK! -> Reg x4 = 0x3fdef9e1
UVM_INFO /home/user1/Darshan_Verification/Tanuja/core_uvm/tb/sv/corerv_scoreboard.sv(35) @ 1875000: uvm_test_top.env.scb [SCB_MATCH] [PC: 80000220 | INSTR: 001b8393] MATCH OK! -> Reg x4 = 0x0000000d
UVM_INFO /home/user1/Darshan_Verification/Tanuja/core_uvm/tb/sv/corerv_scoreboard.sv(35) @ 1885000: uvm_test_top.env.scb [SCB_MATCH] [PC: 80000224 | INSTR: 340a63f3] MATCH OK! -> Reg x27 = 0x1b0bb811
UVM_INFO /home/user1/Darshan_Verification/Tanuja/core_uvm/tb/sv/corerv_scoreboard.sv(39) @ 1895000: uvm_test_top.env.scb [SCB_MATCH] [PC: 80000228 | INSTR: 03cc9e33] MATCH OK! -> Executed safely
UVM_INFO /home/user1/Darshan_Verification/Tanuja/core_uvm/tb/sv/corerv_scoreboard.sv(35) @ 1905000: uvm_test_top.env.scb [SCB_MATCH] [PC: 8000022c | INSTR: 01289193] MATCH OK! -> Reg x7 = 0x0021d20d
UVM_INFO /home/user1/Darshan_Verification/Tanuja/core_uvm/tb/sv/corerv_scoreboard.sv(35) @ 1915000: uvm_test_top.env.scb [SCB_MATCH] [PC: 80000230 | INSTR: 01289193] MATCH OK! -> Reg x7 = 0xfffffdd2
UVM_INFO /home/user1/Darshan_Verification/Tanuja/core_uvm/tb/sv/corerv_scoreboard.sv(35) @ 1945000: uvm_test_top.env.scb [SCB_MATCH] [PC: 80000234 | INSTR: 001a0e13] MATCH OK! -> Reg x28 = 0xdd9b7776
UVM_INFO /home/user1/Darshan_Verification/Tanuja/core_uvm/tb/sv/corerv_scoreboard.sv(35) @ 1955000: uvm_test_top.env.scb [SCB_MATCH] [PC: 80000238 | INSTR: 00cf2823] MATCH OK! -> Reg x3 = 0xc0000000
UVM_INFO /home/user1/Darshan_Verification/Tanuja/core_uvm/tb/sv/corerv_scoreboard.sv(39) @ 1965000: uvm_test_top.env.scb [SCB_MATCH] [PC: 8000023c | INSTR: 03c18433] MATCH OK! -> Executed safely
UVM_INFO /home/user1/Darshan_Verification/Tanuja/core_uvm/tb/sv/corerv_scoreboard.sv(35) @ 1975000: uvm_test_top.env.scb [SCB_MATCH] [PC: 80000240 | INSTR: 3401dbf3] MATCH OK! -> Reg x28 = 0xf30b7215
UVM_INFO /home/user1/Darshan_Verification/Tanuja/core_uvm/tb/sv/corerv_scoreboard.sv(39) @ 1985000: uvm_test_top.env.scb [SCB_MATCH] [PC: 80000244 | INSTR: 3401dbf3] MATCH OK! -> Executed safely
UVM_INFO /home/user1/Darshan_Verification/Tanuja/core_uvm/tb/sv/corerv_scoreboard.sv(35) @ 2015000: uvm_test_top.env.scb [SCB_MATCH] [PC: 80000248 | INSTR: 016a5463] MATCH OK! -> Reg x8 = 0xc0000000
UVM_INFO /home/user1/Darshan_Verification/Tanuja/core_uvm/tb/sv/corerv_scoreboard.sv(35) @ 2025000: uvm_test_top.env.scb [SCB_MATCH] [PC: 8000024c | INSTR: 001a0713] MATCH OK! -> Reg x23 = 0xfffffdd6
UVM_INFO /home/user1/Darshan_Verification/Tanuja/core_uvm/tb/sv/corerv_scoreboard.sv(35) @ 2035000: uvm_test_top.env.scb [SCB_MATCH] [PC: 80000250 | INSTR: 00000000] MATCH OK! -> Reg x6 = 0x94388000
UVM_INFO /home/user1/Darshan_Verification/Tanuja/core_uvm/tb/sv/corerv_scoreboard.sv(39) @ 2045000: uvm_test_top.env.scb [SCB_MATCH] [PC: 80000254 | INSTR: 00000000] MATCH OK! -> Executed safely
UVM_INFO /home/user1/Darshan_Verification/Tanuja/core_uvm/tb/sv/corerv_scoreboard.sv(35) @ 2085000: uvm_test_top.env.scb [SCB_MATCH] [PC: 8000025c | INSTR: 00000000] MATCH OK! -> Reg x29 = 0x8000025c
UVM_INFO /home/user1/Darshan_Verification/Tanuja/core_uvm/tb/sv/corerv_scoreboard.sv(35) @ 2095000: uvm_test_top.env.scb [SCB_MATCH] [PC: 80000260 | INSTR: 00000000] MATCH OK! -> Reg x21 = 0x80000264
UVM_INFO /home/user1/Darshan_Verification/Tanuja/core_uvm/tb/sv/corerv_scoreboard.sv(35) @ 2135000: uvm_test_top.env.scb [SCB_MATCH] [PC: 80000268 | INSTR: 00000000] MATCH OK! -> Reg x17 = 0xe0000000
UVM_INFO /home/user1/Darshan_Verification/Tanuja/core_uvm/tb/sv/corerv_scoreboard.sv(39) @ 2145000: uvm_test_top.env.scb [SCB_MATCH] [PC: 8000026c | INSTR: 00000000] MATCH OK! -> Executed safely
UVM_INFO /home/user1/Darshan_Verification/Tanuja/core_uvm/tb/sv/corerv_scoreboard.sv(35) @ 2185000: uvm_test_top.env.scb [SCB_MATCH] [PC: 80000274 | INSTR: 00000000] MATCH OK! -> Reg x17 = 0x80000278
UVM_INFO /home/user1/Darshan_Verification/Tanuja/core_uvm/tb/sv/corerv_scoreboard.sv(35) @ 2225000: uvm_test_top.env.scb [SCB_MATCH] [PC: 8000027c | INSTR: 01956463] MATCH OK! -> Reg x4 = 0x8821227c
UVM_INFO /home/user1/Darshan_Verification/Tanuja/core_uvm/tb/sv/corerv_scoreboard.sv(35) @ 2235000: uvm_test_top.env.scb [SCB_MATCH] [PC: 80000280 | INSTR: 00150693] MATCH OK! -> Reg x28 = 0x00000000
UVM_INFO /home/user1/Darshan_Verification/Tanuja/core_uvm/tb/sv/corerv_scoreboard.sv(35) @ 2245000: uvm_test_top.env.scb [SCB_MATCH] [PC: 80000284 | INSTR: 01974463] MATCH OK! -> Reg x3 = 0x00000003
UVM_INFO /home/user1/Darshan_Verification/Tanuja/core_uvm/tb/sv/corerv_scoreboard.sv(39) @ 2255000: uvm_test_top.env.scb [SCB_MATCH] [PC: 80000288 | INSTR: 00170613] MATCH OK! -> Executed safely
UVM_INFO /home/user1/Darshan_Verification/Tanuja/core_uvm/tb/sv/corerv_scoreboard.sv(35) @ 2265000: uvm_test_top.env.scb [SCB_MATCH] [PC: 8000028c | INSTR: 00000e97] MATCH OK! -> Reg x13 = 0xe10c21ad
UVM_INFO /home/user1/Darshan_Verification/Tanuja/core_uvm/tb/sv/corerv_scoreboard.sv(39) @ 2275000: uvm_test_top.env.scb [SCB_MATCH] [PC: 80000290 | INSTR: 00ce8b67] MATCH OK! -> Executed safely
UVM_INFO /home/user1/Darshan_Verification/Tanuja/core_uvm/tb/sv/corerv_scoreboard.sv(35) @ 2285000: uvm_test_top.env.scb [SCB_MATCH] [PC: 80000294 | INSTR: 00000013] MATCH OK! -> Reg x12 = 0x66b9013b
UVM_INFO /home/user1/Darshan_Verification/Tanuja/core_uvm/tb/sv/corerv_scoreboard.sv(35) @ 2295000: uvm_test_top.env.scb [SCB_MATCH] [PC: 80000298 | INSTR: 00000000] MATCH OK! -> Reg x29 = 0x80000298
UVM_INFO /home/user1/Darshan_Verification/Tanuja/core_uvm/tb/sv/corerv_scoreboard.sv(35) @ 2305000: uvm_test_top.env.scb [SCB_MATCH] [PC: 8000029c | INSTR: 00000000] MATCH OK! -> Reg x22 = 0x800002a0
UVM_INFO /home/user1/Darshan_Verification/Tanuja/core_uvm/tb/sv/corerv_scoreboard.sv(35) @ 2345000: uvm_test_top.env.scb [SCB_MATCH] [PC: 800002a4 | INSTR: 00800def] MATCH OK! -> Reg x21 = 0xc0000000
UVM_INFO /home/user1/Darshan_Verification/Tanuja/core_uvm/tb/sv/corerv_scoreboard.sv(35) @ 2355000: uvm_test_top.env.scb [SCB_MATCH] [PC: 800002a8 | INSTR: 00000013] MATCH OK! -> Reg x17 = 0x00000002
UVM_INFO /home/user1/Darshan_Verification/Tanuja/core_uvm/tb/sv/corerv_scoreboard.sv(35) @ 2365000: uvm_test_top.env.scb [SCB_MATCH] [PC: 800002ac | INSTR: 00000000] MATCH OK! -> Reg x15 = 0x00000001
UVM_INFO /home/user1/Darshan_Verification/Tanuja/core_uvm/tb/sv/corerv_scoreboard.sv(35) @ 2375000: uvm_test_top.env.scb [SCB_MATCH] [PC: 800002b0 | INSTR: 00000000] MATCH OK! -> Reg x27 = 0x800002b4
UVM_INFO /home/user1/Darshan_Verification/Tanuja/core_uvm/tb/sv/corerv_scoreboard.sv(39) @ 2415000: uvm_test_top.env.scb [SCB_MATCH] [PC: 800002b8 | INSTR: 00000000] MATCH OK! -> Executed safely
UVM_INFO /home/user1/Darshan_Verification/Tanuja/core_uvm/tb/sv/corerv_scoreboard.sv(35) @ 2455000: uvm_test_top.env.scb [SCB_MATCH] [PC: 800002c0 | INSTR: 00000000] MATCH OK! -> Reg x11 = 0x800002c4
UVM_INFO /home/user1/Darshan_Verification/Tanuja/core_uvm/tb/sv/corerv_scoreboard.sv(35) @ 2495000: uvm_test_top.env.scb [SCB_MATCH] [PC: 800002c8 | INSTR: 00000000] MATCH OK! -> Reg x4 = 0x800002cc
UVM_INFO /home/user1/Darshan_Verification/Tanuja/core_uvm/tb/sv/corerv_scoreboard.sv(35) @ 2535000: uvm_test_top.env.scb [SCB_MATCH] [PC: 800002d0 | INSTR: 416751b3] MATCH OK! -> Reg x8 = 0x894d2000
UVM_INFO /home/user1/Darshan_Verification/Tanuja/core_uvm/tb/sv/corerv_scoreboard.sv(35) @ 2545000: uvm_test_top.env.scb [SCB_MATCH] [PC: 800002d4 | INSTR: 812dc197] MATCH OK! -> Reg x14 = 0x00000000
UVM_INFO /home/user1/Darshan_Verification/Tanuja/core_uvm/tb/sv/corerv_scoreboard.sv(35) @ 2555000: uvm_test_top.env.scb [SCB_MATCH] [PC: 800002d8 | INSTR: 407d5c93] MATCH OK! -> Reg x12 = 0xffffff9c
UVM_INFO /home/user1/Darshan_Verification/Tanuja/core_uvm/tb/sv/corerv_scoreboard.sv(35) @ 2565000: uvm_test_top.env.scb [SCB_MATCH] [PC: 800002dc | INSTR: 0162c1b3] MATCH OK! -> Reg x3 = 0x00000000
UVM_INFO /home/user1/Darshan_Verification/Tanuja/core_uvm/tb/sv/corerv_scoreboard.sv(35) @ 2575000: uvm_test_top.env.scb [SCB_MATCH] [PC: 800002e0 | INSTR: 012cc463] MATCH OK! -> Reg x3 = 0x012dc2e0
UVM_INFO /home/user1/Darshan_Verification/Tanuja/core_uvm/tb/sv/corerv_scoreboard.sv(35) @ 2585000: uvm_test_top.env.scb [SCB_MATCH] [PC: 800002e4 | INSTR: 001c8893] MATCH OK! -> Reg x25 = 0x00361770
UVM_INFO /home/user1/Darshan_Verification/Tanuja/core_uvm/tb/sv/corerv_scoreboard.sv(35) @ 2595000: uvm_test_top.env.scb [SCB_MATCH] [PC: 800002e8 | INSTR: 210aae13] MATCH OK! -> Reg x3 = 0x800002a1
UVM_INFO /home/user1/Darshan_Verification/Tanuja/core_uvm/tb/sv/corerv_scoreboard.sv(39) @ 2605000: uvm_test_top.env.scb [SCB_MATCH] [PC: 800002ec | INSTR: 00fcb733] MATCH OK! -> Executed safely
UVM_INFO /home/user1/Darshan_Verification/Tanuja/core_uvm/tb/sv/corerv_scoreboard.sv(35) @ 2615000: uvm_test_top.env.scb [SCB_MATCH] [PC: 800002f0 | INSTR: 011d3ab3] MATCH OK! -> Reg x17 = 0x00361771
UVM_INFO /home/user1/Darshan_Verification/Tanuja/core_uvm/tb/sv/corerv_scoreboard.sv(35) @ 2625000: uvm_test_top.env.scb [SCB_MATCH] [PC: 800002f4 | INSTR: 01bf2e23] MATCH OK! -> Reg x28 = 0x00000001
UVM_INFO /home/user1/Darshan_Verification/Tanuja/core_uvm/tb/sv/corerv_scoreboard.sv(35) @ 2635000: uvm_test_top.env.scb [SCB_MATCH] [PC: 800002f8 | INSTR: 02e88ab3] MATCH OK! -> Reg x14 = 0x00000000
UVM_INFO /home/user1/Darshan_Verification/Tanuja/core_uvm/tb/sv/corerv_scoreboard.sv(35) @ 2645000: uvm_test_top.env.scb [SCB_MATCH] [PC: 800002fc | INSTR: 025b9533] MATCH OK! -> Reg x21 = 0x00000000
UVM_INFO /home/user1/Darshan_Verification/Tanuja/core_uvm/tb/sv/corerv_scoreboard.sv(39) @ 2655000: uvm_test_top.env.scb [SCB_MATCH] [PC: 80000300 | INSTR: 025b9533] MATCH OK! -> Executed safely
UVM_INFO /home/user1/Darshan_Verification/Tanuja/core_uvm/tb/sv/corerv_scoreboard.sv(35) @ 2685000: uvm_test_top.env.scb [SCB_MATCH] [PC: 80000304 | INSTR: 49cb21b7] MATCH OK! -> Reg x21 = 0x00000000
UVM_INFO /home/user1/Darshan_Verification/Tanuja/core_uvm/tb/sv/corerv_scoreboard.sv(35) @ 2715000: uvm_test_top.env.scb [SCB_MATCH] [PC: 80000308 | INSTR: fe713293] MATCH OK! -> Reg x10 = 0xffffffff
UVM_INFO /home/user1/Darshan_Verification/Tanuja/core_uvm/tb/sv/corerv_scoreboard.sv(35) @ 2725000: uvm_test_top.env.scb [SCB_MATCH] [PC: 8000030c | INSTR: 3406e8f3] MATCH OK! -> Reg x3 = 0x49cb2000
UVM_INFO /home/user1/Darshan_Verification/Tanuja/core_uvm/tb/sv/corerv_scoreboard.sv(35) @ 2735000: uvm_test_top.env.scb [SCB_MATCH] [PC: 80000310 | INSTR: 2c076d97] MATCH OK! -> Reg x18 = 0x00000000
UVM_INFO /home/user1/Darshan_Verification/Tanuja/core_uvm/tb/sv/corerv_scoreboard.sv(35) @ 2745000: uvm_test_top.env.scb [SCB_MATCH] [PC: 80000314 | INSTR: 2c2b7917] MATCH OK! -> Reg x5 = 0x00000001
UVM_INFO /home/user1/Darshan_Verification/Tanuja/core_uvm/tb/sv/corerv_scoreboard.sv(35) @ 2755000: uvm_test_top.env.scb [SCB_MATCH] [PC: 80000318 | INSTR: 029f1023] MATCH OK! -> Reg x17 = 0x00000000
UVM_INFO /home/user1/Darshan_Verification/Tanuja/core_uvm/tb/sv/corerv_scoreboard.sv(35) @ 2765000: uvm_test_top.env.scb [SCB_MATCH] [PC: 8000031c | INSTR: 4120db93] MATCH OK! -> Reg x27 = 0xac07631c
UVM_INFO /home/user1/Darshan_Verification/Tanuja/core_uvm/tb/sv/corerv_scoreboard.sv(35) @ 2775000: uvm_test_top.env.scb [SCB_MATCH] [PC: 80000320 | INSTR: 02f49c33] MATCH OK! -> Reg x18 = 0xac2b7320
UVM_INFO /home/user1/Darshan_Verification/Tanuja/core_uvm/tb/sv/corerv_scoreboard.sv(39) @ 2785000: uvm_test_top.env.scb [SCB_MATCH] [PC: 80000324 | INSTR: 340f53f3] MATCH OK! -> Executed safely
UVM_INFO /home/user1/Darshan_Verification/Tanuja/core_uvm/tb/sv/corerv_scoreboard.sv(35) @ 2795000: uvm_test_top.env.scb [SCB_MATCH] [PC: 80000328 | INSTR: 340f53f3] MATCH OK! -> Reg x23 = 0x000014ce
UVM_INFO /home/user1/Darshan_Verification/Tanuja/core_uvm/tb/sv/corerv_scoreboard.sv(35) @ 2825000: uvm_test_top.env.scb [SCB_MATCH] [PC: 8000032c | INSTR: 008decb3] MATCH OK! -> Reg x24 = 0xffffffff
UVM_INFO /home/user1/Darshan_Verification/Tanuja/core_uvm/tb/sv/corerv_scoreboard.sv(35) @ 2835000: uvm_test_top.env.scb [SCB_MATCH] [PC: 80000330 | INSTR: 00800def] MATCH OK! -> Reg x7 = 0x0000000d
UVM_INFO /home/user1/Darshan_Verification/Tanuja/core_uvm/tb/sv/corerv_scoreboard.sv(35) @ 2845000: uvm_test_top.env.scb [SCB_MATCH] [PC: 80000334 | INSTR: 00000013] MATCH OK! -> Reg x3 = 0x0000001e
UVM_INFO /home/user1/Darshan_Verification/Tanuja/core_uvm/tb/sv/corerv_scoreboard.sv(35) @ 2855000: uvm_test_top.env.scb [SCB_MATCH] [PC: 80000338 | INSTR: 00000000] MATCH OK! -> Reg x25 = 0xad4f631c
UVM_INFO /home/user1/Darshan_Verification/Tanuja/core_uvm/tb/sv/corerv_scoreboard.sv(35) @ 2865000: uvm_test_top.env.scb [SCB_MATCH] [PC: 8000033c | INSTR: 00000000] MATCH OK! -> Reg x27 = 0x80000340
UVM_INFO /home/user1/Darshan_Verification/Tanuja/core_uvm/tb/sv/corerv_scoreboard.sv(35) @ 2925000: uvm_test_top.env.scb [SCB_MATCH] [PC: 80000344 | INSTR: 010f1183] MATCH OK! -> Reg x3 = 0x00000000
UVM_INFO /home/user1/Darshan_Verification/Tanuja/core_uvm/tb/sv/corerv_scoreboard.sv(35) @ 2935000: uvm_test_top.env.scb [SCB_MATCH] [PC: 80000348 | INSTR: 00a15213] MATCH OK! -> Reg x4 = 0xffffffff
UVM_INFO /home/user1/Darshan_Verification/Tanuja/core_uvm/tb/sv/corerv_scoreboard.sv(35) @ 2945000: uvm_test_top.env.scb [SCB_MATCH] [PC: 8000034c | INSTR: 00000e97] MATCH OK! -> Reg x4 = 0xe10c21bf
UVM_INFO /home/user1/Darshan_Verification/Tanuja/core_uvm/tb/sv/corerv_scoreboard.sv(35) @ 2955000: uvm_test_top.env.scb [SCB_MATCH] [PC: 80000350 | INSTR: 00ce8d67] MATCH OK! -> Reg x3 = 0x00000000
UVM_INFO /home/user1/Darshan_Verification/Tanuja/core_uvm/tb/sv/corerv_scoreboard.sv(35) @ 2965000: uvm_test_top.env.scb [SCB_MATCH] [PC: 80000354 | INSTR: 00000013] MATCH OK! -> Reg x4 = 0x0037d772
UVM_INFO /home/user1/Darshan_Verification/Tanuja/core_uvm/tb/sv/corerv_scoreboard.sv(35) @ 2975000: uvm_test_top.env.scb [SCB_MATCH] [PC: 80000358 | INSTR: 00000000] MATCH OK! -> Reg x29 = 0x80000358
UVM_INFO /home/user1/Darshan_Verification/Tanuja/core_uvm/tb/sv/corerv_scoreboard.sv(35) @ 2985000: uvm_test_top.env.scb [SCB_MATCH] [PC: 8000035c | INSTR: 00000000] MATCH OK! -> Reg x26 = 0x80000360
UVM_INFO /home/user1/Darshan_Verification/Tanuja/core_uvm/tb/sv/corerv_scoreboard.sv(35) @ 3025000: uvm_test_top.env.scb [SCB_MATCH] [PC: 80000364 | INSTR: 01379463] MATCH OK! -> Reg x24 = 0x00000001
UVM_INFO /home/user1/Darshan_Verification/Tanuja/core_uvm/tb/sv/corerv_scoreboard.sv(35) @ 3035000: uvm_test_top.env.scb [SCB_MATCH] [PC: 80000368 | INSTR: 00178093] MATCH OK! -> Reg x9 = 0x00094388
UVM_INFO /home/user1/Darshan_Verification/Tanuja/core_uvm/tb/sv/corerv_scoreboard.sv(35) @ 3045000: uvm_test_top.env.scb [SCB_MATCH] [PC: 8000036c | INSTR: 00000000] MATCH OK! -> Reg x25 = 0xfffca1c4
UVM_INFO /home/user1/Darshan_Verification/Tanuja/core_uvm/tb/sv/corerv_scoreboard.sv(39) @ 3055000: uvm_test_top.env.scb [SCB_MATCH] [PC: 80000370 | INSTR: 00000000] MATCH OK! -> Executed safely
UVM_INFO /home/user1/Darshan_Verification/Tanuja/core_uvm/tb/sv/corerv_scoreboard.sv(35) @ 3095000: uvm_test_top.env.scb [SCB_MATCH] [PC: 80000378 | INSTR: 340a57f3] MATCH OK! -> Reg x23 = 0xb4647378
UVM_INFO /home/user1/Darshan_Verification/Tanuja/core_uvm/tb/sv/corerv_scoreboard.sv(35) @ 3105000: uvm_test_top.env.scb [SCB_MATCH] [PC: 8000037c | INSTR: b24ac137] MATCH OK! -> Reg x4 = 0x00000001
UVM_INFO /home/user1/Darshan_Verification/Tanuja/core_uvm/tb/sv/corerv_scoreboard.sv(35) @ 3115000: uvm_test_top.env.scb [SCB_MATCH] [PC: 80000380 | INSTR: 340d1c73] MATCH OK! -> Reg x9 = 0xe10c21ad
UVM_INFO /home/user1/Darshan_Verification/Tanuja/core_uvm/tb/sv/corerv_scoreboard.sv(35) @ 3125000: uvm_test_top.env.scb [SCB_MATCH] [PC: 80000384 | INSTR: 03081233] MATCH OK! -> Reg x15 = 0x00000018
UVM_INFO /home/user1/Darshan_Verification/Tanuja/core_uvm/tb/sv/corerv_scoreboard.sv(35) @ 3135000: uvm_test_top.env.scb [SCB_MATCH] [PC: 80000388 | INSTR: 020f0183] MATCH OK! -> Reg x2 = 0xb24ac000
UVM_INFO /home/user1/Darshan_Verification/Tanuja/core_uvm/tb/sv/corerv_scoreboard.sv(35) @ 3145000: uvm_test_top.env.scb [SCB_MATCH] [PC: 8000038c | INSTR: 020f0183] MATCH OK! -> Reg x24 = 0x00000014
UVM_INFO /home/user1/Darshan_Verification/Tanuja/core_uvm/tb/sv/corerv_scoreboard.sv(35) @ 3175000: uvm_test_top.env.scb [SCB_MATCH] [PC: 80000390 | INSTR: 01348463] MATCH OK! -> Reg x4 = 0x00000000
UVM_INFO /home/user1/Darshan_Verification/Tanuja/core_uvm/tb/sv/corerv_scoreboard.sv(35) @ 3185000: uvm_test_top.env.scb [SCB_MATCH] [PC: 80000394 | INSTR: 01348463] MATCH OK! -> Reg x3 = 0x00000076
UVM_INFO /home/user1/Darshan_Verification/Tanuja/core_uvm/tb/sv/corerv_scoreboard.sv(35) @ 3215000: uvm_test_top.env.scb [SCB_MATCH] [PC: 80000398 | INSTR: 340477f3] MATCH OK! -> Reg x11 = 0x00011a59
UVM_INFO /home/user1/Darshan_Verification/Tanuja/core_uvm/tb/sv/corerv_scoreboard.sv(39) @ 3225000: uvm_test_top.env.scb [SCB_MATCH] [PC: 8000039c | INSTR: 013dc463] MATCH OK! -> Executed safely
UVM_INFO /home/user1/Darshan_Verification/Tanuja/core_uvm/tb/sv/corerv_scoreboard.sv(35) @ 3235000: uvm_test_top.env.scb [SCB_MATCH] [PC: 800003a0 | INSTR: 001d8213] MATCH OK! -> Reg x1 = 0xe10c21ae
UVM_INFO /home/user1/Darshan_Verification/Tanuja/core_uvm/tb/sv/corerv_scoreboard.sv(35) @ 3245000: uvm_test_top.env.scb [SCB_MATCH] [PC: 800003a4 | INSTR: 00000000] MATCH OK! -> Reg x15 = 0x80000360
UVM_INFO /home/user1/Darshan_Verification/Tanuja/core_uvm/tb/sv/corerv_scoreboard.sv(39) @ 3255000: uvm_test_top.env.scb [SCB_MATCH] [PC: 800003a8 | INSTR: 00000000] MATCH OK! -> Executed safely
UVM_INFO /home/user1/Darshan_Verification/Tanuja/core_uvm/tb/sv/corerv_scoreboard.sv(39) @ 3295000: uvm_test_top.env.scb [SCB_MATCH] [PC: 800003b0 | INSTR: 0afc66b7] MATCH OK! -> Executed safely
UVM_INFO /home/user1/Darshan_Verification/Tanuja/core_uvm/tb/sv/corerv_scoreboard.sv(35) @ 3305000: uvm_test_top.env.scb [SCB_MATCH] [PC: 800003b4 | INSTR: 340390f3] MATCH OK! -> Reg x4 = 0x00000108
UVM_INFO /home/user1/Darshan_Verification/Tanuja/core_uvm/tb/sv/corerv_scoreboard.sv(35) @ 3315000: uvm_test_top.env.scb [SCB_MATCH] [PC: 800003b8 | INSTR: 37d39737] MATCH OK! -> Reg x1 = 0x80000360
UVM_INFO /home/user1/Darshan_Verification/Tanuja/core_uvm/tb/sv/corerv_scoreboard.sv(35) @ 3325000: uvm_test_top.env.scb [SCB_MATCH] [PC: 800003bc | INSTR: bb938cb7] MATCH OK! -> Reg x13 = 0x0afc6000
UVM_INFO /home/user1/Darshan_Verification/Tanuja/core_uvm/tb/sv/corerv_scoreboard.sv(35) @ 3335000: uvm_test_top.env.scb [SCB_MATCH] [PC: 800003c0 | INSTR: 00cf4703] MATCH OK! -> Reg x1 = 0x00000001
UVM_INFO /home/user1/Darshan_Verification/Tanuja/core_uvm/tb/sv/corerv_scoreboard.sv(35) @ 3345000: uvm_test_top.env.scb [SCB_MATCH] [PC: 800003c4 | INSTR: 02621633] MATCH OK! -> Reg x14 = 0x37d39000
UVM_INFO /home/user1/Darshan_Verification/Tanuja/core_uvm/tb/sv/corerv_scoreboard.sv(35) @ 3355000: uvm_test_top.env.scb [SCB_MATCH] [PC: 800003c8 | INSTR: 01cf4203] MATCH OK! -> Reg x25 = 0xbb938000
UVM_INFO /home/user1/Darshan_Verification/Tanuja/core_uvm/tb/sv/corerv_scoreboard.sv(35) @ 3365000: uvm_test_top.env.scb [SCB_MATCH] [PC: 800003cc | INSTR: 01cf4203] MATCH OK! -> Reg x14 = 0x00000000
UVM_INFO /home/user1/Darshan_Verification/Tanuja/core_uvm/tb/sv/corerv_scoreboard.sv(35) @ 3395000: uvm_test_top.env.scb [SCB_MATCH] [PC: 800003d0 | INSTR: 00df1a23] MATCH OK! -> Reg x12 = 0xffffff90
UVM_INFO /home/user1/Darshan_Verification/Tanuja/core_uvm/tb/sv/corerv_scoreboard.sv(35) @ 3405000: uvm_test_top.env.scb [SCB_MATCH] [PC: 800003d4 | INSTR: 00df1a23] MATCH OK! -> Reg x4 = 0x000000b4
UVM_INFO /home/user1/Darshan_Verification/Tanuja/core_uvm/tb/sv/corerv_scoreboard.sv(35) @ 3435000: uvm_test_top.env.scb [SCB_MATCH] [PC: 800003d8 | INSTR: 77a0f113] MATCH OK! -> Reg x10 = 0xffffffff
UVM_INFO /home/user1/Darshan_Verification/Tanuja/core_uvm/tb/sv/corerv_scoreboard.sv(39) @ 3445000: uvm_test_top.env.scb [SCB_MATCH] [PC: 800003dc | INSTR: 97dd8493] MATCH OK! -> Executed safely
UVM_INFO /home/user1/Darshan_Verification/Tanuja/core_uvm/tb/sv/corerv_scoreboard.sv(35) @ 3455000: uvm_test_top.env.scb [SCB_MATCH] [PC: 800003e0 | INSTR: 3401f8f3] MATCH OK! -> Reg x1 = 0x582ae000
UVM_INFO /home/user1/Darshan_Verification/Tanuja/core_uvm/tb/sv/corerv_scoreboard.sv(35) @ 3465000: uvm_test_top.env.scb [SCB_MATCH] [PC: 800003e4 | INSTR: 00f24463] MATCH OK! -> Reg x2 = 0x00000000
UVM_INFO /home/user1/Darshan_Verification/Tanuja/core_uvm/tb/sv/corerv_scoreboard.sv(35) @ 3475000: uvm_test_top.env.scb [SCB_MATCH] [PC: 800003e8 | INSTR: 00120613] MATCH OK! -> Reg x9 = 0x7ffffcbd
UVM_INFO /home/user1/Darshan_Verification/Tanuja/core_uvm/tb/sv/corerv_scoreboard.sv(35) @ 3485000: uvm_test_top.env.scb [SCB_MATCH] [PC: 800003ec | INSTR: 00000000] MATCH OK! -> Reg x17 = 0x0000000d
UVM_INFO /home/user1/Darshan_Verification/Tanuja/core_uvm/tb/sv/corerv_scoreboard.sv(39) @ 3495000: uvm_test_top.env.scb [SCB_MATCH] [PC: 800003f0 | INSTR: 00000000] MATCH OK! -> Executed safely
[SCB DEBUG] PC Mismatch! RTL Expectation (Abs): 0x800003f8 | Spike PC: 0x800003f4
UVM_FATAL /home/user1/Darshan_Verification/Tanuja/core_uvm/tb/sv/corerv_scoreboard.sv(29) @ 3535000: uvm_test_top.env.scb [SCB_MISMATCH] Mismatch at PC: 800003f8 | INSTR: 00000000 | Reg: x15 | RTL Val: bbb50000

--- UVM Report catcher Summary ---


Number of demoted UVM_FATAL reports  :    0
Number of demoted UVM_ERROR reports  :    0
Number of demoted UVM_WARNING reports:    0
Number of caught UVM_FATAL reports   :    0
Number of caught UVM_ERROR reports   :    0
Number of caught UVM_WARNING reports :    0

--- UVM Report Summary ---

** Report counts by severity
UVM_INFO :  229
UVM_WARNING :    0
UVM_ERROR :    0
UVM_FATAL :    1
** Report counts by id
[RNTST]     1
[SCB_MATCH]   227
[SCB_MISMATCH]     1
[TEST]     1
Simulation complete via $finish(1) at time 3535 NS + 6
/home/install/INCISIVE152/tools/methodology/UVM/CDNS-1.1d/sv/src/base/uvm_report_object.svh:292     $finish;
ncsim> exit
ncsim: *N,COVCGN: Coverage configuration file command "set_covergroup -new_instance_reporting" can be specified to improve the scoping and naming of covergroup instances. It may be noted that subsequent merging of a coverage database saved with this command and a coverage database saved without this command is not allowed.
ncsim: *W,CGDEFN: Default name "worklib.uvm_pkg::.cg_rv32im" will be generated for covergroup instance "cg_rv32im" as the name of the covergroup instance is not specified explicitly: ../tb/sv/corerv_coverage.sv, 7.

coverage setup:
  workdir  :  ./cov_work
  dutinst  :  dp_ram(dp_ram)
  dutinst  :  half_adder(half_adder)
  dutinst  :  tb_top(tb_top)
  scope    :  scope
  testname :  corerv_test

coverage files:
  model(design data) :  ./cov_work/scope/icc_1838ec4b_42774d2a.ucm (reused)
  data               :  ./cov_work/scope/corerv_test/icc_1838ec4b_42774d2a.ucd
