--------------------------------------------------------
 Starting UVM Simulation: corerv_test
--------------------------------------------------------
irun -clean -64bit -sv -uvm -access +rwc -svseed 32137 -coverage all -covoverwrite -covtest corerv_test /home/user1/Darshan_Verification/Tanuja/core_uvm/rtl/*.sv /home/user1/Darshan_Verification/Tanuja/core_uvm/tb/sv/corerv_if.sv /home/user1/Darshan_Verification/Tanuja/core_uvm/tb/sv/corerv_pkg.sv /home/user1/Darshan_Verification/Tanuja/core_uvm/tb/sv/tb_top.sv ./spike_wrapper.so +UVM_TESTNAME=corerv_test
irun(64): 15.20-s086: (c) Copyright 1995-2020 Cadence Design Systems, Inc.
irun: *N,CLEAN: Removing existing directory ./INCA_libs.
Compiling UVM packages (uvm_pkg.sv cdns_uvm_pkg.sv) using uvmhome location /home/install/INCISIVE152/tools/methodology/UVM/CDNS-1.1d
file: /home/user1/Darshan_Verification/Tanuja/core_uvm/rtl/alu_in1_mux.sv
	module worklib.alu_in1_mux:sv
		errors: 0, warnings: 0
file: /home/user1/Darshan_Verification/Tanuja/core_uvm/rtl/alu_in2_mux.sv
	module worklib.alu_in2_mux:sv
		errors: 0, warnings: 0
file: /home/user1/Darshan_Verification/Tanuja/core_uvm/rtl/alu_mul_csr_mux.sv
	module worklib.alu_mul_csr_mux:sv
		errors: 0, warnings: 0
file: /home/user1/Darshan_Verification/Tanuja/core_uvm/rtl/alu.sv
	module worklib.alu:sv
		errors: 0, warnings: 0
file: /home/user1/Darshan_Verification/Tanuja/core_uvm/rtl/Control_Unit.sv
	module worklib.Control_Unit:sv
		errors: 0, warnings: 0
file: /home/user1/Darshan_Verification/Tanuja/core_uvm/rtl/CoreRV.sv
	module worklib.CoreRV:sv
		errors: 0, warnings: 0
file: /home/user1/Darshan_Verification/Tanuja/core_uvm/rtl/csr_register_file.sv
	module worklib.csr_register_file:sv
		errors: 0, warnings: 0
file: /home/user1/Darshan_Verification/Tanuja/core_uvm/rtl/csr_unit.sv
	module worklib.csr_unit:sv
		errors: 0, warnings: 0
file: /home/user1/Darshan_Verification/Tanuja/core_uvm/rtl/data_ram.sv
	module worklib.data_ram:sv
		errors: 0, warnings: 0
file: /home/user1/Darshan_Verification/Tanuja/core_uvm/rtl/dp_ram.sv
	module worklib.dp_ram:sv
		errors: 0, warnings: 0
file: /home/user1/Darshan_Verification/Tanuja/core_uvm/rtl/immediate_generator.sv
	module worklib.immediate_generator:sv
		errors: 0, warnings: 0
file: /home/user1/Darshan_Verification/Tanuja/core_uvm/rtl/instr_ram.sv
	module worklib.instr_ram:sv
		errors: 0, warnings: 0
file: /home/user1/Darshan_Verification/Tanuja/core_uvm/rtl/interrupt_controller.sv
	module worklib.interrupt_controller:sv
		errors: 0, warnings: 0
file: /home/user1/Darshan_Verification/Tanuja/core_uvm/rtl/LSU_RVX.sv
	module worklib.LSU_RVX:sv
		errors: 0, warnings: 0
file: /home/user1/Darshan_Verification/Tanuja/core_uvm/rtl/Memory_Ctrl.sv
	module worklib.Memory_Ctrl:sv
		errors: 0, warnings: 0
file: /home/user1/Darshan_Verification/Tanuja/core_uvm/rtl/memtoreg_mux.sv
	module worklib.memtoreg_mux:sv
		errors: 0, warnings: 0
file: /home/user1/Darshan_Verification/Tanuja/core_uvm/rtl/pc_mux.sv
	module worklib.pc_mux:sv
		errors: 0, warnings: 0
file: /home/user1/Darshan_Verification/Tanuja/core_uvm/rtl/Pipelined_M.sv
	module worklib.Pipelined_M:sv
		errors: 0, warnings: 0
	module worklib.M1:sv
		errors: 0, warnings: 0
	module worklib.M2:sv
		errors: 0, warnings: 0
	module worklib.half_adder:sv
		errors: 0, warnings: 0
	module worklib.full_adder:sv
		errors: 0, warnings: 0
	module worklib.booth_encoder:sv
		errors: 0, warnings: 0
	module worklib.gp_cell:sv
		errors: 0, warnings: 0
	module worklib.cla4:sv
		errors: 0, warnings: 0
	module worklib.cla16:sv
		errors: 0, warnings: 0
	module worklib.cla64:sv
		errors: 0, warnings: 0
file: /home/user1/Darshan_Verification/Tanuja/core_uvm/rtl/register_file.sv
	module worklib.register_file:sv
		errors: 0, warnings: 0
file: /home/user1/Darshan_Verification/Tanuja/core_uvm/rtl/sp_ram.sv
	module worklib.sp_ram:sv
		errors: 0, warnings: 0
file: /home/user1/Darshan_Verification/Tanuja/core_uvm/rtl/Stage1.sv
	module worklib.Stage1:sv
		errors: 0, warnings: 0
file: /home/user1/Darshan_Verification/Tanuja/core_uvm/rtl/Stage2.sv
	module worklib.Stage2:sv
		errors: 0, warnings: 0
file: /home/user1/Darshan_Verification/Tanuja/core_uvm/rtl/stall_controller.sv
	module worklib.stall_controller:sv
		errors: 0, warnings: 0
file: /home/user1/Darshan_Verification/Tanuja/core_uvm/tb/sv/corerv_if.sv
	interface worklib.corerv_if:sv
		errors: 0, warnings: 0
file: /home/user1/Darshan_Verification/Tanuja/core_uvm/tb/sv/corerv_pkg.sv
	package worklib.corerv_pkg:sv
		errors: 0, warnings: 0
file: /home/user1/Darshan_Verification/Tanuja/core_uvm/tb/sv/tb_top.sv
	interface worklib.corerv_trace_if:sv
		errors: 0, warnings: 0
	module worklib.tb_top:sv
		errors: 0, warnings: 0
$CDSROOT = /home/install/INCISIVE152
$TESTDIR = /home/user1/Darshan_Verification/Tanuja/core_uvm/sim

TOOL:	ncsc(64)	15.20-s086
make[1]: Entering directory `/home/user1/Darshan_Verification/Tanuja/core_uvm/sim'
building library run.so
make[1]: Leaving directory `/home/user1/Darshan_Verification/Tanuja/core_uvm/sim'

		Caching library 'worklib' ....... Done
	Elaborating the design hierarchy:
	)dut (
	   |
ncelab: *W,CUVWSP (../tb/sv/tb_top.sv,54|4): 2 output ports were not connected:
ncelab: (../rtl/CoreRV.sv,23): irq_ack_o
ncelab: (../rtl/CoreRV.sv,24): irq_id_o

	)dut (
	   |
ncelab: *W,CUVWSI (../tb/sv/tb_top.sv,54|4): 1 input port was not connected:
ncelab: (../rtl/CoreRV.sv,22): irq_i

	Top level design units:
		uvm_pkg
		cdns_uvmapi
		cdns_assert2uvm_pkg
		cdns_uvm_pkg
		corerv_pkg
		$unit_0x388f07e4
		dp_ram
		half_adder
		tb_top
ncelab: *W,DSEMEL: This SystemVerilog design will be simulated as per IEEE 1800-2009 SystemVerilog simulation semantics. Use -disable_sem2009 option for turning off SV 2009 simulation semantics.

	Extracting FSMs for coverage:
		worklib.dp_ram
		worklib.half_adder
		worklib.interrupt_controller
		worklib.Memory_Ctrl
		worklib.pc_mux
		worklib.sp_ram
		worklib.instr_ram
		worklib.register_file
		worklib.csr_register_file
		worklib.Control_Unit
		worklib.immediate_generator
		worklib.Stage1
		worklib.alu_in1_mux
		worklib.alu_in2_mux
		worklib.alu
		worklib.csr_unit
		worklib.booth_encoder
		worklib.M1
		worklib.full_adder
		worklib.M2
		worklib.gp_cell
		worklib.cla4
		worklib.cla16
		worklib.cla64
		worklib.Pipelined_M
		worklib.alu_mul_csr_mux
		worklib.Stage2
		worklib.stall_controller
		worklib.LSU_RVX
			FSM extracted for state register state
		worklib.data_ram
		worklib.memtoreg_mux
		worklib.CoreRV
		worklib.tb_top
	Total FSMs extracted = 1
	Building instance overlay tables: ...................
ncelab: *W,COVFHT: FSM hold transitions (transitions to the current state) are not extracted for any FSM in default mode.
. Done
	Enabling instrumentation for coverage types: block expression FSM toggle functional
ncelab: *W,COVDCL: By default expression coverage is scored only for Verilog logical operators (|| and &&) and VHDL logical operators (OR, AND, NOR, and NAND), and is scored only in condition expressions. To score coverage for other operators and for expressions in other statements, use the "set_expr_coverable_operators" and "set_expr_coverable_statements" coverage configuration file commands with suitable options at elaboration.
	Generating native compiled code:
		worklib.Control_Unit:sv <0x516e4421>
			streams:   2, words: 45026
		worklib.CoreRV:sv <0x44afc559>
			streams: 172, words: 138488
		worklib.LSU_RVX:sv <0x249ae70a>
			streams:  23, words: 28361
		worklib.M1:sv <0x25e7b7fc>
			streams:   9, words: 10028
		worklib.M2:sv <0x4e5b01f7>
			streams:   1, words:  1947
		worklib.Memory_Ctrl:sv <0x41b0ca7c>
			streams:   2, words:   892
		worklib.Pipelined_M:sv <0x58f2ee22>
			streams:  20, words: 12002
		worklib.Stage1:sv <0x3b45b068>
			streams:  59, words: 30039
		worklib.Stage2:sv <0x3f9424eb>
			streams:  36, words: 23688
		worklib.alu:sv <0x0abf656e>
			streams:   1, words:  8265
		worklib.alu_in1_mux:sv <0x2c2313d7>
			streams:   1, words:   850
		worklib.alu_in2_mux:sv <0x21db1c70>
			streams:   1, words:  1874
		worklib.alu_mul_csr_mux:sv <0x74fc9279>
			streams:   1, words:  1906
		worklib.booth_encoder:sv <0x4f9a32d7>
			streams:   1, words:  2872
		worklib.cdns_assert2uvm_pkg:sv <0x09043a22>
			streams:   3, words:  2639
		worklib.cdns_uvm_pkg:sv <0x1daf05ff>
			streams:   9, words:  6436
		worklib.cdns_uvm_pkg:sv <0x4e72f769>
			streams:  28, words: 46637
		worklib.cdns_uvm_pkg:sv <0x5643060f>
			streams:  10, words:  9567
		worklib.cdns_uvm_pkg:sv <0x628da63b>
			streams: 136, words: 297517
		worklib.cdns_uvmapi:svp <0x4eeed3a9>
			streams:  27, words: 38295
		worklib.cla16:sv <0x57530f55>
			streams:   2, words:   695
		worklib.cla4:sv <0x13b5beb5>
			streams:   1, words:   446
		worklib.cla64:sv <0x4ef33033>
			streams:   4, words:  1602
		worklib.corerv_if:sv <0x321d1431>
			streams:  22, words: 19268
		worklib.corerv_pkg:sv <0x5e0b5c90>
			streams:   0, words:     0
		worklib.corerv_trace_if:sv <0x7a9e4019>
			streams:  12, words:  5764
		worklib.csr_register_file:sv <0x6a434408>
			streams:  17, words: 12902
		worklib.csr_unit:sv <0x75ac1d01>
			streams:   1, words:  5521
		worklib.data_ram:sv <0x14bb8eb7>
			streams:   4, words:  9870
		worklib.dp_ram:sv <0x2f0dff6d>
			streams:  11, words:  9495
		worklib.full_adder:sv <0x1f6ad9be>
			streams:   0, words:     0
		worklib.gp_cell:sv <0x4e334a19>
			streams:   0, words:     0
		worklib.half_adder:sv <0x4130fb25>
			streams:   0, words:     0
		worklib.immediate_generator:sv <0x3ac14e6c>
			streams:   2, words:  5073
		worklib.instr_ram:sv <0x31554902>
			streams:  15, words: 24324
		worklib.interrupt_controller:sv <0x2bae3d8b>
			streams:   5, words:  4311
		worklib.memtoreg_mux:sv <0x196d2fb1>
			streams:   1, words:  1872
		worklib.pc_mux:sv <0x75b34f3e>
			streams:   1, words:  2849
		worklib.register_file:sv <0x2521ba8a>
			streams:   5, words:  4280
		worklib.sp_ram:sv <0x29d2d672>
			streams:   8, words:  4390
		worklib.sp_ram:sv <0x356e5f83>
			streams:   8, words:  4435
		worklib.sp_ram:sv <0x73ecf674>
			streams:   8, words:  4390
		worklib.stall_controller:sv <0x1522e610>
			streams:   6, words:  7194
		worklib.tb_top:sv <0x2544df29>
			streams: 155, words: 280972
		worklib.uvm_pkg:sv <0x01ac61ef>
			streams:  25, words: 62303
		worklib.uvm_pkg:sv <0x01c266f6>
			streams:   7, words:  3230
		worklib.uvm_pkg:sv <0x0303f4ac>
			streams:  26, words: 40358
		worklib.uvm_pkg:sv <0x0318ca69>
			streams:  27, words: 46271
		worklib.uvm_pkg:sv <0x08afa72c>
			streams:   7, words:  7967
		worklib.uvm_pkg:sv <0x0901f621>
			streams:  25, words: 64671
		worklib.uvm_pkg:sv <0x0aeb521b>
			streams:  27, words: 34211
		worklib.uvm_pkg:sv <0x10642354>
			streams: 181, words: 327214
		worklib.uvm_pkg:sv <0x1726efbb>
			streams: 177, words: 234728
		worklib.uvm_pkg:sv <0x17c8d12f>
			streams:   8, words:  9053
		worklib.uvm_pkg:sv <0x1a30e58f>
			streams:   7, words:  1863
		worklib.uvm_pkg:sv <0x2b0a392b>
			streams:  27, words: 55779
		worklib.uvm_pkg:sv <0x2c0a262b>
			streams:  16, words: 26899
		worklib.uvm_pkg:sv <0x30e64862>
			streams:   7, words:  3230
		worklib.uvm_pkg:sv <0x32777b24>
			streams:  26, words: 58656
		worklib.uvm_pkg:sv <0x38cc6fc3>
			streams: 4718, words: 10646212
		worklib.uvm_pkg:sv <0x3a692af2>
			streams:  17, words: 18882
		worklib.uvm_pkg:sv <0x3ae1c94b>
			streams:   7, words:  1863
		worklib.uvm_pkg:sv <0x3c593d1a>
			streams:  24, words: 27192
		worklib.uvm_pkg:sv <0x3d07073e>
			streams:  25, words: 71098
		worklib.uvm_pkg:sv <0x3f4b8279>
			streams:  27, words: 43114
		worklib.uvm_pkg:sv <0x3fda9cfa>
			streams:  38, words: 35012
		worklib.uvm_pkg:sv <0x455f1483>
			streams:  25, words: 63122
		worklib.uvm_pkg:sv <0x461f6a3f>
			streams:  24, words: 35572
		worklib.uvm_pkg:sv <0x464bb1ed>
			streams:  22, words: 69122
		worklib.uvm_pkg:sv <0x4b9cc803>
			streams:  27, words: 45373
		worklib.uvm_pkg:sv <0x4c559598>
			streams:  25, words: 67033
		worklib.uvm_pkg:sv <0x4d39c312>
			streams:   9, words:  5977
		worklib.uvm_pkg:sv <0x4fbdddf7>
			streams:  71, words: 154057
		worklib.uvm_pkg:sv <0x4fc4b563>
			streams:   9, words:  3363
		worklib.uvm_pkg:sv <0x578ca5d9>
			streams:  26, words: 42905
		worklib.uvm_pkg:sv <0x5b4755cd>
			streams:   8, words:  8608
		worklib.uvm_pkg:sv <0x5c4e4353>
			streams:  24, words: 29272
		worklib.uvm_pkg:sv <0x5eac42e7>
			streams:  38, words: 42107
		worklib.uvm_pkg:sv <0x621d3b39>
			streams:  23, words: 31599
		worklib.uvm_pkg:sv <0x64712540>
			streams:  24, words: 27660
		worklib.uvm_pkg:sv <0x6852afd5>
			streams:  28, words: 36794
		worklib.uvm_pkg:sv <0x71e2ecfc>
			streams:  29, words: 121967
		worklib.uvm_pkg:sv <0x74bbdd05>
			streams:  27, words: 48536
		worklib.uvm_pkg:sv <0x74ffaeb0>
			streams:   7, words:  2385
		worklib.uvm_pkg:sv <0x77e26c66>
			streams:  25, words: 69451
		worklib.uvm_pkg:sv <0x7f3aebe1>
			streams:   7, words:  3230
  logic [DATA_WIDTH/8-1:0][7:0] mem[words];
                                  |
ncelab: *W,COVMDD (../rtl/sp_ram.sv,21|34): Toggle coverage for bit, logic, reg, wire, and struct multi-dimensional static arrays and vectors is not supported by default. To enable toggle coverage on for these types specify 'set_toggle_scoring -sv_mda [<max_bit_base2_exponent>] [-sv_mda_of_struct]' ccf command in the coverage configuration file.
  integer i;
          |
ncelab: *W,COVUTA (../rtl/sp_ram.sv,25|10): Toggle coverage is not supported for SystemVerilog integer, real, string, dynamic array, sparse memory, and array of enum. It is also not supported for VHDL multi-dimensional array and array of record. There may also be other such objects in the design.
ncelab: *W,COVNOEN: By default, toggle coverage is not supported for systemverilog enumerated nets and variables. To enable toggle coverage of these objects, specify the 'set_toggle_scoring -sv_enum' command in the coverage configuration file.
	Building instance specific data structures.
ncelab: *W,CGPIDF: Covergroup "per_instance" option , by default, is set as 0.
ncelab: *N,COVCGN: Coverage configuration file command "set_covergroup -new_instance_reporting" can be specified to improve the scoping and naming of covergroup instances. It may be noted that subsequent merging of a coverage database saved with this command and a coverage database saved without this command is not allowed.
	Loading native compiled code:     .................... Done
	Design hierarchy summary:
		                       Instances  Unique
		Modules:                    1091      33
		Interfaces:                    2       2
		Verilog packages:              5       5
		Registers:                 14477   10490
		Scalar wires:               2475       -
		Expanded wires:             2457      33
		Vectored wires:              311       -
		Named events:                  6      14
		Always blocks:                98      64
		Initial blocks:              289     160
		Clocking blocks:               2       2
		Clocking items:               13      13
		Parallel blocks:              26      27
		Cont. assignments:           138     120
		Pseudo assignments:          230     224
		Assertions:                    4       4
		Covergroup Instances:          0       1
		Compilation units:             1       1
		SV Class declarations:       199     311
		SV Class specializations:    385     385
		Simulation timescale:        1ps
	Writing initial simulation snapshot: worklib.dp_ram:sv
irun: *E,PRENOP: Couldn't open file: /home/user1/Darshan_Verification/Tanuja/core_uvm/sim/INCA_libs/irun.lnx8664.15.20.nc/ncelab.hrd (No such file or directory).
make: *** [run] Error 1
