------------------------------------------------------------------------
                       RTL EXECUTION TRACE LOG                          
------------------------------------------------------------------------
PC: [0x80000000] INSTR: [0x80010f37] | WRITE REG: x30 = 0x80010000
PC: [0x80000004] INSTR: [0xc2e00093] | WRITE REG: x1  = 0xfffffc2e
PC: [0x80000008] INSTR: [0x33b00113] | WRITE REG: x2  = 0x0000033b
PC: [0x8000000c] INSTR: [0x3b000193] | WRITE REG: x3  = 0x000003b0
PC: [0x80000010] INSTR: [0x22800213] | WRITE REG: x4  = 0x00000228
PC: [0x80000014] INSTR: [0xe9a00293] | WRITE REG: x5  = 0xfffffe9a
PC: [0x80000018] INSTR: [0xcb500313] | WRITE REG: x6  = 0xfffffcb5
PC: [0x8000001c] INSTR: [0xc8900393] | WRITE REG: x7  = 0xfffffc89
PC: [0x80000020] INSTR: [0xeb200413] | WRITE REG: x8  = 0xfffffeb2
PC: [0x80000024] INSTR: [0x37700493] | WRITE REG: x9  = 0x00000377
PC: [0x80000028] INSTR: [0xea3abc13] | WRITE REG: x24 = 0x00000001
PC: [0x8000002c] INSTR: [0xb2697417] | WRITE REG: x8  = 0x3269702c
PC: [0x80000030] INSTR: [0x37113d93] | WRITE REG: x27 = 0x00000001
PC: [0x80000034] INSTR: [0x0128e463] | NO_REG_WRITE
PC: [0x80000038] INSTR: [0x00188613] | WRITE REG: x12 = 0x00000001
PC: [0x8000003c] INSTR: [0x340724f3] | WRITE REG: x9  = 0x00000000
PC: [0x80000040] INSTR: [0x01b49463] | NO_REG_WRITE
PC: [0x80000048] INSTR: [0x34079d73] | WRITE REG: x26 = 0x00000000
PC: [0x8000004c] INSTR: [0x01811c93] | WRITE REG: x25 = 0x3b000000
PC: [0x80000050] INSTR: [0x340495f3] | WRITE REG: x11 = 0x00000000
PC: [0x80000054] INSTR: [0x0015d463] | NO_REG_WRITE
PC: [0x8000005c] INSTR: [0x01ab9463] | NO_REG_WRITE
PC: [0x80000060] INSTR: [0x001b8b13] | WRITE REG: x22 = 0x00000001
PC: [0x80000064] INSTR: [0x03080733] | WRITE REG: x14 = 0x00000000
PC: [0x80000068] INSTR: [0xcd926697] | WRITE REG: x13 = 0x4d926068
PC: [0x8000006c] INSTR: [0x9663fcb7] | WRITE REG: x25 = 0x9663f000
PC: [0x80000070] INSTR: [0x011c9463] | NO_REG_WRITE
PC: [0x80000078] INSTR: [0x008008ef] | WRITE REG: x17 = 0x8000007c
PC: [0x80000080] INSTR: [0x010e1813] | WRITE REG: x16 = 0x00000000
PC: [0x80000084] INSTR: [0x035a07b3] | WRITE REG: x15 = 0x00000000
PC: [0x80000088] INSTR: [0x340ad6f3] | WRITE REG: x13 = 0x00000000
PC: [0x8000008c] INSTR: [0xf7357e37] | WRITE REG: x28 = 0xf7357000
PC: [0x80000090] INSTR: [0x03428bb3] | WRITE REG: x23 = 0x00000000
PC: [0x80000094] INSTR: [0x02f50233] | WRITE REG: x4  = 0x00000000
PC: [0x80000098] INSTR: [0x01297463] | NO_REG_WRITE
PC: [0x800000a0] INSTR: [0x004e1463] | NO_REG_WRITE
PC: [0x800000a8] INSTR: [0x6499f817] | WRITE REG: x16 = 0xe499f0a8
PC: [0x800000ac] INSTR: [0xb6341397] | WRITE REG: x7  = 0x363410ac
PC: [0x800000b0] INSTR: [0x14b8f593] | WRITE REG: x11 = 0x00000048
PC: [0x800000b4] INSTR: [0x010f2a83] | WRITE REG: x21 = 0x00000000
PC: [0x800000b8] INSTR: [0xc19af1b7] | WRITE REG: x3  = 0xc19af000
PC: [0x800000bc] INSTR: [0x340a9cf3] | WRITE REG: x25 = 0x00000015
PC: [0x800000c0] INSTR: [0x01928463] | NO_REG_WRITE
PC: [0x800000c4] INSTR: [0x00128293] | WRITE REG: x5  = 0xfffffe9b
PC: [0x800000c8] INSTR: [0x020f0083] | WRITE REG: x1  = 0x00000000
PC: [0x800000cc] INSTR: [0xeaa7f993] | WRITE REG: x19 = 0x00000000
PC: [0x800000d0] INSTR: [0x002569b3] | WRITE REG: x19 = 0x0000033b
PC: [0x800000d4] INSTR: [0x004f4203] | WRITE REG: x4  = 0x00000000
PC: [0x800000d8] INSTR: [0x9eac2d97] | WRITE REG: x27 = 0x1eac20d8
PC: [0x800000dc] INSTR: [0x8d45c4b7] | WRITE REG: x9  = 0x8d45c000
PC: [0x800000e0] INSTR: [0x65e3e417] | WRITE REG: x8  = 0xe5e3e0e0
PC: [0x800000e4] INSTR: [0x004f0423] | NO_REG_WRITE
PC: [0x800000e8] INSTR: [0x34012a73] | WRITE REG: x20 = 0x00000000
PC: [0x800000ec] INSTR: [0x000f1c03] | WRITE REG: x24 = 0x00000000
PC: [0x800000f0] INSTR: [0x00284933] | WRITE REG: x18 = 0xe499f393
PC: [0x800000f4] INSTR: [0x340d10f3] | WRITE REG: x1  = 0x0000033b
PC: [0x800000f8] INSTR: [0x4060d113] | WRITE REG: x2  = 0x0000000c
PC: [0x800000fc] INSTR: [0x00326463] | NO_REG_WRITE
PC: [0x80000104] INSTR: [0x340224f3] | WRITE REG: x9  = 0x00000000
PC: [0x80000108] INSTR: [0x00bf1a23] | NO_REG_WRITE
PC: [0x8000010c] INSTR: [0x401622b7] | WRITE REG: x5  = 0x40162000
PC: [0x80000110] INSTR: [0x012322b3] | WRITE REG: x5  = 0x00000000
PC: [0x80000114] INSTR: [0x03f2c9b7] | WRITE REG: x19 = 0x03f2c000
PC: [0x80000118] INSTR: [0x340279f3] | WRITE REG: x19 = 0x00000000
PC: [0x8000011c] INSTR: [0x0de52937] | WRITE REG: x18 = 0x0de52000
PC: [0x80000120] INSTR: [0x001f0a23] | NO_REG_WRITE
PC: [0x80000124] INSTR: [0xf4898793] | WRITE REG: x15 = 0xffffff48
PC: [0x80000128] INSTR: [0x03c90233] | WRITE REG: x4  = 0xde000000
PC: [0x8000012c] INSTR: [0x01277463] | NO_REG_WRITE
PC: [0x80000130] INSTR: [0x00170113] | WRITE REG: x2  = 0x00000001
PC: [0x80000134] INSTR: [0x3405d273] | WRITE REG: x4  = 0x00000000
PC: [0x80000138] INSTR: [0x030748b7] | WRITE REG: x17 = 0x03074000
PC: [0x8000013c] INSTR: [0x340fe6f3] | WRITE REG: x13 = 0x0000000b
PC: [0x80000140] INSTR: [0xef67fd13] | WRITE REG: x26 = 0xfffffe40
PC: [0x80000144] INSTR: [0x00395463] | NO_REG_WRITE
PC: [0x8000014c] INSTR: [0xf88687b7] | WRITE REG: x15 = 0xf8868000
PC: [0x80000150] INSTR: [0x0020a133] | WRITE REG: x2  = 0x00000000
PC: [0x80000154] INSTR: [0x5b5f7617] | WRITE REG: x12 = 0xdb5f7154
PC: [0x80000158] INSTR: [0x034b1e33] | WRITE REG: x28 = 0x00000000
PC: [0x8000015c] INSTR: [0x00000e97] | WRITE REG: x29 = 0x8000015c
PC: [0x80000160] INSTR: [0x00ce8ce7] | WRITE REG: x25 = 0x80000164
PC: [0x80000168] INSTR: [0x000f1b83] | WRITE REG: x23 = 0x00000000
PC: [0x8000016c] INSTR: [0x03a40db3] | WRITE REG: x27 = 0xb1367800
PC: [0x80000170] INSTR: [0x01b70133] | WRITE REG: x2  = 0xb1367800
PC: [0x80000174] INSTR: [0x00000e97] | WRITE REG: x29 = 0x80000174
PC: [0x80000178] INSTR: [0x00ce88e7] | WRITE REG: x17 = 0x8000017c
PC: [0x80000180] INSTR: [0x005cd463] | NO_REG_WRITE
PC: [0x80000184] INSTR: [0x001c8693] | WRITE REG: x13 = 0x80000165
PC: [0x80000188] INSTR: [0xe317b197] | WRITE REG: x3  = 0x6317b188
PC: [0x8000018c] INSTR: [0x01bf0823] | NO_REG_WRITE
PC: [0x80000190] INSTR: [0xb79b4e13] | WRITE REG: x28 = 0xfffffb78
PC: [0x80000194] INSTR: [0x177f5d37] | WRITE REG: x26 = 0x177f5000
PC: [0x80000198] INSTR: [0x340b6473] | WRITE REG: x8  = 0x0000001f
PC: [0x8000019c] INSTR: [0x340512f3] | WRITE REG: x5  = 0x0000001f
PC: [0x800001a0] INSTR: [0x006f1e23] | NO_REG_WRITE
PC: [0x800001a4] INSTR: [0x00800d6f] | WRITE REG: x26 = 0x800001a8
PC: [0x800001ac] INSTR: [0x34065af3] | WRITE REG: x21 = 0x00000000
PC: [0x800001b0] INSTR: [0x01985463] | NO_REG_WRITE
PC: [0x800001b8] INSTR: [0x03619d33] | WRITE REG: x26 = 0x00000000
PC: [0x800001bc] INSTR: [0x014f0903] | WRITE REG: x18 = 0x0000003b
PC: [0x800001c0] INSTR: [0x65998c37] | WRITE REG: x24 = 0x65998000
PC: [0x800001c4] INSTR: [0x5362ad93] | WRITE REG: x27 = 0x00000001
PC: [0x800001c8] INSTR: [0x340691f3] | WRITE REG: x3  = 0x0000000c
PC: [0x800001cc] INSTR: [0x033807b3] | WRITE REG: x15 = 0x00000000
PC: [0x800001d0] INSTR: [0x017c0833] | WRITE REG: x16 = 0x65998000
PC: [0x800001d4] INSTR: [0x340d2973] | WRITE REG: x18 = 0x80000165
PC: [0x800001d8] INSTR: [0x42dca637] | WRITE REG: x12 = 0x42dca000
PC: [0x800001dc] INSTR: [0x007cf333] | WRITE REG: x6  = 0x00000024
PC: [0x800001e0] INSTR: [0x5b763ab7] | WRITE REG: x21 = 0x5b763000
PC: [0x800001e4] INSTR: [0x8809c493] | WRITE REG: x9  = 0xfffff880
PC: [0x800001e8] INSTR: [0x003f2823] | NO_REG_WRITE
PC: [0x800001ec] INSTR: [0x014f1383] | WRITE REG: x7  = 0x0000003b
PC: [0x800001f0] INSTR: [0x00185463] | NO_REG_WRITE
PC: [0x800001f8] INSTR: [0x9763b713] | WRITE REG: x14 = 0x00000001
PC: [0x800001fc] INSTR: [0xcaa5f737] | WRITE REG: x14 = 0xcaa5f000
PC: [0x80000200] INSTR: [0x641760b7] | WRITE REG: x1  = 0x64176000
PC: [0x80000204] INSTR: [0x037088b3] | WRITE REG: x17 = 0x00000000
PC: [0x80000208] INSTR: [0x00f6db93] | WRITE REG: x23 = 0x00010000
PC: [0x8000020c] INSTR: [0x340de373] | WRITE REG: x6  = 0x80000165
PC: [0x80000210] INSTR: [0x0080016f] | WRITE REG: x2  = 0x80000214
PC: [0x80000218] INSTR: [0x010a9a13] | WRITE REG: x20 = 0x30000000
PC: [0x8000021c] INSTR: [0x00f3d463] | NO_REG_WRITE
PC: [0x80000224] INSTR: [0x3400fdf3] | WRITE REG: x27 = 0x8000017f
PC: [0x80000228] INSTR: [0x340c65f3] | WRITE REG: x11 = 0x8000017e
PC: [0x8000022c] INSTR: [0x097b7517] | WRITE REG: x10 = 0x897b722c
PC: [0x80000230] INSTR: [0x340063f3] | WRITE REG: x7  = 0x8000017e
PC: [0x80000234] INSTR: [0x00b38133] | WRITE REG: x2  = 0x000002fc
PC: [0x80000238] INSTR: [0x3409fdf3] | WRITE REG: x27 = 0x8000017e
PC: [0x8000023c] INSTR: [0x24dc00b7] | WRITE REG: x1  = 0x24dc0000
PC: [0x80000240] INSTR: [0x00884463] | NO_REG_WRITE
PC: [0x80000244] INSTR: [0x00180c93] | WRITE REG: x25 = 0x65998001
PC: [0x80000248] INSTR: [0xbfd86413] | WRITE REG: x8  = 0xfffffbfd
PC: [0x8000024c] INSTR: [0xace46ab7] | WRITE REG: x21 = 0xace46000
PC: [0x80000250] INSTR: [0xb1967cb7] | WRITE REG: x25 = 0xb1967000
PC: [0x80000254] INSTR: [0x015648b3] | WRITE REG: x17 = 0xee38c000
PC: [0x80000258] INSTR: [0x340617f3] | WRITE REG: x15 = 0x8000016c
PC: [0x8000025c] INSTR: [0x00000e97] | WRITE REG: x29 = 0x8000025c
PC: [0x80000260] INSTR: [0x00ce8b67] | WRITE REG: x22 = 0x80000264
PC: [0x80000268] INSTR: [0x1a02bc17] | WRITE REG: x24 = 0x9a02b268
PC: [0x8000026c] INSTR: [0x340f7a73] | WRITE REG: x20 = 0x42dca000
PC: [0x80000270] INSTR: [0x00000e97] | WRITE REG: x29 = 0x80000270
PC: [0x80000274] INSTR: [0x00ce8967] | WRITE REG: x18 = 0x80000278
PC: [0x8000027c] INSTR: [0x01c91db3] | WRITE REG: x27 = 0x78000000
PC: [0x80000280] INSTR: [0x01021293] | WRITE REG: x5  = 0x00000000
PC: [0x80000284] INSTR: [0x01045813] | WRITE REG: x16 = 0x0000ffff
PC: [0x80000288] INSTR: [0x014f1d03] | WRITE REG: x26 = 0x0000003b
PC: [0x8000028c] INSTR: [0x78bf4397] | WRITE REG: x7  = 0xf8bf428c
PC: [0x80000290] INSTR: [0x008007ef] | WRITE REG: x15 = 0x80000294
PC: [0x80000298] INSTR: [0x02ec9633] | WRITE REG: x12 = 0x105770d3
PC: [0x8000029c] INSTR: [0x0080076f] | WRITE REG: x14 = 0x800002a0
PC: [0x800002a4] INSTR: [0x00198733] | WRITE REG: x14 = 0x24dc0000
PC: [0x800002a8] INSTR: [0x017f0223] | NO_REG_WRITE
PC: [0x800002ac] INSTR: [0xd2627313] | WRITE REG: x6  = 0x00000000
PC: [0x800002b0] INSTR: [0x0130ce33] | WRITE REG: x28 = 0x24dc0000
PC: [0x800002b4] INSTR: [0x16ad4d93] | WRITE REG: x27 = 0x00000151
PC: [0x800002b8] INSTR: [0xbdd1cd97] | WRITE REG: x27 = 0x3dd1c2b8
PC: [0x800002bc] INSTR: [0x03c79733] | WRITE REG: x14 = 0xed92005f
PC: [0x800002c0] INSTR: [0x03241c33] | WRITE REG: x24 = 0x00000201
PC: [0x800002c4] INSTR: [0x02e68533] | WRITE REG: x10 = 0xcc9a847b
PC: [0x800002c8] INSTR: [0x34013d73] | WRITE REG: x26 = 0x42dca000
PC: [0x800002cc] INSTR: [0x3524e237] | WRITE REG: x4  = 0x3524e000
PC: [0x800002d0] INSTR: [0x01a28433] | WRITE REG: x8  = 0x42dca000
PC: [0x800002d4] INSTR: [0x33e34237] | WRITE REG: x4  = 0x33e34000
PC: [0x800002d8] INSTR: [0x027d8333] | WRITE REG: x6  = 0x6a31eca0
PC: [0x800002dc] INSTR: [0x001b1d93] | WRITE REG: x27 = 0x000004c8
PC: [0x800002e0] INSTR: [0x41575493] | WRITE REG: x9  = 0xffffff6c
PC: [0x800002e4] INSTR: [0x340a6c73] | WRITE REG: x24 = 0x42dca000
PC: [0x800002e8] INSTR: [0x002d5463] | NO_REG_WRITE
PC: [0x800002f0] INSTR: [0x03878933] | WRITE REG: x18 = 0x60cc8000
PC: [0x800002f4] INSTR: [0x00000e97] | WRITE REG: x29 = 0x800002f4
PC: [0x800002f8] INSTR: [0x00ce8367] | WRITE REG: x6  = 0x800002fc
PC: [0x80000300] INSTR: [0x01269c13] | WRITE REG: x24 = 0x05940000
PC: [0x80000304] INSTR: [0x002dd613] | WRITE REG: x12 = 0x00000132
PC: [0x80000308] INSTR: [0x3403b373] | WRITE REG: x6  = 0x42dca014
PC: [0x8000030c] INSTR: [0x00549213] | WRITE REG: x4  = 0xffffed80
PC: [0x80000310] INSTR: [0x0153c463] | NO_REG_WRITE
PC: [0x80000314] INSTR: [0x00138493] | WRITE REG: x9  = 0xf8bf428d
PC: [0x80000318] INSTR: [0xf13d0e13] | WRITE REG: x28 = 0x42dc9f13
PC: [0x8000031c] INSTR: [0x00800a6f] | WRITE REG: x20 = 0x80000320
PC: [0x80000324] INSTR: [0xc6cc6393] | WRITE REG: x7  = 0xfffffc6c
PC: [0x80000328] INSTR: [0x011da833] | WRITE REG: x16 = 0x00000000
PC: [0x8000032c] INSTR: [0x008009ef] | WRITE REG: x19 = 0x80000330
PC: [0x80000334] INSTR: [0x3403b473] | WRITE REG: x8  = 0x0240a010
PC: [0x80000338] INSTR: [0xd94a3d93] | WRITE REG: x27 = 0x00000001
PC: [0x8000033c] INSTR: [0x0f5455b7] | WRITE REG: x11 = 0x0f545000
PC: [0x80000340] INSTR: [0x00000e97] | WRITE REG: x29 = 0x80000340
PC: [0x80000344] INSTR: [0x00ce81e7] | WRITE REG: x3  = 0x80000348
PC: [0x8000034c] INSTR: [0x000f5d83] | WRITE REG: x27 = 0x00000000
PC: [0x80000350] INSTR: [0x340279f3] | WRITE REG: x19 = 0x00000010
PC: [0x80000354] INSTR: [0x55223293] | WRITE REG: x5  = 0x00000000
PC: [0x80000358] INSTR: [0x01cf4a03] | WRITE REG: x20 = 0x000000b5
PC: [0x8000035c] INSTR: [0x025e01b3] | WRITE REG: x3  = 0x00000000
PC: [0x80000360] INSTR: [0x023581b3] | WRITE REG: x3  = 0x00000000
PC: [0x80000364] INSTR: [0x21e62793] | WRITE REG: x15 = 0x00000001
PC: [0x80000368] INSTR: [0x40155533] | WRITE REG: x10 = 0xcc9a847b
PC: [0x8000036c] INSTR: [0x00614463] | NO_REG_WRITE
PC: [0x80000374] INSTR: [0x1bdb1ab7] | WRITE REG: x21 = 0x1bdb1000
PC: [0x80000378] INSTR: [0x8ce29437] | WRITE REG: x8  = 0x8ce29000
PC: [0x8000037c] INSTR: [0x007b4463] | NO_REG_WRITE
PC: [0x80000384] INSTR: [0x008009ef] | WRITE REG: x19 = 0x80000388
PC: [0x8000038c] INSTR: [0x01486cb3] | WRITE REG: x25 = 0x0000fcb5
 >>> [MISMATCH DETECTED AT THIS STEP]
