------------------------------------------------------------------------
                       RTL EXECUTION TRACE LOG                          
------------------------------------------------------------------------
PC: [0x80000000] INSTR: [0x80010f37] | WRITE REG: x30 = 0x80010000
PC: [0x80000004] INSTR: [0x1fb00093] | WRITE REG: x1  = 0x000001fb
PC: [0x80000008] INSTR: [0xfb200113] | WRITE REG: x2  = 0xffffffb2
PC: [0x8000000c] INSTR: [0xc5200193] | WRITE REG: x3  = 0xfffffc52
PC: [0x80000010] INSTR: [0xcbb00213] | WRITE REG: x4  = 0xfffffcbb
PC: [0x80000014] INSTR: [0xd5800293] | WRITE REG: x5  = 0xfffffd58
PC: [0x80000018] INSTR: [0x1d300313] | WRITE REG: x6  = 0x000001d3
PC: [0x8000001c] INSTR: [0xdf000393] | WRITE REG: x7  = 0xfffffdf0
PC: [0x80000020] INSTR: [0xfed00413] | WRITE REG: x8  = 0xffffffed
PC: [0x80000024] INSTR: [0xc3900493] | WRITE REG: x9  = 0xfffffc39
PC: [0x80000028] INSTR: [0x00000e97] | WRITE REG: x29 = 0x80000028
PC: [0x8000002c] INSTR: [0x00ce8667] | WRITE REG: x12 = 0x80000030
PC: [0x80000034] INSTR: [0x45174a17] | WRITE REG: x20 = 0xc5174034
PC: [0x80000038] INSTR: [0xc143b813] | WRITE REG: x16 = 0x00000000
PC: [0x8000003c] INSTR: [0x34065373] | WRITE REG: x6  = 0x00000000
PC: [0x80000040] INSTR: [0x021892b3] | WRITE REG: x5  = 0x00000000
PC: [0x80000044] INSTR: [0x340b6973] | WRITE REG: x18 = 0x0000000c
PC: [0x80000048] INSTR: [0x34023773] | WRITE REG: x14 = 0x0000001e
PC: [0x8000004c] INSTR: [0x00f0d463] | NO_REG_WRITE
PC: [0x80000054] INSTR: [0x4ff53a13] | WRITE REG: x20 = 0x00000001
PC: [0x80000058] INSTR: [0x340a2bf3] | WRITE REG: x23 = 0x00000004
PC: [0x8000005c] INSTR: [0x001f0623] | NO_REG_WRITE
PC: [0x80000060] INSTR: [0x02cb09b3] | WRITE REG: x19 = 0x00000000
PC: [0x80000064] INSTR: [0x3405e173] | WRITE REG: x2  = 0x00000005
PC: [0x80000068] INSTR: [0x40f1d813] | WRITE REG: x16 = 0xffffffff
PC: [0x8000006c] INSTR: [0x19c56493] | WRITE REG: x9  = 0x0000019c
PC: [0x80000070] INSTR: [0x008f4603] | WRITE REG: x12 = 0x00000000
PC: [0x80000074] INSTR: [0x0080036f] | WRITE REG: x6  = 0x80000078
PC: [0x8000007c] INSTR: [0x4149dab3] | WRITE REG: x21 = 0x00000000
PC: [0x80000080] INSTR: [0x7ef55d17] | WRITE REG: x26 = 0xfef55080
PC: [0x80000084] INSTR: [0x00d35593] | WRITE REG: x11 = 0x00040000
PC: [0x80000088] INSTR: [0x00000e97] | WRITE REG: x29 = 0x80000088
PC: [0x8000008c] INSTR: [0x00ce81e7] | WRITE REG: x3  = 0x80000090
PC: [0x80000094] INSTR: [0x0080036f] | WRITE REG: x6  = 0x80000098
PC: [0x8000009c] INSTR: [0x00aad893] | WRITE REG: x17 = 0x00000000
PC: [0x800000a0] INSTR: [0x01bd0463] | NO_REG_WRITE
PC: [0x800000a4] INSTR: [0x001d0b13] | WRITE REG: x22 = 0xfef55081
PC: [0x800000a8] INSTR: [0x02f30e33] | WRITE REG: x28 = 0x00000000
PC: [0x800000ac] INSTR: [0x7c6ea497] | WRITE REG: x9  = 0xfc6ea0ac
PC: [0x800000b0] INSTR: [0x008f1023] | NO_REG_WRITE
PC: [0x800000b4] INSTR: [0x3405be73] | WRITE REG: x28 = 0x0000000f
PC: [0x800000b8] INSTR: [0x00000e97] | WRITE REG: x29 = 0x800000b8
PC: [0x800000bc] INSTR: [0x00ce8867] | WRITE REG: x16 = 0x800000c0
PC: [0x800000c4] INSTR: [0x8a160517] | WRITE REG: x10 = 0x0a1600c4
PC: [0x800000c8] INSTR: [0x00000e97] | WRITE REG: x29 = 0x800000c8
PC: [0x800000cc] INSTR: [0x00ce8767] | WRITE REG: x14 = 0x800000d0
PC: [0x800000d4] INSTR: [0x41a2d813] | WRITE REG: x16 = 0x00000000
PC: [0x800000d8] INSTR: [0x010f5403] | WRITE REG: x8  = 0x00000000
PC: [0x800000dc] INSTR: [0x00bf1e23] | NO_REG_WRITE
PC: [0x800000e0] INSTR: [0x002f2623] | NO_REG_WRITE
PC: [0x800000e4] INSTR: [0x006f2e23] | NO_REG_WRITE
PC: [0x800000e8] INSTR: [0x340cfdf3] | WRITE REG: x27 = 0x0000000f
PC: [0x800000ec] INSTR: [0x3c4c2693] | WRITE REG: x13 = 0x00000001
PC: [0x800000f0] INSTR: [0x00b6d493] | WRITE REG: x9  = 0x00000000
PC: [0x800000f4] INSTR: [0x00000e97] | WRITE REG: x29 = 0x800000f4
PC: [0x800000f8] INSTR: [0x00ce89e7] | WRITE REG: x19 = 0x800000fc
PC: [0x80000100] INSTR: [0xa931b793] | WRITE REG: x15 = 0x00000001
PC: [0x80000104] INSTR: [0x01cf1783] | WRITE REG: x15 = 0x00000098
PC: [0x80000108] INSTR: [0xe9442917] | WRITE REG: x18 = 0x69442108
PC: [0x8000010c] INSTR: [0x7c5123b7] | WRITE REG: x7  = 0x7c512000
PC: [0x80000110] INSTR: [0x340e7573] | WRITE REG: x10 = 0x00000006
PC: [0x80000114] INSTR: [0x340799f3] | WRITE REG: x19 = 0x00000002
PC: [0x80000118] INSTR: [0x01bf0e23] | NO_REG_WRITE
PC: [0x8000011c] INSTR: [0x43114d93] | WRITE REG: x27 = 0x00000434
PC: [0x80000120] INSTR: [0x34071673] | WRITE REG: x12 = 0x00000098
PC: [0x80000124] INSTR: [0x41ccd393] | WRITE REG: x7  = 0x00000000
PC: [0x80000128] INSTR: [0x4127d513] | WRITE REG: x10 = 0x00000000
PC: [0x8000012c] INSTR: [0x368b7e13] | WRITE REG: x28 = 0x00000000
PC: [0x80000130] INSTR: [0x00567463] | NO_REG_WRITE
PC: [0x80000138] INSTR: [0xc9d5f4b7] | WRITE REG: x9  = 0xc9d5f000
PC: [0x8000013c] INSTR: [0x00000e97] | WRITE REG: x29 = 0x8000013c
PC: [0x80000140] INSTR: [0x00ce8167] | WRITE REG: x2  = 0x80000144
PC: [0x80000148] INSTR: [0x0120d463] | NO_REG_WRITE
PC: [0x8000014c] INSTR: [0x00108b13] | WRITE REG: x22 = 0x000001fc
PC: [0x80000150] INSTR: [0x00776463] | NO_REG_WRITE
PC: [0x80000154] INSTR: [0x00170313] | WRITE REG: x6  = 0x800000d1
PC: [0x80000158] INSTR: [0x213ffc37] | WRITE REG: x24 = 0x213ff000
PC: [0x8000015c] INSTR: [0x005bc5b3] | WRITE REG: x11 = 0x00000004
PC: [0x80000160] INSTR: [0x022917b3] | WRITE REG: x15 = 0xcb5df001
PC: [0x80000164] INSTR: [0x02751bb3] | WRITE REG: x23 = 0x00000000
PC: [0x80000168] INSTR: [0x0182d463] | NO_REG_WRITE
PC: [0x8000016c] INSTR: [0x00128c93] | WRITE REG: x25 = 0x00000001
PC: [0x80000170] INSTR: [0x514c6c97] | WRITE REG: x25 = 0xd14c6170
PC: [0x80000174] INSTR: [0x9ff69d97] | WRITE REG: x27 = 0x1ff69174
PC: [0x80000178] INSTR: [0x00aa1193] | WRITE REG: x3  = 0x00000400
PC: [0x8000017c] INSTR: [0x00c0b433] | WRITE REG: x8  = 0x00000000
PC: [0x80000180] INSTR: [0x0080016f] | WRITE REG: x2  = 0x80000184
PC: [0x80000188] INSTR: [0x414cad17] | WRITE REG: x26 = 0xc14ca188
PC: [0x8000018c] INSTR: [0x00644463] | NO_REG_WRITE
PC: [0x80000190] INSTR: [0x00140393] | WRITE REG: x7  = 0x00000001
PC: [0x80000194] INSTR: [0x00e8c463] | NO_REG_WRITE
PC: [0x80000198] INSTR: [0x00188893] | WRITE REG: x17 = 0x00000001
PC: [0x8000019c] INSTR: [0x008005ef] | WRITE REG: x11 = 0x800001a0
PC: [0x800001a4] INSTR: [0x340b10f3] | WRITE REG: x1  = 0x800000d0
PC: [0x800001a8] INSTR: [0x01af0823] | NO_REG_WRITE
PC: [0x800001ac] INSTR: [0x340bf0f3] | WRITE REG: x1  = 0x000001fc
PC: [0x800001b0] INSTR: [0x00517ab3] | WRITE REG: x21 = 0x00000000
PC: [0x800001b4] INSTR: [0x340d5673] | WRITE REG: x12 = 0x000001e8
PC: [0x800001b8] INSTR: [0x011f1c23] | NO_REG_WRITE
PC: [0x800001bc] INSTR: [0x01364463] | NO_REG_WRITE
PC: [0x800001c0] INSTR: [0x00160493] | WRITE REG: x9  = 0x000001e9
PC: [0x800001c4] INSTR: [0x3403a3f3] | WRITE REG: x7  = 0x0000001a
PC: [0x800001c8] INSTR: [0x3407f173] | WRITE REG: x2  = 0x0000001b
PC: [0x800001cc] INSTR: [0x156b55b7] | WRITE REG: x11 = 0x156b5000
PC: [0x800001d0] INSTR: [0x00c1dbb3] | WRITE REG: x23 = 0x00000004
PC: [0x800001d4] INSTR: [0x34031373] | WRITE REG: x6  = 0x00000010
PC: [0x800001d8] INSTR: [0x0127d463] | NO_REG_WRITE
PC: [0x800001dc] INSTR: [0x00178c93] | WRITE REG: x25 = 0xcb5df002
PC: [0x800001e0] INSTR: [0x01f7f837] | WRITE REG: x16 = 0x01f7f000
PC: [0x800001e4] INSTR: [0xaa0b5137] | WRITE REG: x2  = 0xaa0b5000
PC: [0x800001e8] INSTR: [0x058d6517] | WRITE REG: x10 = 0x858d61e8
PC: [0x800001ec] INSTR: [0x1467e593] | WRITE REG: x11 = 0xcb5df147
PC: [0x800001f0] INSTR: [0x004f4303] | WRITE REG: x6  = 0x00000000
PC: [0x800001f4] INSTR: [0x01e91893] | WRITE REG: x17 = 0x00000000
PC: [0x800001f8] INSTR: [0xa379f537] | WRITE REG: x10 = 0xa379f000
PC: [0x800001fc] INSTR: [0x2ba31497] | WRITE REG: x9  = 0xaba311fc
PC: [0x80000200] INSTR: [0x5ae94793] | WRITE REG: x15 = 0x694424a6
PC: [0x80000204] INSTR: [0x0d9d5817] | WRITE REG: x16 = 0x8d9d5204
PC: [0x80000208] INSTR: [0x34075d73] | WRITE REG: x26 = 0x800000d1
PC: [0x8000020c] INSTR: [0x01cf1283] | WRITE REG: x5  = 0x0000000f
PC: [0x80000210] INSTR: [0x023808b3] | WRITE REG: x17 = 0x75481000
PC: [0x80000214] INSTR: [0x0140d633] | WRITE REG: x12 = 0x000000fe
PC: [0x80000218] INSTR: [0x0080026f] | WRITE REG: x4  = 0x8000021c
PC: [0x80000220] INSTR: [0x00e69b13] | WRITE REG: x22 = 0x00004000
PC: [0x80000224] INSTR: [0x84a77317] | WRITE REG: x6  = 0x04a77224
PC: [0x80000228] INSTR: [0x34069173] | WRITE REG: x2  = 0x0000000e
PC: [0x8000022c] INSTR: [0x4091d693] | WRITE REG: x13 = 0x00000002
PC: [0x80000230] INSTR: [0x708c2717] | WRITE REG: x14 = 0xf08c2230
PC: [0x80000234] INSTR: [0x031e1333] | WRITE REG: x6  = 0x00000000
PC: [0x80000238] INSTR: [0x34056e73] | WRITE REG: x28 = 0x00000001
PC: [0x8000023c] INSTR: [0x34061373] | WRITE REG: x6  = 0x0000000b
PC: [0x80000240] INSTR: [0x03888c33] | WRITE REG: x24 = 0x7f000000
PC: [0x80000244] INSTR: [0x01cf0023] | NO_REG_WRITE
PC: [0x80000248] INSTR: [0xdada2a97] | WRITE REG: x21 = 0x5ada2248
PC: [0x8000024c] INSTR: [0x3409b0f3] | WRITE REG: x1  = 0x000000fe
PC: [0x80000250] INSTR: [0x00b54463] | NO_REG_WRITE
PC: [0x80000258] INSTR: [0x01b95463] | NO_REG_WRITE
PC: [0x80000260] INSTR: [0x840ea517] | WRITE REG: x10 = 0x040ea260
PC: [0x80000264] INSTR: [0x02740ab3] | WRITE REG: x21 = 0x00000000
PC: [0x80000268] INSTR: [0x1acb2917] | WRITE REG: x18 = 0x9acb2268
PC: [0x8000026c] INSTR: [0x026b8333] | WRITE REG: x6  = 0x0000002c
PC: [0x80000270] INSTR: [0x735d3bb7] | WRITE REG: x23 = 0x735d3000
PC: [0x80000274] INSTR: [0x03999c33] | WRITE REG: x24 = 0xffffffff
PC: [0x80000278] INSTR: [0x03621db3] | WRITE REG: x27 = 0xffffe000
PC: [0x8000027c] INSTR: [0x02228533] | WRITE REG: x10 = 0x000000d2
PC: [0x80000280] INSTR: [0x00800cef] | WRITE REG: x25 = 0x80000284
PC: [0x80000288] INSTR: [0x00de5e13] | WRITE REG: x28 = 0x00000000
PC: [0x8000028c] INSTR: [0xb741e517] | WRITE REG: x10 = 0x3741e28c
PC: [0x80000290] INSTR: [0x5267c7b7] | WRITE REG: x15 = 0x5267c000
PC: [0x80000294] INSTR: [0x005d83b3] | WRITE REG: x7  = 0x7fffe00f
 >>> [MISMATCH DETECTED AT THIS STEP]
