--------------------------------------------------------
 Compiling UVM Testbench with Synopsys VCS
--------------------------------------------------------
vcs -full64 -sverilog -ntb_opts uvm -debug_access+all -kdb -timescale=1ns/1ps +lint=TFIPC-L -cm line+cond+fsm+tgl+branch -cm_dir ./coverage.vdb /home/user1/Darshan_Verification/Tanuja/Revital-X-SoC_Core_Verification/rtl/*.sv /home/user1/Darshan_Verification/Tanuja/core_uvm/tb/sv/corerv_if.sv /home/user1/Darshan_Verification/Tanuja/core_uvm/tb/sv/corerv_pkg.sv /home/user1/Darshan_Verification/Tanuja/core_uvm/tb/sv/tb_top.sv ./spike_wrapper.so
Info: [VCS_SAVE_RESTORE_INFO] ASLR (Address Space Layout Randomization) is detected on the machine. To enable $save functionality, ASLR will be switched off and simv re-executed.
Please use '-no_save' simv switch to avoid this.
                         Chronologic VCS (TM)
         Version U-2023.03_Full64 -- Wed Sep 30 14:21:46 2026

                    Copyright (c) 1991 - 2023 Synopsys, Inc.
   This software and the associated documentation are proprietary to Synopsys,
 Inc. This software may only be used in accordance with the terms and conditions
 of a written license agreement with Synopsys, Inc. All other use, reproduction,
   or distribution of this software is strictly prohibited.  Licensed Products
     communicate with Synopsys servers for the purpose of providing software
    updates, detecting software piracy and verifying that customers are using
    Licensed Products in conformity with the applicable License Key for such
  Licensed Products. Synopsys will use information gathered in connection with
    this process to deliver software updates and pursue software pirates and
                                   infringers.

 Inclusivity & Diversity - Visit SolvNetPlus to read the "Synopsys Statement on
            Inclusivity and Diversity" (Refer to article 000036315 at
                        https://solvnetplus.synopsys.com)

Parsing design file '/home/install/synopsys_tools/VCS/vcs/U-2023.03/etc/uvm/uvm_pkg.sv'
Parsing included file '/home/install/synopsys_tools/VCS/vcs/U-2023.03/etc/uvm/uvm_macros.svh'.
Parsing included file '/home/install/synopsys_tools/VCS/vcs/U-2023.03/etc/uvm/macros/uvm_version_defines.svh'.
Back to file '/home/install/synopsys_tools/VCS/vcs/U-2023.03/etc/uvm/uvm_macros.svh'.
Parsing included file '/home/install/synopsys_tools/VCS/vcs/U-2023.03/etc/uvm/macros/snps_macros.svp'.
Back to file '/home/install/synopsys_tools/VCS/vcs/U-2023.03/etc/uvm/uvm_macros.svh'.
Parsing included file '/home/install/synopsys_tools/VCS/vcs/U-2023.03/etc/uvm/macros/uvm_message_defines.svh'.
Back to file '/home/install/synopsys_tools/VCS/vcs/U-2023.03/etc/uvm/uvm_macros.svh'.
Parsing included file '/home/install/synopsys_tools/VCS/vcs/U-2023.03/etc/uvm/macros/uvm_phase_defines.svh'.
Back to file '/home/install/synopsys_tools/VCS/vcs/U-2023.03/etc/uvm/uvm_macros.svh'.
Parsing included file '/home/install/synopsys_tools/VCS/vcs/U-2023.03/etc/uvm/macros/uvm_object_defines.svh'.
Back to file '/home/install/synopsys_tools/VCS/vcs/U-2023.03/etc/uvm/uvm_macros.svh'.
Parsing included file '/home/install/synopsys_tools/VCS/vcs/U-2023.03/etc/uvm/macros/uvm_printer_defines.svh'.
Back to file '/home/install/synopsys_tools/VCS/vcs/U-2023.03/etc/uvm/uvm_macros.svh'.
Parsing included file '/home/install/synopsys_tools/VCS/vcs/U-2023.03/etc/uvm/macros/uvm_tlm_defines.svh'.
Parsing included file '/home/install/synopsys_tools/VCS/vcs/U-2023.03/etc/uvm/tlm1/uvm_tlm_imps.svh'.
Back to file '/home/install/synopsys_tools/VCS/vcs/U-2023.03/etc/uvm/macros/uvm_tlm_defines.svh'.
Back to file '/home/install/synopsys_tools/VCS/vcs/U-2023.03/etc/uvm/uvm_macros.svh'.
Parsing included file '/home/install/synopsys_tools/VCS/vcs/U-2023.03/etc/uvm/macros/uvm_sequence_defines.svh'.
Back to file '/home/install/synopsys_tools/VCS/vcs/U-2023.03/etc/uvm/uvm_macros.svh'.
Parsing included file '/home/install/synopsys_tools/VCS/vcs/U-2023.03/etc/uvm/macros/uvm_callback_defines.svh'.
Back to file '/home/install/synopsys_tools/VCS/vcs/U-2023.03/etc/uvm/uvm_macros.svh'.
Parsing included file '/home/install/synopsys_tools/VCS/vcs/U-2023.03/etc/uvm/macros/uvm_reg_defines.svh'.
Back to file '/home/install/synopsys_tools/VCS/vcs/U-2023.03/etc/uvm/uvm_macros.svh'.
Parsing included file '/home/install/synopsys_tools/VCS/vcs/U-2023.03/etc/uvm/macros/uvm_deprecated_defines.svh'.
Back to file '/home/install/synopsys_tools/VCS/vcs/U-2023.03/etc/uvm/uvm_macros.svh'.
Back to file '/home/install/synopsys_tools/VCS/vcs/U-2023.03/etc/uvm/uvm_pkg.sv'.
Parsing included file '/home/install/synopsys_tools/VCS/vcs/U-2023.03/etc/uvm/directc/uvm_directc.svh'.
Parsing included file '/home/install/synopsys_tools/VCS/vcs/U-2023.03/etc/uvm/directc/uvm_seed.vh'.
Back to file '/home/install/synopsys_tools/VCS/vcs/U-2023.03/etc/uvm/directc/uvm_directc.svh'.
Back to file '/home/install/synopsys_tools/VCS/vcs/U-2023.03/etc/uvm/uvm_pkg.sv'.
Parsing included file '/home/install/synopsys_tools/VCS/vcs/U-2023.03/etc/uvm/dpi/uvm_dpi.svh'.
Parsing included file '/home/install/synopsys_tools/VCS/vcs/U-2023.03/etc/uvm/dpi/uvm_hdl.svh'.
Back to file '/home/install/synopsys_tools/VCS/vcs/U-2023.03/etc/uvm/dpi/uvm_dpi.svh'.
Parsing included file '/home/install/synopsys_tools/VCS/vcs/U-2023.03/etc/uvm/dpi/uvm_svcmd_dpi.svh'.
Back to file '/home/install/synopsys_tools/VCS/vcs/U-2023.03/etc/uvm/dpi/uvm_dpi.svh'.
Parsing included file '/home/install/synopsys_tools/VCS/vcs/U-2023.03/etc/uvm/dpi/uvm_regex.svh'.
Back to file '/home/install/synopsys_tools/VCS/vcs/U-2023.03/etc/uvm/dpi/uvm_dpi.svh'.
Back to file '/home/install/synopsys_tools/VCS/vcs/U-2023.03/etc/uvm/uvm_pkg.sv'.
Parsing included file '/home/install/synopsys_tools/VCS/vcs/U-2023.03/etc/uvm/base/uvm_base.svh'.
Parsing included file '/home/install/synopsys_tools/VCS/vcs/U-2023.03/etc/uvm/base/uvm_version.svh'.
Back to file '/home/install/synopsys_tools/VCS/vcs/U-2023.03/etc/uvm/base/uvm_base.svh'.
Parsing included file '/home/install/synopsys_tools/VCS/vcs/U-2023.03/etc/uvm/base/uvm_object_globals.svh'.
Back to file '/home/install/synopsys_tools/VCS/vcs/U-2023.03/etc/uvm/base/uvm_base.svh'.
Parsing included file '/home/install/synopsys_tools/VCS/vcs/U-2023.03/etc/uvm/base/uvm_misc.svh'.
Back to file '/home/install/synopsys_tools/VCS/vcs/U-2023.03/etc/uvm/base/uvm_base.svh'.
Parsing included file '/home/install/synopsys_tools/VCS/vcs/U-2023.03/etc/uvm/base/uvm_object.svh'.
Back to file '/home/install/synopsys_tools/VCS/vcs/U-2023.03/etc/uvm/base/uvm_base.svh'.
Parsing included file '/home/install/synopsys_tools/VCS/vcs/U-2023.03/etc/uvm/base/uvm_pool.svh'.
Back to file '/home/install/synopsys_tools/VCS/vcs/U-2023.03/etc/uvm/base/uvm_base.svh'.
Parsing included file '/home/install/synopsys_tools/VCS/vcs/U-2023.03/etc/uvm/base/uvm_queue.svh'.
Back to file '/home/install/synopsys_tools/VCS/vcs/U-2023.03/etc/uvm/base/uvm_base.svh'.
Parsing included file '/home/install/synopsys_tools/VCS/vcs/U-2023.03/etc/uvm/base/uvm_factory.svh'.
Back to file '/home/install/synopsys_tools/VCS/vcs/U-2023.03/etc/uvm/base/uvm_base.svh'.
Parsing included file '/home/install/synopsys_tools/VCS/vcs/U-2023.03/etc/uvm/base/uvm_registry.svh'.
Back to file '/home/install/synopsys_tools/VCS/vcs/U-2023.03/etc/uvm/base/uvm_base.svh'.
Parsing included file '/home/install/synopsys_tools/VCS/vcs/U-2023.03/etc/uvm/base/uvm_spell_chkr.svh'.
Back to file '/home/install/synopsys_tools/VCS/vcs/U-2023.03/etc/uvm/base/uvm_base.svh'.
Parsing included file '/home/install/synopsys_tools/VCS/vcs/U-2023.03/etc/uvm/base/uvm_resource.svh'.
Back to file '/home/install/synopsys_tools/VCS/vcs/U-2023.03/etc/uvm/base/uvm_base.svh'.
Parsing included file '/home/install/synopsys_tools/VCS/vcs/U-2023.03/etc/uvm/deprecated/uvm_resource_converter.svh'.
Back to file '/home/install/synopsys_tools/VCS/vcs/U-2023.03/etc/uvm/base/uvm_base.svh'.
Parsing included file '/home/install/synopsys_tools/VCS/vcs/U-2023.03/etc/uvm/base/uvm_resource_specializations.svh'.
Back to file '/home/install/synopsys_tools/VCS/vcs/U-2023.03/etc/uvm/base/uvm_base.svh'.
Parsing included file '/home/install/synopsys_tools/VCS/vcs/U-2023.03/etc/uvm/base/uvm_resource_db.svh'.
Back to file '/home/install/synopsys_tools/VCS/vcs/U-2023.03/etc/uvm/base/uvm_base.svh'.
Parsing included file '/home/install/synopsys_tools/VCS/vcs/U-2023.03/etc/uvm/base/uvm_config_db.svh'.
Back to file '/home/install/synopsys_tools/VCS/vcs/U-2023.03/etc/uvm/base/uvm_base.svh'.
Parsing included file '/home/install/synopsys_tools/VCS/vcs/U-2023.03/etc/uvm/base/uvm_printer.svh'.
Back to file '/home/install/synopsys_tools/VCS/vcs/U-2023.03/etc/uvm/base/uvm_base.svh'.
Parsing included file '/home/install/synopsys_tools/VCS/vcs/U-2023.03/etc/uvm/base/uvm_comparer.svh'.
Back to file '/home/install/synopsys_tools/VCS/vcs/U-2023.03/etc/uvm/base/uvm_base.svh'.
Parsing included file '/home/install/synopsys_tools/VCS/vcs/U-2023.03/etc/uvm/base/uvm_packer.svh'.
Back to file '/home/install/synopsys_tools/VCS/vcs/U-2023.03/etc/uvm/base/uvm_base.svh'.
Parsing included file '/home/install/synopsys_tools/VCS/vcs/U-2023.03/etc/uvm/base/uvm_recorder.svh'.
Back to file '/home/install/synopsys_tools/VCS/vcs/U-2023.03/etc/uvm/base/uvm_base.svh'.
Parsing included file '/home/install/synopsys_tools/VCS/vcs/U-2023.03/etc/uvm/base/uvm_event_callback.svh'.
Back to file '/home/install/synopsys_tools/VCS/vcs/U-2023.03/etc/uvm/base/uvm_base.svh'.
Parsing included file '/home/install/synopsys_tools/VCS/vcs/U-2023.03/etc/uvm/base/uvm_event.svh'.
Back to file '/home/install/synopsys_tools/VCS/vcs/U-2023.03/etc/uvm/base/uvm_base.svh'.
Parsing included file '/home/install/synopsys_tools/VCS/vcs/U-2023.03/etc/uvm/base/uvm_barrier.svh'.
Back to file '/home/install/synopsys_tools/VCS/vcs/U-2023.03/etc/uvm/base/uvm_base.svh'.
Parsing included file '/home/install/synopsys_tools/VCS/vcs/U-2023.03/etc/uvm/base/uvm_callback.svh'.
Parsing included file '/home/install/synopsys_tools/VCS/vcs/U-2023.03/etc/uvm/uvm_macros.svh'.
Back to file '/home/install/synopsys_tools/VCS/vcs/U-2023.03/etc/uvm/base/uvm_callback.svh'.
Back to file '/home/install/synopsys_tools/VCS/vcs/U-2023.03/etc/uvm/base/uvm_base.svh'.
Parsing included file '/home/install/synopsys_tools/VCS/vcs/U-2023.03/etc/uvm/base/uvm_report_catcher.svh'.
Back to file '/home/install/synopsys_tools/VCS/vcs/U-2023.03/etc/uvm/base/uvm_base.svh'.
Parsing included file '/home/install/synopsys_tools/VCS/vcs/U-2023.03/etc/uvm/base/uvm_report_server.svh'.
Back to file '/home/install/synopsys_tools/VCS/vcs/U-2023.03/etc/uvm/base/uvm_base.svh'.
Parsing included file '/home/install/synopsys_tools/VCS/vcs/U-2023.03/etc/uvm/base/uvm_report_handler.svh'.
Back to file '/home/install/synopsys_tools/VCS/vcs/U-2023.03/etc/uvm/base/uvm_base.svh'.
Parsing included file '/home/install/synopsys_tools/VCS/vcs/U-2023.03/etc/uvm/base/uvm_report_object.svh'.
Back to file '/home/install/synopsys_tools/VCS/vcs/U-2023.03/etc/uvm/base/uvm_base.svh'.
Parsing included file '/home/install/synopsys_tools/VCS/vcs/U-2023.03/etc/uvm/base/uvm_transaction.svh'.
Back to file '/home/install/synopsys_tools/VCS/vcs/U-2023.03/etc/uvm/base/uvm_base.svh'.
Parsing included file '/home/install/synopsys_tools/VCS/vcs/U-2023.03/etc/uvm/base/uvm_phase.svh'.
Back to file '/home/install/synopsys_tools/VCS/vcs/U-2023.03/etc/uvm/base/uvm_base.svh'.
Parsing included file '/home/install/synopsys_tools/VCS/vcs/U-2023.03/etc/uvm/base/uvm_domain.svh'.
Back to file '/home/install/synopsys_tools/VCS/vcs/U-2023.03/etc/uvm/base/uvm_base.svh'.
Parsing included file '/home/install/synopsys_tools/VCS/vcs/U-2023.03/etc/uvm/base/uvm_bottomup_phase.svh'.
Back to file '/home/install/synopsys_tools/VCS/vcs/U-2023.03/etc/uvm/base/uvm_base.svh'.
Parsing included file '/home/install/synopsys_tools/VCS/vcs/U-2023.03/etc/uvm/base/uvm_topdown_phase.svh'.
Back to file '/home/install/synopsys_tools/VCS/vcs/U-2023.03/etc/uvm/base/uvm_base.svh'.
Parsing included file '/home/install/synopsys_tools/VCS/vcs/U-2023.03/etc/uvm/base/uvm_task_phase.svh'.
Back to file '/home/install/synopsys_tools/VCS/vcs/U-2023.03/etc/uvm/base/uvm_base.svh'.
Parsing included file '/home/install/synopsys_tools/VCS/vcs/U-2023.03/etc/uvm/base/uvm_common_phases.svh'.
Back to file '/home/install/synopsys_tools/VCS/vcs/U-2023.03/etc/uvm/base/uvm_base.svh'.
Parsing included file '/home/install/synopsys_tools/VCS/vcs/U-2023.03/etc/uvm/base/uvm_runtime_phases.svh'.
Back to file '/home/install/synopsys_tools/VCS/vcs/U-2023.03/etc/uvm/base/uvm_base.svh'.
Parsing included file '/home/install/synopsys_tools/VCS/vcs/U-2023.03/etc/uvm/base/uvm_component.svh'.
Parsing included file '/home/install/synopsys_tools/VCS/vcs/U-2023.03/etc/uvm/base/uvm_root.svh'.
Back to file '/home/install/synopsys_tools/VCS/vcs/U-2023.03/etc/uvm/base/uvm_component.svh'.
Back to file '/home/install/synopsys_tools/VCS/vcs/U-2023.03/etc/uvm/base/uvm_base.svh'.
Parsing included file '/home/install/synopsys_tools/VCS/vcs/U-2023.03/etc/uvm/base/uvm_objection.svh'.
Back to file '/home/install/synopsys_tools/VCS/vcs/U-2023.03/etc/uvm/base/uvm_base.svh'.
Parsing included file '/home/install/synopsys_tools/VCS/vcs/U-2023.03/etc/uvm/base/uvm_heartbeat.svh'.
Back to file '/home/install/synopsys_tools/VCS/vcs/U-2023.03/etc/uvm/base/uvm_base.svh'.
Parsing included file '/home/install/synopsys_tools/VCS/vcs/U-2023.03/etc/uvm/base/uvm_globals.svh'.
Back to file '/home/install/synopsys_tools/VCS/vcs/U-2023.03/etc/uvm/base/uvm_base.svh'.
Parsing included file '/home/install/synopsys_tools/VCS/vcs/U-2023.03/etc/uvm/base/uvm_cmdline_processor.svh'.
Back to file '/home/install/synopsys_tools/VCS/vcs/U-2023.03/etc/uvm/base/uvm_base.svh'.
Back to file '/home/install/synopsys_tools/VCS/vcs/U-2023.03/etc/uvm/uvm_pkg.sv'.
Parsing included file '/home/install/synopsys_tools/VCS/vcs/U-2023.03/etc/uvm/tlm1/uvm_tlm.svh'.
Parsing included file '/home/install/synopsys_tools/VCS/vcs/U-2023.03/etc/uvm/tlm1/uvm_tlm_ifs.svh'.
Back to file '/home/install/synopsys_tools/VCS/vcs/U-2023.03/etc/uvm/tlm1/uvm_tlm.svh'.
Parsing included file '/home/install/synopsys_tools/VCS/vcs/U-2023.03/etc/uvm/tlm1/uvm_sqr_ifs.svh'.
Back to file '/home/install/synopsys_tools/VCS/vcs/U-2023.03/etc/uvm/tlm1/uvm_tlm.svh'.
Parsing included file '/home/install/synopsys_tools/VCS/vcs/U-2023.03/etc/uvm/base/uvm_port_base.svh'.
Back to file '/home/install/synopsys_tools/VCS/vcs/U-2023.03/etc/uvm/tlm1/uvm_tlm.svh'.
Parsing included file '/home/install/synopsys_tools/VCS/vcs/U-2023.03/etc/uvm/tlm1/uvm_tlm_imps.svh'.
Back to file '/home/install/synopsys_tools/VCS/vcs/U-2023.03/etc/uvm/tlm1/uvm_tlm.svh'.
Parsing included file '/home/install/synopsys_tools/VCS/vcs/U-2023.03/etc/uvm/tlm1/uvm_imps.svh'.
Back to file '/home/install/synopsys_tools/VCS/vcs/U-2023.03/etc/uvm/tlm1/uvm_tlm.svh'.
Parsing included file '/home/install/synopsys_tools/VCS/vcs/U-2023.03/etc/uvm/tlm1/uvm_ports.svh'.
Back to file '/home/install/synopsys_tools/VCS/vcs/U-2023.03/etc/uvm/tlm1/uvm_tlm.svh'.
Parsing included file '/home/install/synopsys_tools/VCS/vcs/U-2023.03/etc/uvm/tlm1/uvm_exports.svh'.
Back to file '/home/install/synopsys_tools/VCS/vcs/U-2023.03/etc/uvm/tlm1/uvm_tlm.svh'.
Parsing included file '/home/install/synopsys_tools/VCS/vcs/U-2023.03/etc/uvm/tlm1/uvm_analysis_port.svh'.
Back to file '/home/install/synopsys_tools/VCS/vcs/U-2023.03/etc/uvm/tlm1/uvm_tlm.svh'.
Parsing included file '/home/install/synopsys_tools/VCS/vcs/U-2023.03/etc/uvm/tlm1/uvm_tlm_fifo_base.svh'.
Back to file '/home/install/synopsys_tools/VCS/vcs/U-2023.03/etc/uvm/tlm1/uvm_tlm.svh'.
Parsing included file '/home/install/synopsys_tools/VCS/vcs/U-2023.03/etc/uvm/tlm1/uvm_tlm_fifos.svh'.
Back to file '/home/install/synopsys_tools/VCS/vcs/U-2023.03/etc/uvm/tlm1/uvm_tlm.svh'.
Parsing included file '/home/install/synopsys_tools/VCS/vcs/U-2023.03/etc/uvm/tlm1/uvm_tlm_req_rsp.svh'.
Back to file '/home/install/synopsys_tools/VCS/vcs/U-2023.03/etc/uvm/tlm1/uvm_tlm.svh'.
Parsing included file '/home/install/synopsys_tools/VCS/vcs/U-2023.03/etc/uvm/tlm1/uvm_sqr_connections.svh'.
Back to file '/home/install/synopsys_tools/VCS/vcs/U-2023.03/etc/uvm/tlm1/uvm_tlm.svh'.
Back to file '/home/install/synopsys_tools/VCS/vcs/U-2023.03/etc/uvm/uvm_pkg.sv'.
Parsing included file '/home/install/synopsys_tools/VCS/vcs/U-2023.03/etc/uvm/comps/uvm_comps.svh'.
Parsing included file '/home/install/synopsys_tools/VCS/vcs/U-2023.03/etc/uvm/comps/uvm_pair.svh'.
Back to file '/home/install/synopsys_tools/VCS/vcs/U-2023.03/etc/uvm/comps/uvm_comps.svh'.
Parsing included file '/home/install/synopsys_tools/VCS/vcs/U-2023.03/etc/uvm/comps/uvm_policies.svh'.
Back to file '/home/install/synopsys_tools/VCS/vcs/U-2023.03/etc/uvm/comps/uvm_comps.svh'.
Parsing included file '/home/install/synopsys_tools/VCS/vcs/U-2023.03/etc/uvm/comps/uvm_in_order_comparator.svh'.
Back to file '/home/install/synopsys_tools/VCS/vcs/U-2023.03/etc/uvm/comps/uvm_comps.svh'.
Parsing included file '/home/install/synopsys_tools/VCS/vcs/U-2023.03/etc/uvm/comps/uvm_algorithmic_comparator.svh'.
Back to file '/home/install/synopsys_tools/VCS/vcs/U-2023.03/etc/uvm/comps/uvm_comps.svh'.
Parsing included file '/home/install/synopsys_tools/VCS/vcs/U-2023.03/etc/uvm/comps/uvm_random_stimulus.svh'.
Back to file '/home/install/synopsys_tools/VCS/vcs/U-2023.03/etc/uvm/comps/uvm_comps.svh'.
Parsing included file '/home/install/synopsys_tools/VCS/vcs/U-2023.03/etc/uvm/comps/uvm_subscriber.svh'.
Back to file '/home/install/synopsys_tools/VCS/vcs/U-2023.03/etc/uvm/comps/uvm_comps.svh'.
Parsing included file '/home/install/synopsys_tools/VCS/vcs/U-2023.03/etc/uvm/comps/uvm_monitor.svh'.
Back to file '/home/install/synopsys_tools/VCS/vcs/U-2023.03/etc/uvm/comps/uvm_comps.svh'.
Parsing included file '/home/install/synopsys_tools/VCS/vcs/U-2023.03/etc/uvm/comps/uvm_driver.svh'.
Back to file '/home/install/synopsys_tools/VCS/vcs/U-2023.03/etc/uvm/comps/uvm_comps.svh'.
Parsing included file '/home/install/synopsys_tools/VCS/vcs/U-2023.03/etc/uvm/comps/uvm_push_driver.svh'.
Back to file '/home/install/synopsys_tools/VCS/vcs/U-2023.03/etc/uvm/comps/uvm_comps.svh'.
Parsing included file '/home/install/synopsys_tools/VCS/vcs/U-2023.03/etc/uvm/comps/uvm_scoreboard.svh'.
Back to file '/home/install/synopsys_tools/VCS/vcs/U-2023.03/etc/uvm/comps/uvm_comps.svh'.
Parsing included file '/home/install/synopsys_tools/VCS/vcs/U-2023.03/etc/uvm/comps/uvm_agent.svh'.
Back to file '/home/install/synopsys_tools/VCS/vcs/U-2023.03/etc/uvm/comps/uvm_comps.svh'.
Parsing included file '/home/install/synopsys_tools/VCS/vcs/U-2023.03/etc/uvm/comps/uvm_env.svh'.
Back to file '/home/install/synopsys_tools/VCS/vcs/U-2023.03/etc/uvm/comps/uvm_comps.svh'.
Parsing included file '/home/install/synopsys_tools/VCS/vcs/U-2023.03/etc/uvm/comps/uvm_test.svh'.
Back to file '/home/install/synopsys_tools/VCS/vcs/U-2023.03/etc/uvm/comps/uvm_comps.svh'.
Back to file '/home/install/synopsys_tools/VCS/vcs/U-2023.03/etc/uvm/uvm_pkg.sv'.
Parsing included file '/home/install/synopsys_tools/VCS/vcs/U-2023.03/etc/uvm/seq/uvm_seq.svh'.
Parsing included file '/home/install/synopsys_tools/VCS/vcs/U-2023.03/etc/uvm/seq/uvm_sequence_item.svh'.
Back to file '/home/install/synopsys_tools/VCS/vcs/U-2023.03/etc/uvm/seq/uvm_seq.svh'.
Parsing included file '/home/install/synopsys_tools/VCS/vcs/U-2023.03/etc/uvm/seq/uvm_sequencer_base.svh'.
Back to file '/home/install/synopsys_tools/VCS/vcs/U-2023.03/etc/uvm/seq/uvm_seq.svh'.
Parsing included file '/home/install/synopsys_tools/VCS/vcs/U-2023.03/etc/uvm/seq/uvm_sequencer_analysis_fifo.svh'.
Back to file '/home/install/synopsys_tools/VCS/vcs/U-2023.03/etc/uvm/seq/uvm_seq.svh'.
Parsing included file '/home/install/synopsys_tools/VCS/vcs/U-2023.03/etc/uvm/seq/uvm_sequencer_param_base.svh'.
Back to file '/home/install/synopsys_tools/VCS/vcs/U-2023.03/etc/uvm/seq/uvm_seq.svh'.
Parsing included file '/home/install/synopsys_tools/VCS/vcs/U-2023.03/etc/uvm/seq/uvm_sequencer.svh'.
Back to file '/home/install/synopsys_tools/VCS/vcs/U-2023.03/etc/uvm/seq/uvm_seq.svh'.
Parsing included file '/home/install/synopsys_tools/VCS/vcs/U-2023.03/etc/uvm/seq/uvm_push_sequencer.svh'.
Back to file '/home/install/synopsys_tools/VCS/vcs/U-2023.03/etc/uvm/seq/uvm_seq.svh'.
Parsing included file '/home/install/synopsys_tools/VCS/vcs/U-2023.03/etc/uvm/seq/uvm_sequence_base.svh'.
Back to file '/home/install/synopsys_tools/VCS/vcs/U-2023.03/etc/uvm/seq/uvm_seq.svh'.
Parsing included file '/home/install/synopsys_tools/VCS/vcs/U-2023.03/etc/uvm/seq/uvm_sequence.svh'.
Back to file '/home/install/synopsys_tools/VCS/vcs/U-2023.03/etc/uvm/seq/uvm_seq.svh'.
Parsing included file '/home/install/synopsys_tools/VCS/vcs/U-2023.03/etc/uvm/seq/uvm_sequence_library.svh'.
Back to file '/home/install/synopsys_tools/VCS/vcs/U-2023.03/etc/uvm/seq/uvm_seq.svh'.
Parsing included file '/home/install/synopsys_tools/VCS/vcs/U-2023.03/etc/uvm/seq/uvm_sequence_builtin.svh'.
Back to file '/home/install/synopsys_tools/VCS/vcs/U-2023.03/etc/uvm/seq/uvm_seq.svh'.
Back to file '/home/install/synopsys_tools/VCS/vcs/U-2023.03/etc/uvm/uvm_pkg.sv'.
Parsing included file '/home/install/synopsys_tools/VCS/vcs/U-2023.03/etc/uvm/tlm2/uvm_tlm2.svh'.
Parsing included file '/home/install/synopsys_tools/VCS/vcs/U-2023.03/etc/uvm/tlm2/uvm_tlm2_defines.svh'.
Back to file '/home/install/synopsys_tools/VCS/vcs/U-2023.03/etc/uvm/tlm2/uvm_tlm2.svh'.
Parsing included file '/home/install/synopsys_tools/VCS/vcs/U-2023.03/etc/uvm/tlm2/uvm_tlm2_time.svh'.
Back to file '/home/install/synopsys_tools/VCS/vcs/U-2023.03/etc/uvm/tlm2/uvm_tlm2.svh'.
Parsing included file '/home/install/synopsys_tools/VCS/vcs/U-2023.03/etc/uvm/tlm2/uvm_tlm2_generic_payload.svh'.
Back to file '/home/install/synopsys_tools/VCS/vcs/U-2023.03/etc/uvm/tlm2/uvm_tlm2.svh'.
Parsing included file '/home/install/synopsys_tools/VCS/vcs/U-2023.03/etc/uvm/tlm2/uvm_tlm2_ifs.svh'.
Back to file '/home/install/synopsys_tools/VCS/vcs/U-2023.03/etc/uvm/tlm2/uvm_tlm2.svh'.
Parsing included file '/home/install/synopsys_tools/VCS/vcs/U-2023.03/etc/uvm/tlm2/uvm_tlm2_imps.svh'.
Back to file '/home/install/synopsys_tools/VCS/vcs/U-2023.03/etc/uvm/tlm2/uvm_tlm2.svh'.
Parsing included file '/home/install/synopsys_tools/VCS/vcs/U-2023.03/etc/uvm/tlm2/uvm_tlm2_ports.svh'.
Back to file '/home/install/synopsys_tools/VCS/vcs/U-2023.03/etc/uvm/tlm2/uvm_tlm2.svh'.
Parsing included file '/home/install/synopsys_tools/VCS/vcs/U-2023.03/etc/uvm/tlm2/uvm_tlm2_exports.svh'.
Back to file '/home/install/synopsys_tools/VCS/vcs/U-2023.03/etc/uvm/tlm2/uvm_tlm2.svh'.
Parsing included file '/home/install/synopsys_tools/VCS/vcs/U-2023.03/etc/uvm/tlm2/uvm_tlm2_sockets_base.svh'.
Back to file '/home/install/synopsys_tools/VCS/vcs/U-2023.03/etc/uvm/tlm2/uvm_tlm2.svh'.
Parsing included file '/home/install/synopsys_tools/VCS/vcs/U-2023.03/etc/uvm/tlm2/uvm_tlm2_sockets.svh'.
Back to file '/home/install/synopsys_tools/VCS/vcs/U-2023.03/etc/uvm/tlm2/uvm_tlm2.svh'.
Back to file '/home/install/synopsys_tools/VCS/vcs/U-2023.03/etc/uvm/uvm_pkg.sv'.
Parsing included file '/home/install/synopsys_tools/VCS/vcs/U-2023.03/etc/uvm/reg/uvm_reg_model.svh'.
Parsing included file '/home/install/synopsys_tools/VCS/vcs/U-2023.03/etc/uvm/reg/uvm_reg_item.svh'.
Back to file '/home/install/synopsys_tools/VCS/vcs/U-2023.03/etc/uvm/reg/uvm_reg_model.svh'.
Parsing included file '/home/install/synopsys_tools/VCS/vcs/U-2023.03/etc/uvm/reg/uvm_reg_adapter.svh'.
Back to file '/home/install/synopsys_tools/VCS/vcs/U-2023.03/etc/uvm/reg/uvm_reg_model.svh'.
Parsing included file '/home/install/synopsys_tools/VCS/vcs/U-2023.03/etc/uvm/reg/uvm_reg_predictor.svh'.
Back to file '/home/install/synopsys_tools/VCS/vcs/U-2023.03/etc/uvm/reg/uvm_reg_model.svh'.
Parsing included file '/home/install/synopsys_tools/VCS/vcs/U-2023.03/etc/uvm/reg/uvm_reg_sequence.svh'.
Back to file '/home/install/synopsys_tools/VCS/vcs/U-2023.03/etc/uvm/reg/uvm_reg_model.svh'.
Parsing included file '/home/install/synopsys_tools/VCS/vcs/U-2023.03/etc/uvm/reg/uvm_reg_cbs.svh'.
Back to file '/home/install/synopsys_tools/VCS/vcs/U-2023.03/etc/uvm/reg/uvm_reg_model.svh'.
Parsing included file '/home/install/synopsys_tools/VCS/vcs/U-2023.03/etc/uvm/reg/uvm_reg_backdoor.svh'.
Back to file '/home/install/synopsys_tools/VCS/vcs/U-2023.03/etc/uvm/reg/uvm_reg_model.svh'.
Parsing included file '/home/install/synopsys_tools/VCS/vcs/U-2023.03/etc/uvm/reg/uvm_reg_field.svh'.
Back to file '/home/install/synopsys_tools/VCS/vcs/U-2023.03/etc/uvm/reg/uvm_reg_model.svh'.
Parsing included file '/home/install/synopsys_tools/VCS/vcs/U-2023.03/etc/uvm/reg/uvm_vreg_field.svh'.
Back to file '/home/install/synopsys_tools/VCS/vcs/U-2023.03/etc/uvm/reg/uvm_reg_model.svh'.
Parsing included file '/home/install/synopsys_tools/VCS/vcs/U-2023.03/etc/uvm/reg/uvm_reg.svh'.
Back to file '/home/install/synopsys_tools/VCS/vcs/U-2023.03/etc/uvm/reg/uvm_reg_model.svh'.
Parsing included file '/home/install/synopsys_tools/VCS/vcs/U-2023.03/etc/uvm/reg/uvm_reg_indirect.svh'.
Back to file '/home/install/synopsys_tools/VCS/vcs/U-2023.03/etc/uvm/reg/uvm_reg_model.svh'.
Parsing included file '/home/install/synopsys_tools/VCS/vcs/U-2023.03/etc/uvm/reg/uvm_reg_fifo.svh'.
Back to file '/home/install/synopsys_tools/VCS/vcs/U-2023.03/etc/uvm/reg/uvm_reg_model.svh'.
Parsing included file '/home/install/synopsys_tools/VCS/vcs/U-2023.03/etc/uvm/reg/uvm_reg_file.svh'.
Back to file '/home/install/synopsys_tools/VCS/vcs/U-2023.03/etc/uvm/reg/uvm_reg_model.svh'.
Parsing included file '/home/install/synopsys_tools/VCS/vcs/U-2023.03/etc/uvm/reg/uvm_mem_mam.svh'.
Back to file '/home/install/synopsys_tools/VCS/vcs/U-2023.03/etc/uvm/reg/uvm_reg_model.svh'.
Parsing included file '/home/install/synopsys_tools/VCS/vcs/U-2023.03/etc/uvm/reg/uvm_vreg.svh'.
Back to file '/home/install/synopsys_tools/VCS/vcs/U-2023.03/etc/uvm/reg/uvm_reg_model.svh'.
Parsing included file '/home/install/synopsys_tools/VCS/vcs/U-2023.03/etc/uvm/reg/uvm_mem.svh'.
Back to file '/home/install/synopsys_tools/VCS/vcs/U-2023.03/etc/uvm/reg/uvm_reg_model.svh'.
Parsing included file '/home/install/synopsys_tools/VCS/vcs/U-2023.03/etc/uvm/reg/uvm_reg_map.svh'.
Back to file '/home/install/synopsys_tools/VCS/vcs/U-2023.03/etc/uvm/reg/uvm_reg_model.svh'.
Parsing included file '/home/install/synopsys_tools/VCS/vcs/U-2023.03/etc/uvm/reg/uvm_reg_block.svh'.
Back to file '/home/install/synopsys_tools/VCS/vcs/U-2023.03/etc/uvm/reg/uvm_reg_model.svh'.
Parsing included file '/home/install/synopsys_tools/VCS/vcs/U-2023.03/etc/uvm/reg/sequences/uvm_reg_hw_reset_seq.svh'.
Back to file '/home/install/synopsys_tools/VCS/vcs/U-2023.03/etc/uvm/reg/uvm_reg_model.svh'.
Parsing included file '/home/install/synopsys_tools/VCS/vcs/U-2023.03/etc/uvm/reg/sequences/uvm_reg_bit_bash_seq.svh'.
Back to file '/home/install/synopsys_tools/VCS/vcs/U-2023.03/etc/uvm/reg/uvm_reg_model.svh'.
Parsing included file '/home/install/synopsys_tools/VCS/vcs/U-2023.03/etc/uvm/reg/sequences/uvm_mem_walk_seq.svh'.
Back to file '/home/install/synopsys_tools/VCS/vcs/U-2023.03/etc/uvm/reg/uvm_reg_model.svh'.
Parsing included file '/home/install/synopsys_tools/VCS/vcs/U-2023.03/etc/uvm/reg/sequences/uvm_mem_access_seq.svh'.
Back to file '/home/install/synopsys_tools/VCS/vcs/U-2023.03/etc/uvm/reg/uvm_reg_model.svh'.
Parsing included file '/home/install/synopsys_tools/VCS/vcs/U-2023.03/etc/uvm/reg/sequences/uvm_reg_access_seq.svh'.
Back to file '/home/install/synopsys_tools/VCS/vcs/U-2023.03/etc/uvm/reg/uvm_reg_model.svh'.
Parsing included file '/home/install/synopsys_tools/VCS/vcs/U-2023.03/etc/uvm/reg/sequences/uvm_reg_mem_shared_access_seq.svh'.
Back to file '/home/install/synopsys_tools/VCS/vcs/U-2023.03/etc/uvm/reg/uvm_reg_model.svh'.
Parsing included file '/home/install/synopsys_tools/VCS/vcs/U-2023.03/etc/uvm/reg/sequences/uvm_reg_mem_built_in_seq.svh'.
Back to file '/home/install/synopsys_tools/VCS/vcs/U-2023.03/etc/uvm/reg/uvm_reg_model.svh'.
Parsing included file '/home/install/synopsys_tools/VCS/vcs/U-2023.03/etc/uvm/reg/sequences/uvm_reg_mem_hdl_paths_seq.svh'.
Back to file '/home/install/synopsys_tools/VCS/vcs/U-2023.03/etc/uvm/reg/uvm_reg_model.svh'.
Parsing included file '/home/install/synopsys_tools/VCS/vcs/U-2023.03/etc/uvm/reg/snps_uvm_reg_bank.svh'.
Back to file '/home/install/synopsys_tools/VCS/vcs/U-2023.03/etc/uvm/reg/uvm_reg_model.svh'.
Back to file '/home/install/synopsys_tools/VCS/vcs/U-2023.03/etc/uvm/uvm_pkg.sv'.
Parsing included file '/home/install/synopsys_tools/VCS/vcs/U-2023.03/etc/uvm/vcs/vcs_uvm_alt.sv'.
Back to file '/home/install/synopsys_tools/VCS/vcs/U-2023.03/etc/uvm/uvm_pkg.sv'.
Parsing design file '/home/install/synopsys_tools/VCS/vcs/U-2023.03/etc/uvm/vcs/uvm_custom_install_vcs_recorder.sv'
Parsing included file '/home/install/synopsys_tools/VCS/vcs/U-2023.03/etc/uvm/vcs/msglog.svh'.
Back to file '/home/install/synopsys_tools/VCS/vcs/U-2023.03/etc/uvm/vcs/uvm_custom_install_vcs_recorder.sv'.
Parsing included file '/home/install/synopsys_tools/VCS/vcs/U-2023.03/etc/uvm/vcs/uvm_msglog_report_server.sv'.
Back to file '/home/install/synopsys_tools/VCS/vcs/U-2023.03/etc/uvm/vcs/uvm_custom_install_vcs_recorder.sv'.
Parsing included file '/home/install/synopsys_tools/VCS/vcs/U-2023.03/etc/uvm/vcs/uvm_vcs_recorder.svh'.
Back to file '/home/install/synopsys_tools/VCS/vcs/U-2023.03/etc/uvm/vcs/uvm_custom_install_vcs_recorder.sv'.
Parsing included file '/home/install/synopsys_tools/VCS/vcs/U-2023.03/etc/uvm/vcs/uvm_vcs_record_interface.sv'.
Back to file '/home/install/synopsys_tools/VCS/vcs/U-2023.03/etc/uvm/vcs/uvm_custom_install_vcs_recorder.sv'.
Parsing design file '/home/install/synopsys_tools/VCS/vcs/U-2023.03/etc/uvm/verdi/uvm_custom_install_verdi_recorder.sv'
Parsing included file '/home/install/synopsys_tools/VCS/vcs/U-2023.03/etc/uvm/uvm_macros.svh'.
Back to file '/home/install/synopsys_tools/VCS/vcs/U-2023.03/etc/uvm/verdi/uvm_custom_install_verdi_recorder.sv'.
Parsing included file '/home/install/synopsys_tools/VCS/vcs/U-2023.03/etc/uvm/verdi/uvm_verdi_recorder.svh'.
Parsing included file '/home/install/synopsys_tools/VCS/vcs/U-2023.03/etc/uvm/verdi/uvm_verdi_pli_base.svh'.
Back to file '/home/install/synopsys_tools/VCS/vcs/U-2023.03/etc/uvm/verdi/uvm_verdi_recorder.svh'.
Back to file '/home/install/synopsys_tools/VCS/vcs/U-2023.03/etc/uvm/verdi/uvm_custom_install_verdi_recorder.sv'.
Parsing included file '/home/install/synopsys_tools/VCS/vcs/U-2023.03/etc/uvm/verdi/uvm_verdi_reg_map_recording.sv'.
Back to file '/home/install/synopsys_tools/VCS/vcs/U-2023.03/etc/uvm/verdi/uvm_custom_install_verdi_recorder.sv'.
Parsing included file '/home/install/synopsys_tools/VCS/vcs/U-2023.03/etc/uvm/verdi/uvm_verdi_message_catcher.svh'.
Parsing included file '/home/install/synopsys_tools/VCS/vcs/U-2023.03/etc/uvm/verdi/uvm_verdi_pli_base.svh'.
Back to file '/home/install/synopsys_tools/VCS/vcs/U-2023.03/etc/uvm/verdi/uvm_verdi_message_catcher.svh'.
Back to file '/home/install/synopsys_tools/VCS/vcs/U-2023.03/etc/uvm/verdi/uvm_custom_install_verdi_recorder.sv'.
Parsing included file '/home/install/synopsys_tools/VCS/vcs/U-2023.03/etc/uvm/verdi/./dpi/uvm_verdi_dpi.svh'.
Back to file '/home/install/synopsys_tools/VCS/vcs/U-2023.03/etc/uvm/verdi/uvm_custom_install_verdi_recorder.sv'.
Parsing included file '/home/install/synopsys_tools/VCS/vcs/U-2023.03/etc/uvm/verdi/uvm_verdi_reg_recording.sv'.
Back to file '/home/install/synopsys_tools/VCS/vcs/U-2023.03/etc/uvm/verdi/uvm_custom_install_verdi_recorder.sv'.
Parsing included file '/home/install/synopsys_tools/verdi/verdi/U-2023.03-SP1/share/PLI/VCS/include/verdi_trans_recorder_dpi.svh'.
Back to file '/home/install/synopsys_tools/VCS/vcs/U-2023.03/etc/uvm/verdi/uvm_custom_install_verdi_recorder.sv'.
Parsing included file '/home/install/synopsys_tools/VCS/vcs/U-2023.03/etc/uvm/verdi/uvm_verdi_pli.svh'.
Back to file '/home/install/synopsys_tools/VCS/vcs/U-2023.03/etc/uvm/verdi/uvm_custom_install_verdi_recorder.sv'.
Parsing design file '/home/install/synopsys_tools/VCS/vcs/U-2023.03/etc/uvm/verdi/uvm_custom_install_verdi_recorder.sv'
Parsing design file '/home/user1/Darshan_Verification/Tanuja/Revital-X-SoC_Core_Verification/rtl/alu_in1_mux.sv'
Parsing design file '/home/user1/Darshan_Verification/Tanuja/Revital-X-SoC_Core_Verification/rtl/alu_in2_mux.sv'
Parsing design file '/home/user1/Darshan_Verification/Tanuja/Revital-X-SoC_Core_Verification/rtl/alu_mul_csr_mux.sv'
Parsing design file '/home/user1/Darshan_Verification/Tanuja/Revital-X-SoC_Core_Verification/rtl/alu.sv'
Parsing design file '/home/user1/Darshan_Verification/Tanuja/Revital-X-SoC_Core_Verification/rtl/Control_Unit.sv'
Parsing design file '/home/user1/Darshan_Verification/Tanuja/Revital-X-SoC_Core_Verification/rtl/CoreRV.sv'
Parsing design file '/home/user1/Darshan_Verification/Tanuja/Revital-X-SoC_Core_Verification/rtl/csr_register_file.sv'
Parsing design file '/home/user1/Darshan_Verification/Tanuja/Revital-X-SoC_Core_Verification/rtl/csr_unit.sv'
Parsing design file '/home/user1/Darshan_Verification/Tanuja/Revital-X-SoC_Core_Verification/rtl/data_ram.sv'
Parsing design file '/home/user1/Darshan_Verification/Tanuja/Revital-X-SoC_Core_Verification/rtl/dp_ram.sv'
Parsing design file '/home/user1/Darshan_Verification/Tanuja/Revital-X-SoC_Core_Verification/rtl/immediate_generator.sv'
Parsing design file '/home/user1/Darshan_Verification/Tanuja/Revital-X-SoC_Core_Verification/rtl/instr_ram.sv'
Parsing design file '/home/user1/Darshan_Verification/Tanuja/Revital-X-SoC_Core_Verification/rtl/interrupt_controller.sv'
Parsing design file '/home/user1/Darshan_Verification/Tanuja/Revital-X-SoC_Core_Verification/rtl/LSU_RVX.sv'
Parsing design file '/home/user1/Darshan_Verification/Tanuja/Revital-X-SoC_Core_Verification/rtl/Memory_Ctrl.sv'
Parsing design file '/home/user1/Darshan_Verification/Tanuja/Revital-X-SoC_Core_Verification/rtl/memtoreg_mux.sv'
Parsing design file '/home/user1/Darshan_Verification/Tanuja/Revital-X-SoC_Core_Verification/rtl/pc_mux.sv'
Parsing design file '/home/user1/Darshan_Verification/Tanuja/Revital-X-SoC_Core_Verification/rtl/Pipelined_M.sv'
Parsing design file '/home/user1/Darshan_Verification/Tanuja/Revital-X-SoC_Core_Verification/rtl/register_file.sv'
Parsing design file '/home/user1/Darshan_Verification/Tanuja/Revital-X-SoC_Core_Verification/rtl/sp_ram.sv'
Parsing design file '/home/user1/Darshan_Verification/Tanuja/Revital-X-SoC_Core_Verification/rtl/Stage1.sv'
Parsing design file '/home/user1/Darshan_Verification/Tanuja/Revital-X-SoC_Core_Verification/rtl/Stage2.sv'
Parsing design file '/home/user1/Darshan_Verification/Tanuja/Revital-X-SoC_Core_Verification/rtl/stall_controller.sv'
Parsing design file '/home/user1/Darshan_Verification/Tanuja/core_uvm/tb/sv/corerv_if.sv'
Parsing design file '/home/user1/Darshan_Verification/Tanuja/core_uvm/tb/sv/corerv_pkg.sv'
Parsing included file '/home/install/synopsys_tools/VCS/vcs/U-2023.03/etc/uvm/uvm_macros.svh'.
Back to file '/home/user1/Darshan_Verification/Tanuja/core_uvm/tb/sv/corerv_pkg.sv'.
Parsing included file '/home/user1/Darshan_Verification/Tanuja/core_uvm/tb/sv/corerv_seq_item.sv'.
Back to file '/home/user1/Darshan_Verification/Tanuja/core_uvm/tb/sv/corerv_pkg.sv'.
Parsing included file '/home/user1/Darshan_Verification/Tanuja/core_uvm/tb/sv/corerv_driver.sv'.
Back to file '/home/user1/Darshan_Verification/Tanuja/core_uvm/tb/sv/corerv_pkg.sv'.
Parsing included file '/home/user1/Darshan_Verification/Tanuja/core_uvm/tb/sv/corerv_monitor.sv'.
Back to file '/home/user1/Darshan_Verification/Tanuja/core_uvm/tb/sv/corerv_pkg.sv'.
Parsing included file '/home/user1/Darshan_Verification/Tanuja/core_uvm/tb/sv/corerv_coverage.sv'.
Back to file '/home/user1/Darshan_Verification/Tanuja/core_uvm/tb/sv/corerv_pkg.sv'.
Parsing included file '/home/user1/Darshan_Verification/Tanuja/core_uvm/tb/sv/corerv_agent.sv'.
Back to file '/home/user1/Darshan_Verification/Tanuja/core_uvm/tb/sv/corerv_pkg.sv'.
Parsing included file '/home/user1/Darshan_Verification/Tanuja/core_uvm/tb/sv/corerv_scoreboard.sv'.
Back to file '/home/user1/Darshan_Verification/Tanuja/core_uvm/tb/sv/corerv_pkg.sv'.
Parsing included file '/home/user1/Darshan_Verification/Tanuja/core_uvm/tb/sv/corerv_env.sv'.
Back to file '/home/user1/Darshan_Verification/Tanuja/core_uvm/tb/sv/corerv_pkg.sv'.
Parsing included file '/home/user1/Darshan_Verification/Tanuja/core_uvm/tb/sv/corerv_test.sv'.
Back to file '/home/user1/Darshan_Verification/Tanuja/core_uvm/tb/sv/corerv_pkg.sv'.
Parsing design file '/home/user1/Darshan_Verification/Tanuja/core_uvm/tb/sv/tb_top.sv'
Parsing included file '/home/install/synopsys_tools/VCS/vcs/U-2023.03/etc/uvm/uvm_macros.svh'.
Back to file '/home/user1/Darshan_Verification/Tanuja/core_uvm/tb/sv/tb_top.sv'.
Top Level Modules:
       uvm_custom_install_recording
       uvm_custom_install_verdi_recording
       dp_ram
       half_adder
       tb_top
TimeScale is 1 ns / 1 ps

Warning-[PCWM-W] Port connection width mismatch
/home/user1/Darshan_Verification/Tanuja/core_uvm/tb/sv/tb_top.sv, 79
"CoreRV #(32'h80000000, 32'h80004000, 32'h80010000, 32'h80020000, , , , , , , , , , , , ) dut( .clk (clk),  .rst (rst),  .data_addr_o (tb_top.vif.data_addr),  .data_wdata_o (tb_top.vif.data_wdata),  .data_we_o (tb_top.vif.data_we),  .data_req_o (tb_top.vif.data_req),  .data_be_o (tb_top.vif.data_be),  .data_rdata_i (tb_top.vif.data_rdata),  .data_gnt_i (tb_top.vif.data_gnt),  .data_rvalid_i (tb_top.vif.data_rvalid),  .irq_i (1'b0));"
  The following 1-bit expression is connected to 32-bit port "irq_i" of module
  "CoreRV", instance "dut".
  Expression: 1'b0
  Instantiated module defined at: 
  "/home/user1/Darshan_Verification/Tanuja/Revital-X-SoC_Core_Verification/rtl/CoreRV.sv",
  2
  Use +lint=PCWM for more details.

VCS Coverage Metrics Release U-2023.03_Full64 Copyright (c) 1991-2023 by Synopsys Inc.
Starting vcs inline pass...
33 modules and 0 UDP read.
	However, due to incremental compilation, no re-compilation is necessary.
make[1]: Entering directory `/home/user1/Darshan_Verification/Tanuja/core_uvm/sim/csrc'
make[1]: Leaving directory `/home/user1/Darshan_Verification/Tanuja/core_uvm/sim/csrc'
make[1]: Entering directory `/home/user1/Darshan_Verification/Tanuja/core_uvm/sim/csrc'
rm -f _cuarc*.so _csrc*.so pre_vcsobj_*.so share_vcsobj_*.so
if [ -x ../simv ]; then chmod a-x ../simv; fi
g++  -o ../simv      -rdynamic  -Wl,-rpath='$ORIGIN'/simv.daidir -Wl,-rpath=./simv.daidir -Wl,-rpath=/home/install/synopsys_tools/VCS/vcs/U-2023.03/linux64/lib -L/home/install/synopsys_tools/VCS/vcs/U-2023.03/linux64/lib  -Wl,-rpath-link=./  /usr/lib64/libnuma.so.1 uvm_dpi.o uvm_verdi_dpi.o   objs/amcQw_d.o   _14147_archive_1.so _prev_archive_1.so  SIM_l.o      rmapats_mop.o rmapats.o rmar.o rmar_nd.o  rmar_llvm_0_1.o rmar_llvm_0_0.o            -lvirsim -lerrorinf -lsnpsmalloc -lvfs spike_wrapper.so    -lvcsnew -lsimprofile -lreader_common /home/install/synopsys_tools/VCS/vcs/U-2023.03/linux64/lib/libBA.a -luclinative /home/install/synopsys_tools/VCS/vcs/U-2023.03/linux64/lib/vcs_tls.o   -Wl,-whole-archive  -lvcsucli    -Wl,-no-whole-archive       ./../simv.daidir/vc_hdrs.o  _vcs_pli_stub_.o   /home/install/synopsys_tools/VCS/vcs/U-2023.03/linux64/lib/vcs_save_restore_new.o /home/install/synopsys_tools/verdi/verdi/U-2023.03-SP1/share/PLI/VCS/LINUX64/pli.a -ldl  -lc -lm -lpthread -ldl 
../simv up to date
make[1]: Leaving directory `/home/user1/Darshan_Verification/Tanuja/core_uvm/sim/csrc'
CPU time: 3.695 seconds to compile + .230 seconds to elab + .350 seconds to link
Verdi KDB elaboration done and the database successfully generated: 0 error(s), 0 warning(s)
--------------------------------------------------------
 Starting UVM Simulation: corerv_test
--------------------------------------------------------
./simv +UVM_TESTNAME=corerv_test +ntb_random_seed=10658 -cm line+cond+fsm+tgl+branch -cm_name corerv_test -cm_dir ./coverage.vdb -l sim_corerv_test.log
Info: [VCS_SAVE_RESTORE_INFO] ASLR (Address Space Layout Randomization) is detected on the machine. To enable $save functionality, ASLR will be switched off and simv re-executed.
Please use '-no_save' simv switch to avoid this.
Chronologic VCS simulator copyright 1991-2023
Contains Synopsys proprietary information.
Compiler version U-2023.03_Full64; Runtime version U-2023.03_Full64;  Sep 30 14:21 2026
----------------------------------------------------------------
UVM-1.1d.Synopsys
(C) 2007-2013 Mentor Graphics Corporation
(C) 2007-2013 Cadence Design Systems, Inc.
(C) 2006-2013 Synopsys, Inc.
(C) 2011-2013 Cypress Semiconductor Corp.
----------------------------------------------------------------

  ***********       IMPORTANT RELEASE NOTES         ************

  You are using a version of the UVM library that has been compiled
  with `UVM_NO_DEPRECATED undefined.
  See http://www.eda.org/svdb/view.php?id=3313 for more details.

  You are using a version of the UVM library that has been compiled
  with `UVM_OBJECT_MUST_HAVE_CONSTRUCTOR undefined.
  See http://www.eda.org/svdb/view.php?id=3770 for more details.

      (Specify +UVM_NO_RELNOTES to turn off this notice)


 VCS Coverage Metrics Release U-2023.03_Full64 Copyright (c) 1991-2023 by Synopsys Inc.
UVM_INFO @ 0: reporter [RNTST] Running test corerv_test...
*Verdi* Loading libsscore_vcs202303.so
FSDB Dumper for VCS, Release Verdi_U-2023.03-SP1, Linux x86_64/64bit, 05/28/2023
(C) 1996 - 2023 by Synopsys, Inc.
*Verdi* FSDB WARNING: The FSDB file already exists. Overwriting the FSDB file may crash the programs that are using this file.
*Verdi* FSDB WARNING: Simv_lock file is locked (inter.fsdb.slock). Attempt to overwrite the FSDB (inter.fsdb.slock) which is currently written by other process is not permitted
*Verdi* ERROR: Failed to create FSDB file: 'inter.fsdb'.
*Verdi* FSDB WARNING: The FSDB file already exists. Overwriting the FSDB file may crash the programs that are using this file.
*Verdi* : Create FSDB file 'novas.fsdb'
*Verdi* : Begin traversing the scope (tb_top), layer (0).
*Verdi* : End of traversing.
*Verdi* : Begin traversing the SVA assertions, layer (0).
*Verdi* : End of traversing the SVA assertions.
UVM_INFO /home/user1/Darshan_Verification/Tanuja/core_uvm/tb/sv/corerv_monitor.sv(41) @ 0: uvm_test_top.env.agent.mon [MON_MEM] Loaded firmware into monitor memory map from firmware.hex
[DPI-C] Initializing Spike Golden Oracle at 0x80000000...
[DPI-C] Firmware loaded. PC set to: 0x80000000
UVM_INFO /home/user1/Darshan_Verification/Tanuja/core_uvm/tb/sv/corerv_test.sv(19) @ 0: uvm_test_top [TEST] CPU Test started. Running firmware...
UVM_INFO /home/user1/Darshan_Verification/Tanuja/core_uvm/tb/sv/corerv_scoreboard.sv(52) @ 65000: uvm_test_top.env.scb [SCB_MATCH] [PC: 80000000 | INSTR: 80010f37] MATCH OK! -> Reg x30 = 0x80010000
UVM_INFO /home/user1/Darshan_Verification/Tanuja/core_uvm/tb/sv/corerv_scoreboard.sv(52) @ 85000: uvm_test_top.env.scb [SCB_MATCH] [PC: 80000004 | INSTR: 1b100093] MATCH OK! -> Reg x1 = 0x000001b1
UVM_INFO /home/user1/Darshan_Verification/Tanuja/core_uvm/tb/sv/corerv_scoreboard.sv(52) @ 95000: uvm_test_top.env.scb [SCB_MATCH] [PC: 80000008 | INSTR: f7600113] MATCH OK! -> Reg x2 = 0xffffff76
UVM_INFO /home/user1/Darshan_Verification/Tanuja/core_uvm/tb/sv/corerv_scoreboard.sv(52) @ 105000: uvm_test_top.env.scb [SCB_MATCH] [PC: 8000000c | INSTR: eff00193] MATCH OK! -> Reg x3 = 0xfffffeff
UVM_INFO /home/user1/Darshan_Verification/Tanuja/core_uvm/tb/sv/corerv_scoreboard.sv(52) @ 115000: uvm_test_top.env.scb [SCB_MATCH] [PC: 80000010 | INSTR: fed00213] MATCH OK! -> Reg x4 = 0xffffffed
UVM_INFO /home/user1/Darshan_Verification/Tanuja/core_uvm/tb/sv/corerv_scoreboard.sv(52) @ 125000: uvm_test_top.env.scb [SCB_MATCH] [PC: 80000014 | INSTR: 26d00293] MATCH OK! -> Reg x5 = 0x0000026d
UVM_INFO /home/user1/Darshan_Verification/Tanuja/core_uvm/tb/sv/corerv_scoreboard.sv(52) @ 135000: uvm_test_top.env.scb [SCB_MATCH] [PC: 80000018 | INSTR: 13d00313] MATCH OK! -> Reg x6 = 0x0000013d
UVM_INFO /home/user1/Darshan_Verification/Tanuja/core_uvm/tb/sv/corerv_scoreboard.sv(52) @ 145000: uvm_test_top.env.scb [SCB_MATCH] [PC: 8000001c | INSTR: 3d400393] MATCH OK! -> Reg x7 = 0x000003d4
UVM_INFO /home/user1/Darshan_Verification/Tanuja/core_uvm/tb/sv/corerv_scoreboard.sv(52) @ 155000: uvm_test_top.env.scb [SCB_MATCH] [PC: 80000020 | INSTR: 07700413] MATCH OK! -> Reg x8 = 0x00000077
UVM_INFO /home/user1/Darshan_Verification/Tanuja/core_uvm/tb/sv/corerv_scoreboard.sv(52) @ 165000: uvm_test_top.env.scb [SCB_MATCH] [PC: 80000024 | INSTR: d6500493] MATCH OK! -> Reg x9 = 0xfffffd65
UVM_INFO /home/user1/Darshan_Verification/Tanuja/core_uvm/tb/sv/corerv_scoreboard.sv(56) @ 175000: uvm_test_top.env.scb [SCB_MATCH] [PC: 80000028 | INSTR: 019f1223] MATCH OK! -> Executed safely
UVM_INFO /home/user1/Darshan_Verification/Tanuja/core_uvm/tb/sv/corerv_scoreboard.sv(52) @ 185000: uvm_test_top.env.scb [SCB_MATCH] [PC: 8000002c | INSTR: 340df173] MATCH OK! -> Reg x2 = 0x00000000
UVM_INFO /home/user1/Darshan_Verification/Tanuja/core_uvm/tb/sv/corerv_scoreboard.sv(52) @ 195000: uvm_test_top.env.scb [SCB_MATCH] [PC: 80000030 | INSTR: 4040d413] MATCH OK! -> Reg x8 = 0x0000001b
UVM_INFO /home/user1/Darshan_Verification/Tanuja/core_uvm/tb/sv/corerv_scoreboard.sv(52) @ 205000: uvm_test_top.env.scb [SCB_MATCH] [PC: 80000034 | INSTR: 01a316b3] MATCH OK! -> Reg x13 = 0x0000013d
UVM_INFO /home/user1/Darshan_Verification/Tanuja/core_uvm/tb/sv/corerv_scoreboard.sv(52) @ 215000: uvm_test_top.env.scb [SCB_MATCH] [PC: 80000038 | INSTR: 340536f3] MATCH OK! -> Reg x13 = 0x00000000
UVM_INFO /home/user1/Darshan_Verification/Tanuja/core_uvm/tb/sv/corerv_scoreboard.sv(52) @ 225000: uvm_test_top.env.scb [SCB_MATCH] [PC: 8000003c | INSTR: 340cadf3] MATCH OK! -> Reg x27 = 0x00000000
UVM_INFO /home/user1/Darshan_Verification/Tanuja/core_uvm/tb/sv/corerv_scoreboard.sv(52) @ 235000: uvm_test_top.env.scb [SCB_MATCH] [PC: 80000040 | INSTR: 24338a93] MATCH OK! -> Reg x21 = 0x00000617
UVM_INFO /home/user1/Darshan_Verification/Tanuja/core_uvm/tb/sv/corerv_scoreboard.sv(52) @ 245000: uvm_test_top.env.scb [SCB_MATCH] [PC: 80000044 | INSTR: 97423797] MATCH OK! -> Reg x15 = 0x17423044
UVM_INFO /home/user1/Darshan_Verification/Tanuja/core_uvm/tb/sv/corerv_scoreboard.sv(52) @ 255000: uvm_test_top.env.scb [SCB_MATCH] [PC: 80000048 | INSTR: 34256513] MATCH OK! -> Reg x10 = 0x00000342
UVM_INFO /home/user1/Darshan_Verification/Tanuja/core_uvm/tb/sv/corerv_scoreboard.sv(52) @ 265000: uvm_test_top.env.scb [SCB_MATCH] [PC: 8000004c | INSTR: 30209737] MATCH OK! -> Reg x14 = 0x30209000
UVM_INFO /home/user1/Darshan_Verification/Tanuja/core_uvm/tb/sv/corerv_scoreboard.sv(52) @ 275000: uvm_test_top.env.scb [SCB_MATCH] [PC: 80000050 | INSTR: 340b23f3] MATCH OK! -> Reg x7 = 0x00000000
UVM_INFO /home/user1/Darshan_Verification/Tanuja/core_uvm/tb/sv/corerv_scoreboard.sv(52) @ 285000: uvm_test_top.env.scb [SCB_MATCH] [PC: 80000054 | INSTR: 44418913] MATCH OK! -> Reg x18 = 0x00000343
UVM_INFO /home/user1/Darshan_Verification/Tanuja/core_uvm/tb/sv/corerv_scoreboard.sv(56) @ 295000: uvm_test_top.env.scb [SCB_MATCH] [PC: 80000058 | INSTR: 0086d463] MATCH OK! -> Executed safely
UVM_INFO /home/user1/Darshan_Verification/Tanuja/core_uvm/tb/sv/corerv_scoreboard.sv(52) @ 305000: uvm_test_top.env.scb [SCB_MATCH] [PC: 8000005c | INSTR: 00168b13] MATCH OK! -> Reg x22 = 0x00000001
UVM_INFO /home/user1/Darshan_Verification/Tanuja/core_uvm/tb/sv/corerv_scoreboard.sv(56) @ 315000: uvm_test_top.env.scb [SCB_MATCH] [PC: 80000060 | INSTR: 01bf1e23] MATCH OK! -> Executed safely
UVM_INFO /home/user1/Darshan_Verification/Tanuja/core_uvm/tb/sv/corerv_scoreboard.sv(52) @ 325000: uvm_test_top.env.scb [SCB_MATCH] [PC: 80000064 | INSTR: 01e09e13] MATCH OK! -> Reg x28 = 0x40000000
UVM_INFO /home/user1/Darshan_Verification/Tanuja/core_uvm/tb/sv/corerv_scoreboard.sv(52) @ 335000: uvm_test_top.env.scb [SCB_MATCH] [PC: 80000068 | INSTR: 018f2a03] MATCH OK! -> Reg x20 = 0x00000000
UVM_INFO /home/user1/Darshan_Verification/Tanuja/core_uvm/tb/sv/corerv_scoreboard.sv(52) @ 345000: uvm_test_top.env.scb [SCB_MATCH] [PC: 8000006c | INSTR: 1a1cc4b7] MATCH OK! -> Reg x9 = 0x1a1cc000
UVM_INFO /home/user1/Darshan_Verification/Tanuja/core_uvm/tb/sv/corerv_scoreboard.sv(52) @ 355000: uvm_test_top.env.scb [SCB_MATCH] [PC: 80000070 | INSTR: 340d2c73] MATCH OK! -> Reg x24 = 0x00000000
UVM_INFO /home/user1/Darshan_Verification/Tanuja/core_uvm/tb/sv/corerv_scoreboard.sv(52) @ 365000: uvm_test_top.env.scb [SCB_MATCH] [PC: 80000074 | INSTR: 012be2b3] MATCH OK! -> Reg x5 = 0x00000343
UVM_INFO /home/user1/Darshan_Verification/Tanuja/core_uvm/tb/sv/corerv_scoreboard.sv(52) @ 375000: uvm_test_top.env.scb [SCB_MATCH] [PC: 80000078 | INSTR: 00000e97] MATCH OK! -> Reg x29 = 0x80000078
UVM_INFO /home/user1/Darshan_Verification/Tanuja/core_uvm/tb/sv/corerv_scoreboard.sv(52) @ 385000: uvm_test_top.env.scb [SCB_MATCH] [PC: 8000007c | INSTR: 00ce8c67] MATCH OK! -> Reg x24 = 0x80000080
UVM_INFO /home/user1/Darshan_Verification/Tanuja/core_uvm/tb/sv/corerv_scoreboard.sv(52) @ 425000: uvm_test_top.env.scb [SCB_MATCH] [PC: 80000084 | INSTR: 010f2903] MATCH OK! -> Reg x18 = 0x00000000
UVM_INFO /home/user1/Darshan_Verification/Tanuja/core_uvm/tb/sv/corerv_scoreboard.sv(52) @ 435000: uvm_test_top.env.scb [SCB_MATCH] [PC: 80000088 | INSTR: 008000ef] MATCH OK! -> Reg x1 = 0x8000008c
UVM_INFO /home/user1/Darshan_Verification/Tanuja/core_uvm/tb/sv/corerv_scoreboard.sv(52) @ 475000: uvm_test_top.env.scb [SCB_MATCH] [PC: 80000090 | INSTR: 340d24f3] MATCH OK! -> Reg x9 = 0x00000000
UVM_INFO /home/user1/Darshan_Verification/Tanuja/core_uvm/tb/sv/corerv_scoreboard.sv(52) @ 505000: uvm_test_top.env.scb [SCB_MATCH] [PC: 80000094 | INSTR: 036c8bb3] MATCH OK! -> Reg x23 = 0x00000000
UVM_INFO /home/user1/Darshan_Verification/Tanuja/core_uvm/tb/sv/corerv_scoreboard.sv(52) @ 515000: uvm_test_top.env.scb [SCB_MATCH] [PC: 80000098 | INSTR: d6774693] MATCH OK! -> Reg x13 = 0xcfdf6d67
UVM_INFO /home/user1/Darshan_Verification/Tanuja/core_uvm/tb/sv/corerv_scoreboard.sv(52) @ 545000: uvm_test_top.env.scb [SCB_MATCH] [PC: 8000009c | INSTR: 035203b3] MATCH OK! -> Reg x7 = 0xffff8c4b
UVM_INFO /home/user1/Darshan_Verification/Tanuja/core_uvm/tb/sv/corerv_scoreboard.sv(52) @ 555000: uvm_test_top.env.scb [SCB_MATCH] [PC: 800000a0 | INSTR: 40c1d413] MATCH OK! -> Reg x8 = 0xffffffff
UVM_INFO /home/user1/Darshan_Verification/Tanuja/core_uvm/tb/sv/corerv_scoreboard.sv(52) @ 565000: uvm_test_top.env.scb [SCB_MATCH] [PC: 800000a4 | INSTR: 14650837] MATCH OK! -> Reg x16 = 0x14650000
UVM_INFO /home/user1/Darshan_Verification/Tanuja/core_uvm/tb/sv/corerv_scoreboard.sv(56) @ 575000: uvm_test_top.env.scb [SCB_MATCH] [PC: 800000a8 | INSTR: 00a79463] MATCH OK! -> Executed safely
UVM_INFO /home/user1/Darshan_Verification/Tanuja/core_uvm/tb/sv/corerv_scoreboard.sv(52) @ 615000: uvm_test_top.env.scb [SCB_MATCH] [PC: 800000b0 | INSTR: 007c8c33] MATCH OK! -> Reg x24 = 0xffff8c4b
UVM_INFO /home/user1/Darshan_Verification/Tanuja/core_uvm/tb/sv/corerv_scoreboard.sv(52) @ 625000: uvm_test_top.env.scb [SCB_MATCH] [PC: 800000b4 | INSTR: 00061293] MATCH OK! -> Reg x5 = 0x00000000
UVM_INFO /home/user1/Darshan_Verification/Tanuja/core_uvm/tb/sv/corerv_scoreboard.sv(52) @ 635000: uvm_test_top.env.scb [SCB_MATCH] [PC: 800000b8 | INSTR: 00cf2603] MATCH OK! -> Reg x12 = 0x00000000
UVM_INFO /home/user1/Darshan_Verification/Tanuja/core_uvm/tb/sv/corerv_scoreboard.sv(52) @ 645000: uvm_test_top.env.scb [SCB_MATCH] [PC: 800000bc | INSTR: 0080046f] MATCH OK! -> Reg x8 = 0x800000c0
UVM_INFO /home/user1/Darshan_Verification/Tanuja/core_uvm/tb/sv/corerv_scoreboard.sv(52) @ 685000: uvm_test_top.env.scb [SCB_MATCH] [PC: 800000c4 | INSTR: 0954f613] MATCH OK! -> Reg x12 = 0x00000000
UVM_INFO /home/user1/Darshan_Verification/Tanuja/core_uvm/tb/sv/corerv_scoreboard.sv(52) @ 715000: uvm_test_top.env.scb [SCB_MATCH] [PC: 800000c8 | INSTR: 03529d33] MATCH OK! -> Reg x26 = 0x00000000
UVM_INFO /home/user1/Darshan_Verification/Tanuja/core_uvm/tb/sv/corerv_scoreboard.sv(52) @ 725000: uvm_test_top.env.scb [SCB_MATCH] [PC: 800000cc | INSTR: a2e16793] MATCH OK! -> Reg x15 = 0xfffffa2e
UVM_INFO /home/user1/Darshan_Verification/Tanuja/core_uvm/tb/sv/corerv_scoreboard.sv(52) @ 735000: uvm_test_top.env.scb [SCB_MATCH] [PC: 800000d0 | INSTR: 34097273] MATCH OK! -> Reg x4 = 0x00000000
UVM_INFO /home/user1/Darshan_Verification/Tanuja/core_uvm/tb/sv/corerv_scoreboard.sv(52) @ 745000: uvm_test_top.env.scb [SCB_MATCH] [PC: 800000d4 | INSTR: 40b15d13] MATCH OK! -> Reg x26 = 0x00000000
UVM_INFO /home/user1/Darshan_Verification/Tanuja/core_uvm/tb/sv/corerv_scoreboard.sv(52) @ 755000: uvm_test_top.env.scb [SCB_MATCH] [PC: 800000d8 | INSTR: 3401b0f3] MATCH OK! -> Reg x1 = 0x00000000
UVM_INFO /home/user1/Darshan_Verification/Tanuja/core_uvm/tb/sv/corerv_scoreboard.sv(52) @ 765000: uvm_test_top.env.scb [SCB_MATCH] [PC: 800000dc | INSTR: 1ba26793] MATCH OK! -> Reg x15 = 0x000001ba
UVM_INFO /home/user1/Darshan_Verification/Tanuja/core_uvm/tb/sv/corerv_scoreboard.sv(52) @ 795000: uvm_test_top.env.scb [SCB_MATCH] [PC: 800000e0 | INSTR: 02819c33] MATCH OK! -> Reg x24 = 0x00000080
UVM_INFO /home/user1/Darshan_Verification/Tanuja/core_uvm/tb/sv/corerv_scoreboard.sv(52) @ 805000: uvm_test_top.env.scb [SCB_MATCH] [PC: 800000e4 | INSTR: 340eecf3] MATCH OK! -> Reg x25 = 0x00000000
UVM_INFO /home/user1/Darshan_Verification/Tanuja/core_uvm/tb/sv/corerv_scoreboard.sv(52) @ 815000: uvm_test_top.env.scb [SCB_MATCH] [PC: 800000e8 | INSTR: 340628f3] MATCH OK! -> Reg x17 = 0x0000001d
UVM_INFO /home/user1/Darshan_Verification/Tanuja/core_uvm/tb/sv/corerv_scoreboard.sv(52) @ 845000: uvm_test_top.env.scb [SCB_MATCH] [PC: 800000ec | INSTR: 02780b33] MATCH OK! -> Reg x22 = 0x35970000
UVM_INFO /home/user1/Darshan_Verification/Tanuja/core_uvm/tb/sv/corerv_scoreboard.sv(52) @ 855000: uvm_test_top.env.scb [SCB_MATCH] [PC: 800000f0 | INSTR: 004f2103] MATCH OK! -> Reg x2 = 0x00000000
UVM_INFO /home/user1/Darshan_Verification/Tanuja/core_uvm/tb/sv/corerv_scoreboard.sv(56) @ 865000: uvm_test_top.env.scb [SCB_MATCH] [PC: 800000f4 | INSTR: 008f2623] MATCH OK! -> Executed safely
UVM_INFO /home/user1/Darshan_Verification/Tanuja/core_uvm/tb/sv/corerv_scoreboard.sv(52) @ 875000: uvm_test_top.env.scb [SCB_MATCH] [PC: 800000f8 | INSTR: 340c5373] MATCH OK! -> Reg x6 = 0x0000001d
UVM_INFO /home/user1/Darshan_Verification/Tanuja/core_uvm/tb/sv/corerv_scoreboard.sv(52) @ 885000: uvm_test_top.env.scb [SCB_MATCH] [PC: 800000fc | INSTR: 004f5583] MATCH OK! -> Reg x11 = 0x00000000
UVM_INFO /home/user1/Darshan_Verification/Tanuja/core_uvm/tb/sv/corerv_scoreboard.sv(52) @ 895000: uvm_test_top.env.scb [SCB_MATCH] [PC: 80000100 | INSTR: 7757ab93] MATCH OK! -> Reg x23 = 0x00000001
UVM_INFO /home/user1/Darshan_Verification/Tanuja/core_uvm/tb/sv/corerv_scoreboard.sv(52) @ 925000: uvm_test_top.env.scb [SCB_MATCH] [PC: 80000104 | INSTR: 024b1633] MATCH OK! -> Reg x12 = 0x00000000
UVM_INFO /home/user1/Darshan_Verification/Tanuja/core_uvm/tb/sv/corerv_scoreboard.sv(52) @ 935000: uvm_test_top.env.scb [SCB_MATCH] [PC: 80000108 | INSTR: 00cd1513] MATCH OK! -> Reg x10 = 0x00000000
UVM_INFO /home/user1/Darshan_Verification/Tanuja/core_uvm/tb/sv/corerv_scoreboard.sv(52) @ 945000: uvm_test_top.env.scb [SCB_MATCH] [PC: 8000010c | INSTR: 0108d793] MATCH OK! -> Reg x15 = 0x00000000
UVM_INFO /home/user1/Darshan_Verification/Tanuja/core_uvm/tb/sv/corerv_scoreboard.sv(52) @ 955000: uvm_test_top.env.scb [SCB_MATCH] [PC: 80000110 | INSTR: 40aa0ab3] MATCH OK! -> Reg x21 = 0x00000000
UVM_INFO /home/user1/Darshan_Verification/Tanuja/core_uvm/tb/sv/corerv_scoreboard.sv(52) @ 965000: uvm_test_top.env.scb [SCB_MATCH] [PC: 80000114 | INSTR: 340d64f3] MATCH OK! -> Reg x9 = 0x00000018
UVM_INFO /home/user1/Darshan_Verification/Tanuja/core_uvm/tb/sv/corerv_scoreboard.sv(56) @ 975000: uvm_test_top.env.scb [SCB_MATCH] [PC: 80000118 | INSTR: 00c8c463] MATCH OK! -> Executed safely
UVM_INFO /home/user1/Darshan_Verification/Tanuja/core_uvm/tb/sv/corerv_scoreboard.sv(52) @ 985000: uvm_test_top.env.scb [SCB_MATCH] [PC: 8000011c | INSTR: 00188a13] MATCH OK! -> Reg x20 = 0x0000001e
UVM_INFO /home/user1/Darshan_Verification/Tanuja/core_uvm/tb/sv/corerv_scoreboard.sv(52) @ 995000: uvm_test_top.env.scb [SCB_MATCH] [PC: 80000120 | INSTR: 80297c37] MATCH OK! -> Reg x24 = 0x80297000
UVM_INFO /home/user1/Darshan_Verification/Tanuja/core_uvm/tb/sv/corerv_scoreboard.sv(52) @ 1005000: uvm_test_top.env.scb [SCB_MATCH] [PC: 80000124 | INSTR: 01487333] MATCH OK! -> Reg x6 = 0x00000000
UVM_INFO /home/user1/Darshan_Verification/Tanuja/core_uvm/tb/sv/corerv_scoreboard.sv(52) @ 1015000: uvm_test_top.env.scb [SCB_MATCH] [PC: 80000128 | INSTR: 013d20b3] MATCH OK! -> Reg x1 = 0x00000000
UVM_INFO /home/user1/Darshan_Verification/Tanuja/core_uvm/tb/sv/corerv_scoreboard.sv(52) @ 1025000: uvm_test_top.env.scb [SCB_MATCH] [PC: 8000012c | INSTR: 4b7e80b7] MATCH OK! -> Reg x1 = 0x4b7e8000
UVM_INFO /home/user1/Darshan_Verification/Tanuja/core_uvm/tb/sv/corerv_scoreboard.sv(52) @ 1035000: uvm_test_top.env.scb [SCB_MATCH] [PC: 80000130 | INSTR: 340c2df3] MATCH OK! -> Reg x27 = 0x0000001a
UVM_INFO /home/user1/Darshan_Verification/Tanuja/core_uvm/tb/sv/corerv_scoreboard.sv(52) @ 1045000: uvm_test_top.env.scb [SCB_MATCH] [PC: 80000134 | INSTR: 340a9c73] MATCH OK! -> Reg x24 = 0x8029701a
UVM_INFO /home/user1/Darshan_Verification/Tanuja/core_uvm/tb/sv/corerv_scoreboard.sv(52) @ 1055000: uvm_test_top.env.scb [SCB_MATCH] [PC: 80000138 | INSTR: 7099c2b7] MATCH OK! -> Reg x5 = 0x7099c000
UVM_INFO /home/user1/Darshan_Verification/Tanuja/core_uvm/tb/sv/corerv_scoreboard.sv(52) @ 1065000: uvm_test_top.env.scb [SCB_MATCH] [PC: 8000013c | INSTR: 3401aa73] MATCH OK! -> Reg x20 = 0x00000000
UVM_INFO /home/user1/Darshan_Verification/Tanuja/core_uvm/tb/sv/corerv_scoreboard.sv(52) @ 1095000: uvm_test_top.env.scb [SCB_MATCH] [PC: 80000140 | INSTR: 039397b3] MATCH OK! -> Reg x15 = 0x00000000
UVM_INFO /home/user1/Darshan_Verification/Tanuja/core_uvm/tb/sv/corerv_scoreboard.sv(52) @ 1105000: uvm_test_top.env.scb [SCB_MATCH] [PC: 80000144 | INSTR: 014f0703] MATCH OK! -> Reg x14 = 0x00000000
UVM_INFO /home/user1/Darshan_Verification/Tanuja/core_uvm/tb/sv/corerv_scoreboard.sv(52) @ 1115000: uvm_test_top.env.scb [SCB_MATCH] [PC: 80000148 | INSTR: 00cf1603] MATCH OK! -> Reg x12 = 0x000000c0
UVM_INFO /home/user1/Darshan_Verification/Tanuja/core_uvm/tb/sv/corerv_scoreboard.sv(52) @ 1125000: uvm_test_top.env.scb [SCB_MATCH] [PC: 8000014c | INSTR: 41fdd593] MATCH OK! -> Reg x11 = 0x00000000
UVM_INFO /home/user1/Darshan_Verification/Tanuja/core_uvm/tb/sv/corerv_scoreboard.sv(52) @ 1135000: uvm_test_top.env.scb [SCB_MATCH] [PC: 80000150 | INSTR: 340c39f3] MATCH OK! -> Reg x19 = 0xfffffeff
UVM_INFO /home/user1/Darshan_Verification/Tanuja/core_uvm/tb/sv/corerv_scoreboard.sv(52) @ 1145000: uvm_test_top.env.scb [SCB_MATCH] [PC: 80000154 | INSTR: f0913c93] MATCH OK! -> Reg x25 = 0x00000001
UVM_INFO /home/user1/Darshan_Verification/Tanuja/core_uvm/tb/sv/corerv_scoreboard.sv(52) @ 1155000: uvm_test_top.env.scb [SCB_MATCH] [PC: 80000158 | INSTR: 340cd8f3] MATCH OK! -> Reg x17 = 0x7fd68ee5
UVM_INFO /home/user1/Darshan_Verification/Tanuja/core_uvm/tb/sv/corerv_scoreboard.sv(52) @ 1165000: uvm_test_top.env.scb [SCB_MATCH] [PC: 8000015c | INSTR: 792357b7] MATCH OK! -> Reg x15 = 0x79235000
UVM_INFO /home/user1/Darshan_Verification/Tanuja/core_uvm/tb/sv/corerv_scoreboard.sv(52) @ 1175000: uvm_test_top.env.scb [SCB_MATCH] [PC: 80000160 | INSTR: 40988833] MATCH OK! -> Reg x16 = 0x7fd68ecd
UVM_INFO /home/user1/Darshan_Verification/Tanuja/core_uvm/tb/sv/corerv_scoreboard.sv(56) @ 1185000: uvm_test_top.env.scb [SCB_MATCH] [PC: 80000164 | INSTR: 00c19463] MATCH OK! -> Executed safely
UVM_INFO /home/user1/Darshan_Verification/Tanuja/core_uvm/tb/sv/corerv_scoreboard.sv(52) @ 1225000: uvm_test_top.env.scb [SCB_MATCH] [PC: 8000016c | INSTR: 40e75693] MATCH OK! -> Reg x13 = 0x00000000
UVM_INFO /home/user1/Darshan_Verification/Tanuja/core_uvm/tb/sv/corerv_scoreboard.sv(52) @ 1235000: uvm_test_top.env.scb [SCB_MATCH] [PC: 80000170 | INSTR: cd2bcb97] MATCH OK! -> Reg x23 = 0x4d2bc170
UVM_INFO /home/user1/Darshan_Verification/Tanuja/core_uvm/tb/sv/corerv_scoreboard.sv(52) @ 1245000: uvm_test_top.env.scb [SCB_MATCH] [PC: 80000174 | INSTR: 4093dc93] MATCH OK! -> Reg x25 = 0xffffffc6
UVM_INFO /home/user1/Darshan_Verification/Tanuja/core_uvm/tb/sv/corerv_scoreboard.sv(52) @ 1255000: uvm_test_top.env.scb [SCB_MATCH] [PC: 80000178 | INSTR: 0050de13] MATCH OK! -> Reg x28 = 0x025bf400
UVM_INFO /home/user1/Darshan_Verification/Tanuja/core_uvm/tb/sv/corerv_scoreboard.sv(52) @ 1265000: uvm_test_top.env.scb [SCB_MATCH] [PC: 8000017c | INSTR: 012e6533] MATCH OK! -> Reg x10 = 0x025bf400
UVM_INFO /home/user1/Darshan_Verification/Tanuja/core_uvm/tb/sv/corerv_scoreboard.sv(56) @ 1275000: uvm_test_top.env.scb [SCB_MATCH] [PC: 80000180 | INSTR: 00229463] MATCH OK! -> Executed safely
UVM_INFO /home/user1/Darshan_Verification/Tanuja/core_uvm/tb/sv/corerv_scoreboard.sv(52) @ 1335000: uvm_test_top.env.scb [SCB_MATCH] [PC: 80000188 | INSTR: 02bd09b3] MATCH OK! -> Reg x19 = 0x00000000
UVM_INFO /home/user1/Darshan_Verification/Tanuja/core_uvm/tb/sv/corerv_scoreboard.sv(52) @ 1365000: uvm_test_top.env.scb [SCB_MATCH] [PC: 8000018c | INSTR: 032d1d33] MATCH OK! -> Reg x26 = 0x00000000
UVM_INFO /home/user1/Darshan_Verification/Tanuja/core_uvm/tb/sv/corerv_scoreboard.sv(52) @ 1375000: uvm_test_top.env.scb [SCB_MATCH] [PC: 80000190 | INSTR: 462ba297] MATCH OK! -> Reg x5 = 0xc62ba190
UVM_INFO /home/user1/Darshan_Verification/Tanuja/core_uvm/tb/sv/corerv_scoreboard.sv(52) @ 1385000: uvm_test_top.env.scb [SCB_MATCH] [PC: 80000194 | INSTR: 340dad73] MATCH OK! -> Reg x26 = 0x00000019
UVM_INFO /home/user1/Darshan_Verification/Tanuja/core_uvm/tb/sv/corerv_scoreboard.sv(52) @ 1395000: uvm_test_top.env.scb [SCB_MATCH] [PC: 80000198 | INSTR: 41025d13] MATCH OK! -> Reg x26 = 0x00000000
UVM_INFO /home/user1/Darshan_Verification/Tanuja/core_uvm/tb/sv/corerv_scoreboard.sv(52) @ 1405000: uvm_test_top.env.scb [SCB_MATCH] [PC: 8000019c | INSTR: 00800d6f] MATCH OK! -> Reg x26 = 0x800001a0
UVM_INFO /home/user1/Darshan_Verification/Tanuja/core_uvm/tb/sv/corerv_scoreboard.sv(52) @ 1445000: uvm_test_top.env.scb [SCB_MATCH] [PC: 800001a4 | INSTR: 1831ab13] MATCH OK! -> Reg x22 = 0x00000001
UVM_INFO /home/user1/Darshan_Verification/Tanuja/core_uvm/tb/sv/corerv_scoreboard.sv(52) @ 1455000: uvm_test_top.env.scb [SCB_MATCH] [PC: 800001a8 | INSTR: 3408a0f3] MATCH OK! -> Reg x1 = 0x0000001b
UVM_INFO /home/user1/Darshan_Verification/Tanuja/core_uvm/tb/sv/corerv_scoreboard.sv(52) @ 1465000: uvm_test_top.env.scb [SCB_MATCH] [PC: 800001ac | INSTR: 01169a13] MATCH OK! -> Reg x20 = 0x00000000
UVM_INFO /home/user1/Darshan_Verification/Tanuja/core_uvm/tb/sv/corerv_scoreboard.sv(52) @ 1475000: uvm_test_top.env.scb [SCB_MATCH] [PC: 800001b0 | INSTR: 3409b673] MATCH OK! -> Reg x12 = 0x7fd68eff
UVM_INFO /home/user1/Darshan_Verification/Tanuja/core_uvm/tb/sv/corerv_scoreboard.sv(52) @ 1505000: uvm_test_top.env.scb [SCB_MATCH] [PC: 800001b4 | INSTR: 022191b3] MATCH OK! -> Reg x3 = 0x00000000
UVM_INFO /home/user1/Darshan_Verification/Tanuja/core_uvm/tb/sv/corerv_scoreboard.sv(52) @ 1515000: uvm_test_top.env.scb [SCB_MATCH] [PC: 800001b8 | INSTR: 008c5993] MATCH OK! -> Reg x19 = 0x00802970
UVM_INFO /home/user1/Darshan_Verification/Tanuja/core_uvm/tb/sv/corerv_scoreboard.sv(52) @ 1525000: uvm_test_top.env.scb [SCB_MATCH] [PC: 800001bc | INSTR: 679fd497] MATCH OK! -> Reg x9 = 0xe79fd1bc
UVM_INFO /home/user1/Darshan_Verification/Tanuja/core_uvm/tb/sv/corerv_scoreboard.sv(52) @ 1535000: uvm_test_top.env.scb [SCB_MATCH] [PC: 800001c0 | INSTR: 00800bef] MATCH OK! -> Reg x23 = 0x800001c4
UVM_INFO /home/user1/Darshan_Verification/Tanuja/core_uvm/tb/sv/corerv_scoreboard.sv(52) @ 1575000: uvm_test_top.env.scb [SCB_MATCH] [PC: 800001c8 | INSTR: 297e2d97] MATCH OK! -> Reg x27 = 0xa97e21c8
UVM_INFO /home/user1/Darshan_Verification/Tanuja/core_uvm/tb/sv/corerv_scoreboard.sv(52) @ 1585000: uvm_test_top.env.scb [SCB_MATCH] [PC: 800001cc | INSTR: fa4cc713] MATCH OK! -> Reg x14 = 0x00000062
UVM_INFO /home/user1/Darshan_Verification/Tanuja/core_uvm/tb/sv/corerv_scoreboard.sv(52) @ 1595000: uvm_test_top.env.scb [SCB_MATCH] [PC: 800001d0 | INSTR: 866e2a37] MATCH OK! -> Reg x20 = 0x866e2000
UVM_INFO /home/user1/Darshan_Verification/Tanuja/core_uvm/tb/sv/corerv_scoreboard.sv(52) @ 1605000: uvm_test_top.env.scb [SCB_MATCH] [PC: 800001d4 | INSTR: 200d3ab7] MATCH OK! -> Reg x21 = 0x200d3000
UVM_INFO /home/user1/Darshan_Verification/Tanuja/core_uvm/tb/sv/corerv_scoreboard.sv(52) @ 1615000: uvm_test_top.env.scb [SCB_MATCH] [PC: 800001d8 | INSTR: 340b95f3] MATCH OK! -> Reg x11 = 0x7fd68eff
UVM_INFO /home/user1/Darshan_Verification/Tanuja/core_uvm/tb/sv/corerv_scoreboard.sv(52) @ 1625000: uvm_test_top.env.scb [SCB_MATCH] [PC: 800001dc | INSTR: 41baa317] MATCH OK! -> Reg x6 = 0xc1baa1dc
UVM_INFO /home/user1/Darshan_Verification/Tanuja/core_uvm/tb/sv/corerv_scoreboard.sv(56) @ 1635000: uvm_test_top.env.scb [SCB_MATCH] [PC: 800001e0 | INSTR: 00c94463] MATCH OK! -> Executed safely
UVM_INFO /home/user1/Darshan_Verification/Tanuja/core_uvm/tb/sv/corerv_scoreboard.sv(52) @ 1675000: uvm_test_top.env.scb [SCB_MATCH] [PC: 800001e8 | INSTR: 81504417] MATCH OK! -> Reg x8 = 0x015041e8
UVM_INFO /home/user1/Darshan_Verification/Tanuja/core_uvm/tb/sv/corerv_scoreboard.sv(56) @ 1685000: uvm_test_top.env.scb [SCB_MATCH] [PC: 800001ec | INSTR: 01117463] MATCH OK! -> Executed safely
UVM_INFO /home/user1/Darshan_Verification/Tanuja/core_uvm/tb/sv/corerv_scoreboard.sv(52) @ 1695000: uvm_test_top.env.scb [SCB_MATCH] [PC: 800001f0 | INSTR: 00110893] MATCH OK! -> Reg x17 = 0x00000001
UVM_INFO /home/user1/Darshan_Verification/Tanuja/core_uvm/tb/sv/corerv_scoreboard.sv(52) @ 1705000: uvm_test_top.env.scb [SCB_MATCH] [PC: 800001f4 | INSTR: 608b35b7] MATCH OK! -> Reg x11 = 0x608b3000
UVM_INFO /home/user1/Darshan_Verification/Tanuja/core_uvm/tb/sv/corerv_scoreboard.sv(52) @ 1715000: uvm_test_top.env.scb [SCB_MATCH] [PC: 800001f8 | INSTR: 310c6197] MATCH OK! -> Reg x3 = 0xb10c61f8
UVM_INFO /home/user1/Darshan_Verification/Tanuja/core_uvm/tb/sv/corerv_scoreboard.sv(52) @ 1725000: uvm_test_top.env.scb [SCB_MATCH] [PC: 800001fc | INSTR: 01475993] MATCH OK! -> Reg x19 = 0x00000000
UVM_INFO /home/user1/Darshan_Verification/Tanuja/core_uvm/tb/sv/corerv_scoreboard.sv(52) @ 1735000: uvm_test_top.env.scb [SCB_MATCH] [PC: 80000200 | INSTR: 05d7b313] MATCH OK! -> Reg x6 = 0x00000000
UVM_INFO /home/user1/Darshan_Verification/Tanuja/core_uvm/tb/sv/corerv_scoreboard.sv(52) @ 1745000: uvm_test_top.env.scb [SCB_MATCH] [PC: 80000204 | INSTR: 00800d6f] MATCH OK! -> Reg x26 = 0x80000208
UVM_INFO /home/user1/Darshan_Verification/Tanuja/core_uvm/tb/sv/corerv_scoreboard.sv(52) @ 1785000: uvm_test_top.env.scb [SCB_MATCH] [PC: 8000020c | INSTR: 01556a33] MATCH OK! -> Reg x20 = 0x225ff400
UVM_INFO /home/user1/Darshan_Verification/Tanuja/core_uvm/tb/sv/corerv_scoreboard.sv(52) @ 1795000: uvm_test_top.env.scb [SCB_MATCH] [PC: 80000210 | INSTR: 016dd293] MATCH OK! -> Reg x5 = 0x000002a5
UVM_INFO /home/user1/Darshan_Verification/Tanuja/core_uvm/tb/sv/corerv_scoreboard.sv(52) @ 1825000: uvm_test_top.env.scb [SCB_MATCH] [PC: 80000214 | INSTR: 031b0c33] MATCH OK! -> Reg x24 = 0x00000001
UVM_INFO /home/user1/Darshan_Verification/Tanuja/core_uvm/tb/sv/corerv_scoreboard.sv(56) @ 1835000: uvm_test_top.env.scb [SCB_MATCH] [PC: 80000218 | INSTR: 003f2823] MATCH OK! -> Executed safely
UVM_INFO /home/user1/Darshan_Verification/Tanuja/core_uvm/tb/sv/corerv_scoreboard.sv(52) @ 1845000: uvm_test_top.env.scb [SCB_MATCH] [PC: 8000021c | INSTR: 00fe5713] MATCH OK! -> Reg x14 = 0x000004b7
UVM_INFO /home/user1/Darshan_Verification/Tanuja/core_uvm/tb/sv/corerv_scoreboard.sv(52) @ 1875000: uvm_test_top.env.scb [SCB_MATCH] [PC: 80000220 | INSTR: 02658ab3] MATCH OK! -> Reg x21 = 0x00000000
UVM_INFO /home/user1/Darshan_Verification/Tanuja/core_uvm/tb/sv/corerv_scoreboard.sv(52) @ 1885000: uvm_test_top.env.scb [SCB_MATCH] [PC: 80000224 | INSTR: 008001ef] MATCH OK! -> Reg x3 = 0x80000228
UVM_INFO /home/user1/Darshan_Verification/Tanuja/core_uvm/tb/sv/corerv_scoreboard.sv(52) @ 1925000: uvm_test_top.env.scb [SCB_MATCH] [PC: 8000022c | INSTR: 34dbab93] MATCH OK! -> Reg x23 = 0x00000001
UVM_INFO /home/user1/Darshan_Verification/Tanuja/core_uvm/tb/sv/corerv_scoreboard.sv(52) @ 1935000: uvm_test_top.env.scb [SCB_MATCH] [PC: 80000230 | INSTR: 0155d833] MATCH OK! -> Reg x16 = 0x608b3000
UVM_INFO /home/user1/Darshan_Verification/Tanuja/core_uvm/tb/sv/corerv_scoreboard.sv(52) @ 1945000: uvm_test_top.env.scb [SCB_MATCH] [PC: 80000234 | INSTR: 859aa9b7] MATCH OK! -> Reg x19 = 0x859aa000
UVM_INFO /home/user1/Darshan_Verification/Tanuja/core_uvm/tb/sv/corerv_scoreboard.sv(52) @ 1955000: uvm_test_top.env.scb [SCB_MATCH] [PC: 80000238 | INSTR: 00000e97] MATCH OK! -> Reg x29 = 0x80000238
UVM_INFO /home/user1/Darshan_Verification/Tanuja/core_uvm/tb/sv/corerv_scoreboard.sv(52) @ 1965000: uvm_test_top.env.scb [SCB_MATCH] [PC: 8000023c | INSTR: 00ce85e7] MATCH OK! -> Reg x11 = 0x80000240
UVM_INFO /home/user1/Darshan_Verification/Tanuja/core_uvm/tb/sv/corerv_scoreboard.sv(52) @ 2005000: uvm_test_top.env.scb [SCB_MATCH] [PC: 80000244 | INSTR: 010f4383] MATCH OK! -> Reg x7 = 0x000000f8
UVM_INFO /home/user1/Darshan_Verification/Tanuja/core_uvm/tb/sv/corerv_scoreboard.sv(52) @ 2035000: uvm_test_top.env.scb [SCB_MATCH] [PC: 80000248 | INSTR: 02960633] MATCH OK! -> Reg x12 = 0xf5b03244
UVM_INFO /home/user1/Darshan_Verification/Tanuja/core_uvm/tb/sv/corerv_scoreboard.sv(52) @ 2045000: uvm_test_top.env.scb [SCB_MATCH] [PC: 8000024c | INSTR: 3406d173] MATCH OK! -> Reg x2 = 0x800001c4
UVM_INFO /home/user1/Darshan_Verification/Tanuja/core_uvm/tb/sv/corerv_scoreboard.sv(56) @ 2055000: uvm_test_top.env.scb [SCB_MATCH] [PC: 80000250 | INSTR: 019f1423] MATCH OK! -> Executed safely
UVM_INFO /home/user1/Darshan_Verification/Tanuja/core_uvm/tb/sv/corerv_scoreboard.sv(52) @ 2065000: uvm_test_top.env.scb [SCB_MATCH] [PC: 80000254 | INSTR: 0ab68293] MATCH OK! -> Reg x5 = 0x000000ab
UVM_INFO /home/user1/Darshan_Verification/Tanuja/core_uvm/tb/sv/corerv_scoreboard.sv(52) @ 2075000: uvm_test_top.env.scb [SCB_MATCH] [PC: 80000258 | INSTR: 0cf22713] MATCH OK! -> Reg x14 = 0x00000001
UVM_INFO /home/user1/Darshan_Verification/Tanuja/core_uvm/tb/sv/corerv_scoreboard.sv(56) @ 2085000: uvm_test_top.env.scb [SCB_MATCH] [PC: 8000025c | INSTR: 00cf1e23] MATCH OK! -> Executed safely
UVM_INFO /home/user1/Darshan_Verification/Tanuja/core_uvm/tb/sv/corerv_scoreboard.sv(52) @ 2095000: uvm_test_top.env.scb [SCB_MATCH] [PC: 80000260 | INSTR: a8487713] MATCH OK! -> Reg x14 = 0x608b3000
UVM_INFO /home/user1/Darshan_Verification/Tanuja/core_uvm/tb/sv/corerv_scoreboard.sv(56) @ 2105000: uvm_test_top.env.scb [SCB_MATCH] [PC: 80000264 | INSTR: 00487463] MATCH OK! -> Executed safely
UVM_INFO /home/user1/Darshan_Verification/Tanuja/core_uvm/tb/sv/corerv_scoreboard.sv(52) @ 2145000: uvm_test_top.env.scb [SCB_MATCH] [PC: 8000026c | INSTR: 340a3973] MATCH OK! -> Reg x18 = 0x0000000d
UVM_INFO /home/user1/Darshan_Verification/Tanuja/core_uvm/tb/sv/corerv_scoreboard.sv(52) @ 2155000: uvm_test_top.env.scb [SCB_MATCH] [PC: 80000270 | INSTR: 3403ebf3] MATCH OK! -> Reg x23 = 0x0000000d
UVM_INFO /home/user1/Darshan_Verification/Tanuja/core_uvm/tb/sv/corerv_scoreboard.sv(52) @ 2165000: uvm_test_top.env.scb [SCB_MATCH] [PC: 80000274 | INSTR: 340c5373] MATCH OK! -> Reg x6 = 0x0000000f
UVM_INFO /home/user1/Darshan_Verification/Tanuja/core_uvm/tb/sv/corerv_scoreboard.sv(52) @ 2175000: uvm_test_top.env.scb [SCB_MATCH] [PC: 80000278 | INSTR: 01c73b33] MATCH OK! -> Reg x22 = 0x00000000
UVM_INFO /home/user1/Darshan_Verification/Tanuja/core_uvm/tb/sv/corerv_scoreboard.sv(52) @ 2185000: uvm_test_top.env.scb [SCB_MATCH] [PC: 8000027c | INSTR: 3406d773] MATCH OK! -> Reg x14 = 0x00000018
UVM_INFO /home/user1/Darshan_Verification/Tanuja/core_uvm/tb/sv/corerv_scoreboard.sv(52) @ 2195000: uvm_test_top.env.scb [SCB_MATCH] [PC: 80000280 | INSTR: f0e53e37] MATCH OK! -> Reg x28 = 0xf0e53000
UVM_INFO /home/user1/Darshan_Verification/Tanuja/core_uvm/tb/sv/corerv_scoreboard.sv(52) @ 2205000: uvm_test_top.env.scb [SCB_MATCH] [PC: 80000284 | INSTR: 2854e593] MATCH OK! -> Reg x11 = 0xe79fd3bd
UVM_INFO /home/user1/Darshan_Verification/Tanuja/core_uvm/tb/sv/corerv_scoreboard.sv(52) @ 2215000: uvm_test_top.env.scb [SCB_MATCH] [PC: 80000288 | INSTR: 0080096f] MATCH OK! -> Reg x18 = 0x8000028c
UVM_INFO /home/user1/Darshan_Verification/Tanuja/core_uvm/tb/sv/corerv_scoreboard.sv(52) @ 2255000: uvm_test_top.env.scb [SCB_MATCH] [PC: 80000290 | INSTR: 41a4d893] MATCH OK! -> Reg x17 = 0xfffffff9
UVM_INFO /home/user1/Darshan_Verification/Tanuja/core_uvm/tb/sv/corerv_scoreboard.sv(52) @ 2265000: uvm_test_top.env.scb [SCB_MATCH] [PC: 80000294 | INSTR: de695897] MATCH OK! -> Reg x17 = 0x5e695294
UVM_INFO /home/user1/Darshan_Verification/Tanuja/core_uvm/tb/sv/corerv_scoreboard.sv(52) @ 2275000: uvm_test_top.env.scb [SCB_MATCH] [PC: 80000298 | INSTR: 34039273] MATCH OK! -> Reg x4 = 0x0000000d
UVM_INFO /home/user1/Darshan_Verification/Tanuja/core_uvm/tb/sv/corerv_scoreboard.sv(56) @ 2285000: uvm_test_top.env.scb [SCB_MATCH] [PC: 8000029c | INSTR: 0090e463] MATCH OK! -> Executed safely
[SCB DEBUG] Data Mismatch! Reg: x15 | RTL Val: 0xb10c61f8 | Spike Val: 0xf8
UVM_FATAL /home/user1/Darshan_Verification/Tanuja/core_uvm/tb/sv/corerv_scoreboard.sv(47) @ 2325000: uvm_test_top.env.scb [SCB_MISMATCH] Mismatch at PC: 800002a4 | INSTR: 340877f3 | Reg: x15 | RTL Val: b10c61f8

--- UVM Report Summary ---

** Report counts by severity
UVM_INFO :  157
UVM_WARNING :    0
UVM_ERROR :    0
UVM_FATAL :    1
** Report counts by id
[MON_MEM]     1
[RNTST]     1
[SCB_MATCH]   154
[SCB_MISMATCH]     1
[TEST]     1
$finish called from file "/home/install/synopsys_tools/VCS/vcs/U-2023.03/etc/uvm/base/uvm_report_object.svh", line 292.
$finish at simulation time              2325000

---------------------------------------------------------------------------
VCS Coverage Metrics: during simulation line, cond, FSM, branch, tgl was monitored
---------------------------------------------------------------------------

 Coverage status: End of All Coverages ...

           V C S   S i m u l a t i o n   R e p o r t 
Time: 2325000 ps
CPU Time:      0.370 seconds;       Data structure size:   3.0Mb
Wed Sep 30 14:21:56 2026
