------------------------------------------------------------------------
                      SPIKE GOLDEN TRACE LOG                            
------------------------------------------------------------------------
PC: [0x80000000] INSTR: [0x80010f37] | WRITE REG: x30 = 0x80010000
PC: [0x80000004] INSTR: [0x1b100093] | WRITE REG: x 1 = 0x000001b1
PC: [0x80000008] INSTR: [0xf7600113] | WRITE REG: x 2 = 0xffffff76
PC: [0x8000000c] INSTR: [0xeff00193] | WRITE REG: x 3 = 0xfffffeff
PC: [0x80000010] INSTR: [0xfed00213] | WRITE REG: x 4 = 0xffffffed
PC: [0x80000014] INSTR: [0x26d00293] | WRITE REG: x 5 = 0x0000026d
PC: [0x80000018] INSTR: [0x13d00313] | WRITE REG: x 6 = 0x0000013d
PC: [0x8000001c] INSTR: [0x3d400393] | WRITE REG: x 7 = 0x000003d4
PC: [0x80000020] INSTR: [0x07700413] | WRITE REG: x 8 = 0x00000077
PC: [0x80000024] INSTR: [0xd6500493] | WRITE REG: x 9 = 0xfffffd65
PC: [0x80000028] INSTR: [0x019f1223] | NO_REG_WRITE
PC: [0x8000002c] INSTR: [0x340df173] | WRITE REG: x 2 = 0x00000000
PC: [0x80000030] INSTR: [0x4040d413] | WRITE REG: x 8 = 0x0000001b
PC: [0x80000034] INSTR: [0x01a316b3] | WRITE REG: x13 = 0x0000013d
PC: [0x80000038] INSTR: [0x340536f3] | WRITE REG: x13 = 0x00000000
PC: [0x8000003c] INSTR: [0x340cadf3] | WRITE REG: x27 = 0x00000000
PC: [0x80000040] INSTR: [0x24338a93] | WRITE REG: x21 = 0x00000617
PC: [0x80000044] INSTR: [0x97423797] | WRITE REG: x15 = 0x17423044
PC: [0x80000048] INSTR: [0x34256513] | WRITE REG: x10 = 0x00000342
PC: [0x8000004c] INSTR: [0x30209737] | WRITE REG: x14 = 0x30209000
PC: [0x80000050] INSTR: [0x340b23f3] | WRITE REG: x 7 = 0x00000000
PC: [0x80000054] INSTR: [0x44418913] | WRITE REG: x18 = 0x00000343
PC: [0x80000058] INSTR: [0x0086d463] | NO_REG_WRITE
PC: [0x8000005c] INSTR: [0x00168b13] | WRITE REG: x22 = 0x00000001
PC: [0x80000060] INSTR: [0x01bf1e23] | NO_REG_WRITE
PC: [0x80000064] INSTR: [0x01e09e13] | WRITE REG: x28 = 0x40000000
PC: [0x80000068] INSTR: [0x018f2a03] | WRITE REG: x20 = 0x00000000
PC: [0x8000006c] INSTR: [0x1a1cc4b7] | WRITE REG: x 9 = 0x1a1cc000
PC: [0x80000070] INSTR: [0x340d2c73] | WRITE REG: x24 = 0x00000000
PC: [0x80000074] INSTR: [0x012be2b3] | WRITE REG: x 5 = 0x00000343
PC: [0x80000078] INSTR: [0x00000e97] | WRITE REG: x29 = 0x80000078
PC: [0x8000007c] INSTR: [0x00ce8c67] | WRITE REG: x24 = 0x80000080
PC: [0x80000084] INSTR: [0x010f2903] | WRITE REG: x18 = 0x00000000
PC: [0x80000088] INSTR: [0x008000ef] | WRITE REG: x 1 = 0x8000008c
PC: [0x80000090] INSTR: [0x340d24f3] | WRITE REG: x 9 = 0x00000000
PC: [0x80000094] INSTR: [0x036c8bb3] | WRITE REG: x23 = 0x00000000
PC: [0x80000098] INSTR: [0xd6774693] | WRITE REG: x13 = 0xcfdf6d67
PC: [0x8000009c] INSTR: [0x035203b3] | WRITE REG: x 7 = 0xffff8c4b
PC: [0x800000a0] INSTR: [0x40c1d413] | WRITE REG: x 8 = 0xffffffff
PC: [0x800000a4] INSTR: [0x14650837] | WRITE REG: x16 = 0x14650000
PC: [0x800000a8] INSTR: [0x00a79463] | NO_REG_WRITE
PC: [0x800000b0] INSTR: [0x007c8c33] | WRITE REG: x24 = 0xffff8c4b
PC: [0x800000b4] INSTR: [0x00061293] | WRITE REG: x 5 = 0x00000000
PC: [0x800000b8] INSTR: [0x00cf2603] | WRITE REG: x12 = 0x00000000
PC: [0x800000bc] INSTR: [0x0080046f] | WRITE REG: x 8 = 0x800000c0
PC: [0x800000c4] INSTR: [0x0954f613] | WRITE REG: x12 = 0x00000000
PC: [0x800000c8] INSTR: [0x03529d33] | WRITE REG: x26 = 0x00000000
PC: [0x800000cc] INSTR: [0xa2e16793] | WRITE REG: x15 = 0xfffffa2e
PC: [0x800000d0] INSTR: [0x34097273] | WRITE REG: x 4 = 0x00000000
PC: [0x800000d4] INSTR: [0x40b15d13] | WRITE REG: x26 = 0x00000000
PC: [0x800000d8] INSTR: [0x3401b0f3] | WRITE REG: x 1 = 0x00000000
PC: [0x800000dc] INSTR: [0x1ba26793] | WRITE REG: x15 = 0x000001ba
PC: [0x800000e0] INSTR: [0x02819c33] | WRITE REG: x24 = 0x00000080
PC: [0x800000e4] INSTR: [0x340eecf3] | WRITE REG: x25 = 0x00000000
PC: [0x800000e8] INSTR: [0x340628f3] | WRITE REG: x17 = 0x0000001d
PC: [0x800000ec] INSTR: [0x02780b33] | WRITE REG: x22 = 0x35970000
PC: [0x800000f0] INSTR: [0x004f2103] | WRITE REG: x 2 = 0x00000000
PC: [0x800000f4] INSTR: [0x008f2623] | NO_REG_WRITE
PC: [0x800000f8] INSTR: [0x340c5373] | WRITE REG: x 6 = 0x0000001d
PC: [0x800000fc] INSTR: [0x004f5583] | WRITE REG: x11 = 0x00000000
PC: [0x80000100] INSTR: [0x7757ab93] | WRITE REG: x23 = 0x00000001
PC: [0x80000104] INSTR: [0x024b1633] | WRITE REG: x12 = 0x00000000
PC: [0x80000108] INSTR: [0x00cd1513] | WRITE REG: x10 = 0x00000000
PC: [0x8000010c] INSTR: [0x0108d793] | WRITE REG: x15 = 0x00000000
PC: [0x80000110] INSTR: [0x40aa0ab3] | WRITE REG: x21 = 0x00000000
PC: [0x80000114] INSTR: [0x340d64f3] | WRITE REG: x 9 = 0x00000018
PC: [0x80000118] INSTR: [0x00c8c463] | NO_REG_WRITE
PC: [0x8000011c] INSTR: [0x00188a13] | WRITE REG: x20 = 0x0000001e
PC: [0x80000120] INSTR: [0x80297c37] | WRITE REG: x24 = 0x80297000
PC: [0x80000124] INSTR: [0x01487333] | WRITE REG: x 6 = 0x00000000
PC: [0x80000128] INSTR: [0x013d20b3] | WRITE REG: x 1 = 0x00000000
PC: [0x8000012c] INSTR: [0x4b7e80b7] | WRITE REG: x 1 = 0x4b7e8000
PC: [0x80000130] INSTR: [0x340c2df3] | WRITE REG: x27 = 0x0000001a
PC: [0x80000134] INSTR: [0x340a9c73] | WRITE REG: x24 = 0x8029701a
PC: [0x80000138] INSTR: [0x7099c2b7] | WRITE REG: x 5 = 0x7099c000
PC: [0x8000013c] INSTR: [0x3401aa73] | WRITE REG: x20 = 0x00000000
PC: [0x80000140] INSTR: [0x039397b3] | WRITE REG: x15 = 0x00000000
PC: [0x80000144] INSTR: [0x014f0703] | WRITE REG: x14 = 0x00000000
PC: [0x80000148] INSTR: [0x00cf1603] | WRITE REG: x12 = 0x000000c0
PC: [0x8000014c] INSTR: [0x41fdd593] | WRITE REG: x11 = 0x00000000
PC: [0x80000150] INSTR: [0x340c39f3] | WRITE REG: x19 = 0xfffffeff
PC: [0x80000154] INSTR: [0xf0913c93] | WRITE REG: x25 = 0x00000001
PC: [0x80000158] INSTR: [0x340cd8f3] | WRITE REG: x17 = 0x7fd68ee5
PC: [0x8000015c] INSTR: [0x792357b7] | WRITE REG: x15 = 0x79235000
PC: [0x80000160] INSTR: [0x40988833] | WRITE REG: x16 = 0x7fd68ecd
PC: [0x80000164] INSTR: [0x00c19463] | NO_REG_WRITE
PC: [0x8000016c] INSTR: [0x40e75693] | WRITE REG: x13 = 0x00000000
PC: [0x80000170] INSTR: [0xcd2bcb97] | WRITE REG: x23 = 0x4d2bc170
PC: [0x80000174] INSTR: [0x4093dc93] | WRITE REG: x25 = 0xffffffc6
PC: [0x80000178] INSTR: [0x0050de13] | WRITE REG: x28 = 0x025bf400
PC: [0x8000017c] INSTR: [0x012e6533] | WRITE REG: x10 = 0x025bf400
PC: [0x80000180] INSTR: [0x00229463] | NO_REG_WRITE
PC: [0x80000188] INSTR: [0x02bd09b3] | WRITE REG: x19 = 0x00000000
PC: [0x8000018c] INSTR: [0x032d1d33] | WRITE REG: x26 = 0x00000000
PC: [0x80000190] INSTR: [0x462ba297] | WRITE REG: x 5 = 0xc62ba190
PC: [0x80000194] INSTR: [0x340dad73] | WRITE REG: x26 = 0x00000019
PC: [0x80000198] INSTR: [0x41025d13] | WRITE REG: x26 = 0x00000000
PC: [0x8000019c] INSTR: [0x00800d6f] | WRITE REG: x26 = 0x800001a0
PC: [0x800001a4] INSTR: [0x1831ab13] | WRITE REG: x22 = 0x00000001
PC: [0x800001a8] INSTR: [0x3408a0f3] | WRITE REG: x 1 = 0x0000001b
PC: [0x800001ac] INSTR: [0x01169a13] | WRITE REG: x20 = 0x00000000
PC: [0x800001b0] INSTR: [0x3409b673] | WRITE REG: x12 = 0x7fd68eff
PC: [0x800001b4] INSTR: [0x022191b3] | WRITE REG: x 3 = 0x00000000
PC: [0x800001b8] INSTR: [0x008c5993] | WRITE REG: x19 = 0x00802970
PC: [0x800001bc] INSTR: [0x679fd497] | WRITE REG: x 9 = 0xe79fd1bc
PC: [0x800001c0] INSTR: [0x00800bef] | WRITE REG: x23 = 0x800001c4
PC: [0x800001c8] INSTR: [0x297e2d97] | WRITE REG: x27 = 0xa97e21c8
PC: [0x800001cc] INSTR: [0xfa4cc713] | WRITE REG: x14 = 0x00000062
PC: [0x800001d0] INSTR: [0x866e2a37] | WRITE REG: x20 = 0x866e2000
PC: [0x800001d4] INSTR: [0x200d3ab7] | WRITE REG: x21 = 0x200d3000
PC: [0x800001d8] INSTR: [0x340b95f3] | WRITE REG: x11 = 0x7fd68eff
PC: [0x800001dc] INSTR: [0x41baa317] | WRITE REG: x 6 = 0xc1baa1dc
PC: [0x800001e0] INSTR: [0x00c94463] | NO_REG_WRITE
PC: [0x800001e8] INSTR: [0x81504417] | WRITE REG: x 8 = 0x015041e8
PC: [0x800001ec] INSTR: [0x01117463] | NO_REG_WRITE
PC: [0x800001f0] INSTR: [0x00110893] | WRITE REG: x17 = 0x00000001
PC: [0x800001f4] INSTR: [0x608b35b7] | WRITE REG: x11 = 0x608b3000
PC: [0x800001f8] INSTR: [0x310c6197] | WRITE REG: x 3 = 0xb10c61f8
PC: [0x800001fc] INSTR: [0x01475993] | WRITE REG: x19 = 0x00000000
PC: [0x80000200] INSTR: [0x05d7b313] | WRITE REG: x 6 = 0x00000000
PC: [0x80000204] INSTR: [0x00800d6f] | WRITE REG: x26 = 0x80000208
PC: [0x8000020c] INSTR: [0x01556a33] | WRITE REG: x20 = 0x225ff400
PC: [0x80000210] INSTR: [0x016dd293] | WRITE REG: x 5 = 0x000002a5
PC: [0x80000214] INSTR: [0x031b0c33] | WRITE REG: x24 = 0x00000001
PC: [0x80000218] INSTR: [0x003f2823] | NO_REG_WRITE
PC: [0x8000021c] INSTR: [0x00fe5713] | WRITE REG: x14 = 0x000004b7
PC: [0x80000220] INSTR: [0x02658ab3] | WRITE REG: x21 = 0x00000000
PC: [0x80000224] INSTR: [0x008001ef] | WRITE REG: x 3 = 0x80000228
PC: [0x8000022c] INSTR: [0x34dbab93] | WRITE REG: x23 = 0x00000001
PC: [0x80000230] INSTR: [0x0155d833] | WRITE REG: x16 = 0x608b3000
PC: [0x80000234] INSTR: [0x859aa9b7] | WRITE REG: x19 = 0x859aa000
PC: [0x80000238] INSTR: [0x00000e97] | WRITE REG: x29 = 0x80000238
PC: [0x8000023c] INSTR: [0x00ce85e7] | WRITE REG: x11 = 0x80000240
PC: [0x80000244] INSTR: [0x010f4383] | WRITE REG: x 7 = 0x000000f8
PC: [0x80000248] INSTR: [0x02960633] | WRITE REG: x12 = 0xf5b03244
PC: [0x8000024c] INSTR: [0x3406d173] | WRITE REG: x 2 = 0x800001c4
PC: [0x80000250] INSTR: [0x019f1423] | NO_REG_WRITE
PC: [0x80000254] INSTR: [0x0ab68293] | WRITE REG: x 5 = 0x000000ab
PC: [0x80000258] INSTR: [0x0cf22713] | WRITE REG: x14 = 0x00000001
PC: [0x8000025c] INSTR: [0x00cf1e23] | NO_REG_WRITE
PC: [0x80000260] INSTR: [0xa8487713] | WRITE REG: x14 = 0x608b3000
PC: [0x80000264] INSTR: [0x00487463] | NO_REG_WRITE
PC: [0x8000026c] INSTR: [0x340a3973] | WRITE REG: x18 = 0x0000000d
PC: [0x80000270] INSTR: [0x3403ebf3] | WRITE REG: x23 = 0x0000000d
PC: [0x80000274] INSTR: [0x340c5373] | WRITE REG: x 6 = 0x0000000f
PC: [0x80000278] INSTR: [0x01c73b33] | WRITE REG: x22 = 0x00000000
PC: [0x8000027c] INSTR: [0x3406d773] | WRITE REG: x14 = 0x00000018
PC: [0x80000280] INSTR: [0xf0e53e37] | WRITE REG: x28 = 0xf0e53000
PC: [0x80000284] INSTR: [0x2854e593] | WRITE REG: x11 = 0xe79fd3bd
PC: [0x80000288] INSTR: [0x0080096f] | WRITE REG: x18 = 0x8000028c
PC: [0x80000290] INSTR: [0x41a4d893] | WRITE REG: x17 = 0xfffffff9
PC: [0x80000294] INSTR: [0xde695897] | WRITE REG: x17 = 0x5e695294
PC: [0x80000298] INSTR: [0x34039273] | WRITE REG: x 4 = 0x0000000d
PC: [0x8000029c] INSTR: [0x0090e463] | NO_REG_WRITE
PC: [0x800002a4] INSTR: [0x340877f3] | WRITE REG: x15 = 0x000000f8
 >>> [DATA BUG] Mismatch on x15! Expected RTL: 0xb10c61f8 | Spike: 0xf8
