------------------------------------------------------------------------
                       RTL EXECUTION TRACE LOG                          
------------------------------------------------------------------------
PC: [0x80000000] INSTR: [0x80010f37] | WRITE REG: x30 = 0x80010000
PC: [0x80000004] INSTR: [0xe9900093] | WRITE REG: x1  = 0xfffffe99
PC: [0x80000008] INSTR: [0x1c000113] | WRITE REG: x2  = 0x000001c0
PC: [0x8000000c] INSTR: [0x28f00193] | WRITE REG: x3  = 0x0000028f
PC: [0x80000010] INSTR: [0xc9500213] | WRITE REG: x4  = 0xfffffc95
PC: [0x80000014] INSTR: [0x1a700293] | WRITE REG: x5  = 0x000001a7
PC: [0x80000018] INSTR: [0x2ad00313] | WRITE REG: x6  = 0x000002ad
PC: [0x8000001c] INSTR: [0xc1f00393] | WRITE REG: x7  = 0xfffffc1f
PC: [0x80000020] INSTR: [0xc9100413] | WRITE REG: x8  = 0xfffffc91
PC: [0x80000024] INSTR: [0xfdc00493] | WRITE REG: x9  = 0xffffffdc
PC: [0x80000028] INSTR: [0x2f959b17] | WRITE REG: x22 = 0xaf959028
PC: [0x8000002c] INSTR: [0x00cf1803] | WRITE REG: x16 = 0x00000000
PC: [0x80000030] INSTR: [0xe0fd2993] | WRITE REG: x19 = 0x00000000
PC: [0x80000034] INSTR: [0x482df837] | WRITE REG: x16 = 0x482df000
PC: [0x80000038] INSTR: [0x40c25e13] | WRITE REG: x28 = 0xffffffff
PC: [0x8000003c] INSTR: [0x340462f3] | WRITE REG: x5  = 0x00000000
PC: [0x80000040] INSTR: [0x3407a7f3] | WRITE REG: x15 = 0x00000008
PC: [0x80000044] INSTR: [0x9af10e13] | WRITE REG: x28 = 0xfffffb6f
PC: [0x80000048] INSTR: [0x008f2d83] | WRITE REG: x27 = 0x00000000
PC: [0x8000004c] INSTR: [0x008f1803] | WRITE REG: x16 = 0x00000000
PC: [0x80000050] INSTR: [0x010f4783] | WRITE REG: x15 = 0x00000000
PC: [0x80000054] INSTR: [0x018f4903] | WRITE REG: x18 = 0x00000000
PC: [0x80000058] INSTR: [0x00e77463] | NO_REG_WRITE
PC: [0x80000060] INSTR: [0xe027ea13] | WRITE REG: x20 = 0xfffffe02
PC: [0x80000064] INSTR: [0x30b14213] | WRITE REG: x4  = 0x000002cb
PC: [0x80000068] INSTR: [0xe3ef0617] | WRITE REG: x12 = 0x63ef0068
PC: [0x8000006c] INSTR: [0x008005ef] | WRITE REG: x11 = 0x80000070
PC: [0x80000074] INSTR: [0x019d5493] | WRITE REG: x9  = 0x00000000
PC: [0x80000078] INSTR: [0x34065673] | WRITE REG: x12 = 0x00000008
PC: [0x8000007c] INSTR: [0x008000ef] | WRITE REG: x1  = 0x80000080
PC: [0x80000084] INSTR: [0x4d279db7] | WRITE REG: x27 = 0x4d279000
PC: [0x80000088] INSTR: [0xa8f6a993] | WRITE REG: x19 = 0x00000000
PC: [0x8000008c] INSTR: [0x3405b1f3] | WRITE REG: x3  = 0x0000000c
PC: [0x80000090] INSTR: [0x01db1693] | WRITE REG: x13 = 0x00000000
PC: [0x80000094] INSTR: [0x02b280b3] | WRITE REG: x1  = 0x00000000
PC: [0x80000098] INSTR: [0x3215eb93] | WRITE REG: x23 = 0x80000371
PC: [0x8000009c] INSTR: [0x340ba7f3] | WRITE REG: x15 = 0x0000000c
PC: [0x800000a0] INSTR: [0x03630733] | WRITE REG: x14 = 0xd332bb08
PC: [0x800000a4] INSTR: [0x002f0623] | NO_REG_WRITE
PC: [0x800000a8] INSTR: [0x340a3873] | WRITE REG: x16 = 0x8000037d
PC: [0x800000ac] INSTR: [0x0030dc13] | WRITE REG: x24 = 0x00000000
PC: [0x800000b0] INSTR: [0xf717c113] | WRITE REG: x2  = 0xffffff7d
PC: [0x800000b4] INSTR: [0x017324b3] | WRITE REG: x9  = 0x00000000
PC: [0x800000b8] INSTR: [0xc6526cb7] | WRITE REG: x25 = 0xc6526000
PC: [0x800000bc] INSTR: [0x340d23f3] | WRITE REG: x7  = 0x0000017d
PC: [0x800000c0] INSTR: [0x001e7c33] | WRITE REG: x24 = 0x00000000
PC: [0x800000c4] INSTR: [0xba7582b7] | WRITE REG: x5  = 0xba758000
PC: [0x800000c8] INSTR: [0x340366f3] | WRITE REG: x13 = 0x0000017d
PC: [0x800000cc] INSTR: [0x340152f3] | WRITE REG: x5  = 0x0000017f
PC: [0x800000d0] INSTR: [0x002099b3] | WRITE REG: x19 = 0x00000000
PC: [0x800000d4] INSTR: [0x008000ef] | WRITE REG: x1  = 0x800000d8
PC: [0x800000dc] INSTR: [0x4e313d93] | WRITE REG: x27 = 0x00000000
PC: [0x800000e0] INSTR: [0x0080e463] | NO_REG_WRITE
PC: [0x800000e8] INSTR: [0x67a3a517] | WRITE REG: x10 = 0xe7a3a0e8
PC: [0x800000ec] INSTR: [0x00000e97] | WRITE REG: x29 = 0x800000ec
PC: [0x800000f0] INSTR: [0x00ce8ae7] | WRITE REG: x21 = 0x800000f4
PC: [0x800000f8] INSTR: [0x01391463] | NO_REG_WRITE
PC: [0x800000fc] INSTR: [0x00190193] | WRITE REG: x3  = 0x00000001
PC: [0x80000100] INSTR: [0x00000e97] | WRITE REG: x29 = 0x80000100
PC: [0x80000104] INSTR: [0x00ce81e7] | WRITE REG: x3  = 0x80000108
PC: [0x8000010c] INSTR: [0x039bae37] | WRITE REG: x28 = 0x039ba000
PC: [0x80000110] INSTR: [0x017b1793] | WRITE REG: x15 = 0x14000000
PC: [0x80000114] INSTR: [0x94872a97] | WRITE REG: x21 = 0x14872114
PC: [0x80000118] INSTR: [0x7effed97] | WRITE REG: x27 = 0xfeffe118
PC: [0x8000011c] INSTR: [0x011f2423] | NO_REG_WRITE
PC: [0x80000120] INSTR: [0x012d5463] | NO_REG_WRITE
PC: [0x80000128] INSTR: [0x403b5d33] | WRITE REG: x26 = 0xffaf9590
PC: [0x8000012c] INSTR: [0x039f1023] | NO_REG_WRITE
PC: [0x80000130] INSTR: [0x00eb3cb3] | WRITE REG: x25 = 0x00000001
PC: [0x80000134] INSTR: [0x7b9c3517] | WRITE REG: x10 = 0xfb9c3134
PC: [0x80000138] INSTR: [0x2d6d8113] | WRITE REG: x2  = 0xfeffe3ee
PC: [0x8000013c] INSTR: [0x00800a6f] | WRITE REG: x20 = 0x80000140
PC: [0x80000144] INSTR: [0x01cf1023] | NO_REG_WRITE
PC: [0x80000148] INSTR: [0x018f1803] | WRITE REG: x16 = 0x00000000
PC: [0x8000014c] INSTR: [0x008cd393] | WRITE REG: x7  = 0x00000000
PC: [0x80000150] INSTR: [0x340b63f3] | WRITE REG: x7  = 0x00000002
PC: [0x80000154] INSTR: [0x02431633] | WRITE REG: x12 = 0x00000000
PC: [0x80000158] INSTR: [0x00000e97] | WRITE REG: x29 = 0x80000158
PC: [0x8000015c] INSTR: [0x00ce86e7] | WRITE REG: x13 = 0x80000160
PC: [0x80000164] INSTR: [0x0022d313] | WRITE REG: x6  = 0x0000005f
PC: [0x80000168] INSTR: [0x008007ef] | WRITE REG: x15 = 0x8000016c
PC: [0x80000170] INSTR: [0x005e5493] | WRITE REG: x9  = 0x001cdd00
PC: [0x80000174] INSTR: [0x1a20e0b7] | WRITE REG: x1  = 0x1a20e000
PC: [0x80000178] INSTR: [0x03599533] | WRITE REG: x10 = 0x00000000
PC: [0x8000017c] INSTR: [0x02f80cb3] | WRITE REG: x25 = 0x00000000
PC: [0x80000180] INSTR: [0x01ed5093] | WRITE REG: x1  = 0x00000003
PC: [0x80000184] INSTR: [0x03b908b3] | WRITE REG: x17 = 0x00000000
PC: [0x80000188] INSTR: [0x014f1823] | NO_REG_WRITE
PC: [0x8000018c] INSTR: [0x340db0f3] | WRITE REG: x1  = 0x00000016
PC: [0x80000190] INSTR: [0x0080086f] | WRITE REG: x16 = 0x80000194
PC: [0x80000198] INSTR: [0x41015913] | WRITE REG: x18 = 0xfffffeff
PC: [0x8000019c] INSTR: [0x45fdc093] | WRITE REG: x1  = 0xfeffe547
PC: [0x800001a0] INSTR: [0x340416f3] | WRITE REG: x13 = 0x00000006
PC: [0x800001a4] INSTR: [0x01fc5113] | WRITE REG: x2  = 0x00000000
PC: [0x800001a8] INSTR: [0xdc4d2597] | WRITE REG: x11 = 0x5c4d21a8
PC: [0x800001ac] INSTR: [0x01bcf463] | NO_REG_WRITE
PC: [0x800001b0] INSTR: [0x001c8913] | WRITE REG: x18 = 0x00000001
PC: [0x800001b4] INSTR: [0x33049437] | WRITE REG: x8  = 0x33049000
PC: [0x800001b8] INSTR: [0x2ee94d97] | WRITE REG: x27 = 0xaee941b8
PC: [0x800001bc] INSTR: [0x3403f3f3] | WRITE REG: x7  = 0xfffffc91
PC: [0x800001c0] INSTR: [0xecc20193] | WRITE REG: x3  = 0x00000197
PC: [0x800001c4] INSTR: [0xfbeaf417] | WRITE REG: x8  = 0x7beaf1c4
PC: [0x800001c8] INSTR: [0x640e7213] | WRITE REG: x4  = 0x00000000
PC: [0x800001cc] INSTR: [0x84ce0d37] | WRITE REG: x26 = 0x84ce0000
PC: [0x800001d0] INSTR: [0x4d194517] | WRITE REG: x10 = 0xcd1941d0
PC: [0x800001d4] INSTR: [0x000f0603] | WRITE REG: x12 = 0x00000000
PC: [0x800001d8] INSTR: [0x3400b973] | WRITE REG: x18 = 0xfffffc90
PC: [0x800001dc] INSTR: [0x00000e97] | WRITE REG: x29 = 0x800001dc
PC: [0x800001e0] INSTR: [0x00ce8ae7] | WRITE REG: x21 = 0x800001e4
PC: [0x800001e8] INSTR: [0x6bbc4b17] | WRITE REG: x22 = 0xebbc41e8
PC: [0x800001ec] INSTR: [0x0114d633] | WRITE REG: x12 = 0x001cdd00
PC: [0x800001f0] INSTR: [0x00000e97] | WRITE REG: x29 = 0x800001f0
PC: [0x800001f4] INSTR: [0x00ce8567] | WRITE REG: x10 = 0x800001f8
PC: [0x800001fc] INSTR: [0x01530463] | NO_REG_WRITE
PC: [0x80000200] INSTR: [0x00130c13] | WRITE REG: x24 = 0x00000060
PC: [0x80000204] INSTR: [0x00cf5d83] | WRITE REG: x27 = 0x000000c0
PC: [0x80000208] INSTR: [0x340112f3] | WRITE REG: x5  = 0x01001890
PC: [0x8000020c] INSTR: [0x3404be73] | WRITE REG: x28 = 0x00000000
PC: [0x80000210] INSTR: [0x00000e97] | WRITE REG: x29 = 0x80000210
PC: [0x80000214] INSTR: [0x00ce8667] | WRITE REG: x12 = 0x80000218
PC: [0x8000021c] INSTR: [0x34075773] | WRITE REG: x14 = 0x00000000
PC: [0x80000220] INSTR: [0x02728333] | WRITE REG: x6  = 0x90aba990
PC: [0x80000224] INSTR: [0x340d2973] | WRITE REG: x18 = 0x0000000e
PC: [0x80000228] INSTR: [0x015adc93] | WRITE REG: x25 = 0x00000400
PC: [0x8000022c] INSTR: [0x010f0483] | WRITE REG: x9  = 0x00000040
PC: [0x80000230] INSTR: [0x02bd8ab3] | WRITE REG: x21 = 0x39d93e00
PC: [0x80000234] INSTR: [0x41735c93] | WRITE REG: x25 = 0xffffff21
PC: [0x80000238] INSTR: [0x004d5d13] | WRITE REG: x26 = 0x084ce000
PC: [0x8000023c] INSTR: [0x008009ef] | WRITE REG: x19 = 0x80000240
PC: [0x80000244] INSTR: [0x41585293] | WRITE REG: x5  = 0xfffffc00
PC: [0x80000248] INSTR: [0x3409a8f3] | WRITE REG: x17 = 0x84ce000e
PC: [0x8000024c] INSTR: [0x02aa9b33] | WRITE REG: x22 = 0xe3136171
PC: [0x80000250] INSTR: [0x004b7133] | WRITE REG: x2  = 0x00000000
PC: [0x80000254] INSTR: [0x00149093] | WRITE REG: x1  = 0x00000280
 >>> [MISMATCH DETECTED AT THIS STEP]
