--------------------------------------------------------
 Compiling UVM Testbench with Synopsys VCS
--------------------------------------------------------
vcs -full64 -sverilog -ntb_opts uvm -debug_access+all -kdb -timescale=1ns/1ps +lint=TFIPC-L -cm line+cond+fsm+tgl+branch -cm_dir ./coverage.vdb /home/user1/Darshan_Verification/Tanuja/Revital-X-SoC_Core_Verification/rtl/*.sv /home/user1/Darshan_Verification/Tanuja/core_uvm/tb/sv/corerv_if.sv /home/user1/Darshan_Verification/Tanuja/core_uvm/tb/sv/corerv_pkg.sv /home/user1/Darshan_Verification/Tanuja/core_uvm/tb/sv/tb_top.sv ./spike_wrapper.so
Info: [VCS_SAVE_RESTORE_INFO] ASLR (Address Space Layout Randomization) is detected on the machine. To enable $save functionality, ASLR will be switched off and simv re-executed.
Please use '-no_save' simv switch to avoid this.
                         Chronologic VCS (TM)
         Version U-2023.03_Full64 -- Sat Oct 10 04:04:40 2026

                    Copyright (c) 1991 - 2023 Synopsys, Inc.
   This software and the associated documentation are proprietary to Synopsys,
 Inc. This software may only be used in accordance with the terms and conditions
 of a written license agreement with Synopsys, Inc. All other use, reproduction,
   or distribution of this software is strictly prohibited.  Licensed Products
     communicate with Synopsys servers for the purpose of providing software
    updates, detecting software piracy and verifying that customers are using
    Licensed Products in conformity with the applicable License Key for such
  Licensed Products. Synopsys will use information gathered in connection with
    this process to deliver software updates and pursue software pirates and
                                   infringers.

 Inclusivity & Diversity - Visit SolvNetPlus to read the "Synopsys Statement on
            Inclusivity and Diversity" (Refer to article 000036315 at
                        https://solvnetplus.synopsys.com)

Parsing design file '/home/install/synopsys_tools/VCS/vcs/U-2023.03/etc/uvm/uvm_pkg.sv'
Parsing included file '/home/install/synopsys_tools/VCS/vcs/U-2023.03/etc/uvm/uvm_macros.svh'.
Parsing included file '/home/install/synopsys_tools/VCS/vcs/U-2023.03/etc/uvm/macros/uvm_version_defines.svh'.
Back to file '/home/install/synopsys_tools/VCS/vcs/U-2023.03/etc/uvm/uvm_macros.svh'.
Parsing included file '/home/install/synopsys_tools/VCS/vcs/U-2023.03/etc/uvm/macros/snps_macros.svp'.
Back to file '/home/install/synopsys_tools/VCS/vcs/U-2023.03/etc/uvm/uvm_macros.svh'.
Parsing included file '/home/install/synopsys_tools/VCS/vcs/U-2023.03/etc/uvm/macros/uvm_message_defines.svh'.
Back to file '/home/install/synopsys_tools/VCS/vcs/U-2023.03/etc/uvm/uvm_macros.svh'.
Parsing included file '/home/install/synopsys_tools/VCS/vcs/U-2023.03/etc/uvm/macros/uvm_phase_defines.svh'.
Back to file '/home/install/synopsys_tools/VCS/vcs/U-2023.03/etc/uvm/uvm_macros.svh'.
Parsing included file '/home/install/synopsys_tools/VCS/vcs/U-2023.03/etc/uvm/macros/uvm_object_defines.svh'.
Back to file '/home/install/synopsys_tools/VCS/vcs/U-2023.03/etc/uvm/uvm_macros.svh'.
Parsing included file '/home/install/synopsys_tools/VCS/vcs/U-2023.03/etc/uvm/macros/uvm_printer_defines.svh'.
Back to file '/home/install/synopsys_tools/VCS/vcs/U-2023.03/etc/uvm/uvm_macros.svh'.
Parsing included file '/home/install/synopsys_tools/VCS/vcs/U-2023.03/etc/uvm/macros/uvm_tlm_defines.svh'.
Parsing included file '/home/install/synopsys_tools/VCS/vcs/U-2023.03/etc/uvm/tlm1/uvm_tlm_imps.svh'.
Back to file '/home/install/synopsys_tools/VCS/vcs/U-2023.03/etc/uvm/macros/uvm_tlm_defines.svh'.
Back to file '/home/install/synopsys_tools/VCS/vcs/U-2023.03/etc/uvm/uvm_macros.svh'.
Parsing included file '/home/install/synopsys_tools/VCS/vcs/U-2023.03/etc/uvm/macros/uvm_sequence_defines.svh'.
Back to file '/home/install/synopsys_tools/VCS/vcs/U-2023.03/etc/uvm/uvm_macros.svh'.
Parsing included file '/home/install/synopsys_tools/VCS/vcs/U-2023.03/etc/uvm/macros/uvm_callback_defines.svh'.
Back to file '/home/install/synopsys_tools/VCS/vcs/U-2023.03/etc/uvm/uvm_macros.svh'.
Parsing included file '/home/install/synopsys_tools/VCS/vcs/U-2023.03/etc/uvm/macros/uvm_reg_defines.svh'.
Back to file '/home/install/synopsys_tools/VCS/vcs/U-2023.03/etc/uvm/uvm_macros.svh'.
Parsing included file '/home/install/synopsys_tools/VCS/vcs/U-2023.03/etc/uvm/macros/uvm_deprecated_defines.svh'.
Back to file '/home/install/synopsys_tools/VCS/vcs/U-2023.03/etc/uvm/uvm_macros.svh'.
Back to file '/home/install/synopsys_tools/VCS/vcs/U-2023.03/etc/uvm/uvm_pkg.sv'.
Parsing included file '/home/install/synopsys_tools/VCS/vcs/U-2023.03/etc/uvm/directc/uvm_directc.svh'.
Parsing included file '/home/install/synopsys_tools/VCS/vcs/U-2023.03/etc/uvm/directc/uvm_seed.vh'.
Back to file '/home/install/synopsys_tools/VCS/vcs/U-2023.03/etc/uvm/directc/uvm_directc.svh'.
Back to file '/home/install/synopsys_tools/VCS/vcs/U-2023.03/etc/uvm/uvm_pkg.sv'.
Parsing included file '/home/install/synopsys_tools/VCS/vcs/U-2023.03/etc/uvm/dpi/uvm_dpi.svh'.
Parsing included file '/home/install/synopsys_tools/VCS/vcs/U-2023.03/etc/uvm/dpi/uvm_hdl.svh'.
Back to file '/home/install/synopsys_tools/VCS/vcs/U-2023.03/etc/uvm/dpi/uvm_dpi.svh'.
Parsing included file '/home/install/synopsys_tools/VCS/vcs/U-2023.03/etc/uvm/dpi/uvm_svcmd_dpi.svh'.
Back to file '/home/install/synopsys_tools/VCS/vcs/U-2023.03/etc/uvm/dpi/uvm_dpi.svh'.
Parsing included file '/home/install/synopsys_tools/VCS/vcs/U-2023.03/etc/uvm/dpi/uvm_regex.svh'.
Back to file '/home/install/synopsys_tools/VCS/vcs/U-2023.03/etc/uvm/dpi/uvm_dpi.svh'.
Back to file '/home/install/synopsys_tools/VCS/vcs/U-2023.03/etc/uvm/uvm_pkg.sv'.
Parsing included file '/home/install/synopsys_tools/VCS/vcs/U-2023.03/etc/uvm/base/uvm_base.svh'.
Parsing included file '/home/install/synopsys_tools/VCS/vcs/U-2023.03/etc/uvm/base/uvm_version.svh'.
Back to file '/home/install/synopsys_tools/VCS/vcs/U-2023.03/etc/uvm/base/uvm_base.svh'.
Parsing included file '/home/install/synopsys_tools/VCS/vcs/U-2023.03/etc/uvm/base/uvm_object_globals.svh'.
Back to file '/home/install/synopsys_tools/VCS/vcs/U-2023.03/etc/uvm/base/uvm_base.svh'.
Parsing included file '/home/install/synopsys_tools/VCS/vcs/U-2023.03/etc/uvm/base/uvm_misc.svh'.
Back to file '/home/install/synopsys_tools/VCS/vcs/U-2023.03/etc/uvm/base/uvm_base.svh'.
Parsing included file '/home/install/synopsys_tools/VCS/vcs/U-2023.03/etc/uvm/base/uvm_object.svh'.
Back to file '/home/install/synopsys_tools/VCS/vcs/U-2023.03/etc/uvm/base/uvm_base.svh'.
Parsing included file '/home/install/synopsys_tools/VCS/vcs/U-2023.03/etc/uvm/base/uvm_pool.svh'.
Back to file '/home/install/synopsys_tools/VCS/vcs/U-2023.03/etc/uvm/base/uvm_base.svh'.
Parsing included file '/home/install/synopsys_tools/VCS/vcs/U-2023.03/etc/uvm/base/uvm_queue.svh'.
Back to file '/home/install/synopsys_tools/VCS/vcs/U-2023.03/etc/uvm/base/uvm_base.svh'.
Parsing included file '/home/install/synopsys_tools/VCS/vcs/U-2023.03/etc/uvm/base/uvm_factory.svh'.
Back to file '/home/install/synopsys_tools/VCS/vcs/U-2023.03/etc/uvm/base/uvm_base.svh'.
Parsing included file '/home/install/synopsys_tools/VCS/vcs/U-2023.03/etc/uvm/base/uvm_registry.svh'.
Back to file '/home/install/synopsys_tools/VCS/vcs/U-2023.03/etc/uvm/base/uvm_base.svh'.
Parsing included file '/home/install/synopsys_tools/VCS/vcs/U-2023.03/etc/uvm/base/uvm_spell_chkr.svh'.
Back to file '/home/install/synopsys_tools/VCS/vcs/U-2023.03/etc/uvm/base/uvm_base.svh'.
Parsing included file '/home/install/synopsys_tools/VCS/vcs/U-2023.03/etc/uvm/base/uvm_resource.svh'.
Back to file '/home/install/synopsys_tools/VCS/vcs/U-2023.03/etc/uvm/base/uvm_base.svh'.
Parsing included file '/home/install/synopsys_tools/VCS/vcs/U-2023.03/etc/uvm/deprecated/uvm_resource_converter.svh'.
Back to file '/home/install/synopsys_tools/VCS/vcs/U-2023.03/etc/uvm/base/uvm_base.svh'.
Parsing included file '/home/install/synopsys_tools/VCS/vcs/U-2023.03/etc/uvm/base/uvm_resource_specializations.svh'.
Back to file '/home/install/synopsys_tools/VCS/vcs/U-2023.03/etc/uvm/base/uvm_base.svh'.
Parsing included file '/home/install/synopsys_tools/VCS/vcs/U-2023.03/etc/uvm/base/uvm_resource_db.svh'.
Back to file '/home/install/synopsys_tools/VCS/vcs/U-2023.03/etc/uvm/base/uvm_base.svh'.
Parsing included file '/home/install/synopsys_tools/VCS/vcs/U-2023.03/etc/uvm/base/uvm_config_db.svh'.
Back to file '/home/install/synopsys_tools/VCS/vcs/U-2023.03/etc/uvm/base/uvm_base.svh'.
Parsing included file '/home/install/synopsys_tools/VCS/vcs/U-2023.03/etc/uvm/base/uvm_printer.svh'.
Back to file '/home/install/synopsys_tools/VCS/vcs/U-2023.03/etc/uvm/base/uvm_base.svh'.
Parsing included file '/home/install/synopsys_tools/VCS/vcs/U-2023.03/etc/uvm/base/uvm_comparer.svh'.
Back to file '/home/install/synopsys_tools/VCS/vcs/U-2023.03/etc/uvm/base/uvm_base.svh'.
Parsing included file '/home/install/synopsys_tools/VCS/vcs/U-2023.03/etc/uvm/base/uvm_packer.svh'.
Back to file '/home/install/synopsys_tools/VCS/vcs/U-2023.03/etc/uvm/base/uvm_base.svh'.
Parsing included file '/home/install/synopsys_tools/VCS/vcs/U-2023.03/etc/uvm/base/uvm_recorder.svh'.
Back to file '/home/install/synopsys_tools/VCS/vcs/U-2023.03/etc/uvm/base/uvm_base.svh'.
Parsing included file '/home/install/synopsys_tools/VCS/vcs/U-2023.03/etc/uvm/base/uvm_event_callback.svh'.
Back to file '/home/install/synopsys_tools/VCS/vcs/U-2023.03/etc/uvm/base/uvm_base.svh'.
Parsing included file '/home/install/synopsys_tools/VCS/vcs/U-2023.03/etc/uvm/base/uvm_event.svh'.
Back to file '/home/install/synopsys_tools/VCS/vcs/U-2023.03/etc/uvm/base/uvm_base.svh'.
Parsing included file '/home/install/synopsys_tools/VCS/vcs/U-2023.03/etc/uvm/base/uvm_barrier.svh'.
Back to file '/home/install/synopsys_tools/VCS/vcs/U-2023.03/etc/uvm/base/uvm_base.svh'.
Parsing included file '/home/install/synopsys_tools/VCS/vcs/U-2023.03/etc/uvm/base/uvm_callback.svh'.
Parsing included file '/home/install/synopsys_tools/VCS/vcs/U-2023.03/etc/uvm/uvm_macros.svh'.
Back to file '/home/install/synopsys_tools/VCS/vcs/U-2023.03/etc/uvm/base/uvm_callback.svh'.
Back to file '/home/install/synopsys_tools/VCS/vcs/U-2023.03/etc/uvm/base/uvm_base.svh'.
Parsing included file '/home/install/synopsys_tools/VCS/vcs/U-2023.03/etc/uvm/base/uvm_report_catcher.svh'.
Back to file '/home/install/synopsys_tools/VCS/vcs/U-2023.03/etc/uvm/base/uvm_base.svh'.
Parsing included file '/home/install/synopsys_tools/VCS/vcs/U-2023.03/etc/uvm/base/uvm_report_server.svh'.
Back to file '/home/install/synopsys_tools/VCS/vcs/U-2023.03/etc/uvm/base/uvm_base.svh'.
Parsing included file '/home/install/synopsys_tools/VCS/vcs/U-2023.03/etc/uvm/base/uvm_report_handler.svh'.
Back to file '/home/install/synopsys_tools/VCS/vcs/U-2023.03/etc/uvm/base/uvm_base.svh'.
Parsing included file '/home/install/synopsys_tools/VCS/vcs/U-2023.03/etc/uvm/base/uvm_report_object.svh'.
Back to file '/home/install/synopsys_tools/VCS/vcs/U-2023.03/etc/uvm/base/uvm_base.svh'.
Parsing included file '/home/install/synopsys_tools/VCS/vcs/U-2023.03/etc/uvm/base/uvm_transaction.svh'.
Back to file '/home/install/synopsys_tools/VCS/vcs/U-2023.03/etc/uvm/base/uvm_base.svh'.
Parsing included file '/home/install/synopsys_tools/VCS/vcs/U-2023.03/etc/uvm/base/uvm_phase.svh'.
Back to file '/home/install/synopsys_tools/VCS/vcs/U-2023.03/etc/uvm/base/uvm_base.svh'.
Parsing included file '/home/install/synopsys_tools/VCS/vcs/U-2023.03/etc/uvm/base/uvm_domain.svh'.
Back to file '/home/install/synopsys_tools/VCS/vcs/U-2023.03/etc/uvm/base/uvm_base.svh'.
Parsing included file '/home/install/synopsys_tools/VCS/vcs/U-2023.03/etc/uvm/base/uvm_bottomup_phase.svh'.
Back to file '/home/install/synopsys_tools/VCS/vcs/U-2023.03/etc/uvm/base/uvm_base.svh'.
Parsing included file '/home/install/synopsys_tools/VCS/vcs/U-2023.03/etc/uvm/base/uvm_topdown_phase.svh'.
Back to file '/home/install/synopsys_tools/VCS/vcs/U-2023.03/etc/uvm/base/uvm_base.svh'.
Parsing included file '/home/install/synopsys_tools/VCS/vcs/U-2023.03/etc/uvm/base/uvm_task_phase.svh'.
Back to file '/home/install/synopsys_tools/VCS/vcs/U-2023.03/etc/uvm/base/uvm_base.svh'.
Parsing included file '/home/install/synopsys_tools/VCS/vcs/U-2023.03/etc/uvm/base/uvm_common_phases.svh'.
Back to file '/home/install/synopsys_tools/VCS/vcs/U-2023.03/etc/uvm/base/uvm_base.svh'.
Parsing included file '/home/install/synopsys_tools/VCS/vcs/U-2023.03/etc/uvm/base/uvm_runtime_phases.svh'.
Back to file '/home/install/synopsys_tools/VCS/vcs/U-2023.03/etc/uvm/base/uvm_base.svh'.
Parsing included file '/home/install/synopsys_tools/VCS/vcs/U-2023.03/etc/uvm/base/uvm_component.svh'.
Parsing included file '/home/install/synopsys_tools/VCS/vcs/U-2023.03/etc/uvm/base/uvm_root.svh'.
Back to file '/home/install/synopsys_tools/VCS/vcs/U-2023.03/etc/uvm/base/uvm_component.svh'.
Back to file '/home/install/synopsys_tools/VCS/vcs/U-2023.03/etc/uvm/base/uvm_base.svh'.
Parsing included file '/home/install/synopsys_tools/VCS/vcs/U-2023.03/etc/uvm/base/uvm_objection.svh'.
Back to file '/home/install/synopsys_tools/VCS/vcs/U-2023.03/etc/uvm/base/uvm_base.svh'.
Parsing included file '/home/install/synopsys_tools/VCS/vcs/U-2023.03/etc/uvm/base/uvm_heartbeat.svh'.
Back to file '/home/install/synopsys_tools/VCS/vcs/U-2023.03/etc/uvm/base/uvm_base.svh'.
Parsing included file '/home/install/synopsys_tools/VCS/vcs/U-2023.03/etc/uvm/base/uvm_globals.svh'.
Back to file '/home/install/synopsys_tools/VCS/vcs/U-2023.03/etc/uvm/base/uvm_base.svh'.
Parsing included file '/home/install/synopsys_tools/VCS/vcs/U-2023.03/etc/uvm/base/uvm_cmdline_processor.svh'.
Back to file '/home/install/synopsys_tools/VCS/vcs/U-2023.03/etc/uvm/base/uvm_base.svh'.
Back to file '/home/install/synopsys_tools/VCS/vcs/U-2023.03/etc/uvm/uvm_pkg.sv'.
Parsing included file '/home/install/synopsys_tools/VCS/vcs/U-2023.03/etc/uvm/tlm1/uvm_tlm.svh'.
Parsing included file '/home/install/synopsys_tools/VCS/vcs/U-2023.03/etc/uvm/tlm1/uvm_tlm_ifs.svh'.
Back to file '/home/install/synopsys_tools/VCS/vcs/U-2023.03/etc/uvm/tlm1/uvm_tlm.svh'.
Parsing included file '/home/install/synopsys_tools/VCS/vcs/U-2023.03/etc/uvm/tlm1/uvm_sqr_ifs.svh'.
Back to file '/home/install/synopsys_tools/VCS/vcs/U-2023.03/etc/uvm/tlm1/uvm_tlm.svh'.
Parsing included file '/home/install/synopsys_tools/VCS/vcs/U-2023.03/etc/uvm/base/uvm_port_base.svh'.
Back to file '/home/install/synopsys_tools/VCS/vcs/U-2023.03/etc/uvm/tlm1/uvm_tlm.svh'.
Parsing included file '/home/install/synopsys_tools/VCS/vcs/U-2023.03/etc/uvm/tlm1/uvm_tlm_imps.svh'.
Back to file '/home/install/synopsys_tools/VCS/vcs/U-2023.03/etc/uvm/tlm1/uvm_tlm.svh'.
Parsing included file '/home/install/synopsys_tools/VCS/vcs/U-2023.03/etc/uvm/tlm1/uvm_imps.svh'.
Back to file '/home/install/synopsys_tools/VCS/vcs/U-2023.03/etc/uvm/tlm1/uvm_tlm.svh'.
Parsing included file '/home/install/synopsys_tools/VCS/vcs/U-2023.03/etc/uvm/tlm1/uvm_ports.svh'.
Back to file '/home/install/synopsys_tools/VCS/vcs/U-2023.03/etc/uvm/tlm1/uvm_tlm.svh'.
Parsing included file '/home/install/synopsys_tools/VCS/vcs/U-2023.03/etc/uvm/tlm1/uvm_exports.svh'.
Back to file '/home/install/synopsys_tools/VCS/vcs/U-2023.03/etc/uvm/tlm1/uvm_tlm.svh'.
Parsing included file '/home/install/synopsys_tools/VCS/vcs/U-2023.03/etc/uvm/tlm1/uvm_analysis_port.svh'.
Back to file '/home/install/synopsys_tools/VCS/vcs/U-2023.03/etc/uvm/tlm1/uvm_tlm.svh'.
Parsing included file '/home/install/synopsys_tools/VCS/vcs/U-2023.03/etc/uvm/tlm1/uvm_tlm_fifo_base.svh'.
Back to file '/home/install/synopsys_tools/VCS/vcs/U-2023.03/etc/uvm/tlm1/uvm_tlm.svh'.
Parsing included file '/home/install/synopsys_tools/VCS/vcs/U-2023.03/etc/uvm/tlm1/uvm_tlm_fifos.svh'.
Back to file '/home/install/synopsys_tools/VCS/vcs/U-2023.03/etc/uvm/tlm1/uvm_tlm.svh'.
Parsing included file '/home/install/synopsys_tools/VCS/vcs/U-2023.03/etc/uvm/tlm1/uvm_tlm_req_rsp.svh'.
Back to file '/home/install/synopsys_tools/VCS/vcs/U-2023.03/etc/uvm/tlm1/uvm_tlm.svh'.
Parsing included file '/home/install/synopsys_tools/VCS/vcs/U-2023.03/etc/uvm/tlm1/uvm_sqr_connections.svh'.
Back to file '/home/install/synopsys_tools/VCS/vcs/U-2023.03/etc/uvm/tlm1/uvm_tlm.svh'.
Back to file '/home/install/synopsys_tools/VCS/vcs/U-2023.03/etc/uvm/uvm_pkg.sv'.
Parsing included file '/home/install/synopsys_tools/VCS/vcs/U-2023.03/etc/uvm/comps/uvm_comps.svh'.
Parsing included file '/home/install/synopsys_tools/VCS/vcs/U-2023.03/etc/uvm/comps/uvm_pair.svh'.
Back to file '/home/install/synopsys_tools/VCS/vcs/U-2023.03/etc/uvm/comps/uvm_comps.svh'.
Parsing included file '/home/install/synopsys_tools/VCS/vcs/U-2023.03/etc/uvm/comps/uvm_policies.svh'.
Back to file '/home/install/synopsys_tools/VCS/vcs/U-2023.03/etc/uvm/comps/uvm_comps.svh'.
Parsing included file '/home/install/synopsys_tools/VCS/vcs/U-2023.03/etc/uvm/comps/uvm_in_order_comparator.svh'.
Back to file '/home/install/synopsys_tools/VCS/vcs/U-2023.03/etc/uvm/comps/uvm_comps.svh'.
Parsing included file '/home/install/synopsys_tools/VCS/vcs/U-2023.03/etc/uvm/comps/uvm_algorithmic_comparator.svh'.
Back to file '/home/install/synopsys_tools/VCS/vcs/U-2023.03/etc/uvm/comps/uvm_comps.svh'.
Parsing included file '/home/install/synopsys_tools/VCS/vcs/U-2023.03/etc/uvm/comps/uvm_random_stimulus.svh'.
Back to file '/home/install/synopsys_tools/VCS/vcs/U-2023.03/etc/uvm/comps/uvm_comps.svh'.
Parsing included file '/home/install/synopsys_tools/VCS/vcs/U-2023.03/etc/uvm/comps/uvm_subscriber.svh'.
Back to file '/home/install/synopsys_tools/VCS/vcs/U-2023.03/etc/uvm/comps/uvm_comps.svh'.
Parsing included file '/home/install/synopsys_tools/VCS/vcs/U-2023.03/etc/uvm/comps/uvm_monitor.svh'.
Back to file '/home/install/synopsys_tools/VCS/vcs/U-2023.03/etc/uvm/comps/uvm_comps.svh'.
Parsing included file '/home/install/synopsys_tools/VCS/vcs/U-2023.03/etc/uvm/comps/uvm_driver.svh'.
Back to file '/home/install/synopsys_tools/VCS/vcs/U-2023.03/etc/uvm/comps/uvm_comps.svh'.
Parsing included file '/home/install/synopsys_tools/VCS/vcs/U-2023.03/etc/uvm/comps/uvm_push_driver.svh'.
Back to file '/home/install/synopsys_tools/VCS/vcs/U-2023.03/etc/uvm/comps/uvm_comps.svh'.
Parsing included file '/home/install/synopsys_tools/VCS/vcs/U-2023.03/etc/uvm/comps/uvm_scoreboard.svh'.
Back to file '/home/install/synopsys_tools/VCS/vcs/U-2023.03/etc/uvm/comps/uvm_comps.svh'.
Parsing included file '/home/install/synopsys_tools/VCS/vcs/U-2023.03/etc/uvm/comps/uvm_agent.svh'.
Back to file '/home/install/synopsys_tools/VCS/vcs/U-2023.03/etc/uvm/comps/uvm_comps.svh'.
Parsing included file '/home/install/synopsys_tools/VCS/vcs/U-2023.03/etc/uvm/comps/uvm_env.svh'.
Back to file '/home/install/synopsys_tools/VCS/vcs/U-2023.03/etc/uvm/comps/uvm_comps.svh'.
Parsing included file '/home/install/synopsys_tools/VCS/vcs/U-2023.03/etc/uvm/comps/uvm_test.svh'.
Back to file '/home/install/synopsys_tools/VCS/vcs/U-2023.03/etc/uvm/comps/uvm_comps.svh'.
Back to file '/home/install/synopsys_tools/VCS/vcs/U-2023.03/etc/uvm/uvm_pkg.sv'.
Parsing included file '/home/install/synopsys_tools/VCS/vcs/U-2023.03/etc/uvm/seq/uvm_seq.svh'.
Parsing included file '/home/install/synopsys_tools/VCS/vcs/U-2023.03/etc/uvm/seq/uvm_sequence_item.svh'.
Back to file '/home/install/synopsys_tools/VCS/vcs/U-2023.03/etc/uvm/seq/uvm_seq.svh'.
Parsing included file '/home/install/synopsys_tools/VCS/vcs/U-2023.03/etc/uvm/seq/uvm_sequencer_base.svh'.
Back to file '/home/install/synopsys_tools/VCS/vcs/U-2023.03/etc/uvm/seq/uvm_seq.svh'.
Parsing included file '/home/install/synopsys_tools/VCS/vcs/U-2023.03/etc/uvm/seq/uvm_sequencer_analysis_fifo.svh'.
Back to file '/home/install/synopsys_tools/VCS/vcs/U-2023.03/etc/uvm/seq/uvm_seq.svh'.
Parsing included file '/home/install/synopsys_tools/VCS/vcs/U-2023.03/etc/uvm/seq/uvm_sequencer_param_base.svh'.
Back to file '/home/install/synopsys_tools/VCS/vcs/U-2023.03/etc/uvm/seq/uvm_seq.svh'.
Parsing included file '/home/install/synopsys_tools/VCS/vcs/U-2023.03/etc/uvm/seq/uvm_sequencer.svh'.
Back to file '/home/install/synopsys_tools/VCS/vcs/U-2023.03/etc/uvm/seq/uvm_seq.svh'.
Parsing included file '/home/install/synopsys_tools/VCS/vcs/U-2023.03/etc/uvm/seq/uvm_push_sequencer.svh'.
Back to file '/home/install/synopsys_tools/VCS/vcs/U-2023.03/etc/uvm/seq/uvm_seq.svh'.
Parsing included file '/home/install/synopsys_tools/VCS/vcs/U-2023.03/etc/uvm/seq/uvm_sequence_base.svh'.
Back to file '/home/install/synopsys_tools/VCS/vcs/U-2023.03/etc/uvm/seq/uvm_seq.svh'.
Parsing included file '/home/install/synopsys_tools/VCS/vcs/U-2023.03/etc/uvm/seq/uvm_sequence.svh'.
Back to file '/home/install/synopsys_tools/VCS/vcs/U-2023.03/etc/uvm/seq/uvm_seq.svh'.
Parsing included file '/home/install/synopsys_tools/VCS/vcs/U-2023.03/etc/uvm/seq/uvm_sequence_library.svh'.
Back to file '/home/install/synopsys_tools/VCS/vcs/U-2023.03/etc/uvm/seq/uvm_seq.svh'.
Parsing included file '/home/install/synopsys_tools/VCS/vcs/U-2023.03/etc/uvm/seq/uvm_sequence_builtin.svh'.
Back to file '/home/install/synopsys_tools/VCS/vcs/U-2023.03/etc/uvm/seq/uvm_seq.svh'.
Back to file '/home/install/synopsys_tools/VCS/vcs/U-2023.03/etc/uvm/uvm_pkg.sv'.
Parsing included file '/home/install/synopsys_tools/VCS/vcs/U-2023.03/etc/uvm/tlm2/uvm_tlm2.svh'.
Parsing included file '/home/install/synopsys_tools/VCS/vcs/U-2023.03/etc/uvm/tlm2/uvm_tlm2_defines.svh'.
Back to file '/home/install/synopsys_tools/VCS/vcs/U-2023.03/etc/uvm/tlm2/uvm_tlm2.svh'.
Parsing included file '/home/install/synopsys_tools/VCS/vcs/U-2023.03/etc/uvm/tlm2/uvm_tlm2_time.svh'.
Back to file '/home/install/synopsys_tools/VCS/vcs/U-2023.03/etc/uvm/tlm2/uvm_tlm2.svh'.
Parsing included file '/home/install/synopsys_tools/VCS/vcs/U-2023.03/etc/uvm/tlm2/uvm_tlm2_generic_payload.svh'.
Back to file '/home/install/synopsys_tools/VCS/vcs/U-2023.03/etc/uvm/tlm2/uvm_tlm2.svh'.
Parsing included file '/home/install/synopsys_tools/VCS/vcs/U-2023.03/etc/uvm/tlm2/uvm_tlm2_ifs.svh'.
Back to file '/home/install/synopsys_tools/VCS/vcs/U-2023.03/etc/uvm/tlm2/uvm_tlm2.svh'.
Parsing included file '/home/install/synopsys_tools/VCS/vcs/U-2023.03/etc/uvm/tlm2/uvm_tlm2_imps.svh'.
Back to file '/home/install/synopsys_tools/VCS/vcs/U-2023.03/etc/uvm/tlm2/uvm_tlm2.svh'.
Parsing included file '/home/install/synopsys_tools/VCS/vcs/U-2023.03/etc/uvm/tlm2/uvm_tlm2_ports.svh'.
Back to file '/home/install/synopsys_tools/VCS/vcs/U-2023.03/etc/uvm/tlm2/uvm_tlm2.svh'.
Parsing included file '/home/install/synopsys_tools/VCS/vcs/U-2023.03/etc/uvm/tlm2/uvm_tlm2_exports.svh'.
Back to file '/home/install/synopsys_tools/VCS/vcs/U-2023.03/etc/uvm/tlm2/uvm_tlm2.svh'.
Parsing included file '/home/install/synopsys_tools/VCS/vcs/U-2023.03/etc/uvm/tlm2/uvm_tlm2_sockets_base.svh'.
Back to file '/home/install/synopsys_tools/VCS/vcs/U-2023.03/etc/uvm/tlm2/uvm_tlm2.svh'.
Parsing included file '/home/install/synopsys_tools/VCS/vcs/U-2023.03/etc/uvm/tlm2/uvm_tlm2_sockets.svh'.
Back to file '/home/install/synopsys_tools/VCS/vcs/U-2023.03/etc/uvm/tlm2/uvm_tlm2.svh'.
Back to file '/home/install/synopsys_tools/VCS/vcs/U-2023.03/etc/uvm/uvm_pkg.sv'.
Parsing included file '/home/install/synopsys_tools/VCS/vcs/U-2023.03/etc/uvm/reg/uvm_reg_model.svh'.
Parsing included file '/home/install/synopsys_tools/VCS/vcs/U-2023.03/etc/uvm/reg/uvm_reg_item.svh'.
Back to file '/home/install/synopsys_tools/VCS/vcs/U-2023.03/etc/uvm/reg/uvm_reg_model.svh'.
Parsing included file '/home/install/synopsys_tools/VCS/vcs/U-2023.03/etc/uvm/reg/uvm_reg_adapter.svh'.
Back to file '/home/install/synopsys_tools/VCS/vcs/U-2023.03/etc/uvm/reg/uvm_reg_model.svh'.
Parsing included file '/home/install/synopsys_tools/VCS/vcs/U-2023.03/etc/uvm/reg/uvm_reg_predictor.svh'.
Back to file '/home/install/synopsys_tools/VCS/vcs/U-2023.03/etc/uvm/reg/uvm_reg_model.svh'.
Parsing included file '/home/install/synopsys_tools/VCS/vcs/U-2023.03/etc/uvm/reg/uvm_reg_sequence.svh'.
Back to file '/home/install/synopsys_tools/VCS/vcs/U-2023.03/etc/uvm/reg/uvm_reg_model.svh'.
Parsing included file '/home/install/synopsys_tools/VCS/vcs/U-2023.03/etc/uvm/reg/uvm_reg_cbs.svh'.
Back to file '/home/install/synopsys_tools/VCS/vcs/U-2023.03/etc/uvm/reg/uvm_reg_model.svh'.
Parsing included file '/home/install/synopsys_tools/VCS/vcs/U-2023.03/etc/uvm/reg/uvm_reg_backdoor.svh'.
Back to file '/home/install/synopsys_tools/VCS/vcs/U-2023.03/etc/uvm/reg/uvm_reg_model.svh'.
Parsing included file '/home/install/synopsys_tools/VCS/vcs/U-2023.03/etc/uvm/reg/uvm_reg_field.svh'.
Back to file '/home/install/synopsys_tools/VCS/vcs/U-2023.03/etc/uvm/reg/uvm_reg_model.svh'.
Parsing included file '/home/install/synopsys_tools/VCS/vcs/U-2023.03/etc/uvm/reg/uvm_vreg_field.svh'.
Back to file '/home/install/synopsys_tools/VCS/vcs/U-2023.03/etc/uvm/reg/uvm_reg_model.svh'.
Parsing included file '/home/install/synopsys_tools/VCS/vcs/U-2023.03/etc/uvm/reg/uvm_reg.svh'.
Back to file '/home/install/synopsys_tools/VCS/vcs/U-2023.03/etc/uvm/reg/uvm_reg_model.svh'.
Parsing included file '/home/install/synopsys_tools/VCS/vcs/U-2023.03/etc/uvm/reg/uvm_reg_indirect.svh'.
Back to file '/home/install/synopsys_tools/VCS/vcs/U-2023.03/etc/uvm/reg/uvm_reg_model.svh'.
Parsing included file '/home/install/synopsys_tools/VCS/vcs/U-2023.03/etc/uvm/reg/uvm_reg_fifo.svh'.
Back to file '/home/install/synopsys_tools/VCS/vcs/U-2023.03/etc/uvm/reg/uvm_reg_model.svh'.
Parsing included file '/home/install/synopsys_tools/VCS/vcs/U-2023.03/etc/uvm/reg/uvm_reg_file.svh'.
Back to file '/home/install/synopsys_tools/VCS/vcs/U-2023.03/etc/uvm/reg/uvm_reg_model.svh'.
Parsing included file '/home/install/synopsys_tools/VCS/vcs/U-2023.03/etc/uvm/reg/uvm_mem_mam.svh'.
Back to file '/home/install/synopsys_tools/VCS/vcs/U-2023.03/etc/uvm/reg/uvm_reg_model.svh'.
Parsing included file '/home/install/synopsys_tools/VCS/vcs/U-2023.03/etc/uvm/reg/uvm_vreg.svh'.
Back to file '/home/install/synopsys_tools/VCS/vcs/U-2023.03/etc/uvm/reg/uvm_reg_model.svh'.
Parsing included file '/home/install/synopsys_tools/VCS/vcs/U-2023.03/etc/uvm/reg/uvm_mem.svh'.
Back to file '/home/install/synopsys_tools/VCS/vcs/U-2023.03/etc/uvm/reg/uvm_reg_model.svh'.
Parsing included file '/home/install/synopsys_tools/VCS/vcs/U-2023.03/etc/uvm/reg/uvm_reg_map.svh'.
Back to file '/home/install/synopsys_tools/VCS/vcs/U-2023.03/etc/uvm/reg/uvm_reg_model.svh'.
Parsing included file '/home/install/synopsys_tools/VCS/vcs/U-2023.03/etc/uvm/reg/uvm_reg_block.svh'.
Back to file '/home/install/synopsys_tools/VCS/vcs/U-2023.03/etc/uvm/reg/uvm_reg_model.svh'.
Parsing included file '/home/install/synopsys_tools/VCS/vcs/U-2023.03/etc/uvm/reg/sequences/uvm_reg_hw_reset_seq.svh'.
Back to file '/home/install/synopsys_tools/VCS/vcs/U-2023.03/etc/uvm/reg/uvm_reg_model.svh'.
Parsing included file '/home/install/synopsys_tools/VCS/vcs/U-2023.03/etc/uvm/reg/sequences/uvm_reg_bit_bash_seq.svh'.
Back to file '/home/install/synopsys_tools/VCS/vcs/U-2023.03/etc/uvm/reg/uvm_reg_model.svh'.
Parsing included file '/home/install/synopsys_tools/VCS/vcs/U-2023.03/etc/uvm/reg/sequences/uvm_mem_walk_seq.svh'.
Back to file '/home/install/synopsys_tools/VCS/vcs/U-2023.03/etc/uvm/reg/uvm_reg_model.svh'.
Parsing included file '/home/install/synopsys_tools/VCS/vcs/U-2023.03/etc/uvm/reg/sequences/uvm_mem_access_seq.svh'.
Back to file '/home/install/synopsys_tools/VCS/vcs/U-2023.03/etc/uvm/reg/uvm_reg_model.svh'.
Parsing included file '/home/install/synopsys_tools/VCS/vcs/U-2023.03/etc/uvm/reg/sequences/uvm_reg_access_seq.svh'.
Back to file '/home/install/synopsys_tools/VCS/vcs/U-2023.03/etc/uvm/reg/uvm_reg_model.svh'.
Parsing included file '/home/install/synopsys_tools/VCS/vcs/U-2023.03/etc/uvm/reg/sequences/uvm_reg_mem_shared_access_seq.svh'.
Back to file '/home/install/synopsys_tools/VCS/vcs/U-2023.03/etc/uvm/reg/uvm_reg_model.svh'.
Parsing included file '/home/install/synopsys_tools/VCS/vcs/U-2023.03/etc/uvm/reg/sequences/uvm_reg_mem_built_in_seq.svh'.
Back to file '/home/install/synopsys_tools/VCS/vcs/U-2023.03/etc/uvm/reg/uvm_reg_model.svh'.
Parsing included file '/home/install/synopsys_tools/VCS/vcs/U-2023.03/etc/uvm/reg/sequences/uvm_reg_mem_hdl_paths_seq.svh'.
Back to file '/home/install/synopsys_tools/VCS/vcs/U-2023.03/etc/uvm/reg/uvm_reg_model.svh'.
Parsing included file '/home/install/synopsys_tools/VCS/vcs/U-2023.03/etc/uvm/reg/snps_uvm_reg_bank.svh'.
Back to file '/home/install/synopsys_tools/VCS/vcs/U-2023.03/etc/uvm/reg/uvm_reg_model.svh'.
Back to file '/home/install/synopsys_tools/VCS/vcs/U-2023.03/etc/uvm/uvm_pkg.sv'.
Parsing included file '/home/install/synopsys_tools/VCS/vcs/U-2023.03/etc/uvm/vcs/vcs_uvm_alt.sv'.
Back to file '/home/install/synopsys_tools/VCS/vcs/U-2023.03/etc/uvm/uvm_pkg.sv'.
Parsing design file '/home/install/synopsys_tools/VCS/vcs/U-2023.03/etc/uvm/vcs/uvm_custom_install_vcs_recorder.sv'
Parsing included file '/home/install/synopsys_tools/VCS/vcs/U-2023.03/etc/uvm/vcs/msglog.svh'.
Back to file '/home/install/synopsys_tools/VCS/vcs/U-2023.03/etc/uvm/vcs/uvm_custom_install_vcs_recorder.sv'.
Parsing included file '/home/install/synopsys_tools/VCS/vcs/U-2023.03/etc/uvm/vcs/uvm_msglog_report_server.sv'.
Back to file '/home/install/synopsys_tools/VCS/vcs/U-2023.03/etc/uvm/vcs/uvm_custom_install_vcs_recorder.sv'.
Parsing included file '/home/install/synopsys_tools/VCS/vcs/U-2023.03/etc/uvm/vcs/uvm_vcs_recorder.svh'.
Back to file '/home/install/synopsys_tools/VCS/vcs/U-2023.03/etc/uvm/vcs/uvm_custom_install_vcs_recorder.sv'.
Parsing included file '/home/install/synopsys_tools/VCS/vcs/U-2023.03/etc/uvm/vcs/uvm_vcs_record_interface.sv'.
Back to file '/home/install/synopsys_tools/VCS/vcs/U-2023.03/etc/uvm/vcs/uvm_custom_install_vcs_recorder.sv'.
Parsing design file '/home/install/synopsys_tools/VCS/vcs/U-2023.03/etc/uvm/verdi/uvm_custom_install_verdi_recorder.sv'
Parsing included file '/home/install/synopsys_tools/VCS/vcs/U-2023.03/etc/uvm/uvm_macros.svh'.
Back to file '/home/install/synopsys_tools/VCS/vcs/U-2023.03/etc/uvm/verdi/uvm_custom_install_verdi_recorder.sv'.
Parsing included file '/home/install/synopsys_tools/VCS/vcs/U-2023.03/etc/uvm/verdi/uvm_verdi_recorder.svh'.
Parsing included file '/home/install/synopsys_tools/VCS/vcs/U-2023.03/etc/uvm/verdi/uvm_verdi_pli_base.svh'.
Back to file '/home/install/synopsys_tools/VCS/vcs/U-2023.03/etc/uvm/verdi/uvm_verdi_recorder.svh'.
Back to file '/home/install/synopsys_tools/VCS/vcs/U-2023.03/etc/uvm/verdi/uvm_custom_install_verdi_recorder.sv'.
Parsing included file '/home/install/synopsys_tools/VCS/vcs/U-2023.03/etc/uvm/verdi/uvm_verdi_reg_map_recording.sv'.
Back to file '/home/install/synopsys_tools/VCS/vcs/U-2023.03/etc/uvm/verdi/uvm_custom_install_verdi_recorder.sv'.
Parsing included file '/home/install/synopsys_tools/VCS/vcs/U-2023.03/etc/uvm/verdi/uvm_verdi_message_catcher.svh'.
Parsing included file '/home/install/synopsys_tools/VCS/vcs/U-2023.03/etc/uvm/verdi/uvm_verdi_pli_base.svh'.
Back to file '/home/install/synopsys_tools/VCS/vcs/U-2023.03/etc/uvm/verdi/uvm_verdi_message_catcher.svh'.
Back to file '/home/install/synopsys_tools/VCS/vcs/U-2023.03/etc/uvm/verdi/uvm_custom_install_verdi_recorder.sv'.
Parsing included file '/home/install/synopsys_tools/VCS/vcs/U-2023.03/etc/uvm/verdi/./dpi/uvm_verdi_dpi.svh'.
Back to file '/home/install/synopsys_tools/VCS/vcs/U-2023.03/etc/uvm/verdi/uvm_custom_install_verdi_recorder.sv'.
Parsing included file '/home/install/synopsys_tools/VCS/vcs/U-2023.03/etc/uvm/verdi/uvm_verdi_reg_recording.sv'.
Back to file '/home/install/synopsys_tools/VCS/vcs/U-2023.03/etc/uvm/verdi/uvm_custom_install_verdi_recorder.sv'.
Parsing included file '/home/install/synopsys_tools/verdi/verdi/U-2023.03-SP1/share/PLI/VCS/include/verdi_trans_recorder_dpi.svh'.
Back to file '/home/install/synopsys_tools/VCS/vcs/U-2023.03/etc/uvm/verdi/uvm_custom_install_verdi_recorder.sv'.
Parsing included file '/home/install/synopsys_tools/VCS/vcs/U-2023.03/etc/uvm/verdi/uvm_verdi_pli.svh'.
Back to file '/home/install/synopsys_tools/VCS/vcs/U-2023.03/etc/uvm/verdi/uvm_custom_install_verdi_recorder.sv'.
Parsing design file '/home/install/synopsys_tools/VCS/vcs/U-2023.03/etc/uvm/verdi/uvm_custom_install_verdi_recorder.sv'
Parsing design file '/home/user1/Darshan_Verification/Tanuja/Revital-X-SoC_Core_Verification/rtl/alu_in1_mux.sv'
Parsing design file '/home/user1/Darshan_Verification/Tanuja/Revital-X-SoC_Core_Verification/rtl/alu_in2_mux.sv'
Parsing design file '/home/user1/Darshan_Verification/Tanuja/Revital-X-SoC_Core_Verification/rtl/alu_mul_csr_mux.sv'
Parsing design file '/home/user1/Darshan_Verification/Tanuja/Revital-X-SoC_Core_Verification/rtl/alu.sv'
Parsing design file '/home/user1/Darshan_Verification/Tanuja/Revital-X-SoC_Core_Verification/rtl/Control_Unit.sv'
Parsing design file '/home/user1/Darshan_Verification/Tanuja/Revital-X-SoC_Core_Verification/rtl/CoreRV.sv'
Parsing design file '/home/user1/Darshan_Verification/Tanuja/Revital-X-SoC_Core_Verification/rtl/csr_register_file.sv'
Parsing design file '/home/user1/Darshan_Verification/Tanuja/Revital-X-SoC_Core_Verification/rtl/csr_unit.sv'
Parsing design file '/home/user1/Darshan_Verification/Tanuja/Revital-X-SoC_Core_Verification/rtl/data_ram.sv'
Parsing design file '/home/user1/Darshan_Verification/Tanuja/Revital-X-SoC_Core_Verification/rtl/dp_ram.sv'
Parsing design file '/home/user1/Darshan_Verification/Tanuja/Revital-X-SoC_Core_Verification/rtl/immediate_generator.sv'
Parsing design file '/home/user1/Darshan_Verification/Tanuja/Revital-X-SoC_Core_Verification/rtl/instr_ram.sv'
Parsing design file '/home/user1/Darshan_Verification/Tanuja/Revital-X-SoC_Core_Verification/rtl/interrupt_controller.sv'
Parsing design file '/home/user1/Darshan_Verification/Tanuja/Revital-X-SoC_Core_Verification/rtl/LSU_RVX.sv'
Parsing design file '/home/user1/Darshan_Verification/Tanuja/Revital-X-SoC_Core_Verification/rtl/Memory_Ctrl.sv'
Parsing design file '/home/user1/Darshan_Verification/Tanuja/Revital-X-SoC_Core_Verification/rtl/memtoreg_mux.sv'
Parsing design file '/home/user1/Darshan_Verification/Tanuja/Revital-X-SoC_Core_Verification/rtl/pc_mux.sv'
Parsing design file '/home/user1/Darshan_Verification/Tanuja/Revital-X-SoC_Core_Verification/rtl/Pipelined_M.sv'
Parsing design file '/home/user1/Darshan_Verification/Tanuja/Revital-X-SoC_Core_Verification/rtl/register_file.sv'
Parsing design file '/home/user1/Darshan_Verification/Tanuja/Revital-X-SoC_Core_Verification/rtl/sp_ram.sv'
Parsing design file '/home/user1/Darshan_Verification/Tanuja/Revital-X-SoC_Core_Verification/rtl/Stage1.sv'
Parsing design file '/home/user1/Darshan_Verification/Tanuja/Revital-X-SoC_Core_Verification/rtl/Stage2.sv'
Parsing design file '/home/user1/Darshan_Verification/Tanuja/Revital-X-SoC_Core_Verification/rtl/stall_controller.sv'
Parsing design file '/home/user1/Darshan_Verification/Tanuja/core_uvm/tb/sv/corerv_if.sv'
Parsing design file '/home/user1/Darshan_Verification/Tanuja/core_uvm/tb/sv/corerv_pkg.sv'
Parsing included file '/home/install/synopsys_tools/VCS/vcs/U-2023.03/etc/uvm/uvm_macros.svh'.
Back to file '/home/user1/Darshan_Verification/Tanuja/core_uvm/tb/sv/corerv_pkg.sv'.
Parsing included file '/home/user1/Darshan_Verification/Tanuja/core_uvm/tb/sv/corerv_seq_item.sv'.
Back to file '/home/user1/Darshan_Verification/Tanuja/core_uvm/tb/sv/corerv_pkg.sv'.
Parsing included file '/home/user1/Darshan_Verification/Tanuja/core_uvm/tb/sv/corerv_driver.sv'.
Back to file '/home/user1/Darshan_Verification/Tanuja/core_uvm/tb/sv/corerv_pkg.sv'.
Parsing included file '/home/user1/Darshan_Verification/Tanuja/core_uvm/tb/sv/corerv_monitor.sv'.
Back to file '/home/user1/Darshan_Verification/Tanuja/core_uvm/tb/sv/corerv_pkg.sv'.
Parsing included file '/home/user1/Darshan_Verification/Tanuja/core_uvm/tb/sv/corerv_coverage.sv'.
Back to file '/home/user1/Darshan_Verification/Tanuja/core_uvm/tb/sv/corerv_pkg.sv'.
Parsing included file '/home/user1/Darshan_Verification/Tanuja/core_uvm/tb/sv/corerv_agent.sv'.
Back to file '/home/user1/Darshan_Verification/Tanuja/core_uvm/tb/sv/corerv_pkg.sv'.
Parsing included file '/home/user1/Darshan_Verification/Tanuja/core_uvm/tb/sv/corerv_scoreboard.sv'.
Back to file '/home/user1/Darshan_Verification/Tanuja/core_uvm/tb/sv/corerv_pkg.sv'.
Parsing included file '/home/user1/Darshan_Verification/Tanuja/core_uvm/tb/sv/corerv_env.sv'.
Back to file '/home/user1/Darshan_Verification/Tanuja/core_uvm/tb/sv/corerv_pkg.sv'.
Parsing included file '/home/user1/Darshan_Verification/Tanuja/core_uvm/tb/sv/corerv_test.sv'.
Back to file '/home/user1/Darshan_Verification/Tanuja/core_uvm/tb/sv/corerv_pkg.sv'.
Parsing design file '/home/user1/Darshan_Verification/Tanuja/core_uvm/tb/sv/tb_top.sv'
Parsing included file '/home/install/synopsys_tools/VCS/vcs/U-2023.03/etc/uvm/uvm_macros.svh'.
Back to file '/home/user1/Darshan_Verification/Tanuja/core_uvm/tb/sv/tb_top.sv'.
Top Level Modules:
       uvm_custom_install_recording
       uvm_custom_install_verdi_recording
       dp_ram
       half_adder
       tb_top
TimeScale is 1 ns / 1 ps

Warning-[PCWM-W] Port connection width mismatch
/home/user1/Darshan_Verification/Tanuja/core_uvm/tb/sv/tb_top.sv, 79
"CoreRV #(32'h80000000, 32'h80004000, 32'h80010000, 32'h80020000, , , , , , , , , , , , ) dut( .clk (clk),  .rst (rst),  .data_addr_o (tb_top.vif.data_addr),  .data_wdata_o (tb_top.vif.data_wdata),  .data_we_o (tb_top.vif.data_we),  .data_req_o (tb_top.vif.data_req),  .data_be_o (tb_top.vif.data_be),  .data_rdata_i (tb_top.vif.data_rdata),  .data_gnt_i (tb_top.vif.data_gnt),  .data_rvalid_i (tb_top.vif.data_rvalid),  .irq_i (1'b0));"
  The following 1-bit expression is connected to 32-bit port "irq_i" of module
  "CoreRV", instance "dut".
  Expression: 1'b0
  Instantiated module defined at: 
  "/home/user1/Darshan_Verification/Tanuja/Revital-X-SoC_Core_Verification/rtl/CoreRV.sv",
  2
  Use +lint=PCWM for more details.

VCS Coverage Metrics Release U-2023.03_Full64 Copyright (c) 1991-2023 by Synopsys Inc.
Starting vcs inline pass...
33 modules and 0 UDP read.
	However, due to incremental compilation, no re-compilation is necessary.
make[1]: Entering directory `/home/user1/Darshan_Verification/Tanuja/core_uvm/sim/csrc'
make[1]: Leaving directory `/home/user1/Darshan_Verification/Tanuja/core_uvm/sim/csrc'
make[1]: Entering directory `/home/user1/Darshan_Verification/Tanuja/core_uvm/sim/csrc'
rm -f _cuarc*.so _csrc*.so pre_vcsobj_*.so share_vcsobj_*.so
if [ -x ../simv ]; then chmod a-x ../simv; fi
g++  -o ../simv      -rdynamic  -Wl,-rpath='$ORIGIN'/simv.daidir -Wl,-rpath=./simv.daidir -Wl,-rpath=/home/install/synopsys_tools/VCS/vcs/U-2023.03/linux64/lib -L/home/install/synopsys_tools/VCS/vcs/U-2023.03/linux64/lib  -Wl,-rpath-link=./  /usr/lib64/libnuma.so.1 uvm_dpi.o uvm_verdi_dpi.o   objs/amcQw_d.o   _30057_archive_1.so _prev_archive_1.so  SIM_l.o      rmapats_mop.o rmapats.o rmar.o rmar_nd.o  rmar_llvm_0_1.o rmar_llvm_0_0.o            -lvirsim -lerrorinf -lsnpsmalloc -lvfs spike_wrapper.so    -lvcsnew -lsimprofile -lreader_common /home/install/synopsys_tools/VCS/vcs/U-2023.03/linux64/lib/libBA.a -luclinative /home/install/synopsys_tools/VCS/vcs/U-2023.03/linux64/lib/vcs_tls.o   -Wl,-whole-archive  -lvcsucli    -Wl,-no-whole-archive       ./../simv.daidir/vc_hdrs.o  _vcs_pli_stub_.o   /home/install/synopsys_tools/VCS/vcs/U-2023.03/linux64/lib/vcs_save_restore_new.o /home/install/synopsys_tools/verdi/verdi/U-2023.03-SP1/share/PLI/VCS/LINUX64/pli.a -ldl  -lc -lm -lpthread -ldl 
../simv up to date
make[1]: Leaving directory `/home/user1/Darshan_Verification/Tanuja/core_uvm/sim/csrc'
CPU time: 3.759 seconds to compile + .232 seconds to elab + .246 seconds to link
Verdi KDB elaboration done and the database successfully generated: 0 error(s), 0 warning(s)
--------------------------------------------------------
 Starting UVM Simulation: corerv_test
--------------------------------------------------------
./simv +UVM_TESTNAME=corerv_test +ntb_random_seed=3029 -cm line+cond+fsm+tgl+branch -cm_name corerv_test -cm_dir ./coverage.vdb -l sim_corerv_test.log
Info: [VCS_SAVE_RESTORE_INFO] ASLR (Address Space Layout Randomization) is detected on the machine. To enable $save functionality, ASLR will be switched off and simv re-executed.
Please use '-no_save' simv switch to avoid this.
Chronologic VCS simulator copyright 1991-2023
Contains Synopsys proprietary information.
Compiler version U-2023.03_Full64; Runtime version U-2023.03_Full64;  Oct 10 04:04 2026
----------------------------------------------------------------
UVM-1.1d.Synopsys
(C) 2007-2013 Mentor Graphics Corporation
(C) 2007-2013 Cadence Design Systems, Inc.
(C) 2006-2013 Synopsys, Inc.
(C) 2011-2013 Cypress Semiconductor Corp.
----------------------------------------------------------------

  ***********       IMPORTANT RELEASE NOTES         ************

  You are using a version of the UVM library that has been compiled
  with `UVM_NO_DEPRECATED undefined.
  See http://www.eda.org/svdb/view.php?id=3313 for more details.

  You are using a version of the UVM library that has been compiled
  with `UVM_OBJECT_MUST_HAVE_CONSTRUCTOR undefined.
  See http://www.eda.org/svdb/view.php?id=3770 for more details.

      (Specify +UVM_NO_RELNOTES to turn off this notice)


 VCS Coverage Metrics Release U-2023.03_Full64 Copyright (c) 1991-2023 by Synopsys Inc.
UVM_INFO @ 0: reporter [RNTST] Running test corerv_test...
*Verdi* Loading libsscore_vcs202303.so
FSDB Dumper for VCS, Release Verdi_U-2023.03-SP1, Linux x86_64/64bit, 05/28/2023
(C) 1996 - 2023 by Synopsys, Inc.
*Verdi* FSDB WARNING: The FSDB file already exists. Overwriting the FSDB file may crash the programs that are using this file.
*Verdi* FSDB WARNING: Simv_lock file is locked (inter.fsdb.slock). Attempt to overwrite the FSDB (inter.fsdb.slock) which is currently written by other process is not permitted
*Verdi* ERROR: Failed to create FSDB file: 'inter.fsdb'.
*Verdi* FSDB WARNING: The FSDB file already exists. Overwriting the FSDB file may crash the programs that are using this file.
*Verdi* : Create FSDB file 'novas.fsdb'
*Verdi* : Begin traversing the scope (tb_top), layer (0).
*Verdi* : End of traversing.
*Verdi* : Begin traversing the SVA assertions, layer (0).
*Verdi* : End of traversing the SVA assertions.
UVM_INFO /home/user1/Darshan_Verification/Tanuja/core_uvm/tb/sv/corerv_monitor.sv(41) @ 0: uvm_test_top.env.agent.mon [MON_MEM] Loaded firmware into monitor memory map from firmware.hex
[DPI-C] Initializing Spike Golden Oracle at 0x80000000...
[DPI-C] Firmware loaded. PC set to: 0x80000000
UVM_INFO /home/user1/Darshan_Verification/Tanuja/core_uvm/tb/sv/corerv_test.sv(19) @ 0: uvm_test_top [TEST] CPU Test started. Running firmware...
UVM_INFO /home/user1/Darshan_Verification/Tanuja/core_uvm/tb/sv/corerv_scoreboard.sv(52) @ 65000: uvm_test_top.env.scb [SCB_MATCH] [PC: 80000000 | INSTR: 80010f37] MATCH OK! -> Reg x30 = 0x80010000
UVM_INFO /home/user1/Darshan_Verification/Tanuja/core_uvm/tb/sv/corerv_scoreboard.sv(52) @ 85000: uvm_test_top.env.scb [SCB_MATCH] [PC: 80000004 | INSTR: e9900093] MATCH OK! -> Reg x1 = 0xfffffe99
UVM_INFO /home/user1/Darshan_Verification/Tanuja/core_uvm/tb/sv/corerv_scoreboard.sv(52) @ 95000: uvm_test_top.env.scb [SCB_MATCH] [PC: 80000008 | INSTR: 1c000113] MATCH OK! -> Reg x2 = 0x000001c0
UVM_INFO /home/user1/Darshan_Verification/Tanuja/core_uvm/tb/sv/corerv_scoreboard.sv(52) @ 105000: uvm_test_top.env.scb [SCB_MATCH] [PC: 8000000c | INSTR: 28f00193] MATCH OK! -> Reg x3 = 0x0000028f
UVM_INFO /home/user1/Darshan_Verification/Tanuja/core_uvm/tb/sv/corerv_scoreboard.sv(52) @ 115000: uvm_test_top.env.scb [SCB_MATCH] [PC: 80000010 | INSTR: c9500213] MATCH OK! -> Reg x4 = 0xfffffc95
UVM_INFO /home/user1/Darshan_Verification/Tanuja/core_uvm/tb/sv/corerv_scoreboard.sv(52) @ 125000: uvm_test_top.env.scb [SCB_MATCH] [PC: 80000014 | INSTR: 1a700293] MATCH OK! -> Reg x5 = 0x000001a7
UVM_INFO /home/user1/Darshan_Verification/Tanuja/core_uvm/tb/sv/corerv_scoreboard.sv(52) @ 135000: uvm_test_top.env.scb [SCB_MATCH] [PC: 80000018 | INSTR: 2ad00313] MATCH OK! -> Reg x6 = 0x000002ad
UVM_INFO /home/user1/Darshan_Verification/Tanuja/core_uvm/tb/sv/corerv_scoreboard.sv(52) @ 145000: uvm_test_top.env.scb [SCB_MATCH] [PC: 8000001c | INSTR: c1f00393] MATCH OK! -> Reg x7 = 0xfffffc1f
UVM_INFO /home/user1/Darshan_Verification/Tanuja/core_uvm/tb/sv/corerv_scoreboard.sv(52) @ 155000: uvm_test_top.env.scb [SCB_MATCH] [PC: 80000020 | INSTR: c9100413] MATCH OK! -> Reg x8 = 0xfffffc91
UVM_INFO /home/user1/Darshan_Verification/Tanuja/core_uvm/tb/sv/corerv_scoreboard.sv(52) @ 165000: uvm_test_top.env.scb [SCB_MATCH] [PC: 80000024 | INSTR: fdc00493] MATCH OK! -> Reg x9 = 0xffffffdc
UVM_INFO /home/user1/Darshan_Verification/Tanuja/core_uvm/tb/sv/corerv_scoreboard.sv(52) @ 175000: uvm_test_top.env.scb [SCB_MATCH] [PC: 80000028 | INSTR: 2f959b17] MATCH OK! -> Reg x22 = 0xaf959028
UVM_INFO /home/user1/Darshan_Verification/Tanuja/core_uvm/tb/sv/corerv_scoreboard.sv(52) @ 185000: uvm_test_top.env.scb [SCB_MATCH] [PC: 8000002c | INSTR: 00cf1803] MATCH OK! -> Reg x16 = 0x00000000
UVM_INFO /home/user1/Darshan_Verification/Tanuja/core_uvm/tb/sv/corerv_scoreboard.sv(52) @ 195000: uvm_test_top.env.scb [SCB_MATCH] [PC: 80000030 | INSTR: e0fd2993] MATCH OK! -> Reg x19 = 0x00000000
UVM_INFO /home/user1/Darshan_Verification/Tanuja/core_uvm/tb/sv/corerv_scoreboard.sv(52) @ 205000: uvm_test_top.env.scb [SCB_MATCH] [PC: 80000034 | INSTR: 482df837] MATCH OK! -> Reg x16 = 0x482df000
UVM_INFO /home/user1/Darshan_Verification/Tanuja/core_uvm/tb/sv/corerv_scoreboard.sv(52) @ 215000: uvm_test_top.env.scb [SCB_MATCH] [PC: 80000038 | INSTR: 40c25e13] MATCH OK! -> Reg x28 = 0xffffffff
UVM_INFO /home/user1/Darshan_Verification/Tanuja/core_uvm/tb/sv/corerv_scoreboard.sv(52) @ 225000: uvm_test_top.env.scb [SCB_MATCH] [PC: 8000003c | INSTR: 340462f3] MATCH OK! -> Reg x5 = 0x00000000
UVM_INFO /home/user1/Darshan_Verification/Tanuja/core_uvm/tb/sv/corerv_scoreboard.sv(52) @ 235000: uvm_test_top.env.scb [SCB_MATCH] [PC: 80000040 | INSTR: 3407a7f3] MATCH OK! -> Reg x15 = 0x00000008
UVM_INFO /home/user1/Darshan_Verification/Tanuja/core_uvm/tb/sv/corerv_scoreboard.sv(52) @ 245000: uvm_test_top.env.scb [SCB_MATCH] [PC: 80000044 | INSTR: 9af10e13] MATCH OK! -> Reg x28 = 0xfffffb6f
UVM_INFO /home/user1/Darshan_Verification/Tanuja/core_uvm/tb/sv/corerv_scoreboard.sv(52) @ 255000: uvm_test_top.env.scb [SCB_MATCH] [PC: 80000048 | INSTR: 008f2d83] MATCH OK! -> Reg x27 = 0x00000000
UVM_INFO /home/user1/Darshan_Verification/Tanuja/core_uvm/tb/sv/corerv_scoreboard.sv(52) @ 265000: uvm_test_top.env.scb [SCB_MATCH] [PC: 8000004c | INSTR: 008f1803] MATCH OK! -> Reg x16 = 0x00000000
UVM_INFO /home/user1/Darshan_Verification/Tanuja/core_uvm/tb/sv/corerv_scoreboard.sv(52) @ 275000: uvm_test_top.env.scb [SCB_MATCH] [PC: 80000050 | INSTR: 010f4783] MATCH OK! -> Reg x15 = 0x00000000
UVM_INFO /home/user1/Darshan_Verification/Tanuja/core_uvm/tb/sv/corerv_scoreboard.sv(52) @ 285000: uvm_test_top.env.scb [SCB_MATCH] [PC: 80000054 | INSTR: 018f4903] MATCH OK! -> Reg x18 = 0x00000000
UVM_INFO /home/user1/Darshan_Verification/Tanuja/core_uvm/tb/sv/corerv_scoreboard.sv(56) @ 295000: uvm_test_top.env.scb [SCB_MATCH] [PC: 80000058 | INSTR: 00e77463] MATCH OK! -> Executed safely
UVM_INFO /home/user1/Darshan_Verification/Tanuja/core_uvm/tb/sv/corerv_scoreboard.sv(52) @ 335000: uvm_test_top.env.scb [SCB_MATCH] [PC: 80000060 | INSTR: e027ea13] MATCH OK! -> Reg x20 = 0xfffffe02
UVM_INFO /home/user1/Darshan_Verification/Tanuja/core_uvm/tb/sv/corerv_scoreboard.sv(52) @ 345000: uvm_test_top.env.scb [SCB_MATCH] [PC: 80000064 | INSTR: 30b14213] MATCH OK! -> Reg x4 = 0x000002cb
UVM_INFO /home/user1/Darshan_Verification/Tanuja/core_uvm/tb/sv/corerv_scoreboard.sv(52) @ 355000: uvm_test_top.env.scb [SCB_MATCH] [PC: 80000068 | INSTR: e3ef0617] MATCH OK! -> Reg x12 = 0x63ef0068
UVM_INFO /home/user1/Darshan_Verification/Tanuja/core_uvm/tb/sv/corerv_scoreboard.sv(52) @ 365000: uvm_test_top.env.scb [SCB_MATCH] [PC: 8000006c | INSTR: 008005ef] MATCH OK! -> Reg x11 = 0x80000070
UVM_INFO /home/user1/Darshan_Verification/Tanuja/core_uvm/tb/sv/corerv_scoreboard.sv(52) @ 405000: uvm_test_top.env.scb [SCB_MATCH] [PC: 80000074 | INSTR: 019d5493] MATCH OK! -> Reg x9 = 0x00000000
UVM_INFO /home/user1/Darshan_Verification/Tanuja/core_uvm/tb/sv/corerv_scoreboard.sv(52) @ 415000: uvm_test_top.env.scb [SCB_MATCH] [PC: 80000078 | INSTR: 34065673] MATCH OK! -> Reg x12 = 0x00000008
UVM_INFO /home/user1/Darshan_Verification/Tanuja/core_uvm/tb/sv/corerv_scoreboard.sv(52) @ 425000: uvm_test_top.env.scb [SCB_MATCH] [PC: 8000007c | INSTR: 008000ef] MATCH OK! -> Reg x1 = 0x80000080
UVM_INFO /home/user1/Darshan_Verification/Tanuja/core_uvm/tb/sv/corerv_scoreboard.sv(52) @ 465000: uvm_test_top.env.scb [SCB_MATCH] [PC: 80000084 | INSTR: 4d279db7] MATCH OK! -> Reg x27 = 0x4d279000
UVM_INFO /home/user1/Darshan_Verification/Tanuja/core_uvm/tb/sv/corerv_scoreboard.sv(52) @ 475000: uvm_test_top.env.scb [SCB_MATCH] [PC: 80000088 | INSTR: a8f6a993] MATCH OK! -> Reg x19 = 0x00000000
UVM_INFO /home/user1/Darshan_Verification/Tanuja/core_uvm/tb/sv/corerv_scoreboard.sv(52) @ 485000: uvm_test_top.env.scb [SCB_MATCH] [PC: 8000008c | INSTR: 3405b1f3] MATCH OK! -> Reg x3 = 0x0000000c
UVM_INFO /home/user1/Darshan_Verification/Tanuja/core_uvm/tb/sv/corerv_scoreboard.sv(52) @ 495000: uvm_test_top.env.scb [SCB_MATCH] [PC: 80000090 | INSTR: 01db1693] MATCH OK! -> Reg x13 = 0x00000000
UVM_INFO /home/user1/Darshan_Verification/Tanuja/core_uvm/tb/sv/corerv_scoreboard.sv(52) @ 525000: uvm_test_top.env.scb [SCB_MATCH] [PC: 80000094 | INSTR: 02b280b3] MATCH OK! -> Reg x1 = 0x00000000
UVM_INFO /home/user1/Darshan_Verification/Tanuja/core_uvm/tb/sv/corerv_scoreboard.sv(52) @ 535000: uvm_test_top.env.scb [SCB_MATCH] [PC: 80000098 | INSTR: 3215eb93] MATCH OK! -> Reg x23 = 0x80000371
UVM_INFO /home/user1/Darshan_Verification/Tanuja/core_uvm/tb/sv/corerv_scoreboard.sv(52) @ 545000: uvm_test_top.env.scb [SCB_MATCH] [PC: 8000009c | INSTR: 340ba7f3] MATCH OK! -> Reg x15 = 0x0000000c
UVM_INFO /home/user1/Darshan_Verification/Tanuja/core_uvm/tb/sv/corerv_scoreboard.sv(52) @ 575000: uvm_test_top.env.scb [SCB_MATCH] [PC: 800000a0 | INSTR: 03630733] MATCH OK! -> Reg x14 = 0xd332bb08
UVM_INFO /home/user1/Darshan_Verification/Tanuja/core_uvm/tb/sv/corerv_scoreboard.sv(56) @ 585000: uvm_test_top.env.scb [SCB_MATCH] [PC: 800000a4 | INSTR: 002f0623] MATCH OK! -> Executed safely
UVM_INFO /home/user1/Darshan_Verification/Tanuja/core_uvm/tb/sv/corerv_scoreboard.sv(52) @ 595000: uvm_test_top.env.scb [SCB_MATCH] [PC: 800000a8 | INSTR: 340a3873] MATCH OK! -> Reg x16 = 0x8000037d
UVM_INFO /home/user1/Darshan_Verification/Tanuja/core_uvm/tb/sv/corerv_scoreboard.sv(52) @ 605000: uvm_test_top.env.scb [SCB_MATCH] [PC: 800000ac | INSTR: 0030dc13] MATCH OK! -> Reg x24 = 0x00000000
UVM_INFO /home/user1/Darshan_Verification/Tanuja/core_uvm/tb/sv/corerv_scoreboard.sv(52) @ 615000: uvm_test_top.env.scb [SCB_MATCH] [PC: 800000b0 | INSTR: f717c113] MATCH OK! -> Reg x2 = 0xffffff7d
UVM_INFO /home/user1/Darshan_Verification/Tanuja/core_uvm/tb/sv/corerv_scoreboard.sv(52) @ 625000: uvm_test_top.env.scb [SCB_MATCH] [PC: 800000b4 | INSTR: 017324b3] MATCH OK! -> Reg x9 = 0x00000000
UVM_INFO /home/user1/Darshan_Verification/Tanuja/core_uvm/tb/sv/corerv_scoreboard.sv(52) @ 635000: uvm_test_top.env.scb [SCB_MATCH] [PC: 800000b8 | INSTR: c6526cb7] MATCH OK! -> Reg x25 = 0xc6526000
UVM_INFO /home/user1/Darshan_Verification/Tanuja/core_uvm/tb/sv/corerv_scoreboard.sv(52) @ 645000: uvm_test_top.env.scb [SCB_MATCH] [PC: 800000bc | INSTR: 340d23f3] MATCH OK! -> Reg x7 = 0x0000017d
UVM_INFO /home/user1/Darshan_Verification/Tanuja/core_uvm/tb/sv/corerv_scoreboard.sv(52) @ 655000: uvm_test_top.env.scb [SCB_MATCH] [PC: 800000c0 | INSTR: 001e7c33] MATCH OK! -> Reg x24 = 0x00000000
UVM_INFO /home/user1/Darshan_Verification/Tanuja/core_uvm/tb/sv/corerv_scoreboard.sv(52) @ 665000: uvm_test_top.env.scb [SCB_MATCH] [PC: 800000c4 | INSTR: ba7582b7] MATCH OK! -> Reg x5 = 0xba758000
UVM_INFO /home/user1/Darshan_Verification/Tanuja/core_uvm/tb/sv/corerv_scoreboard.sv(52) @ 675000: uvm_test_top.env.scb [SCB_MATCH] [PC: 800000c8 | INSTR: 340366f3] MATCH OK! -> Reg x13 = 0x0000017d
UVM_INFO /home/user1/Darshan_Verification/Tanuja/core_uvm/tb/sv/corerv_scoreboard.sv(52) @ 685000: uvm_test_top.env.scb [SCB_MATCH] [PC: 800000cc | INSTR: 340152f3] MATCH OK! -> Reg x5 = 0x0000017f
UVM_INFO /home/user1/Darshan_Verification/Tanuja/core_uvm/tb/sv/corerv_scoreboard.sv(52) @ 695000: uvm_test_top.env.scb [SCB_MATCH] [PC: 800000d0 | INSTR: 002099b3] MATCH OK! -> Reg x19 = 0x00000000
UVM_INFO /home/user1/Darshan_Verification/Tanuja/core_uvm/tb/sv/corerv_scoreboard.sv(52) @ 705000: uvm_test_top.env.scb [SCB_MATCH] [PC: 800000d4 | INSTR: 008000ef] MATCH OK! -> Reg x1 = 0x800000d8
UVM_INFO /home/user1/Darshan_Verification/Tanuja/core_uvm/tb/sv/corerv_scoreboard.sv(52) @ 745000: uvm_test_top.env.scb [SCB_MATCH] [PC: 800000dc | INSTR: 4e313d93] MATCH OK! -> Reg x27 = 0x00000000
UVM_INFO /home/user1/Darshan_Verification/Tanuja/core_uvm/tb/sv/corerv_scoreboard.sv(56) @ 755000: uvm_test_top.env.scb [SCB_MATCH] [PC: 800000e0 | INSTR: 0080e463] MATCH OK! -> Executed safely
UVM_INFO /home/user1/Darshan_Verification/Tanuja/core_uvm/tb/sv/corerv_scoreboard.sv(52) @ 795000: uvm_test_top.env.scb [SCB_MATCH] [PC: 800000e8 | INSTR: 67a3a517] MATCH OK! -> Reg x10 = 0xe7a3a0e8
UVM_INFO /home/user1/Darshan_Verification/Tanuja/core_uvm/tb/sv/corerv_scoreboard.sv(52) @ 805000: uvm_test_top.env.scb [SCB_MATCH] [PC: 800000ec | INSTR: 00000e97] MATCH OK! -> Reg x29 = 0x800000ec
UVM_INFO /home/user1/Darshan_Verification/Tanuja/core_uvm/tb/sv/corerv_scoreboard.sv(52) @ 815000: uvm_test_top.env.scb [SCB_MATCH] [PC: 800000f0 | INSTR: 00ce8ae7] MATCH OK! -> Reg x21 = 0x800000f4
UVM_INFO /home/user1/Darshan_Verification/Tanuja/core_uvm/tb/sv/corerv_scoreboard.sv(56) @ 855000: uvm_test_top.env.scb [SCB_MATCH] [PC: 800000f8 | INSTR: 01391463] MATCH OK! -> Executed safely
UVM_INFO /home/user1/Darshan_Verification/Tanuja/core_uvm/tb/sv/corerv_scoreboard.sv(52) @ 865000: uvm_test_top.env.scb [SCB_MATCH] [PC: 800000fc | INSTR: 00190193] MATCH OK! -> Reg x3 = 0x00000001
UVM_INFO /home/user1/Darshan_Verification/Tanuja/core_uvm/tb/sv/corerv_scoreboard.sv(52) @ 875000: uvm_test_top.env.scb [SCB_MATCH] [PC: 80000100 | INSTR: 00000e97] MATCH OK! -> Reg x29 = 0x80000100
UVM_INFO /home/user1/Darshan_Verification/Tanuja/core_uvm/tb/sv/corerv_scoreboard.sv(52) @ 885000: uvm_test_top.env.scb [SCB_MATCH] [PC: 80000104 | INSTR: 00ce81e7] MATCH OK! -> Reg x3 = 0x80000108
UVM_INFO /home/user1/Darshan_Verification/Tanuja/core_uvm/tb/sv/corerv_scoreboard.sv(52) @ 925000: uvm_test_top.env.scb [SCB_MATCH] [PC: 8000010c | INSTR: 039bae37] MATCH OK! -> Reg x28 = 0x039ba000
UVM_INFO /home/user1/Darshan_Verification/Tanuja/core_uvm/tb/sv/corerv_scoreboard.sv(52) @ 935000: uvm_test_top.env.scb [SCB_MATCH] [PC: 80000110 | INSTR: 017b1793] MATCH OK! -> Reg x15 = 0x14000000
UVM_INFO /home/user1/Darshan_Verification/Tanuja/core_uvm/tb/sv/corerv_scoreboard.sv(52) @ 945000: uvm_test_top.env.scb [SCB_MATCH] [PC: 80000114 | INSTR: 94872a97] MATCH OK! -> Reg x21 = 0x14872114
UVM_INFO /home/user1/Darshan_Verification/Tanuja/core_uvm/tb/sv/corerv_scoreboard.sv(52) @ 955000: uvm_test_top.env.scb [SCB_MATCH] [PC: 80000118 | INSTR: 7effed97] MATCH OK! -> Reg x27 = 0xfeffe118
UVM_INFO /home/user1/Darshan_Verification/Tanuja/core_uvm/tb/sv/corerv_scoreboard.sv(56) @ 965000: uvm_test_top.env.scb [SCB_MATCH] [PC: 8000011c | INSTR: 011f2423] MATCH OK! -> Executed safely
UVM_INFO /home/user1/Darshan_Verification/Tanuja/core_uvm/tb/sv/corerv_scoreboard.sv(56) @ 975000: uvm_test_top.env.scb [SCB_MATCH] [PC: 80000120 | INSTR: 012d5463] MATCH OK! -> Executed safely
UVM_INFO /home/user1/Darshan_Verification/Tanuja/core_uvm/tb/sv/corerv_scoreboard.sv(52) @ 1015000: uvm_test_top.env.scb [SCB_MATCH] [PC: 80000128 | INSTR: 403b5d33] MATCH OK! -> Reg x26 = 0xffaf9590
UVM_INFO /home/user1/Darshan_Verification/Tanuja/core_uvm/tb/sv/corerv_scoreboard.sv(56) @ 1025000: uvm_test_top.env.scb [SCB_MATCH] [PC: 8000012c | INSTR: 039f1023] MATCH OK! -> Executed safely
UVM_INFO /home/user1/Darshan_Verification/Tanuja/core_uvm/tb/sv/corerv_scoreboard.sv(52) @ 1035000: uvm_test_top.env.scb [SCB_MATCH] [PC: 80000130 | INSTR: 00eb3cb3] MATCH OK! -> Reg x25 = 0x00000001
UVM_INFO /home/user1/Darshan_Verification/Tanuja/core_uvm/tb/sv/corerv_scoreboard.sv(52) @ 1045000: uvm_test_top.env.scb [SCB_MATCH] [PC: 80000134 | INSTR: 7b9c3517] MATCH OK! -> Reg x10 = 0xfb9c3134
UVM_INFO /home/user1/Darshan_Verification/Tanuja/core_uvm/tb/sv/corerv_scoreboard.sv(52) @ 1055000: uvm_test_top.env.scb [SCB_MATCH] [PC: 80000138 | INSTR: 2d6d8113] MATCH OK! -> Reg x2 = 0xfeffe3ee
UVM_INFO /home/user1/Darshan_Verification/Tanuja/core_uvm/tb/sv/corerv_scoreboard.sv(52) @ 1065000: uvm_test_top.env.scb [SCB_MATCH] [PC: 8000013c | INSTR: 00800a6f] MATCH OK! -> Reg x20 = 0x80000140
UVM_INFO /home/user1/Darshan_Verification/Tanuja/core_uvm/tb/sv/corerv_scoreboard.sv(56) @ 1105000: uvm_test_top.env.scb [SCB_MATCH] [PC: 80000144 | INSTR: 01cf1023] MATCH OK! -> Executed safely
UVM_INFO /home/user1/Darshan_Verification/Tanuja/core_uvm/tb/sv/corerv_scoreboard.sv(52) @ 1115000: uvm_test_top.env.scb [SCB_MATCH] [PC: 80000148 | INSTR: 018f1803] MATCH OK! -> Reg x16 = 0x00000000
UVM_INFO /home/user1/Darshan_Verification/Tanuja/core_uvm/tb/sv/corerv_scoreboard.sv(52) @ 1125000: uvm_test_top.env.scb [SCB_MATCH] [PC: 8000014c | INSTR: 008cd393] MATCH OK! -> Reg x7 = 0x00000000
UVM_INFO /home/user1/Darshan_Verification/Tanuja/core_uvm/tb/sv/corerv_scoreboard.sv(52) @ 1135000: uvm_test_top.env.scb [SCB_MATCH] [PC: 80000150 | INSTR: 340b63f3] MATCH OK! -> Reg x7 = 0x00000002
UVM_INFO /home/user1/Darshan_Verification/Tanuja/core_uvm/tb/sv/corerv_scoreboard.sv(52) @ 1165000: uvm_test_top.env.scb [SCB_MATCH] [PC: 80000154 | INSTR: 02431633] MATCH OK! -> Reg x12 = 0x00000000
UVM_INFO /home/user1/Darshan_Verification/Tanuja/core_uvm/tb/sv/corerv_scoreboard.sv(52) @ 1175000: uvm_test_top.env.scb [SCB_MATCH] [PC: 80000158 | INSTR: 00000e97] MATCH OK! -> Reg x29 = 0x80000158
UVM_INFO /home/user1/Darshan_Verification/Tanuja/core_uvm/tb/sv/corerv_scoreboard.sv(52) @ 1185000: uvm_test_top.env.scb [SCB_MATCH] [PC: 8000015c | INSTR: 00ce86e7] MATCH OK! -> Reg x13 = 0x80000160
UVM_INFO /home/user1/Darshan_Verification/Tanuja/core_uvm/tb/sv/corerv_scoreboard.sv(52) @ 1225000: uvm_test_top.env.scb [SCB_MATCH] [PC: 80000164 | INSTR: 0022d313] MATCH OK! -> Reg x6 = 0x0000005f
UVM_INFO /home/user1/Darshan_Verification/Tanuja/core_uvm/tb/sv/corerv_scoreboard.sv(52) @ 1235000: uvm_test_top.env.scb [SCB_MATCH] [PC: 80000168 | INSTR: 008007ef] MATCH OK! -> Reg x15 = 0x8000016c
UVM_INFO /home/user1/Darshan_Verification/Tanuja/core_uvm/tb/sv/corerv_scoreboard.sv(52) @ 1275000: uvm_test_top.env.scb [SCB_MATCH] [PC: 80000170 | INSTR: 005e5493] MATCH OK! -> Reg x9 = 0x001cdd00
UVM_INFO /home/user1/Darshan_Verification/Tanuja/core_uvm/tb/sv/corerv_scoreboard.sv(52) @ 1285000: uvm_test_top.env.scb [SCB_MATCH] [PC: 80000174 | INSTR: 1a20e0b7] MATCH OK! -> Reg x1 = 0x1a20e000
UVM_INFO /home/user1/Darshan_Verification/Tanuja/core_uvm/tb/sv/corerv_scoreboard.sv(52) @ 1315000: uvm_test_top.env.scb [SCB_MATCH] [PC: 80000178 | INSTR: 03599533] MATCH OK! -> Reg x10 = 0x00000000
UVM_INFO /home/user1/Darshan_Verification/Tanuja/core_uvm/tb/sv/corerv_scoreboard.sv(52) @ 1345000: uvm_test_top.env.scb [SCB_MATCH] [PC: 8000017c | INSTR: 02f80cb3] MATCH OK! -> Reg x25 = 0x00000000
UVM_INFO /home/user1/Darshan_Verification/Tanuja/core_uvm/tb/sv/corerv_scoreboard.sv(52) @ 1355000: uvm_test_top.env.scb [SCB_MATCH] [PC: 80000180 | INSTR: 01ed5093] MATCH OK! -> Reg x1 = 0x00000003
UVM_INFO /home/user1/Darshan_Verification/Tanuja/core_uvm/tb/sv/corerv_scoreboard.sv(52) @ 1385000: uvm_test_top.env.scb [SCB_MATCH] [PC: 80000184 | INSTR: 03b908b3] MATCH OK! -> Reg x17 = 0x00000000
UVM_INFO /home/user1/Darshan_Verification/Tanuja/core_uvm/tb/sv/corerv_scoreboard.sv(56) @ 1395000: uvm_test_top.env.scb [SCB_MATCH] [PC: 80000188 | INSTR: 014f1823] MATCH OK! -> Executed safely
UVM_INFO /home/user1/Darshan_Verification/Tanuja/core_uvm/tb/sv/corerv_scoreboard.sv(52) @ 1405000: uvm_test_top.env.scb [SCB_MATCH] [PC: 8000018c | INSTR: 340db0f3] MATCH OK! -> Reg x1 = 0x00000016
UVM_INFO /home/user1/Darshan_Verification/Tanuja/core_uvm/tb/sv/corerv_scoreboard.sv(52) @ 1415000: uvm_test_top.env.scb [SCB_MATCH] [PC: 80000190 | INSTR: 0080086f] MATCH OK! -> Reg x16 = 0x80000194
UVM_INFO /home/user1/Darshan_Verification/Tanuja/core_uvm/tb/sv/corerv_scoreboard.sv(52) @ 1455000: uvm_test_top.env.scb [SCB_MATCH] [PC: 80000198 | INSTR: 41015913] MATCH OK! -> Reg x18 = 0xfffffeff
UVM_INFO /home/user1/Darshan_Verification/Tanuja/core_uvm/tb/sv/corerv_scoreboard.sv(52) @ 1465000: uvm_test_top.env.scb [SCB_MATCH] [PC: 8000019c | INSTR: 45fdc093] MATCH OK! -> Reg x1 = 0xfeffe547
UVM_INFO /home/user1/Darshan_Verification/Tanuja/core_uvm/tb/sv/corerv_scoreboard.sv(52) @ 1475000: uvm_test_top.env.scb [SCB_MATCH] [PC: 800001a0 | INSTR: 340416f3] MATCH OK! -> Reg x13 = 0x00000006
UVM_INFO /home/user1/Darshan_Verification/Tanuja/core_uvm/tb/sv/corerv_scoreboard.sv(52) @ 1485000: uvm_test_top.env.scb [SCB_MATCH] [PC: 800001a4 | INSTR: 01fc5113] MATCH OK! -> Reg x2 = 0x00000000
UVM_INFO /home/user1/Darshan_Verification/Tanuja/core_uvm/tb/sv/corerv_scoreboard.sv(52) @ 1495000: uvm_test_top.env.scb [SCB_MATCH] [PC: 800001a8 | INSTR: dc4d2597] MATCH OK! -> Reg x11 = 0x5c4d21a8
UVM_INFO /home/user1/Darshan_Verification/Tanuja/core_uvm/tb/sv/corerv_scoreboard.sv(56) @ 1505000: uvm_test_top.env.scb [SCB_MATCH] [PC: 800001ac | INSTR: 01bcf463] MATCH OK! -> Executed safely
UVM_INFO /home/user1/Darshan_Verification/Tanuja/core_uvm/tb/sv/corerv_scoreboard.sv(52) @ 1515000: uvm_test_top.env.scb [SCB_MATCH] [PC: 800001b0 | INSTR: 001c8913] MATCH OK! -> Reg x18 = 0x00000001
UVM_INFO /home/user1/Darshan_Verification/Tanuja/core_uvm/tb/sv/corerv_scoreboard.sv(52) @ 1525000: uvm_test_top.env.scb [SCB_MATCH] [PC: 800001b4 | INSTR: 33049437] MATCH OK! -> Reg x8 = 0x33049000
UVM_INFO /home/user1/Darshan_Verification/Tanuja/core_uvm/tb/sv/corerv_scoreboard.sv(52) @ 1535000: uvm_test_top.env.scb [SCB_MATCH] [PC: 800001b8 | INSTR: 2ee94d97] MATCH OK! -> Reg x27 = 0xaee941b8
UVM_INFO /home/user1/Darshan_Verification/Tanuja/core_uvm/tb/sv/corerv_scoreboard.sv(52) @ 1545000: uvm_test_top.env.scb [SCB_MATCH] [PC: 800001bc | INSTR: 3403f3f3] MATCH OK! -> Reg x7 = 0xfffffc91
UVM_INFO /home/user1/Darshan_Verification/Tanuja/core_uvm/tb/sv/corerv_scoreboard.sv(52) @ 1555000: uvm_test_top.env.scb [SCB_MATCH] [PC: 800001c0 | INSTR: ecc20193] MATCH OK! -> Reg x3 = 0x00000197
UVM_INFO /home/user1/Darshan_Verification/Tanuja/core_uvm/tb/sv/corerv_scoreboard.sv(52) @ 1565000: uvm_test_top.env.scb [SCB_MATCH] [PC: 800001c4 | INSTR: fbeaf417] MATCH OK! -> Reg x8 = 0x7beaf1c4
UVM_INFO /home/user1/Darshan_Verification/Tanuja/core_uvm/tb/sv/corerv_scoreboard.sv(52) @ 1575000: uvm_test_top.env.scb [SCB_MATCH] [PC: 800001c8 | INSTR: 640e7213] MATCH OK! -> Reg x4 = 0x00000000
UVM_INFO /home/user1/Darshan_Verification/Tanuja/core_uvm/tb/sv/corerv_scoreboard.sv(52) @ 1585000: uvm_test_top.env.scb [SCB_MATCH] [PC: 800001cc | INSTR: 84ce0d37] MATCH OK! -> Reg x26 = 0x84ce0000
UVM_INFO /home/user1/Darshan_Verification/Tanuja/core_uvm/tb/sv/corerv_scoreboard.sv(52) @ 1595000: uvm_test_top.env.scb [SCB_MATCH] [PC: 800001d0 | INSTR: 4d194517] MATCH OK! -> Reg x10 = 0xcd1941d0
UVM_INFO /home/user1/Darshan_Verification/Tanuja/core_uvm/tb/sv/corerv_scoreboard.sv(52) @ 1605000: uvm_test_top.env.scb [SCB_MATCH] [PC: 800001d4 | INSTR: 000f0603] MATCH OK! -> Reg x12 = 0x00000000
UVM_INFO /home/user1/Darshan_Verification/Tanuja/core_uvm/tb/sv/corerv_scoreboard.sv(52) @ 1615000: uvm_test_top.env.scb [SCB_MATCH] [PC: 800001d8 | INSTR: 3400b973] MATCH OK! -> Reg x18 = 0xfffffc90
UVM_INFO /home/user1/Darshan_Verification/Tanuja/core_uvm/tb/sv/corerv_scoreboard.sv(52) @ 1625000: uvm_test_top.env.scb [SCB_MATCH] [PC: 800001dc | INSTR: 00000e97] MATCH OK! -> Reg x29 = 0x800001dc
UVM_INFO /home/user1/Darshan_Verification/Tanuja/core_uvm/tb/sv/corerv_scoreboard.sv(52) @ 1635000: uvm_test_top.env.scb [SCB_MATCH] [PC: 800001e0 | INSTR: 00ce8ae7] MATCH OK! -> Reg x21 = 0x800001e4
UVM_INFO /home/user1/Darshan_Verification/Tanuja/core_uvm/tb/sv/corerv_scoreboard.sv(52) @ 1675000: uvm_test_top.env.scb [SCB_MATCH] [PC: 800001e8 | INSTR: 6bbc4b17] MATCH OK! -> Reg x22 = 0xebbc41e8
UVM_INFO /home/user1/Darshan_Verification/Tanuja/core_uvm/tb/sv/corerv_scoreboard.sv(52) @ 1685000: uvm_test_top.env.scb [SCB_MATCH] [PC: 800001ec | INSTR: 0114d633] MATCH OK! -> Reg x12 = 0x001cdd00
UVM_INFO /home/user1/Darshan_Verification/Tanuja/core_uvm/tb/sv/corerv_scoreboard.sv(52) @ 1695000: uvm_test_top.env.scb [SCB_MATCH] [PC: 800001f0 | INSTR: 00000e97] MATCH OK! -> Reg x29 = 0x800001f0
UVM_INFO /home/user1/Darshan_Verification/Tanuja/core_uvm/tb/sv/corerv_scoreboard.sv(52) @ 1705000: uvm_test_top.env.scb [SCB_MATCH] [PC: 800001f4 | INSTR: 00ce8567] MATCH OK! -> Reg x10 = 0x800001f8
UVM_INFO /home/user1/Darshan_Verification/Tanuja/core_uvm/tb/sv/corerv_scoreboard.sv(56) @ 1745000: uvm_test_top.env.scb [SCB_MATCH] [PC: 800001fc | INSTR: 01530463] MATCH OK! -> Executed safely
UVM_INFO /home/user1/Darshan_Verification/Tanuja/core_uvm/tb/sv/corerv_scoreboard.sv(52) @ 1755000: uvm_test_top.env.scb [SCB_MATCH] [PC: 80000200 | INSTR: 00130c13] MATCH OK! -> Reg x24 = 0x00000060
UVM_INFO /home/user1/Darshan_Verification/Tanuja/core_uvm/tb/sv/corerv_scoreboard.sv(52) @ 1765000: uvm_test_top.env.scb [SCB_MATCH] [PC: 80000204 | INSTR: 00cf5d83] MATCH OK! -> Reg x27 = 0x000000c0
UVM_INFO /home/user1/Darshan_Verification/Tanuja/core_uvm/tb/sv/corerv_scoreboard.sv(52) @ 1775000: uvm_test_top.env.scb [SCB_MATCH] [PC: 80000208 | INSTR: 340112f3] MATCH OK! -> Reg x5 = 0x01001890
UVM_INFO /home/user1/Darshan_Verification/Tanuja/core_uvm/tb/sv/corerv_scoreboard.sv(52) @ 1785000: uvm_test_top.env.scb [SCB_MATCH] [PC: 8000020c | INSTR: 3404be73] MATCH OK! -> Reg x28 = 0x00000000
UVM_INFO /home/user1/Darshan_Verification/Tanuja/core_uvm/tb/sv/corerv_scoreboard.sv(52) @ 1795000: uvm_test_top.env.scb [SCB_MATCH] [PC: 80000210 | INSTR: 00000e97] MATCH OK! -> Reg x29 = 0x80000210
UVM_INFO /home/user1/Darshan_Verification/Tanuja/core_uvm/tb/sv/corerv_scoreboard.sv(52) @ 1805000: uvm_test_top.env.scb [SCB_MATCH] [PC: 80000214 | INSTR: 00ce8667] MATCH OK! -> Reg x12 = 0x80000218
UVM_INFO /home/user1/Darshan_Verification/Tanuja/core_uvm/tb/sv/corerv_scoreboard.sv(52) @ 1845000: uvm_test_top.env.scb [SCB_MATCH] [PC: 8000021c | INSTR: 34075773] MATCH OK! -> Reg x14 = 0x00000000
UVM_INFO /home/user1/Darshan_Verification/Tanuja/core_uvm/tb/sv/corerv_scoreboard.sv(52) @ 1875000: uvm_test_top.env.scb [SCB_MATCH] [PC: 80000220 | INSTR: 02728333] MATCH OK! -> Reg x6 = 0x90aba990
UVM_INFO /home/user1/Darshan_Verification/Tanuja/core_uvm/tb/sv/corerv_scoreboard.sv(52) @ 1885000: uvm_test_top.env.scb [SCB_MATCH] [PC: 80000224 | INSTR: 340d2973] MATCH OK! -> Reg x18 = 0x0000000e
UVM_INFO /home/user1/Darshan_Verification/Tanuja/core_uvm/tb/sv/corerv_scoreboard.sv(52) @ 1895000: uvm_test_top.env.scb [SCB_MATCH] [PC: 80000228 | INSTR: 015adc93] MATCH OK! -> Reg x25 = 0x00000400
UVM_INFO /home/user1/Darshan_Verification/Tanuja/core_uvm/tb/sv/corerv_scoreboard.sv(52) @ 1905000: uvm_test_top.env.scb [SCB_MATCH] [PC: 8000022c | INSTR: 010f0483] MATCH OK! -> Reg x9 = 0x00000040
UVM_INFO /home/user1/Darshan_Verification/Tanuja/core_uvm/tb/sv/corerv_scoreboard.sv(52) @ 1935000: uvm_test_top.env.scb [SCB_MATCH] [PC: 80000230 | INSTR: 02bd8ab3] MATCH OK! -> Reg x21 = 0x39d93e00
UVM_INFO /home/user1/Darshan_Verification/Tanuja/core_uvm/tb/sv/corerv_scoreboard.sv(52) @ 1945000: uvm_test_top.env.scb [SCB_MATCH] [PC: 80000234 | INSTR: 41735c93] MATCH OK! -> Reg x25 = 0xffffff21
UVM_INFO /home/user1/Darshan_Verification/Tanuja/core_uvm/tb/sv/corerv_scoreboard.sv(52) @ 1955000: uvm_test_top.env.scb [SCB_MATCH] [PC: 80000238 | INSTR: 004d5d13] MATCH OK! -> Reg x26 = 0x084ce000
UVM_INFO /home/user1/Darshan_Verification/Tanuja/core_uvm/tb/sv/corerv_scoreboard.sv(52) @ 1965000: uvm_test_top.env.scb [SCB_MATCH] [PC: 8000023c | INSTR: 008009ef] MATCH OK! -> Reg x19 = 0x80000240
UVM_INFO /home/user1/Darshan_Verification/Tanuja/core_uvm/tb/sv/corerv_scoreboard.sv(52) @ 2005000: uvm_test_top.env.scb [SCB_MATCH] [PC: 80000244 | INSTR: 41585293] MATCH OK! -> Reg x5 = 0xfffffc00
UVM_INFO /home/user1/Darshan_Verification/Tanuja/core_uvm/tb/sv/corerv_scoreboard.sv(52) @ 2015000: uvm_test_top.env.scb [SCB_MATCH] [PC: 80000248 | INSTR: 3409a8f3] MATCH OK! -> Reg x17 = 0x84ce000e
UVM_INFO /home/user1/Darshan_Verification/Tanuja/core_uvm/tb/sv/corerv_scoreboard.sv(52) @ 2045000: uvm_test_top.env.scb [SCB_MATCH] [PC: 8000024c | INSTR: 02aa9b33] MATCH OK! -> Reg x22 = 0xe3136171
UVM_INFO /home/user1/Darshan_Verification/Tanuja/core_uvm/tb/sv/corerv_scoreboard.sv(52) @ 2055000: uvm_test_top.env.scb [SCB_MATCH] [PC: 80000250 | INSTR: 004b7133] MATCH OK! -> Reg x2 = 0x00000000
[SCB DEBUG] Data Mismatch! Reg: x1 | RTL Val: 0x280 | Spike Val: 0x80
UVM_FATAL /home/user1/Darshan_Verification/Tanuja/core_uvm/tb/sv/corerv_scoreboard.sv(47) @ 2065000: uvm_test_top.env.scb [SCB_MISMATCH] Mismatch at PC: 80000254 | INSTR: 00149093 | Reg: x1 | RTL Val: 00000280

--- UVM Report Summary ---

** Report counts by severity
UVM_INFO :  136
UVM_WARNING :    0
UVM_ERROR :    0
UVM_FATAL :    1
** Report counts by id
[MON_MEM]     1
[RNTST]     1
[SCB_MATCH]   133
[SCB_MISMATCH]     1
[TEST]     1
$finish called from file "/home/install/synopsys_tools/VCS/vcs/U-2023.03/etc/uvm/base/uvm_report_object.svh", line 292.
$finish at simulation time              2065000

---------------------------------------------------------------------------
VCS Coverage Metrics: during simulation line, cond, FSM, branch, tgl was monitored
---------------------------------------------------------------------------

 Coverage status: End of All Coverages ...

           V C S   S i m u l a t i o n   R e p o r t 
Time: 2065000 ps
CPU Time:      0.370 seconds;       Data structure size:   3.0Mb
Sat Oct 10 04:04:48 2026
