------------------------------------------------------------------------
                      SPIKE GOLDEN TRACE LOG                            
------------------------------------------------------------------------
PC: [0x80000000] INSTR: [0x80010f37] | WRITE REG: x30 = 0x80010000
PC: [0x80000004] INSTR: [0xecb00093] | WRITE REG: x01 = 0xfffffecb
PC: [0x80000008] INSTR: [0x08500113] | WRITE REG: x02 = 0x00000085
PC: [0x8000000c] INSTR: [0x23d00193] | WRITE REG: x03 = 0x0000023d
PC: [0x80000010] INSTR: [0x19000213] | WRITE REG: x04 = 0x00000190
PC: [0x80000014] INSTR: [0xead00293] | WRITE REG: x05 = 0xfffffead
PC: [0x80000018] INSTR: [0x06d00313] | WRITE REG: x06 = 0x0000006d
PC: [0x8000001c] INSTR: [0xca300393] | WRITE REG: x07 = 0xfffffca3
PC: [0x80000020] INSTR: [0xc6600413] | WRITE REG: x08 = 0xfffffc66
PC: [0x80000024] INSTR: [0xe4100493] | WRITE REG: x09 = 0xfffffe41
PC: [0x80000028] INSTR: [0x81d14db7] | WRITE REG: x27 = 0x81d14000
PC: [0x8000002c] INSTR: [0x013f1c23] | NO_REG_WRITE
PC: [0x80000030] INSTR: [0x40431917] | WRITE REG: x18 = 0xc0431030
PC: [0x80000034] INSTR: [0x02d09c33] | WRITE REG: x24 = 0x00000000
PC: [0x80000038] INSTR: [0x0080046f] | WRITE REG: x08 = 0x8000003c
PC: [0x80000040] INSTR: [0x34037873] | WRITE REG: x16 = 0x00000000
PC: [0x80000044] INSTR: [0x1070f517] | WRITE REG: x10 = 0x9070f044
PC: [0x80000048] INSTR: [0x01655113] | WRITE REG: x02 = 0x00000241
PC: [0x8000004c] INSTR: [0x340badf3] | WRITE REG: x27 = 0x00000000
PC: [0x80000050] INSTR: [0x01b11463] | NO_REG_WRITE
PC: [0x80000058] INSTR: [0x340b63f3] | WRITE REG: x07 = 0x00000000
PC: [0x8000005c] INSTR: [0x00311313] | WRITE REG: x06 = 0x00001208
PC: [0x80000060] INSTR: [0x0080016f] | WRITE REG: x02 = 0x80000064
PC: [0x80000068] INSTR: [0x3408bcf3] | WRITE REG: x25 = 0x00000016
PC: [0x8000006c] INSTR: [0x00f5d463] | NO_REG_WRITE
PC: [0x80000074] INSTR: [0x00800a6f] | WRITE REG: x20 = 0x80000078
PC: [0x8000007c] INSTR: [0x340058f3] | WRITE REG: x17 = 0x00000016
PC: [0x80000080] INSTR: [0x340e2cf3] | WRITE REG: x25 = 0x00000000
PC: [0x80000084] INSTR: [0x00495463] | NO_REG_WRITE
PC: [0x80000088] INSTR: [0x00190c93] | WRITE REG: x25 = 0xc0431031
PC: [0x8000008c] INSTR: [0x0182c463] | NO_REG_WRITE
PC: [0x80000094] INSTR: [0x01909c33] | WRITE REG: x24 = 0xfd960000
PC: [0x80000098] INSTR: [0x038703b3] | WRITE REG: x07 = 0x00000000
PC: [0x8000009c] INSTR: [0x00111093] | WRITE REG: x01 = 0x000000c8
PC: [0x800000a0] INSTR: [0x00fc06b3] | WRITE REG: x13 = 0xfd960000
PC: [0x800000a4] INSTR: [0x01bdd193] | WRITE REG: x03 = 0x00000000
PC: [0x800000a8] INSTR: [0x3ef1e917] | WRITE REG: x18 = 0xbef1e0a8
PC: [0x800000ac] INSTR: [0x3400aa73] | WRITE REG: x20 = 0x00000000
PC: [0x800000b0] INSTR: [0xfcec2a17] | WRITE REG: x20 = 0x7cec20b0
PC: [0x800000b4] INSTR: [0x3406b873] | WRITE REG: x16 = 0x000000c8
PC: [0x800000b8] INSTR: [0x70bc1997] | WRITE REG: x19 = 0xf0bc10b8
PC: [0x800000bc] INSTR: [0x971e1a17] | WRITE REG: x20 = 0x171e10bc
PC: [0x800000c0] INSTR: [0xa2a6f413] | WRITE REG: x08 = 0xfd960000
PC: [0x800000c4] INSTR: [0x008000ef] | WRITE REG: x01 = 0x800000c8
PC: [0x800000cc] INSTR: [0x3400acf3] | WRITE REG: x25 = 0x000000c8
PC: [0x800000d0] INSTR: [0x340c1273] | WRITE REG: x04 = 0x800000c8
PC: [0x800000d4] INSTR: [0x328bfd93] | WRITE REG: x27 = 0x00000000
PC: [0x800000d8] INSTR: [0xf25c1397] | WRITE REG: x07 = 0x725c10d8
PC: [0x800000dc] INSTR: [0xc5b31c97] | WRITE REG: x25 = 0x45b310dc
PC: [0x800000e0] INSTR: [0x0042a4b3] | WRITE REG: x09 = 0x00000000
PC: [0x800000e4] INSTR: [0x008007ef] | WRITE REG: x15 = 0x800000e8
PC: [0x800000ec] INSTR: [0x40dc5093] | WRITE REG: x01 = 0xffffecb0
PC: [0x800000f0] INSTR: [0x00d39c93] | WRITE REG: x25 = 0x821b0000
PC: [0x800000f4] INSTR: [0x01408463] | NO_REG_WRITE
PC: [0x800000f8] INSTR: [0x00108c93] | WRITE REG: x25 = 0xffffecb1
PC: [0x800000fc] INSTR: [0x0194f463] | NO_REG_WRITE
PC: [0x80000100] INSTR: [0x00148613] | WRITE REG: x12 = 0x00000001
PC: [0x80000104] INSTR: [0xbff56697] | WRITE REG: x13 = 0x3ff56104
PC: [0x80000108] INSTR: [0x993c89b7] | WRITE REG: x19 = 0x993c8000
PC: [0x8000010c] INSTR: [0xe2d45117] | WRITE REG: x02 = 0x62d4510c
PC: [0x80000110] INSTR: [0x3408a973] | WRITE REG: x18 = 0xfd960000
PC: [0x80000114] INSTR: [0x0102d463] | NO_REG_WRITE
PC: [0x80000118] INSTR: [0x00128113] | WRITE REG: x02 = 0xfffffeae
PC: [0x8000011c] INSTR: [0x6510ac97] | WRITE REG: x25 = 0xe510a11c
PC: [0x80000120] INSTR: [0x03a18db3] | WRITE REG: x27 = 0x00000000
PC: [0x80000124] INSTR: [0x000f4b83] | WRITE REG: x23 = 0x00000000
PC: [0x80000128] INSTR: [0x14711817] | WRITE REG: x16 = 0x94711128
PC: [0x8000012c] INSTR: [0x00000e97] | WRITE REG: x29 = 0x8000012c
PC: [0x80000130] INSTR: [0x00ce81e7] | WRITE REG: x03 = 0x80000134
PC: [0x80000138] INSTR: [0x02ad9533] | WRITE REG: x10 = 0x00000000
PC: [0x8000013c] INSTR: [0x00d71cb3] | WRITE REG: x25 = 0x00000000
PC: [0x80000140] INSTR: [0x9025d9b7] | WRITE REG: x19 = 0x9025d000
PC: [0x80000144] INSTR: [0x01a9c463] | NO_REG_WRITE
PC: [0x8000014c] INSTR: [0x01af0623] | NO_REG_WRITE
PC: [0x80000150] INSTR: [0x340554f3] | WRITE REG: x09 = 0xfd960016
PC: [0x80000154] INSTR: [0x010f2023] | NO_REG_WRITE
PC: [0x80000158] INSTR: [0x340c2bf3] | WRITE REG: x23 = 0x0000000a
PC: [0x8000015c] INSTR: [0x00000e97] | WRITE REG: x29 = 0x8000015c
PC: [0x80000160] INSTR: [0x00ce89e7] | WRITE REG: x19 = 0x80000164
PC: [0x80000168] INSTR: [0xbfbee117] | WRITE REG: x02 = 0x3fbee168
PC: [0x8000016c] INSTR: [0x003a6ab3] | WRITE REG: x21 = 0x971e11bc
PC: [0x80000170] INSTR: [0x340e6af3] | WRITE REG: x21 = 0xfd96000a
PC: [0x80000174] INSTR: [0x00d5db93] | WRITE REG: x23 = 0x00000000
PC: [0x80000178] INSTR: [0x00f3c463] | NO_REG_WRITE
PC: [0x8000017c] INSTR: [0x00138793] | WRITE REG: x15 = 0x725c10d9
PC: [0x80000180] INSTR: [0x35070b97] | WRITE REG: x23 = 0xb5070180
PC: [0x80000184] INSTR: [0x029e1a33] | WRITE REG: x20 = 0x00000000
PC: [0x80000188] INSTR: [0xee4be2b7] | WRITE REG: x05 = 0xee4be000
PC: [0x8000018c] INSTR: [0xf147acb7] | WRITE REG: x25 = 0xf147a000
PC: [0x80000190] INSTR: [0x3409a673] | WRITE REG: x12 = 0xfd96001e
PC: [0x80000194] INSTR: [0xb5a04817] | WRITE REG: x16 = 0x35a04194
PC: [0x80000198] INSTR: [0xf9ed98b7] | WRITE REG: x17 = 0xf9ed9000
PC: [0x8000019c] INSTR: [0x34033773] | WRITE REG: x14 = 0xfd96017e
PC: [0x800001a0] INSTR: [0x340093f3] | WRITE REG: x07 = 0xfd960176
PC: [0x800001a4] INSTR: [0x00cf1d03] | WRITE REG: x26 = 0x00000000
PC: [0x800001a8] INSTR: [0x00800b6f] | WRITE REG: x22 = 0x800001ac
PC: [0x800001b0] INSTR: [0x8a303397] | WRITE REG: x07 = 0x0a3031b0
PC: [0x800001b4] INSTR: [0x00000e97] | WRITE REG: x29 = 0x800001b4
PC: [0x800001b8] INSTR: [0x00ce87e7] | WRITE REG: x15 = 0x800001bc
PC: [0x800001c0] INSTR: [0x00db0a33] | WRITE REG: x20 = 0xbff562b0
PC: [0x800001c4] INSTR: [0x005c0463] | NO_REG_WRITE
PC: [0x800001c8] INSTR: [0x001c0893] | WRITE REG: x17 = 0xfd960001
PC: [0x800001cc] INSTR: [0x00b88633] | WRITE REG: x12 = 0xfd960001
PC: [0x800001d0] INSTR: [0x418c5513] | WRITE REG: x10 = 0xfffffffd
PC: [0x800001d4] INSTR: [0x8f892617] | WRITE REG: x12 = 0x0f8921d4
PC: [0x800001d8] INSTR: [0x00000e97] | WRITE REG: x29 = 0x800001d8
PC: [0x800001dc] INSTR: [0x00ce84e7] | WRITE REG: x09 = 0x800001e0
PC: [0x800001e4] INSTR: [0x00af2623] | NO_REG_WRITE
PC: [0x800001e8] INSTR: [0x3408d473] | WRITE REG: x08 = 0xffffecb0
PC: [0x800001ec] INSTR: [0x0f9047b7] | WRITE REG: x15 = 0x0f904000
PC: [0x800001f0] INSTR: [0x59151237] | WRITE REG: x04 = 0x59151000
PC: [0x800001f4] INSTR: [0x00add463] | NO_REG_WRITE
PC: [0x800001fc] INSTR: [0x05e63a17] | WRITE REG: x20 = 0x85e631fc
PC: [0x80000200] INSTR: [0x02f91833] | WRITE REG: x16 = 0xffda6dc5
PC: [0x80000204] INSTR: [0x13860717] | WRITE REG: x14 = 0x93860204
PC: [0x80000208] INSTR: [0x0030de13] | WRITE REG: x28 = 0x1ffffd96
PC: [0x8000020c] INSTR: [0x00000e97] | WRITE REG: x29 = 0x8000020c
PC: [0x80000210] INSTR: [0x00ce8967] | WRITE REG: x18 = 0x80000214
PC: [0x80000218] INSTR: [0x24a3cbb7] | WRITE REG: x23 = 0x24a3c000
PC: [0x8000021c] INSTR: [0x3407bc73] | WRITE REG: x24 = 0x00000011
PC: [0x80000220] INSTR: [0x4175d713] | WRITE REG: x14 = 0x00000000
PC: [0x80000224] INSTR: [0x340796f3] | WRITE REG: x13 = 0x00000011
PC: [0x80000228] INSTR: [0x74a06217] | WRITE REG: x04 = 0xf4a06228
PC: [0x8000022c] INSTR: [0x00000e97] | WRITE REG: x29 = 0x8000022c
PC: [0x80000230] INSTR: [0x00ce8a67] | WRITE REG: x20 = 0x80000234
PC: [0x80000238] INSTR: [0x1201eb17] | WRITE REG: x22 = 0x9201e238
PC: [0x8000023c] INSTR: [0x415401b3] | WRITE REG: x03 = 0x0269eca6
PC: [0x80000240] INSTR: [0x00899463] | NO_REG_WRITE
PC: [0x80000248] INSTR: [0x4184d093] | WRITE REG: x01 = 0xffffff80
PC: [0x8000024c] INSTR: [0x340db0f3] | WRITE REG: x01 = 0x0f904000
PC: [0x80000250] INSTR: [0xc4a050b7] | WRITE REG: x01 = 0xc4a05000
PC: [0x80000254] INSTR: [0x0080016f] | WRITE REG: x02 = 0x80000258
PC: [0x8000025c] INSTR: [0x34053973] | WRITE REG: x18 = 0x0f904000
PC: [0x80000260] INSTR: [0xf438ec97] | WRITE REG: x25 = 0x7438e260
PC: [0x80000264] INSTR: [0x154669b7] | WRITE REG: x19 = 0x15466000
PC: [0x80000268] INSTR: [0x008000ef] | WRITE REG: x01 = 0x8000026c
PC: [0x80000270] INSTR: [0x631bfcb7] | WRITE REG: x25 = 0x631bf000
PC: [0x80000274] INSTR: [0x000f4e03] | WRITE REG: x28 = 0x00000028
PC: [0x80000278] INSTR: [0xcea5e993] | WRITE REG: x19 = 0xfffffcea
PC: [0x8000027c] INSTR: [0x75c0b837] | WRITE REG: x16 = 0x75c0b000
PC: [0x80000280] INSTR: [0x00800b6f] | WRITE REG: x22 = 0x80000284
PC: [0x80000288] INSTR: [0x01c11833] | WRITE REG: x16 = 0x00025800
PC: [0x8000028c] INSTR: [0x008f2a03] | WRITE REG: x20 = 0x00000000
PC: [0x80000290] INSTR: [0x008f1823] | NO_REG_WRITE
PC: [0x80000294] INSTR: [0x3407e673] | WRITE REG: x12 = 0x00000000
PC: [0x80000298] INSTR: [0x01aa9433] | WRITE REG: x08 = 0xfd96000a
PC: [0x8000029c] INSTR: [0x0186d613] | WRITE REG: x12 = 0x00000000
PC: [0x800002a0] INSTR: [0x08846393] | WRITE REG: x07 = 0xfd96008a
PC: [0x800002a4] INSTR: [0x670bf613] | WRITE REG: x12 = 0x00000000
PC: [0x800002a8] INSTR: [0x00ef2623] | NO_REG_WRITE
PC: [0x800002ac] INSTR: [0x3d7dae17] | WRITE REG: x28 = 0xbd7da2ac
PC: [0x800002b0] INSTR: [0x01cf0b03] | WRITE REG: x22 = 0x00000000
PC: [0x800002b4] INSTR: [0x01bce463] | NO_REG_WRITE
PC: [0x800002b8] INSTR: [0x001c8d93] | WRITE REG: x27 = 0x631bf001
PC: [0x800002bc] INSTR: [0x340b1df3] | WRITE REG: x27 = 0x0000000f
PC: [0x800002c0] INSTR: [0x34097a73] | WRITE REG: x20 = 0x00000000
PC: [0x800002c4] INSTR: [0x74165697] | WRITE REG: x13 = 0xf41652c4
PC: [0x800002c8] INSTR: [0xe1e98c13] | WRITE REG: x24 = 0xfffffb08
PC: [0x800002cc] INSTR: [0x340954f3] | WRITE REG: x09 = 0x00000000
PC: [0x800002d0] INSTR: [0x021f2023] | NO_REG_WRITE
PC: [0x800002d4] INSTR: [0x008f2203] | WRITE REG: x04 = 0x00000000
PC: [0x800002d8] INSTR: [0x00e87933] | WRITE REG: x18 = 0x00000000
PC: [0x800002dc] INSTR: [0x00015713] | WRITE REG: x14 = 0x80000258
PC: [0x800002e0] INSTR: [0x01f15793] | WRITE REG: x15 = 0x00000001
PC: [0x800002e4] INSTR: [0xfb5b6b93] | WRITE REG: x23 = 0xffffffb5
PC: [0x800002e8] INSTR: [0x010f4203] | WRITE REG: x04 = 0x000000b0
PC: [0x800002ec] INSTR: [0x026d8a33] | WRITE REG: x20 = 0x00010e78
PC: [0x800002f0] INSTR: [0x3402f2f3] | WRITE REG: x05 = 0x00000012
PC: [0x800002f4] INSTR: [0x00df1623] | NO_REG_WRITE
PC: [0x800002f8] INSTR: [0x3404bb73] | WRITE REG: x22 = 0x00000012
PC: [0x800002fc] INSTR: [0x340222f3] | WRITE REG: x05 = 0x00000012
PC: [0x80000300] INSTR: [0x02198133] | WRITE REG: x02 = 0xfff886b8
PC: [0x80000304] INSTR: [0x3404fc73] | WRITE REG: x24 = 0x000000b2
 >>> [DATA BUG] Mismatch on x24! Expected RTL: 0xecb2 | Spike: 0xb2
