------------------------------------------------------------------------
                      SPIKE GOLDEN TRACE LOG                            
------------------------------------------------------------------------
PC: [0x80000000] INSTR: [0x80010f37] | WRITE REG: x30 = 0x80010000
PC: [0x80000004] INSTR: [0x36e00093] | WRITE REG: x01 = 0x0000036e
PC: [0x80000008] INSTR: [0x09100113] | WRITE REG: x02 = 0x00000091
PC: [0x8000000c] INSTR: [0x25300193] | WRITE REG: x03 = 0x00000253
PC: [0x80000010] INSTR: [0xffd00213] | WRITE REG: x04 = 0xfffffffd
PC: [0x80000014] INSTR: [0xeaa00293] | WRITE REG: x05 = 0xfffffeaa
PC: [0x80000018] INSTR: [0xeab00313] | WRITE REG: x06 = 0xfffffeab
PC: [0x8000001c] INSTR: [0x33300393] | WRITE REG: x07 = 0x00000333
PC: [0x80000020] INSTR: [0x10800413] | WRITE REG: x08 = 0x00000108
PC: [0x80000024] INSTR: [0x24100493] | WRITE REG: x09 = 0x00000241
PC: [0x80000028] INSTR: [0x00df0423] | NO_REG_WRITE
PC: [0x8000002c] INSTR: [0x340466f3] | WRITE REG: x13 = 0x00000000
PC: [0x80000030] INSTR: [0x01a5da93] | WRITE REG: x21 = 0x00000000
PC: [0x80000034] INSTR: [0x00000e97] | WRITE REG: x29 = 0x80000034
PC: [0x80000038] INSTR: [0x00ce8be7] | WRITE REG: x23 = 0x8000003c
PC: [0x80000040] INSTR: [0x4027d433] | WRITE REG: x08 = 0x00000000
PC: [0x80000044] INSTR: [0x01a268b3] | WRITE REG: x17 = 0xfffffffd
PC: [0x80000048] INSTR: [0x0155d833] | WRITE REG: x16 = 0x00000000
PC: [0x8000004c] INSTR: [0x34021773] | WRITE REG: x14 = 0x00000008
PC: [0x80000050] INSTR: [0x340a2273] | WRITE REG: x04 = 0xfffffffd
PC: [0x80000054] INSTR: [0x00ca9463] | NO_REG_WRITE
PC: [0x80000058] INSTR: [0x001a8213] | WRITE REG: x04 = 0x00000001
PC: [0x8000005c] INSTR: [0x340cd0f3] | WRITE REG: x01 = 0xfffffffd
PC: [0x80000060] INSTR: [0x025a0bb3] | WRITE REG: x23 = 0x00000000
PC: [0x80000064] INSTR: [0x340425f3] | WRITE REG: x11 = 0x00000019
PC: [0x80000068] INSTR: [0x3404f6f3] | WRITE REG: x13 = 0x00000019
PC: [0x8000006c] INSTR: [0x003cd813] | WRITE REG: x16 = 0x00000000
PC: [0x80000070] INSTR: [0x406d5e13] | WRITE REG: x28 = 0x00000000
PC: [0x80000074] INSTR: [0x00f36463] | NO_REG_WRITE
PC: [0x80000078] INSTR: [0x00130293] | WRITE REG: x05 = 0xfffffeac
PC: [0x8000007c] INSTR: [0x021d0d33] | WRITE REG: x26 = 0x00000000
PC: [0x80000080] INSTR: [0x0052de13] | WRITE REG: x28 = 0x07fffff5
PC: [0x80000084] INSTR: [0xd9416593] | WRITE REG: x11 = 0xfffffd95
PC: [0x80000088] INSTR: [0x340635f3] | WRITE REG: x11 = 0x00000010
PC: [0x8000008c] INSTR: [0x340ab773] | WRITE REG: x14 = 0x00000010
PC: [0x80000090] INSTR: [0x2d05e813] | WRITE REG: x16 = 0x000002d0
PC: [0x80000094] INSTR: [0x01e2d613] | WRITE REG: x12 = 0x00000003
PC: [0x80000098] INSTR: [0x02e415b3] | WRITE REG: x11 = 0x00000000
PC: [0x8000009c] INSTR: [0x0114f633] | WRITE REG: x12 = 0x00000241
PC: [0x800000a0] INSTR: [0x5c7155b7] | WRITE REG: x11 = 0x5c715000
PC: [0x800000a4] INSTR: [0xf58178b7] | WRITE REG: x17 = 0xf5817000
PC: [0x800000a8] INSTR: [0x00440db3] | WRITE REG: x27 = 0x00000001
PC: [0x800000ac] INSTR: [0x00000e97] | WRITE REG: x29 = 0x800000ac
PC: [0x800000b0] INSTR: [0x00ce8567] | WRITE REG: x10 = 0x800000b4
PC: [0x800000b8] INSTR: [0x023c0ab3] | WRITE REG: x21 = 0x00000000
PC: [0x800000bc] INSTR: [0x3402d1f3] | WRITE REG: x03 = 0x00000010
PC: [0x800000c0] INSTR: [0x53d23e37] | WRITE REG: x28 = 0x53d23000
PC: [0x800000c4] INSTR: [0x340a3c73] | WRITE REG: x24 = 0x00000005
PC: [0x800000c8] INSTR: [0x01a1d463] | NO_REG_WRITE
PC: [0x800000d0] INSTR: [0x00d36463] | NO_REG_WRITE
PC: [0x800000d4] INSTR: [0x00130593] | WRITE REG: x11 = 0xfffffeac
PC: [0x800000d8] INSTR: [0x3401a4f3] | WRITE REG: x09 = 0x00000005
PC: [0x800000dc] INSTR: [0x3404d873] | WRITE REG: x16 = 0x00000015
PC: [0x800000e0] INSTR: [0x3409f6f3] | WRITE REG: x13 = 0x00000009
PC: [0x800000e4] INSTR: [0xe98d0b93] | WRITE REG: x23 = 0xfffffe98
PC: [0x800000e8] INSTR: [0x010f1023] | NO_REG_WRITE
PC: [0x800000ec] INSTR: [0xe9a03397] | WRITE REG: x07 = 0x69a030ec
PC: [0x800000f0] INSTR: [0x006b0463] | NO_REG_WRITE
PC: [0x800000f4] INSTR: [0x001b0093] | WRITE REG: x01 = 0x00000001
PC: [0x800000f8] INSTR: [0x340bb8f3] | WRITE REG: x17 = 0x00000008
PC: [0x800000fc] INSTR: [0x3403b3f3] | WRITE REG: x07 = 0x00000000
PC: [0x80000100] INSTR: [0x01270b33] | WRITE REG: x22 = 0x00000010
PC: [0x80000104] INSTR: [0x40295db3] | WRITE REG: x27 = 0x00000000
PC: [0x80000108] INSTR: [0x34011b73] | WRITE REG: x22 = 0x00000000
PC: [0x8000010c] INSTR: [0x001d73b3] | WRITE REG: x07 = 0x00000000
PC: [0x80000110] INSTR: [0xaa7a4d37] | WRITE REG: x26 = 0xaa7a4000
PC: [0x80000114] INSTR: [0x01f61393] | WRITE REG: x07 = 0x80000000
PC: [0x80000118] INSTR: [0x0198c463] | NO_REG_WRITE
PC: [0x8000011c] INSTR: [0x00188913] | WRITE REG: x18 = 0x00000009
PC: [0x80000120] INSTR: [0x00865513] | WRITE REG: x10 = 0x00000002
PC: [0x80000124] INSTR: [0xd8bbc993] | WRITE REG: x19 = 0x00000313
PC: [0x80000128] INSTR: [0x01cf2a23] | NO_REG_WRITE
PC: [0x8000012c] INSTR: [0x0080016f] | WRITE REG: x02 = 0x80000130
PC: [0x80000134] INSTR: [0x3402bbf3] | WRITE REG: x23 = 0x00000091
PC: [0x80000138] INSTR: [0x00191413] | WRITE REG: x08 = 0x00000012
PC: [0x8000013c] INSTR: [0x00450463] | NO_REG_WRITE
PC: [0x80000140] INSTR: [0x00150b93] | WRITE REG: x23 = 0x00000003
PC: [0x80000144] INSTR: [0x009d6463] | NO_REG_WRITE
PC: [0x80000148] INSTR: [0x001d0513] | WRITE REG: x10 = 0xaa7a4001
PC: [0x8000014c] INSTR: [0x01882333] | WRITE REG: x06 = 0x00000000
PC: [0x80000150] INSTR: [0x2fcba813] | WRITE REG: x16 = 0x00000001
PC: [0x80000154] INSTR: [0x01668463] | NO_REG_WRITE
PC: [0x80000158] INSTR: [0x00168293] | WRITE REG: x05 = 0x0000000a
PC: [0x8000015c] INSTR: [0x7dcf0437] | WRITE REG: x08 = 0x7dcf0000
PC: [0x80000160] INSTR: [0x5bb5c8b7] | WRITE REG: x17 = 0x5bb5c000
PC: [0x80000164] INSTR: [0x01855293] | WRITE REG: x05 = 0x000000aa
PC: [0x80000168] INSTR: [0x008006ef] | WRITE REG: x13 = 0x8000016c
PC: [0x80000170] INSTR: [0x01a7d093] | WRITE REG: x01 = 0x00000000
PC: [0x80000174] INSTR: [0x4f06bb13] | WRITE REG: x22 = 0x00000000
PC: [0x80000178] INSTR: [0xc44fb2b7] | WRITE REG: x05 = 0xc44fb000
PC: [0x8000017c] INSTR: [0x6eb6c937] | WRITE REG: x18 = 0x6eb6c000
PC: [0x80000180] INSTR: [0x01128697] | WRITE REG: x13 = 0x81128180
PC: [0x80000184] INSTR: [0x87882637] | WRITE REG: x12 = 0x87882000
PC: [0x80000188] INSTR: [0x3400a3f3] | WRITE REG: x07 = 0x00000011
PC: [0x8000018c] INSTR: [0x002e0233] | WRITE REG: x04 = 0xd3d23130
PC: [0x80000190] INSTR: [0x340f62f3] | WRITE REG: x05 = 0x00000011
PC: [0x80000194] INSTR: [0xd11a8917] | WRITE REG: x18 = 0x511a8194
PC: [0x80000198] INSTR: [0x03281333] | WRITE REG: x06 = 0x00000000
PC: [0x8000019c] INSTR: [0xd13c9417] | WRITE REG: x08 = 0x513c919c
PC: [0x800001a0] INSTR: [0x3407a373] | WRITE REG: x06 = 0x0000001f
PC: [0x800001a4] INSTR: [0x00459e13] | WRITE REG: x28 = 0xffffeac0
PC: [0x800001a8] INSTR: [0x00860463] | NO_REG_WRITE
PC: [0x800001ac] INSTR: [0x00160b13] | WRITE REG: x22 = 0x87882001
PC: [0x800001b0] INSTR: [0x340b7bf3] | WRITE REG: x23 = 0x0000001f
PC: [0x800001b4] INSTR: [0x1f0bfab7] | WRITE REG: x21 = 0x1f0bf000
PC: [0x800001b8] INSTR: [0x687ed337] | WRITE REG: x06 = 0x687ed000
PC: [0x800001bc] INSTR: [0xd38da717] | WRITE REG: x14 = 0x538da1bc
PC: [0x800001c0] INSTR: [0x00000e97] | WRITE REG: x29 = 0x800001c0
PC: [0x800001c4] INSTR: [0x00ce88e7] | WRITE REG: x17 = 0x800001c8
PC: [0x800001cc] INSTR: [0x41065493] | WRITE REG: x09 = 0xffff8788
PC: [0x800001d0] INSTR: [0x21aa5397] | WRITE REG: x07 = 0xa1aa51d0
PC: [0x800001d4] INSTR: [0x011e5593] | WRITE REG: x11 = 0x00007fff
PC: [0x800001d8] INSTR: [0x3401e173] | WRITE REG: x02 = 0x00000009
PC: [0x800001dc] INSTR: [0x00000e97] | WRITE REG: x29 = 0x800001dc
PC: [0x800001e0] INSTR: [0x00ce8ce7] | WRITE REG: x25 = 0x800001e4
PC: [0x800001e8] INSTR: [0x4867ec37] | WRITE REG: x24 = 0x4867e000
PC: [0x800001ec] INSTR: [0x02ca09b3] | WRITE REG: x19 = 0x00000000
PC: [0x800001f0] INSTR: [0x257b8417] | WRITE REG: x08 = 0xa57b81f0
PC: [0x800001f4] INSTR: [0x010f1283] | WRITE REG: x05 = 0x00000000
PC: [0x800001f8] INSTR: [0x340892f3] | WRITE REG: x05 = 0x0000000b
PC: [0x800001fc] INSTR: [0xa93d1617] | WRITE REG: x12 = 0x293d11fc
PC: [0x80000200] INSTR: [0xd86d6393] | WRITE REG: x07 = 0xfffffd86
PC: [0x80000204] INSTR: [0x03c91933] | WRITE REG: x18 = 0xfffff944
PC: [0x80000208] INSTR: [0x0064edb3] | WRITE REG: x27 = 0xffffd788
PC: [0x8000020c] INSTR: [0x34055673] | WRITE REG: x12 = 0x800001c8
PC: [0x80000210] INSTR: [0x38ea4113] | WRITE REG: x02 = 0x0000038e
PC: [0x80000214] INSTR: [0x34027673] | WRITE REG: x12 = 0x0000000a
PC: [0x80000218] INSTR: [0x02e591b3] | WRITE REG: x03 = 0x000029c6
PC: [0x8000021c] INSTR: [0x01899533] | WRITE REG: x10 = 0x00000000
PC: [0x80000220] INSTR: [0xb215a313] | WRITE REG: x06 = 0x00000000
PC: [0x80000224] INSTR: [0x340d1273] | WRITE REG: x04 = 0x0000000a
PC: [0x80000228] INSTR: [0x4085d333] | WRITE REG: x06 = 0x00000000
PC: [0x8000022c] INSTR: [0x016e1933] | WRITE REG: x18 = 0xffffd580
PC: [0x80000230] INSTR: [0x5e166593] | WRITE REG: x11 = 0x000005eb
PC: [0x80000234] INSTR: [0x0080086f] | WRITE REG: x16 = 0x80000238
PC: [0x8000023c] INSTR: [0xca7cc713] | WRITE REG: x14 = 0x7ffffd43
PC: [0x80000240] INSTR: [0x024902b3] | WRITE REG: x05 = 0xfffe5700
PC: [0x80000244] INSTR: [0x340b17f3] | WRITE REG: x15 = 0xaa7a4000
PC: [0x80000248] INSTR: [0x3401dd73] | WRITE REG: x26 = 0x87882001
PC: [0x8000024c] INSTR: [0x003a8463] | NO_REG_WRITE
PC: [0x80000250] INSTR: [0x001a8d93] | WRITE REG: x27 = 0x1f0bf001
PC: [0x80000254] INSTR: [0x340d3273] | WRITE REG: x04 = 0x00000003
PC: [0x80000258] INSTR: [0x3402f473] | WRITE REG: x08 = 0x00000002
PC: [0x8000025c] INSTR: [0x018f0e03] | WRITE REG: x28 = 0x00000000
PC: [0x80000260] INSTR: [0x00cd1433] | WRITE REG: x08 = 0x20800400
PC: [0x80000264] INSTR: [0x340fe573] | WRITE REG: x10 = 0x00000002
PC: [0x80000268] INSTR: [0x85ab7713] | WRITE REG: x14 = 0x87882000
PC: [0x8000026c] INSTR: [0x030a82b3] | WRITE REG: x05 = 0xe27c8000
PC: [0x80000270] INSTR: [0x3404bdf3] | WRITE REG: x27 = 0x0000001f
PC: [0x80000274] INSTR: [0x40c65293] | WRITE REG: x05 = 0x00000000
PC: [0x80000278] INSTR: [0x00000e97] | WRITE REG: x29 = 0x80000278
PC: [0x8000027c] INSTR: [0x00ce86e7] | WRITE REG: x13 = 0x80000280
PC: [0x80000284] INSTR: [0x008004ef] | WRITE REG: x09 = 0x80000288
PC: [0x8000028c] INSTR: [0x00000e97] | WRITE REG: x29 = 0x8000028c
PC: [0x80000290] INSTR: [0x00ce8567] | WRITE REG: x10 = 0x80000294
PC: [0x80000298] INSTR: [0x340918f3] | WRITE REG: x17 = 0x00000017
PC: [0x8000029c] INSTR: [0x340f60f3] | WRITE REG: x01 = 0xffffd580
PC: [0x800002a0] INSTR: [0x00831993] | WRITE REG: x19 = 0x00000000
PC: [0x800002a4] INSTR: [0x032f1023] | NO_REG_WRITE
PC: [0x800002a8] INSTR: [0x015f0e23] | NO_REG_WRITE
PC: [0x800002ac] INSTR: [0xb3792393] | WRITE REG: x07 = 0x00000001
PC: [0x800002b0] INSTR: [0x00251463] | NO_REG_WRITE
PC: [0x800002b8] INSTR: [0xa0a82197] | WRITE REG: x03 = 0x20a822b8
PC: [0x800002bc] INSTR: [0x01a19d13] | WRITE REG: x26 = 0xe0000000
PC: [0x800002c0] INSTR: [0x00d45513] | WRITE REG: x10 = 0x00010400
PC: [0x800002c4] INSTR: [0x41fa5113] | WRITE REG: x02 = 0x00000000
PC: [0x800002c8] INSTR: [0x3046f913] | WRITE REG: x18 = 0x00000200
PC: [0x800002cc] INSTR: [0x01324463] | NO_REG_WRITE
PC: [0x800002d0] INSTR: [0x00120093] | WRITE REG: x01 = 0x00000004
PC: [0x800002d4] INSTR: [0x01b549b3] | WRITE REG: x19 = 0x0001041f
PC: [0x800002d8] INSTR: [0x00800b6f] | WRITE REG: x22 = 0x800002dc
PC: [0x800002e0] INSTR: [0x015f2823] | NO_REG_WRITE
PC: [0x800002e4] INSTR: [0xaca65e17] | WRITE REG: x28 = 0x2ca652e4
PC: [0x800002e8] INSTR: [0x40175113] | WRITE REG: x02 = 0xc3c41000
PC: [0x800002ec] INSTR: [0x00f16463] | NO_REG_WRITE
PC: [0x800002f0] INSTR: [0x00110913] | WRITE REG: x18 = 0xc3c41001
PC: [0x800002f4] INSTR: [0x00000e97] | WRITE REG: x29 = 0x800002f4
PC: [0x800002f8] INSTR: [0x00ce8d67] | WRITE REG: x26 = 0x800002fc
PC: [0x80000300] INSTR: [0x5cb26b93] | WRITE REG: x23 = 0x000005cb
PC: [0x80000304] INSTR: [0x0082b6b3] | WRITE REG: x13 = 0x00000001
PC: [0x80000308] INSTR: [0x020f1083] | WRITE REG: x01 = 0xffffd580
PC: [0x8000030c] INSTR: [0x037786b3] | WRITE REG: x13 = 0x9230c000
PC: [0x80000310] INSTR: [0x00c82133] | WRITE REG: x02 = 0x00000001
PC: [0x80000314] INSTR: [0x995dfa13] | WRITE REG: x20 = 0x00000015
PC: [0x80000318] INSTR: [0x00000e97] | WRITE REG: x29 = 0x80000318
PC: [0x8000031c] INSTR: [0x00ce84e7] | WRITE REG: x09 = 0x80000320
PC: [0x80000324] INSTR: [0x0012f463] | NO_REG_WRITE
PC: [0x80000328] INSTR: [0x00128d93] | WRITE REG: x27 = 0x00000001
PC: [0x8000032c] INSTR: [0x01b89913] | WRITE REG: x18 = 0xb8000000
PC: [0x80000330] INSTR: [0x00bf2423] | NO_REG_WRITE
PC: [0x80000334] INSTR: [0xa9bb3993] | WRITE REG: x19 = 0x00000001
PC: [0x80000338] INSTR: [0x273edab7] | WRITE REG: x21 = 0x273ed000
PC: [0x8000033c] INSTR: [0xca94b317] | WRITE REG: x06 = 0x4a94b33c
PC: [0x80000340] INSTR: [0x96b71ab7] | WRITE REG: x21 = 0x96b71000
PC: [0x80000344] INSTR: [0x6da7fab7] | WRITE REG: x21 = 0x6da7f000
PC: [0x80000348] INSTR: [0x400c5213] | WRITE REG: x04 = 0x4867e000
PC: [0x8000034c] INSTR: [0x00000e97] | WRITE REG: x29 = 0x8000034c
PC: [0x80000350] INSTR: [0x00ce87e7] | WRITE REG: x15 = 0x80000354
PC: [0x80000358] INSTR: [0x0177fcb3] | WRITE REG: x25 = 0x00000140
PC: [0x8000035c] INSTR: [0x00661533] | WRITE REG: x10 = 0xa0000000
PC: [0x80000360] INSTR: [0x0142d793] | WRITE REG: x15 = 0x00000000
PC: [0x80000364] INSTR: [0x31be72b7] | WRITE REG: x05 = 0x31be7000
PC: [0x80000368] INSTR: [0xd2c4be13] | WRITE REG: x28 = 0x00000001
PC: [0x8000036c] INSTR: [0x01a5f463] | NO_REG_WRITE
PC: [0x80000370] INSTR: [0x00158693] | WRITE REG: x13 = 0x000005ec
PC: [0x80000374] INSTR: [0x00a2d593] | WRITE REG: x11 = 0x000c6f9c
PC: [0x80000378] INSTR: [0x02dc82b3] | WRITE REG: x05 = 0x00076700
PC: [0x8000037c] INSTR: [0x340f6973] | WRITE REG: x18 = 0xffffd59e
PC: [0x80000380] INSTR: [0x00c3e463] | NO_REG_WRITE
PC: [0x80000388] INSTR: [0x00165463] | NO_REG_WRITE
PC: [0x80000390] INSTR: [0x3402d373] | WRITE REG: x24 = 0x4867e000
 >>> [CONTROL FLOW BUG] PC Mismatch! Expected RTL PC: 0x8000038c | Spike PC: 0x80000390
