--------------------------------------------------------
 Starting UVM Simulation: corerv_test
--------------------------------------------------------
irun -clean -64bit -sv -uvm -access +rwc -svseed 31550 -coverage all -covoverwrite -covtest corerv_test /home/user1/Darshan_Verification/Tanuja/Revital-X-SoC_Core_Verification/rtl/*.sv /home/user1/Darshan_Verification/Tanuja/core_uvm/tb/sv/corerv_if.sv /home/user1/Darshan_Verification/Tanuja/core_uvm/tb/sv/corerv_pkg.sv /home/user1/Darshan_Verification/Tanuja/core_uvm/tb/sv/tb_top.sv ./spike_wrapper.so +UVM_TESTNAME=corerv_test
irun(64): 15.20-s086: (c) Copyright 1995-2020 Cadence Design Systems, Inc.
irun: *N,CLEAN: Removing existing directory ./INCA_libs.
Compiling UVM packages (uvm_pkg.sv cdns_uvm_pkg.sv) using uvmhome location /home/install/INCISIVE152/tools/methodology/UVM/CDNS-1.1d
file: /home/user1/Darshan_Verification/Tanuja/Revital-X-SoC_Core_Verification/rtl/alu_in1_mux.sv
	module worklib.alu_in1_mux:sv
		errors: 0, warnings: 0
file: /home/user1/Darshan_Verification/Tanuja/Revital-X-SoC_Core_Verification/rtl/alu_in2_mux.sv
	module worklib.alu_in2_mux:sv
		errors: 0, warnings: 0
file: /home/user1/Darshan_Verification/Tanuja/Revital-X-SoC_Core_Verification/rtl/alu_mul_csr_mux.sv
	module worklib.alu_mul_csr_mux:sv
		errors: 0, warnings: 0
file: /home/user1/Darshan_Verification/Tanuja/Revital-X-SoC_Core_Verification/rtl/alu.sv
	module worklib.alu:sv
		errors: 0, warnings: 0
file: /home/user1/Darshan_Verification/Tanuja/Revital-X-SoC_Core_Verification/rtl/Control_Unit.sv
	module worklib.Control_Unit:sv
		errors: 0, warnings: 0
file: /home/user1/Darshan_Verification/Tanuja/Revital-X-SoC_Core_Verification/rtl/CoreRV.sv
	module worklib.CoreRV:sv
		errors: 0, warnings: 0
file: /home/user1/Darshan_Verification/Tanuja/Revital-X-SoC_Core_Verification/rtl/csr_register_file.sv
	module worklib.csr_register_file:sv
		errors: 0, warnings: 0
file: /home/user1/Darshan_Verification/Tanuja/Revital-X-SoC_Core_Verification/rtl/csr_unit.sv
	module worklib.csr_unit:sv
		errors: 0, warnings: 0
file: /home/user1/Darshan_Verification/Tanuja/Revital-X-SoC_Core_Verification/rtl/data_ram.sv
	module worklib.data_ram:sv
		errors: 0, warnings: 0
file: /home/user1/Darshan_Verification/Tanuja/Revital-X-SoC_Core_Verification/rtl/dp_ram.sv
	module worklib.dp_ram:sv
		errors: 0, warnings: 0
file: /home/user1/Darshan_Verification/Tanuja/Revital-X-SoC_Core_Verification/rtl/immediate_generator.sv
	module worklib.immediate_generator:sv
		errors: 0, warnings: 0
file: /home/user1/Darshan_Verification/Tanuja/Revital-X-SoC_Core_Verification/rtl/instr_ram.sv
	module worklib.instr_ram:sv
		errors: 0, warnings: 0
file: /home/user1/Darshan_Verification/Tanuja/Revital-X-SoC_Core_Verification/rtl/interrupt_controller.sv
	module worklib.interrupt_controller:sv
		errors: 0, warnings: 0
file: /home/user1/Darshan_Verification/Tanuja/Revital-X-SoC_Core_Verification/rtl/LSU_RVX.sv
	module worklib.LSU_RVX:sv
		errors: 0, warnings: 0
file: /home/user1/Darshan_Verification/Tanuja/Revital-X-SoC_Core_Verification/rtl/Memory_Ctrl.sv
	module worklib.Memory_Ctrl:sv
		errors: 0, warnings: 0
file: /home/user1/Darshan_Verification/Tanuja/Revital-X-SoC_Core_Verification/rtl/memtoreg_mux.sv
	module worklib.memtoreg_mux:sv
		errors: 0, warnings: 0
file: /home/user1/Darshan_Verification/Tanuja/Revital-X-SoC_Core_Verification/rtl/pc_mux.sv
	module worklib.pc_mux:sv
		errors: 0, warnings: 0
file: /home/user1/Darshan_Verification/Tanuja/Revital-X-SoC_Core_Verification/rtl/Pipelined_M.sv
	module worklib.Pipelined_M:sv
		errors: 0, warnings: 0
	module worklib.M1:sv
		errors: 0, warnings: 0
	module worklib.M2:sv
		errors: 0, warnings: 0
	module worklib.half_adder:sv
		errors: 0, warnings: 0
	module worklib.full_adder:sv
		errors: 0, warnings: 0
	module worklib.booth_encoder:sv
		errors: 0, warnings: 0
	module worklib.gp_cell:sv
		errors: 0, warnings: 0
	module worklib.cla4:sv
		errors: 0, warnings: 0
	module worklib.cla16:sv
		errors: 0, warnings: 0
	module worklib.cla64:sv
		errors: 0, warnings: 0
file: /home/user1/Darshan_Verification/Tanuja/Revital-X-SoC_Core_Verification/rtl/register_file.sv
	module worklib.register_file:sv
		errors: 0, warnings: 0
file: /home/user1/Darshan_Verification/Tanuja/Revital-X-SoC_Core_Verification/rtl/sp_ram.sv
	module worklib.sp_ram:sv
		errors: 0, warnings: 0
file: /home/user1/Darshan_Verification/Tanuja/Revital-X-SoC_Core_Verification/rtl/Stage1.sv
	module worklib.Stage1:sv
		errors: 0, warnings: 0
file: /home/user1/Darshan_Verification/Tanuja/Revital-X-SoC_Core_Verification/rtl/Stage2.sv
	module worklib.Stage2:sv
		errors: 0, warnings: 0
file: /home/user1/Darshan_Verification/Tanuja/Revital-X-SoC_Core_Verification/rtl/stall_controller.sv
	module worklib.stall_controller:sv
		errors: 0, warnings: 0
file: /home/user1/Darshan_Verification/Tanuja/core_uvm/tb/sv/corerv_if.sv
	interface worklib.corerv_if:sv
		errors: 0, warnings: 0
file: /home/user1/Darshan_Verification/Tanuja/core_uvm/tb/sv/corerv_pkg.sv
	package worklib.corerv_pkg:sv
		errors: 0, warnings: 0
file: /home/user1/Darshan_Verification/Tanuja/core_uvm/tb/sv/tb_top.sv
	interface worklib.corerv_trace_if:sv
		errors: 0, warnings: 0
	module worklib.tb_top:sv
		errors: 0, warnings: 0
$CDSROOT = /home/install/INCISIVE152
$TESTDIR = /home/user1/Darshan_Verification/Tanuja/core_uvm/sim

TOOL:	ncsc(64)	15.20-s086
make[1]: Entering directory `/home/user1/Darshan_Verification/Tanuja/core_uvm/sim'
building library run.so
make[1]: Leaving directory `/home/user1/Darshan_Verification/Tanuja/core_uvm/sim'

		Caching library 'worklib' ....... Done
	Elaborating the design hierarchy:
	)dut (
	   |
ncelab: *W,CUVWSP (../tb/sv/tb_top.sv,79|4): 2 output ports were not connected:
ncelab: (/home/user1/Darshan_Verification/Tanuja/Revital-X-SoC_Core_Verification/rtl/CoreRV.sv,23): irq_ack_o
ncelab: (/home/user1/Darshan_Verification/Tanuja/Revital-X-SoC_Core_Verification/rtl/CoreRV.sv,24): irq_id_o

	)dut (
	   |
ncelab: *W,CUVWSI (../tb/sv/tb_top.sv,79|4): 1 input port was not connected:
ncelab: (/home/user1/Darshan_Verification/Tanuja/Revital-X-SoC_Core_Verification/rtl/CoreRV.sv,22): irq_i

	Top level design units:
		uvm_pkg
		cdns_uvmapi
		cdns_assert2uvm_pkg
		cdns_uvm_pkg
		corerv_pkg
		$unit_0x35c30534
		dp_ram
		half_adder
		tb_top
ncelab: *W,DSEMEL: This SystemVerilog design will be simulated as per IEEE 1800-2009 SystemVerilog simulation semantics. Use -disable_sem2009 option for turning off SV 2009 simulation semantics.

	Extracting FSMs for coverage:
		worklib.dp_ram
		worklib.half_adder
		worklib.interrupt_controller
		worklib.Memory_Ctrl
		worklib.pc_mux
		worklib.sp_ram
		worklib.instr_ram
		worklib.register_file
		worklib.csr_register_file
		worklib.Control_Unit
		worklib.immediate_generator
		worklib.Stage1
		worklib.alu_in1_mux
		worklib.alu_in2_mux
		worklib.alu
		worklib.csr_unit
		worklib.booth_encoder
		worklib.M1
		worklib.full_adder
		worklib.M2
		worklib.gp_cell
		worklib.cla4
		worklib.cla16
		worklib.cla64
		worklib.Pipelined_M
		worklib.alu_mul_csr_mux
		worklib.Stage2
		worklib.stall_controller
		worklib.LSU_RVX
			FSM extracted for state register state
		worklib.data_ram
		worklib.memtoreg_mux
		worklib.CoreRV
		worklib.tb_top
	Total FSMs extracted = 1
	Building instance overlay tables: ...................
ncelab: *W,COVFHT: FSM hold transitions (transitions to the current state) are not extracted for any FSM in default mode.
. Done
	Enabling instrumentation for coverage types: block expression FSM toggle functional
ncelab: *W,COVDCL: By default expression coverage is scored only for Verilog logical operators (|| and &&) and VHDL logical operators (OR, AND, NOR, and NAND), and is scored only in condition expressions. To score coverage for other operators and for expressions in other statements, use the "set_expr_coverable_operators" and "set_expr_coverable_statements" coverage configuration file commands with suitable options at elaboration.
	Generating native compiled code:
		worklib.Control_Unit:sv <0x2b687f53>
			streams:   2, words: 45026
		worklib.CoreRV:sv <0x04ee153d>
			streams: 172, words: 138488
		worklib.LSU_RVX:sv <0x3d57c685>
			streams:  23, words: 28361
		worklib.M1:sv <0x29ee3241>
			streams:   9, words: 10028
		worklib.M2:sv <0x2e5503a9>
			streams:   1, words:  1947
		worklib.Memory_Ctrl:sv <0x26b97860>
			streams:   2, words:   892
		worklib.Pipelined_M:sv <0x446a8768>
			streams:  20, words: 12002
		worklib.Stage1:sv <0x3b7792cd>
			streams:  59, words: 30039
		worklib.Stage2:sv <0x0b503782>
			streams:  36, words: 23688
		worklib.alu:sv <0x664adc88>
			streams:   1, words:  8265
		worklib.alu_in1_mux:sv <0x6fef0f87>
			streams:   1, words:   850
		worklib.alu_in2_mux:sv <0x39347fce>
			streams:   1, words:  1874
		worklib.alu_mul_csr_mux:sv <0x6f1fa993>
			streams:   1, words:  1906
		worklib.booth_encoder:sv <0x707a997d>
			streams:   1, words:  2872
		worklib.cdns_assert2uvm_pkg:sv <0x09043a22>
			streams:   3, words:  2639
		worklib.cdns_uvm_pkg:sv <0x1daf05ff>
			streams:   9, words:  6436
		worklib.cdns_uvm_pkg:sv <0x4e72f769>
			streams:  28, words: 46637
		worklib.cdns_uvm_pkg:sv <0x5643060f>
			streams:  10, words:  9567
		worklib.cdns_uvm_pkg:sv <0x628da63b>
			streams: 136, words: 297517
		worklib.cdns_uvmapi:svp <0x4eeed3a9>
			streams:  27, words: 38295
		worklib.cla16:sv <0x3b3120e8>
			streams:   2, words:   695
		worklib.cla4:sv <0x1e7eb1aa>
			streams:   1, words:   446
		worklib.cla64:sv <0x7c3fae34>
			streams:   4, words:  1602
		worklib.corerv_if:sv <0x0ec642ec>
			streams:  22, words: 19268
		worklib.corerv_pkg:sv <0x5e0b5c90>
			streams:   0, words:     0
		worklib.corerv_trace_if:sv <0x3bb27827>
			streams:  16, words:  7750
		worklib.csr_register_file:sv <0x31d100cf>
			streams:  17, words: 12902
		worklib.csr_unit:sv <0x2c1c3148>
			streams:   1, words:  5521
		worklib.data_ram:sv <0x644848e4>
			streams:   4, words:  9870
		worklib.dp_ram:sv <0x1af79a22>
			streams:  11, words:  9495
		worklib.full_adder:sv <0x2780f686>
			streams:   0, words:     0
		worklib.gp_cell:sv <0x7fea001c>
			streams:   0, words:     0
		worklib.half_adder:sv <0x3262f400>
			streams:   0, words:     0
		worklib.immediate_generator:sv <0x3bae5b91>
			streams:   2, words:  5073
		worklib.instr_ram:sv <0x7f6abfd6>
			streams:  15, words: 24324
		worklib.interrupt_controller:sv <0x7166cdd7>
			streams:   5, words:  4311
		worklib.memtoreg_mux:sv <0x2ea1a197>
			streams:   1, words:  1872
		worklib.pc_mux:sv <0x65549c0a>
			streams:   1, words:  2849
		worklib.register_file:sv <0x731e1a4b>
			streams:   5, words:  4280
		worklib.sp_ram:sv <0x2dad8335>
			streams:   8, words:  4390
		worklib.sp_ram:sv <0x43359ebf>
			streams:   8, words:  4435
		worklib.sp_ram:sv <0x626ff86d>
			streams:   8, words:  4390
		worklib.stall_controller:sv <0x46fe8860>
			streams:   6, words:  7194
		worklib.tb_top:sv <0x7e2fab6c>
			streams: 157, words: 282143
		worklib.uvm_pkg:sv <0x0136d77e>
			streams:  38, words: 42107
		worklib.uvm_pkg:sv <0x01881587>
			streams: 181, words: 327214
		worklib.uvm_pkg:sv <0x01ac61ef>
			streams:  25, words: 62303
		worklib.uvm_pkg:sv <0x01c266f6>
			streams:   7, words:  3230
		worklib.uvm_pkg:sv <0x0303f4ac>
			streams:  26, words: 40358
		worklib.uvm_pkg:sv <0x0318ca69>
			streams:  27, words: 46271
		worklib.uvm_pkg:sv <0x08afa72c>
			streams:   7, words:  7967
		worklib.uvm_pkg:sv <0x0901f621>
			streams:  25, words: 64671
		worklib.uvm_pkg:sv <0x0aeb521b>
			streams:  27, words: 34211
		worklib.uvm_pkg:sv <0x0e3135a7>
			streams:  24, words: 27192
		worklib.uvm_pkg:sv <0x17c8d12f>
			streams:   8, words:  9053
		worklib.uvm_pkg:sv <0x1a30e58f>
			streams:   7, words:  1863
		worklib.uvm_pkg:sv <0x24571c52>
			streams:  38, words: 35012
		worklib.uvm_pkg:sv <0x2b0a392b>
			streams:  27, words: 55779
		worklib.uvm_pkg:sv <0x2c0a262b>
			streams:  16, words: 26899
		worklib.uvm_pkg:sv <0x30e64862>
			streams:   7, words:  3230
		worklib.uvm_pkg:sv <0x32777b24>
			streams:  26, words: 58656
		worklib.uvm_pkg:sv <0x38cc6fc3>
			streams: 4718, words: 10646212
		worklib.uvm_pkg:sv <0x3a692af2>
			streams:  17, words: 18882
		worklib.uvm_pkg:sv <0x3ae1c94b>
			streams:   7, words:  1863
		worklib.uvm_pkg:sv <0x3d07073e>
			streams:  25, words: 71098
		worklib.uvm_pkg:sv <0x3f4b8279>
			streams:  27, words: 43114
		worklib.uvm_pkg:sv <0x455f1483>
			streams:  25, words: 63122
		worklib.uvm_pkg:sv <0x464bb1ed>
			streams:  22, words: 69122
		worklib.uvm_pkg:sv <0x49dd7bc4>
			streams: 177, words: 234728
		worklib.uvm_pkg:sv <0x4abbc331>
			streams:  24, words: 39030
		worklib.uvm_pkg:sv <0x4b9cc803>
			streams:  27, words: 45373
		worklib.uvm_pkg:sv <0x4c559598>
			streams:  25, words: 67033
		worklib.uvm_pkg:sv <0x4d39c312>
			streams:   9, words:  5977
		worklib.uvm_pkg:sv <0x4fbdddf7>
			streams:  71, words: 154057
		worklib.uvm_pkg:sv <0x4fc4b563>
			streams:   9, words:  3363
		worklib.uvm_pkg:sv <0x578ca5d9>
			streams:  26, words: 42905
		worklib.uvm_pkg:sv <0x5b4755cd>
			streams:   8, words:  8608
		worklib.uvm_pkg:sv <0x5bb56d0e>
			streams:  24, words: 29272
		worklib.uvm_pkg:sv <0x621d3b39>
			streams:  23, words: 31599
		worklib.uvm_pkg:sv <0x64712540>
			streams:  24, words: 27660
		worklib.uvm_pkg:sv <0x6852afd5>
			streams:  28, words: 36794
		worklib.uvm_pkg:sv <0x71e2ecfc>
			streams:  29, words: 121967
		worklib.uvm_pkg:sv <0x74bbdd05>
			streams:  27, words: 48536
		worklib.uvm_pkg:sv <0x74ffaeb0>
			streams:   7, words:  2385
		worklib.uvm_pkg:sv <0x77e26c66>
			streams:  25, words: 69451
		worklib.uvm_pkg:sv <0x7f3aebe1>
			streams:   7, words:  3230
  logic [DATA_WIDTH/8-1:0][7:0] mem[words];
                                  |
ncelab: *W,COVMDD (/home/user1/Darshan_Verification/Tanuja/Revital-X-SoC_Core_Verification/rtl/sp_ram.sv,21|34): Toggle coverage for bit, logic, reg, wire, and struct multi-dimensional static arrays and vectors is not supported by default. To enable toggle coverage on for these types specify 'set_toggle_scoring -sv_mda [<max_bit_base2_exponent>] [-sv_mda_of_struct]' ccf command in the coverage configuration file.
  integer i;
          |
ncelab: *W,COVUTA (/home/user1/Darshan_Verification/Tanuja/Revital-X-SoC_Core_Verification/rtl/sp_ram.sv,25|10): Toggle coverage is not supported for SystemVerilog integer, real, string, dynamic array, sparse memory, and array of enum. It is also not supported for VHDL multi-dimensional array and array of record. There may also be other such objects in the design.
ncelab: *W,COVNOEN: By default, toggle coverage is not supported for systemverilog enumerated nets and variables. To enable toggle coverage of these objects, specify the 'set_toggle_scoring -sv_enum' command in the coverage configuration file.
	Building instance specific data structures.
ncelab: *W,CGPIDF: Covergroup "per_instance" option , by default, is set as 0.
ncelab: *N,COVCGN: Coverage configuration file command "set_covergroup -new_instance_reporting" can be specified to improve the scoping and naming of covergroup instances. It may be noted that subsequent merging of a coverage database saved with this command and a coverage database saved without this command is not allowed.
	Loading native compiled code:     .................... Done
	Design hierarchy summary:
		                       Instances  Unique
		Modules:                    1091      33
		Interfaces:                    2       2
		Verilog packages:              5       5
		Registers:                 14480   10493
		Scalar wires:               2476       -
		Expanded wires:             2457      33
		Vectored wires:              312       -
		Named events:                  6      14
		Always blocks:                98      64
		Initial blocks:              289     160
		Clocking blocks:               2       2
		Clocking items:               15      15
		Parallel blocks:              26      27
		Cont. assignments:           140     122
		Pseudo assignments:          230     224
		Assertions:                    4       4
		Covergroup Instances:          0       1
		Compilation units:             1       1
		SV Class declarations:       199     311
		SV Class specializations:    385     385
		Simulation timescale:        1ps
	Writing initial simulation snapshot: worklib.dp_ram:sv
Loading snapshot worklib.dp_ram:sv .................... Done
SVSEED set from command line: 31550
ncsim: *W,DSEM2009: This SystemVerilog design is simulated as per IEEE 1800-2009 SystemVerilog simulation semantics. Use -disable_sem2009 option for turning off SV 2009 simulation semantics.
ncsim> source /home/install/INCISIVE152/tools/inca/files/ncsimrc
ncsim> source /home/install/INCISIVE152/tools/methodology/UVM/CDNS-1.1d/additions/sv/files/tcl/uvm_sim.tcl
ncsim> run
----------------------------------------------------------------
CDNS-UVM-1.1d (15.20-s086)
(C) 2007-2013 Mentor Graphics Corporation
(C) 2007-2013 Cadence Design Systems, Inc.
(C) 2006-2013 Synopsys, Inc.
(C) 2011-2013 Cypress Semiconductor Corp.
----------------------------------------------------------------

  ***********       IMPORTANT RELEASE NOTES         ************

  You are using a version of the UVM library that has been compiled
  with `UVM_NO_DEPRECATED undefined.
  See http://www.eda.org/svdb/view.php?id=3313 for more details.

  You are using a version of the UVM library that has been compiled
  with `UVM_OBJECT_MUST_HAVE_CONSTRUCTOR undefined.
  See http://www.eda.org/svdb/view.php?id=3770 for more details.

      (Specify +UVM_NO_RELNOTES to turn off this notice)

UVM_INFO @ 0: reporter [RNTST] Running test corerv_test...
UVM_INFO /home/user1/Darshan_Verification/Tanuja/core_uvm/tb/sv/corerv_test.sv(19) @ 0: uvm_test_top [TEST] CPU Test started. Running firmware...
[DPI-C] Initializing Spike Golden Oracle at 0x80000000...
[DPI-C] Firmware loaded. PC set to: 0x80000000
UVM_INFO /home/user1/Darshan_Verification/Tanuja/core_uvm/tb/sv/corerv_scoreboard.sv(35) @ 65000: uvm_test_top.env.scb [SCB_MATCH] [PC: 80000000 | INSTR: 80010f37] MATCH OK! -> Reg x30 = 0x80010000
UVM_INFO /home/user1/Darshan_Verification/Tanuja/core_uvm/tb/sv/corerv_scoreboard.sv(35) @ 85000: uvm_test_top.env.scb [SCB_MATCH] [PC: 80000004 | INSTR: 80010f37] MATCH OK! -> Reg x1 = 0x0000010f
UVM_INFO /home/user1/Darshan_Verification/Tanuja/core_uvm/tb/sv/corerv_scoreboard.sv(35) @ 95000: uvm_test_top.env.scb [SCB_MATCH] [PC: 80000008 | INSTR: 10f00093] MATCH OK! -> Reg x2 = 0x000001ff
UVM_INFO /home/user1/Darshan_Verification/Tanuja/core_uvm/tb/sv/corerv_scoreboard.sv(35) @ 105000: uvm_test_top.env.scb [SCB_MATCH] [PC: 8000000c | INSTR: 1ff00113] MATCH OK! -> Reg x3 = 0xfffffdbe
UVM_INFO /home/user1/Darshan_Verification/Tanuja/core_uvm/tb/sv/corerv_scoreboard.sv(35) @ 115000: uvm_test_top.env.scb [SCB_MATCH] [PC: 80000010 | INSTR: dbe00193] MATCH OK! -> Reg x4 = 0x000001e0
UVM_INFO /home/user1/Darshan_Verification/Tanuja/core_uvm/tb/sv/corerv_scoreboard.sv(35) @ 125000: uvm_test_top.env.scb [SCB_MATCH] [PC: 80000014 | INSTR: 1e000213] MATCH OK! -> Reg x5 = 0x00000143
UVM_INFO /home/user1/Darshan_Verification/Tanuja/core_uvm/tb/sv/corerv_scoreboard.sv(35) @ 135000: uvm_test_top.env.scb [SCB_MATCH] [PC: 80000018 | INSTR: 14300293] MATCH OK! -> Reg x6 = 0x000001fc
UVM_INFO /home/user1/Darshan_Verification/Tanuja/core_uvm/tb/sv/corerv_scoreboard.sv(35) @ 145000: uvm_test_top.env.scb [SCB_MATCH] [PC: 8000001c | INSTR: 1fc00313] MATCH OK! -> Reg x7 = 0x0000023c
UVM_INFO /home/user1/Darshan_Verification/Tanuja/core_uvm/tb/sv/corerv_scoreboard.sv(35) @ 155000: uvm_test_top.env.scb [SCB_MATCH] [PC: 80000020 | INSTR: 23c00393] MATCH OK! -> Reg x8 = 0x000000d8
UVM_INFO /home/user1/Darshan_Verification/Tanuja/core_uvm/tb/sv/corerv_scoreboard.sv(35) @ 165000: uvm_test_top.env.scb [SCB_MATCH] [PC: 80000024 | INSTR: 0d800413] MATCH OK! -> Reg x9 = 0xfffffd02
UVM_INFO /home/user1/Darshan_Verification/Tanuja/core_uvm/tb/sv/corerv_scoreboard.sv(35) @ 175000: uvm_test_top.env.scb [SCB_MATCH] [PC: 80000028 | INSTR: d0200493] MATCH OK! -> Reg x29 = 0x80000028
UVM_INFO /home/user1/Darshan_Verification/Tanuja/core_uvm/tb/sv/corerv_scoreboard.sv(35) @ 185000: uvm_test_top.env.scb [SCB_MATCH] [PC: 8000002c | INSTR: 00000e97] MATCH OK! -> Reg x22 = 0x80000030
UVM_INFO /home/user1/Darshan_Verification/Tanuja/core_uvm/tb/sv/corerv_scoreboard.sv(35) @ 225000: uvm_test_top.env.scb [SCB_MATCH] [PC: 80000034 | INSTR: 00ce8b67] MATCH OK! -> Reg x25 = 0x46181000
UVM_INFO /home/user1/Darshan_Verification/Tanuja/core_uvm/tb/sv/corerv_scoreboard.sv(35) @ 235000: uvm_test_top.env.scb [SCB_MATCH] [PC: 80000038 | INSTR: 00000013] MATCH OK! -> Reg x7 = 0x00000000
UVM_INFO /home/user1/Darshan_Verification/Tanuja/core_uvm/tb/sv/corerv_scoreboard.sv(35) @ 245000: uvm_test_top.env.scb [SCB_MATCH] [PC: 8000003c | INSTR: 46181cb7] MATCH OK! -> Reg x19 = 0x9c816000
UVM_INFO /home/user1/Darshan_Verification/Tanuja/core_uvm/tb/sv/corerv_scoreboard.sv(35) @ 255000: uvm_test_top.env.scb [SCB_MATCH] [PC: 80000040 | INSTR: 340353f3] MATCH OK! -> Reg x15 = 0x00000000
UVM_INFO /home/user1/Darshan_Verification/Tanuja/core_uvm/tb/sv/corerv_scoreboard.sv(35) @ 265000: uvm_test_top.env.scb [SCB_MATCH] [PC: 80000044 | INSTR: 9c8169b7] MATCH OK! -> Reg x9 = 0x00000000
UVM_INFO /home/user1/Darshan_Verification/Tanuja/core_uvm/tb/sv/corerv_scoreboard.sv(35) @ 275000: uvm_test_top.env.scb [SCB_MATCH] [PC: 80000048 | INSTR: 014f4783] MATCH OK! -> Reg x1 = 0xaa322000
UVM_INFO /home/user1/Darshan_Verification/Tanuja/core_uvm/tb/sv/corerv_scoreboard.sv(35) @ 285000: uvm_test_top.env.scb [SCB_MATCH] [PC: 8000004c | INSTR: 414654b3] MATCH OK! -> Reg x28 = 0x00000000
UVM_INFO /home/user1/Darshan_Verification/Tanuja/core_uvm/tb/sv/corerv_scoreboard.sv(35) @ 295000: uvm_test_top.env.scb [SCB_MATCH] [PC: 80000050 | INSTR: aa3220b7] MATCH OK! -> Reg x29 = 0x80000050
UVM_INFO /home/user1/Darshan_Verification/Tanuja/core_uvm/tb/sv/corerv_scoreboard.sv(35) @ 305000: uvm_test_top.env.scb [SCB_MATCH] [PC: 80000054 | INSTR: 41185e13] MATCH OK! -> Reg x11 = 0x80000058
UVM_INFO /home/user1/Darshan_Verification/Tanuja/core_uvm/tb/sv/corerv_scoreboard.sv(35) @ 345000: uvm_test_top.env.scb [SCB_MATCH] [PC: 8000005c | INSTR: 00000e97] MATCH OK! -> Reg x29 = 0x8000005c
UVM_INFO /home/user1/Darshan_Verification/Tanuja/core_uvm/tb/sv/corerv_scoreboard.sv(35) @ 355000: uvm_test_top.env.scb [SCB_MATCH] [PC: 80000060 | INSTR: 00ce85e7] MATCH OK! -> Reg x1 = 0x80000064
UVM_INFO /home/user1/Darshan_Verification/Tanuja/core_uvm/tb/sv/corerv_scoreboard.sv(35) @ 395000: uvm_test_top.env.scb [SCB_MATCH] [PC: 80000068 | INSTR: 00000013] MATCH OK! -> Reg x24 = 0x00000006
UVM_INFO /home/user1/Darshan_Verification/Tanuja/core_uvm/tb/sv/corerv_scoreboard.sv(35) @ 405000: uvm_test_top.env.scb [SCB_MATCH] [PC: 8000006c | INSTR: 00000e97] MATCH OK! -> Reg x9 = 0x00000001
UVM_INFO /home/user1/Darshan_Verification/Tanuja/core_uvm/tb/sv/corerv_scoreboard.sv(35) @ 415000: uvm_test_top.env.scb [SCB_MATCH] [PC: 80000070 | INSTR: 00ce80e7] MATCH OK! -> Reg x27 = 0x00000006
UVM_INFO /home/user1/Darshan_Verification/Tanuja/core_uvm/tb/sv/corerv_scoreboard.sv(35) @ 425000: uvm_test_top.env.scb [SCB_MATCH] [PC: 80000074 | INSTR: 00000013] MATCH OK! -> Reg x11 = 0x00000000
UVM_INFO /home/user1/Darshan_Verification/Tanuja/core_uvm/tb/sv/corerv_scoreboard.sv(35) @ 435000: uvm_test_top.env.scb [SCB_MATCH] [PC: 80000078 | INSTR: 34052c73] MATCH OK! -> Reg x2 = 0x4d54a078
UVM_INFO /home/user1/Darshan_Verification/Tanuja/core_uvm/tb/sv/corerv_scoreboard.sv(35) @ 445000: uvm_test_top.env.scb [SCB_MATCH] [PC: 8000007c | INSTR: 4fe53493] MATCH OK! -> Reg x13 = 0x80000080
UVM_INFO /home/user1/Darshan_Verification/Tanuja/core_uvm/tb/sv/corerv_scoreboard.sv(35) @ 485000: uvm_test_top.env.scb [SCB_MATCH] [PC: 80000084 | INSTR: 34062df3] MATCH OK! -> Reg x15 = 0xfffffff8
UVM_INFO /home/user1/Darshan_Verification/Tanuja/core_uvm/tb/sv/corerv_scoreboard.sv(35) @ 495000: uvm_test_top.env.scb [SCB_MATCH] [PC: 80000088 | INSTR: 00de55b3] MATCH OK! -> Reg x1 = 0x92a9a088
UVM_INFO /home/user1/Darshan_Verification/Tanuja/core_uvm/tb/sv/corerv_scoreboard.sv(35) @ 505000: uvm_test_top.env.scb [SCB_MATCH] [PC: 8000008c | INSTR: cd54a117] MATCH OK! -> Reg x6 = 0x00000006
UVM_INFO /home/user1/Darshan_Verification/Tanuja/core_uvm/tb/sv/corerv_scoreboard.sv(35) @ 515000: uvm_test_top.env.scb [SCB_MATCH] [PC: 80000090 | INSTR: 008006ef] MATCH OK! -> Reg x14 = 0x74ea9000
UVM_INFO /home/user1/Darshan_Verification/Tanuja/core_uvm/tb/sv/corerv_scoreboard.sv(35) @ 525000: uvm_test_top.env.scb [SCB_MATCH] [PC: 80000094 | INSTR: 00000013] MATCH OK! -> Reg x4 = 0x00000001
UVM_INFO /home/user1/Darshan_Verification/Tanuja/core_uvm/tb/sv/corerv_scoreboard.sv(35) @ 535000: uvm_test_top.env.scb [SCB_MATCH] [PC: 80000098 | INSTR: 41c6d793] MATCH OK! -> Reg x2 = 0x29a0e098
UVM_INFO /home/user1/Darshan_Verification/Tanuja/core_uvm/tb/sv/corerv_scoreboard.sv(35) @ 545000: uvm_test_top.env.scb [SCB_MATCH] [PC: 8000009c | INSTR: 12a9a097] MATCH OK! -> Reg x4 = 0x00000000
UVM_INFO /home/user1/Darshan_Verification/Tanuja/core_uvm/tb/sv/corerv_scoreboard.sv(35) @ 555000: uvm_test_top.env.scb [SCB_MATCH] [PC: 800000a0 | INSTR: 34099373] MATCH OK! -> Reg x8 = 0xc0000000
UVM_INFO /home/user1/Darshan_Verification/Tanuja/core_uvm/tb/sv/corerv_scoreboard.sv(35) @ 585000: uvm_test_top.env.scb [SCB_MATCH] [PC: 800000a4 | INSTR: 74ea9737] MATCH OK! -> Reg x10 = 0x00000000
UVM_INFO /home/user1/Darshan_Verification/Tanuja/core_uvm/tb/sv/corerv_scoreboard.sv(35) @ 595000: uvm_test_top.env.scb [SCB_MATCH] [PC: 800000a8 | INSTR: 50693213] MATCH OK! -> Reg x1 = 0x00000000
UVM_INFO /home/user1/Darshan_Verification/Tanuja/core_uvm/tb/sv/corerv_scoreboard.sv(35) @ 605000: uvm_test_top.env.scb [SCB_MATCH] [PC: 800000ac | INSTR: a9a0e117] MATCH OK! -> Reg x27 = 0x9c816000
UVM_INFO /home/user1/Darshan_Verification/Tanuja/core_uvm/tb/sv/corerv_scoreboard.sv(35) @ 615000: uvm_test_top.env.scb [SCB_MATCH] [PC: 800000b0 | INSTR: 41dad213] MATCH OK! -> Reg x13 = 0x9c816000
UVM_INFO /home/user1/Darshan_Verification/Tanuja/core_uvm/tb/sv/corerv_scoreboard.sv(39) @ 625000: uvm_test_top.env.scb [SCB_MATCH] [PC: 800000b4 | INSTR: 01ab1413] MATCH OK! -> Executed safely
UVM_INFO /home/user1/Darshan_Verification/Tanuja/core_uvm/tb/sv/corerv_scoreboard.sv(35) @ 665000: uvm_test_top.env.scb [SCB_MATCH] [PC: 800000bc | INSTR: 03820533] MATCH OK! -> Reg x12 = 0x800000c0
UVM_INFO /home/user1/Darshan_Verification/Tanuja/core_uvm/tb/sv/corerv_scoreboard.sv(35) @ 725000: uvm_test_top.env.scb [SCB_MATCH] [PC: 800000c4 | INSTR: 407a80b3] MATCH OK! -> Reg x1 = 0x00000000
UVM_INFO /home/user1/Darshan_Verification/Tanuja/core_uvm/tb/sv/corerv_scoreboard.sv(35) @ 735000: uvm_test_top.env.scb [SCB_MATCH] [PC: 800000c8 | INSTR: 34083df3] MATCH OK! -> Reg x29 = 0x800000c8
UVM_INFO /home/user1/Darshan_Verification/Tanuja/core_uvm/tb/sv/corerv_scoreboard.sv(35) @ 745000: uvm_test_top.env.scb [SCB_MATCH] [PC: 800000cc | INSTR: 340376f3] MATCH OK! -> Reg x5 = 0x800000d0
UVM_INFO /home/user1/Darshan_Verification/Tanuja/core_uvm/tb/sv/corerv_scoreboard.sv(35) @ 785000: uvm_test_top.env.scb [SCB_MATCH] [PC: 800000d4 | INSTR: 01190463] MATCH OK! -> Reg x1 = 0x800000d8
UVM_INFO /home/user1/Darshan_Verification/Tanuja/core_uvm/tb/sv/corerv_scoreboard.sv(39) @ 825000: uvm_test_top.env.scb [SCB_MATCH] [PC: 800000dc | INSTR: 00190413] MATCH OK! -> Executed safely
UVM_INFO /home/user1/Darshan_Verification/Tanuja/core_uvm/tb/sv/corerv_scoreboard.sv(35) @ 835000: uvm_test_top.env.scb [SCB_MATCH] [PC: 800000e0 | INSTR: 0080066f] MATCH OK! -> Reg x29 = 0x800000e0
UVM_INFO /home/user1/Darshan_Verification/Tanuja/core_uvm/tb/sv/corerv_scoreboard.sv(35) @ 845000: uvm_test_top.env.scb [SCB_MATCH] [PC: 800000e4 | INSTR: 00000013] MATCH OK! -> Reg x16 = 0x800000e8
UVM_INFO /home/user1/Darshan_Verification/Tanuja/core_uvm/tb/sv/corerv_scoreboard.sv(35) @ 885000: uvm_test_top.env.scb [SCB_MATCH] [PC: 800000ec | INSTR: 032180b3] MATCH OK! -> Reg x10 = 0xe7a380ec
UVM_INFO /home/user1/Darshan_Verification/Tanuja/core_uvm/tb/sv/corerv_scoreboard.sv(35) @ 895000: uvm_test_top.env.scb [SCB_MATCH] [PC: 800000f0 | INSTR: 00000e97] MATCH OK! -> Reg x25 = 0x9c816000
UVM_INFO /home/user1/Darshan_Verification/Tanuja/core_uvm/tb/sv/corerv_scoreboard.sv(35) @ 905000: uvm_test_top.env.scb [SCB_MATCH] [PC: 800000f4 | INSTR: 00ce82e7] MATCH OK! -> Reg x22 = 0xcfde40f4
UVM_INFO /home/user1/Darshan_Verification/Tanuja/core_uvm/tb/sv/corerv_scoreboard.sv(35) @ 915000: uvm_test_top.env.scb [SCB_MATCH] [PC: 800000f8 | INSTR: 00000013] MATCH OK! -> Reg x3 = 0xfffffe08
UVM_INFO /home/user1/Darshan_Verification/Tanuja/core_uvm/tb/sv/corerv_scoreboard.sv(39) @ 925000: uvm_test_top.env.scb [SCB_MATCH] [PC: 800000fc | INSTR: 008000ef] MATCH OK! -> Executed safely
UVM_INFO /home/user1/Darshan_Verification/Tanuja/core_uvm/tb/sv/corerv_scoreboard.sv(35) @ 965000: uvm_test_top.env.scb [SCB_MATCH] [PC: 80000104 | INSTR: 00000013] MATCH OK! -> Reg x5 = 0x00000001
UVM_INFO /home/user1/Darshan_Verification/Tanuja/core_uvm/tb/sv/corerv_scoreboard.sv(35) @ 975000: uvm_test_top.env.scb [SCB_MATCH] [PC: 80000108 | INSTR: 004f1c23] MATCH OK! -> Reg x15 = 0x00000000
UVM_INFO /home/user1/Darshan_Verification/Tanuja/core_uvm/tb/sv/corerv_scoreboard.sv(35) @ 985000: uvm_test_top.env.scb [SCB_MATCH] [PC: 8000010c | INSTR: 00000e97] MATCH OK! -> Reg x11 = 0x9c816009
UVM_INFO /home/user1/Darshan_Verification/Tanuja/core_uvm/tb/sv/corerv_scoreboard.sv(35) @ 995000: uvm_test_top.env.scb [SCB_MATCH] [PC: 80000110 | INSTR: 00ce8867] MATCH OK! -> Reg x6 = 0xe30c1110
UVM_INFO /home/user1/Darshan_Verification/Tanuja/core_uvm/tb/sv/corerv_scoreboard.sv(35) @ 1005000: uvm_test_top.env.scb [SCB_MATCH] [PC: 80000114 | INSTR: 00000013] MATCH OK! -> Reg x9 = 0x00000000
UVM_INFO /home/user1/Darshan_Verification/Tanuja/core_uvm/tb/sv/corerv_scoreboard.sv(35) @ 1015000: uvm_test_top.env.scb [SCB_MATCH] [PC: 80000118 | INSTR: 67a38517] MATCH OK! -> Reg x25 = 0x9c816009
UVM_INFO /home/user1/Darshan_Verification/Tanuja/core_uvm/tb/sv/corerv_scoreboard.sv(35) @ 1025000: uvm_test_top.env.scb [SCB_MATCH] [PC: 8000011c | INSTR: 3404ecf3] MATCH OK! -> Reg x8 = 0x00000001
UVM_INFO /home/user1/Darshan_Verification/Tanuja/core_uvm/tb/sv/corerv_scoreboard.sv(35) @ 1035000: uvm_test_top.env.scb [SCB_MATCH] [PC: 80000120 | INSTR: 4fde4b17] MATCH OK! -> Reg x17 = 0x9c816009
UVM_INFO /home/user1/Darshan_Verification/Tanuja/core_uvm/tb/sv/corerv_scoreboard.sv(35) @ 1045000: uvm_test_top.env.scb [SCB_MATCH] [PC: 80000124 | INSTR: e0876193] MATCH OK! -> Reg x28 = 0x9c8160c9
UVM_INFO /home/user1/Darshan_Verification/Tanuja/core_uvm/tb/sv/corerv_scoreboard.sv(35) @ 1055000: uvm_test_top.env.scb [SCB_MATCH] [PC: 80000128 | INSTR: 0147f463] MATCH OK! -> Reg x13 = 0x9c81600f
UVM_INFO /home/user1/Darshan_Verification/Tanuja/core_uvm/tb/sv/corerv_scoreboard.sv(35) @ 1065000: uvm_test_top.env.scb [SCB_MATCH] [PC: 8000012c | INSTR: 00178593] MATCH OK! -> Reg x9 = 0x0000000f
UVM_INFO /home/user1/Darshan_Verification/Tanuja/core_uvm/tb/sv/corerv_scoreboard.sv(35) @ 1075000: uvm_test_top.env.scb [SCB_MATCH] [PC: 80000130 | INSTR: 31b23293] MATCH OK! -> Reg x15 = 0x00000000
UVM_INFO /home/user1/Darshan_Verification/Tanuja/core_uvm/tb/sv/corerv_scoreboard.sv(35) @ 1085000: uvm_test_top.env.scb [SCB_MATCH] [PC: 80000134 | INSTR: be727793] MATCH OK! -> Reg x18 = 0x00000203
UVM_INFO /home/user1/Darshan_Verification/Tanuja/core_uvm/tb/sv/corerv_scoreboard.sv(39) @ 1095000: uvm_test_top.env.scb [SCB_MATCH] [PC: 80000138 | INSTR: 340275f3] MATCH OK! -> Executed safely
UVM_INFO /home/user1/Darshan_Verification/Tanuja/core_uvm/tb/sv/corerv_scoreboard.sv(35) @ 1105000: uvm_test_top.env.scb [SCB_MATCH] [PC: 8000013c | INSTR: 630c1317] MATCH OK! -> Reg x29 = 0x8000013c
UVM_INFO /home/user1/Darshan_Verification/Tanuja/core_uvm/tb/sv/corerv_scoreboard.sv(35) @ 1115000: uvm_test_top.env.scb [SCB_MATCH] [PC: 80000140 | INSTR: 012c5493] MATCH OK! -> Reg x6 = 0x80000144
UVM_INFO /home/user1/Darshan_Verification/Tanuja/core_uvm/tb/sv/corerv_scoreboard.sv(35) @ 1155000: uvm_test_top.env.scb [SCB_MATCH] [PC: 80000148 | INSTR: 340e2cf3] MATCH OK! -> Reg x18 = 0x7db4f148
UVM_INFO /home/user1/Darshan_Verification/Tanuja/core_uvm/tb/sv/corerv_scoreboard.sv(35) @ 1165000: uvm_test_top.env.scb [SCB_MATCH] [PC: 8000014c | INSTR: 00bab433] MATCH OK! -> Reg x27 = 0x800000e8
UVM_INFO /home/user1/Darshan_Verification/Tanuja/core_uvm/tb/sv/corerv_scoreboard.sv(35) @ 1175000: uvm_test_top.env.scb [SCB_MATCH] [PC: 80000150 | INSTR: 340368f3] MATCH OK! -> Reg x24 = 0x80000154
UVM_INFO /home/user1/Darshan_Verification/Tanuja/core_uvm/tb/sv/corerv_scoreboard.sv(35) @ 1215000: uvm_test_top.env.scb [SCB_MATCH] [PC: 80000158 | INSTR: 00c8ee33] MATCH OK! -> Reg x14 = 0x00000001
UVM_INFO /home/user1/Darshan_Verification/Tanuja/core_uvm/tb/sv/corerv_scoreboard.sv(35) @ 1225000: uvm_test_top.env.scb [SCB_MATCH] [PC: 8000015c | INSTR: 3409b6f3] MATCH OK! -> Reg x17 = 0x00000000
UVM_INFO /home/user1/Darshan_Verification/Tanuja/core_uvm/tb/sv/corerv_scoreboard.sv(39) @ 1235000: uvm_test_top.env.scb [SCB_MATCH] [PC: 80000160 | INSTR: 340cf4f3] MATCH OK! -> Executed safely
UVM_INFO /home/user1/Darshan_Verification/Tanuja/core_uvm/tb/sv/corerv_scoreboard.sv(35) @ 1245000: uvm_test_top.env.scb [SCB_MATCH] [PC: 80000164 | INSTR: deea7793] MATCH OK! -> Reg x5 = 0x00000001
UVM_INFO /home/user1/Darshan_Verification/Tanuja/core_uvm/tb/sv/corerv_scoreboard.sv(35) @ 1255000: uvm_test_top.env.scb [SCB_MATCH] [PC: 80000168 | INSTR: 2022e913] MATCH OK! -> Reg x13 = 0xc071d000
UVM_INFO /home/user1/Darshan_Verification/Tanuja/core_uvm/tb/sv/corerv_scoreboard.sv(35) @ 1265000: uvm_test_top.env.scb [SCB_MATCH] [PC: 8000016c | INSTR: 002f2823] MATCH OK! -> Reg x1 = 0x00000020
UVM_INFO /home/user1/Darshan_Verification/Tanuja/core_uvm/tb/sv/corerv_scoreboard.sv(39) @ 1275000: uvm_test_top.env.scb [SCB_MATCH] [PC: 80000170 | INSTR: 00000e97] MATCH OK! -> Executed safely
UVM_INFO /home/user1/Darshan_Verification/Tanuja/core_uvm/tb/sv/corerv_scoreboard.sv(35) @ 1285000: uvm_test_top.env.scb [SCB_MATCH] [PC: 80000174 | INSTR: 00ce8367] MATCH OK! -> Reg x16 = 0x00000001
UVM_INFO /home/user1/Darshan_Verification/Tanuja/core_uvm/tb/sv/corerv_scoreboard.sv(39) @ 1295000: uvm_test_top.env.scb [SCB_MATCH] [PC: 80000178 | INSTR: 00000013] MATCH OK! -> Executed safely
UVM_INFO /home/user1/Darshan_Verification/Tanuja/core_uvm/tb/sv/corerv_scoreboard.sv(35) @ 1335000: uvm_test_top.env.scb [SCB_MATCH] [PC: 80000180 | INSTR: fdb4f917] MATCH OK! -> Reg x26 = 0x80000184
UVM_INFO /home/user1/Darshan_Verification/Tanuja/core_uvm/tb/sv/corerv_scoreboard.sv(35) @ 1375000: uvm_test_top.env.scb [SCB_MATCH] [PC: 80000188 | INSTR: 00784db3] MATCH OK! -> Reg x9 = 0x8000018c
UVM_INFO /home/user1/Darshan_Verification/Tanuja/core_uvm/tb/sv/corerv_scoreboard.sv(35) @ 1415000: uvm_test_top.env.scb [SCB_MATCH] [PC: 80000190 | INSTR: 00800c6f] MATCH OK! -> Reg x24 = 0x00000000
UVM_INFO /home/user1/Darshan_Verification/Tanuja/core_uvm/tb/sv/corerv_scoreboard.sv(39) @ 1425000: uvm_test_top.env.scb [SCB_MATCH] [PC: 80000194 | INSTR: 00000013] MATCH OK! -> Executed safely
UVM_INFO /home/user1/Darshan_Verification/Tanuja/core_uvm/tb/sv/corerv_scoreboard.sv(35) @ 1435000: uvm_test_top.env.scb [SCB_MATCH] [PC: 80000198 | INSTR: 7fbb2713] MATCH OK! -> Reg x15 = 0xe7a380ed
UVM_INFO /home/user1/Darshan_Verification/Tanuja/core_uvm/tb/sv/corerv_scoreboard.sv(35) @ 1445000: uvm_test_top.env.scb [SCB_MATCH] [PC: 8000019c | INSTR: 000f1883] MATCH OK! -> Reg x28 = 0x26000000
UVM_INFO /home/user1/Darshan_Verification/Tanuja/core_uvm/tb/sv/corerv_scoreboard.sv(35) @ 1455000: uvm_test_top.env.scb [SCB_MATCH] [PC: 800001a0 | INSTR: 009f0823] MATCH OK! -> Reg x19 = 0x00000006
UVM_INFO /home/user1/Darshan_Verification/Tanuja/core_uvm/tb/sv/corerv_scoreboard.sv(35) @ 1465000: uvm_test_top.env.scb [SCB_MATCH] [PC: 800001a4 | INSTR: 5926a293] MATCH OK! -> Reg x28 = 0x00000004
UVM_INFO /home/user1/Darshan_Verification/Tanuja/core_uvm/tb/sv/corerv_scoreboard.sv(35) @ 1475000: uvm_test_top.env.scb [SCB_MATCH] [PC: 800001a8 | INSTR: c071d6b7] MATCH OK! -> Reg x16 = 0x00000001
UVM_INFO /home/user1/Darshan_Verification/Tanuja/core_uvm/tb/sv/corerv_scoreboard.sv(35) @ 1485000: uvm_test_top.env.scb [SCB_MATCH] [PC: 800001ac | INSTR: 01a35093] MATCH OK! -> Reg x5 = 0xffffff44
UVM_INFO /home/user1/Darshan_Verification/Tanuja/core_uvm/tb/sv/corerv_scoreboard.sv(35) @ 1495000: uvm_test_top.env.scb [SCB_MATCH] [PC: 800001b0 | INSTR: 0107c463] MATCH OK! -> Reg x19 = 0x0000000f
UVM_INFO /home/user1/Darshan_Verification/Tanuja/core_uvm/tb/sv/corerv_scoreboard.sv(35) @ 1505000: uvm_test_top.env.scb [SCB_MATCH] [PC: 800001b4 | INSTR: 00178813] MATCH OK! -> Reg x11 = 0x24782000
UVM_INFO /home/user1/Darshan_Verification/Tanuja/core_uvm/tb/sv/corerv_scoreboard.sv(35) @ 1515000: uvm_test_top.env.scb [SCB_MATCH] [PC: 800001b8 | INSTR: 00cae463] MATCH OK! -> Reg x4 = 0xc071d20e
UVM_INFO /home/user1/Darshan_Verification/Tanuja/core_uvm/tb/sv/corerv_scoreboard.sv(35) @ 1525000: uvm_test_top.env.scb [SCB_MATCH] [PC: 800001bc | INSTR: 001a8393] MATCH OK! -> Reg x5 = 0x00000004
UVM_INFO /home/user1/Darshan_Verification/Tanuja/core_uvm/tb/sv/corerv_scoreboard.sv(35) @ 1535000: uvm_test_top.env.scb [SCB_MATCH] [PC: 800001c0 | INSTR: 00800d6f] MATCH OK! -> Reg x26 = 0x00000001
UVM_INFO /home/user1/Darshan_Verification/Tanuja/core_uvm/tb/sv/corerv_scoreboard.sv(35) @ 1545000: uvm_test_top.env.scb [SCB_MATCH] [PC: 800001c4 | INSTR: 00000013] MATCH OK! -> Reg x11 = 0x10b65000
UVM_INFO /home/user1/Darshan_Verification/Tanuja/core_uvm/tb/sv/corerv_scoreboard.sv(35) @ 1575000: uvm_test_top.env.scb [SCB_MATCH] [PC: 800001c8 | INSTR: 008004ef] MATCH OK! -> Reg x18 = 0x00000000
UVM_INFO /home/user1/Darshan_Verification/Tanuja/core_uvm/tb/sv/corerv_scoreboard.sv(35) @ 1585000: uvm_test_top.env.scb [SCB_MATCH] [PC: 800001cc | INSTR: 00000013] MATCH OK! -> Reg x5 = 0x8255c1cc
UVM_INFO /home/user1/Darshan_Verification/Tanuja/core_uvm/tb/sv/corerv_scoreboard.sv(35) @ 1615000: uvm_test_top.env.scb [SCB_MATCH] [PC: 800001d0 | INSTR: 01c61c13] MATCH OK! -> Reg x27 = 0x0000ae00
UVM_INFO /home/user1/Darshan_Verification/Tanuja/core_uvm/tb/sv/corerv_scoreboard.sv(35) @ 1625000: uvm_test_top.env.scb [SCB_MATCH] [PC: 800001d4 | INSTR: 00456463] MATCH OK! -> Reg x6 = 0x00000004
UVM_INFO /home/user1/Darshan_Verification/Tanuja/core_uvm/tb/sv/corerv_scoreboard.sv(35) @ 1635000: uvm_test_top.env.scb [SCB_MATCH] [PC: 800001d8 | INSTR: 00150793] MATCH OK! -> Reg x27 = 0xb56cc1d8
UVM_INFO /home/user1/Darshan_Verification/Tanuja/core_uvm/tb/sv/corerv_scoreboard.sv(39) @ 1645000: uvm_test_top.env.scb [SCB_MATCH] [PC: 800001dc | INSTR: 01611e13] MATCH OK! -> Executed safely
UVM_INFO /home/user1/Darshan_Verification/Tanuja/core_uvm/tb/sv/corerv_scoreboard.sv(35) @ 1655000: uvm_test_top.env.scb [SCB_MATCH] [PC: 800001e0 | INSTR: 340179f3] MATCH OK! -> Reg x27 = 0x00000002
UVM_INFO /home/user1/Darshan_Verification/Tanuja/core_uvm/tb/sv/corerv_scoreboard.sv(35) @ 1665000: uvm_test_top.env.scb [SCB_MATCH] [PC: 800001e4 | INSTR: 34026e73] MATCH OK! -> Reg x4 = 0x20e00000
UVM_INFO /home/user1/Darshan_Verification/Tanuja/core_uvm/tb/sv/corerv_scoreboard.sv(35) @ 1695000: uvm_test_top.env.scb [SCB_MATCH] [PC: 800001e8 | INSTR: 01987833] MATCH OK! -> Reg x5 = 0x00000000
UVM_INFO /home/user1/Darshan_Verification/Tanuja/core_uvm/tb/sv/corerv_scoreboard.sv(35) @ 1705000: uvm_test_top.env.scb [SCB_MATCH] [PC: 800001ec | INSTR: f4370293] MATCH OK! -> Reg x9 = 0x00000005
UVM_INFO /home/user1/Darshan_Verification/Tanuja/core_uvm/tb/sv/corerv_scoreboard.sv(35) @ 1715000: uvm_test_top.env.scb [SCB_MATCH] [PC: 800001f0 | INSTR: 010f0983] MATCH OK! -> Reg x17 = 0x06fe71f0
UVM_INFO /home/user1/Darshan_Verification/Tanuja/core_uvm/tb/sv/corerv_scoreboard.sv(35) @ 1725000: uvm_test_top.env.scb [SCB_MATCH] [PC: 800001f4 | INSTR: 247825b7] MATCH OK! -> Reg x7 = 0x800001f8
UVM_INFO /home/user1/Darshan_Verification/Tanuja/core_uvm/tb/sv/corerv_scoreboard.sv(35) @ 1765000: uvm_test_top.env.scb [SCB_MATCH] [PC: 800001fc | INSTR: 20e6c213] MATCH OK! -> Reg x4 = 0x00000001
UVM_INFO /home/user1/Darshan_Verification/Tanuja/core_uvm/tb/sv/corerv_scoreboard.sv(35) @ 1775000: uvm_test_top.env.scb [SCB_MATCH] [PC: 80000200 | INSTR: 340bb2f3] MATCH OK! -> Reg x7 = 0x80000204
UVM_INFO /home/user1/Darshan_Verification/Tanuja/core_uvm/tb/sv/corerv_scoreboard.sv(35) @ 1815000: uvm_test_top.env.scb [SCB_MATCH] [PC: 80000208 | INSTR: d1c4bd13] MATCH OK! -> Reg x28 = 0x00000157
UVM_INFO /home/user1/Darshan_Verification/Tanuja/core_uvm/tb/sv/corerv_scoreboard.sv(35) @ 1825000: uvm_test_top.env.scb [SCB_MATCH] [PC: 8000020c | INSTR: 10b655b7] MATCH OK! -> Reg x11 = 0x00000001
UVM_INFO /home/user1/Darshan_Verification/Tanuja/core_uvm/tb/sv/corerv_scoreboard.sv(35) @ 1835000: uvm_test_top.env.scb [SCB_MATCH] [PC: 80000210 | INSTR: 02988933] MATCH OK! -> Reg x10 = 0xc0000000
UVM_INFO /home/user1/Darshan_Verification/Tanuja/core_uvm/tb/sv/corerv_scoreboard.sv(35) @ 1845000: uvm_test_top.env.scb [SCB_MATCH] [PC: 80000214 | INSTR: 0255c297] MATCH OK! -> Reg x1 = 0x5f39a000
UVM_INFO /home/user1/Darshan_Verification/Tanuja/core_uvm/tb/sv/corerv_scoreboard.sv(35) @ 1855000: uvm_test_top.env.scb [SCB_MATCH] [PC: 80000218 | INSTR: 03b60db3] MATCH OK! -> Reg x1 = 0x08000000
UVM_INFO /home/user1/Darshan_Verification/Tanuja/core_uvm/tb/sv/corerv_scoreboard.sv(35) @ 1865000: uvm_test_top.env.scb [SCB_MATCH] [PC: 8000021c | INSTR: 34082373] MATCH OK! -> Reg x23 = 0x000005e7
UVM_INFO /home/user1/Darshan_Verification/Tanuja/core_uvm/tb/sv/corerv_scoreboard.sv(35) @ 1875000: uvm_test_top.env.scb [SCB_MATCH] [PC: 80000220 | INSTR: 356ccd97] MATCH OK! -> Reg x5 = 0x68236220
UVM_INFO /home/user1/Darshan_Verification/Tanuja/core_uvm/tb/sv/corerv_scoreboard.sv(35) @ 1885000: uvm_test_top.env.scb [SCB_MATCH] [PC: 80000224 | INSTR: 002d0463] MATCH OK! -> Reg x17 = 0x00000002
UVM_INFO /home/user1/Darshan_Verification/Tanuja/core_uvm/tb/sv/corerv_scoreboard.sv(35) @ 1895000: uvm_test_top.env.scb [SCB_MATCH] [PC: 80000228 | INSTR: 001d0d93] MATCH OK! -> Reg x22 = 0x00000016
UVM_INFO /home/user1/Darshan_Verification/Tanuja/core_uvm/tb/sv/corerv_scoreboard.sv(35) @ 1905000: uvm_test_top.env.scb [SCB_MATCH] [PC: 8000022c | INSTR: 01621233] MATCH OK! -> Reg x1 = 0x0000001f
UVM_INFO /home/user1/Darshan_Verification/Tanuja/core_uvm/tb/sv/corerv_scoreboard.sv(35) @ 1915000: uvm_test_top.env.scb [SCB_MATCH] [PC: 80000230 | INSTR: 03b212b3] MATCH OK! -> Reg x26 = 0x185c7ebf
UVM_INFO /home/user1/Darshan_Verification/Tanuja/core_uvm/tb/sv/corerv_scoreboard.sv(35) @ 1925000: uvm_test_top.env.scb [SCB_MATCH] [PC: 80000234 | INSTR: 340154f3] MATCH OK! -> Reg x18 = 0xc7807000
UVM_INFO /home/user1/Darshan_Verification/Tanuja/core_uvm/tb/sv/corerv_scoreboard.sv(35) @ 1935000: uvm_test_top.env.scb [SCB_MATCH] [PC: 80000238 | INSTR: 86fe7897] MATCH OK! -> Reg x11 = 0x15ef9238
UVM_INFO /home/user1/Darshan_Verification/Tanuja/core_uvm/tb/sv/corerv_scoreboard.sv(35) @ 1945000: uvm_test_top.env.scb [SCB_MATCH] [PC: 8000023c | INSTR: 008003ef] MATCH OK! -> Reg x11 = 0xffffe00f
UVM_INFO /home/user1/Darshan_Verification/Tanuja/core_uvm/tb/sv/corerv_scoreboard.sv(35) @ 1975000: uvm_test_top.env.scb [SCB_MATCH] [PC: 80000240 | INSTR: 00000013] MATCH OK! -> Reg x18 = 0x00000000
[SCB DEBUG] Data Mismatch! Reg: x11 | RTL Val: 0x2c83ede3 | Spike Val: 0x2276ede3
UVM_FATAL /home/user1/Darshan_Verification/Tanuja/core_uvm/tb/sv/corerv_scoreboard.sv(29) @ 2005000: uvm_test_top.env.scb [SCB_MISMATCH] Mismatch at PC: 80000244 | INSTR: 97e2b213 | Reg: x11 | RTL Val: 2c83ede3

--- UVM Report catcher Summary ---


Number of demoted UVM_FATAL reports  :    0
Number of demoted UVM_ERROR reports  :    0
Number of demoted UVM_WARNING reports:    0
Number of caught UVM_FATAL reports   :    0
Number of caught UVM_ERROR reports   :    0
Number of caught UVM_WARNING reports :    0

--- UVM Report Summary ---

** Report counts by severity
UVM_INFO :  130
UVM_WARNING :    0
UVM_ERROR :    0
UVM_FATAL :    1
** Report counts by id
[RNTST]     1
[SCB_MATCH]   128
[SCB_MISMATCH]     1
[TEST]     1
Simulation complete via $finish(1) at time 2005 NS + 12
/home/install/INCISIVE152/tools/methodology/UVM/CDNS-1.1d/sv/src/base/uvm_report_object.svh:292     $finish;
ncsim> exit
ncsim: *N,COVCGN: Coverage configuration file command "set_covergroup -new_instance_reporting" can be specified to improve the scoping and naming of covergroup instances. It may be noted that subsequent merging of a coverage database saved with this command and a coverage database saved without this command is not allowed.
ncsim: *W,CGDEFN: Default name "worklib.uvm_pkg::.cg_rv32im" will be generated for covergroup instance "cg_rv32im" as the name of the covergroup instance is not specified explicitly: ../tb/sv/corerv_coverage.sv, 7.

coverage setup:
  workdir  :  ./cov_work
  dutinst  :  dp_ram(dp_ram)
  dutinst  :  half_adder(half_adder)
  dutinst  :  tb_top(tb_top)
  scope    :  scope
  testname :  corerv_test

coverage files:
  model(design data) :  ./cov_work/scope/icc_4c1143aa_42774d2a.ucm (reused)
  data               :  ./cov_work/scope/corerv_test/icc_4c1143aa_42774d2a.ucd
