--------------------------------------------------------
 Compiling UVM Testbench with Synopsys VCS
--------------------------------------------------------
vcs -full64 -sverilog -ntb_opts uvm -debug_access+all -kdb -timescale=1ns/1ps +lint=TFIPC-L -cm line+cond+fsm+tgl+branch -cm_dir ./coverage.vdb /home/user1/Darshan_Verification/Tanuja/Revital-X-SoC_Core_Verification/rtl/*.sv /home/user1/Darshan_Verification/Tanuja/core_uvm/tb/sv/corerv_if.sv /home/user1/Darshan_Verification/Tanuja/core_uvm/tb/sv/corerv_pkg.sv /home/user1/Darshan_Verification/Tanuja/core_uvm/tb/sv/tb_top.sv ./spike_wrapper.so
Info: [VCS_SAVE_RESTORE_INFO] ASLR (Address Space Layout Randomization) is detected on the machine. To enable $save functionality, ASLR will be switched off and simv re-executed.
Please use '-no_save' simv switch to avoid this.
                         Chronologic VCS (TM)
         Version U-2023.03_Full64 -- Wed Sep 30 13:21:25 2026

                    Copyright (c) 1991 - 2023 Synopsys, Inc.
   This software and the associated documentation are proprietary to Synopsys,
 Inc. This software may only be used in accordance with the terms and conditions
 of a written license agreement with Synopsys, Inc. All other use, reproduction,
   or distribution of this software is strictly prohibited.  Licensed Products
     communicate with Synopsys servers for the purpose of providing software
    updates, detecting software piracy and verifying that customers are using
    Licensed Products in conformity with the applicable License Key for such
  Licensed Products. Synopsys will use information gathered in connection with
    this process to deliver software updates and pursue software pirates and
                                   infringers.

 Inclusivity & Diversity - Visit SolvNetPlus to read the "Synopsys Statement on
            Inclusivity and Diversity" (Refer to article 000036315 at
                        https://solvnetplus.synopsys.com)

Parsing design file '/home/install/synopsys_tools/VCS/vcs/U-2023.03/etc/uvm/uvm_pkg.sv'
Parsing included file '/home/install/synopsys_tools/VCS/vcs/U-2023.03/etc/uvm/uvm_macros.svh'.
Parsing included file '/home/install/synopsys_tools/VCS/vcs/U-2023.03/etc/uvm/macros/uvm_version_defines.svh'.
Back to file '/home/install/synopsys_tools/VCS/vcs/U-2023.03/etc/uvm/uvm_macros.svh'.
Parsing included file '/home/install/synopsys_tools/VCS/vcs/U-2023.03/etc/uvm/macros/snps_macros.svp'.
Back to file '/home/install/synopsys_tools/VCS/vcs/U-2023.03/etc/uvm/uvm_macros.svh'.
Parsing included file '/home/install/synopsys_tools/VCS/vcs/U-2023.03/etc/uvm/macros/uvm_message_defines.svh'.
Back to file '/home/install/synopsys_tools/VCS/vcs/U-2023.03/etc/uvm/uvm_macros.svh'.
Parsing included file '/home/install/synopsys_tools/VCS/vcs/U-2023.03/etc/uvm/macros/uvm_phase_defines.svh'.
Back to file '/home/install/synopsys_tools/VCS/vcs/U-2023.03/etc/uvm/uvm_macros.svh'.
Parsing included file '/home/install/synopsys_tools/VCS/vcs/U-2023.03/etc/uvm/macros/uvm_object_defines.svh'.
Back to file '/home/install/synopsys_tools/VCS/vcs/U-2023.03/etc/uvm/uvm_macros.svh'.
Parsing included file '/home/install/synopsys_tools/VCS/vcs/U-2023.03/etc/uvm/macros/uvm_printer_defines.svh'.
Back to file '/home/install/synopsys_tools/VCS/vcs/U-2023.03/etc/uvm/uvm_macros.svh'.
Parsing included file '/home/install/synopsys_tools/VCS/vcs/U-2023.03/etc/uvm/macros/uvm_tlm_defines.svh'.
Parsing included file '/home/install/synopsys_tools/VCS/vcs/U-2023.03/etc/uvm/tlm1/uvm_tlm_imps.svh'.
Back to file '/home/install/synopsys_tools/VCS/vcs/U-2023.03/etc/uvm/macros/uvm_tlm_defines.svh'.
Back to file '/home/install/synopsys_tools/VCS/vcs/U-2023.03/etc/uvm/uvm_macros.svh'.
Parsing included file '/home/install/synopsys_tools/VCS/vcs/U-2023.03/etc/uvm/macros/uvm_sequence_defines.svh'.
Back to file '/home/install/synopsys_tools/VCS/vcs/U-2023.03/etc/uvm/uvm_macros.svh'.
Parsing included file '/home/install/synopsys_tools/VCS/vcs/U-2023.03/etc/uvm/macros/uvm_callback_defines.svh'.
Back to file '/home/install/synopsys_tools/VCS/vcs/U-2023.03/etc/uvm/uvm_macros.svh'.
Parsing included file '/home/install/synopsys_tools/VCS/vcs/U-2023.03/etc/uvm/macros/uvm_reg_defines.svh'.
Back to file '/home/install/synopsys_tools/VCS/vcs/U-2023.03/etc/uvm/uvm_macros.svh'.
Parsing included file '/home/install/synopsys_tools/VCS/vcs/U-2023.03/etc/uvm/macros/uvm_deprecated_defines.svh'.
Back to file '/home/install/synopsys_tools/VCS/vcs/U-2023.03/etc/uvm/uvm_macros.svh'.
Back to file '/home/install/synopsys_tools/VCS/vcs/U-2023.03/etc/uvm/uvm_pkg.sv'.
Parsing included file '/home/install/synopsys_tools/VCS/vcs/U-2023.03/etc/uvm/directc/uvm_directc.svh'.
Parsing included file '/home/install/synopsys_tools/VCS/vcs/U-2023.03/etc/uvm/directc/uvm_seed.vh'.
Back to file '/home/install/synopsys_tools/VCS/vcs/U-2023.03/etc/uvm/directc/uvm_directc.svh'.
Back to file '/home/install/synopsys_tools/VCS/vcs/U-2023.03/etc/uvm/uvm_pkg.sv'.
Parsing included file '/home/install/synopsys_tools/VCS/vcs/U-2023.03/etc/uvm/dpi/uvm_dpi.svh'.
Parsing included file '/home/install/synopsys_tools/VCS/vcs/U-2023.03/etc/uvm/dpi/uvm_hdl.svh'.
Back to file '/home/install/synopsys_tools/VCS/vcs/U-2023.03/etc/uvm/dpi/uvm_dpi.svh'.
Parsing included file '/home/install/synopsys_tools/VCS/vcs/U-2023.03/etc/uvm/dpi/uvm_svcmd_dpi.svh'.
Back to file '/home/install/synopsys_tools/VCS/vcs/U-2023.03/etc/uvm/dpi/uvm_dpi.svh'.
Parsing included file '/home/install/synopsys_tools/VCS/vcs/U-2023.03/etc/uvm/dpi/uvm_regex.svh'.
Back to file '/home/install/synopsys_tools/VCS/vcs/U-2023.03/etc/uvm/dpi/uvm_dpi.svh'.
Back to file '/home/install/synopsys_tools/VCS/vcs/U-2023.03/etc/uvm/uvm_pkg.sv'.
Parsing included file '/home/install/synopsys_tools/VCS/vcs/U-2023.03/etc/uvm/base/uvm_base.svh'.
Parsing included file '/home/install/synopsys_tools/VCS/vcs/U-2023.03/etc/uvm/base/uvm_version.svh'.
Back to file '/home/install/synopsys_tools/VCS/vcs/U-2023.03/etc/uvm/base/uvm_base.svh'.
Parsing included file '/home/install/synopsys_tools/VCS/vcs/U-2023.03/etc/uvm/base/uvm_object_globals.svh'.
Back to file '/home/install/synopsys_tools/VCS/vcs/U-2023.03/etc/uvm/base/uvm_base.svh'.
Parsing included file '/home/install/synopsys_tools/VCS/vcs/U-2023.03/etc/uvm/base/uvm_misc.svh'.
Back to file '/home/install/synopsys_tools/VCS/vcs/U-2023.03/etc/uvm/base/uvm_base.svh'.
Parsing included file '/home/install/synopsys_tools/VCS/vcs/U-2023.03/etc/uvm/base/uvm_object.svh'.
Back to file '/home/install/synopsys_tools/VCS/vcs/U-2023.03/etc/uvm/base/uvm_base.svh'.
Parsing included file '/home/install/synopsys_tools/VCS/vcs/U-2023.03/etc/uvm/base/uvm_pool.svh'.
Back to file '/home/install/synopsys_tools/VCS/vcs/U-2023.03/etc/uvm/base/uvm_base.svh'.
Parsing included file '/home/install/synopsys_tools/VCS/vcs/U-2023.03/etc/uvm/base/uvm_queue.svh'.
Back to file '/home/install/synopsys_tools/VCS/vcs/U-2023.03/etc/uvm/base/uvm_base.svh'.
Parsing included file '/home/install/synopsys_tools/VCS/vcs/U-2023.03/etc/uvm/base/uvm_factory.svh'.
Back to file '/home/install/synopsys_tools/VCS/vcs/U-2023.03/etc/uvm/base/uvm_base.svh'.
Parsing included file '/home/install/synopsys_tools/VCS/vcs/U-2023.03/etc/uvm/base/uvm_registry.svh'.
Back to file '/home/install/synopsys_tools/VCS/vcs/U-2023.03/etc/uvm/base/uvm_base.svh'.
Parsing included file '/home/install/synopsys_tools/VCS/vcs/U-2023.03/etc/uvm/base/uvm_spell_chkr.svh'.
Back to file '/home/install/synopsys_tools/VCS/vcs/U-2023.03/etc/uvm/base/uvm_base.svh'.
Parsing included file '/home/install/synopsys_tools/VCS/vcs/U-2023.03/etc/uvm/base/uvm_resource.svh'.
Back to file '/home/install/synopsys_tools/VCS/vcs/U-2023.03/etc/uvm/base/uvm_base.svh'.
Parsing included file '/home/install/synopsys_tools/VCS/vcs/U-2023.03/etc/uvm/deprecated/uvm_resource_converter.svh'.
Back to file '/home/install/synopsys_tools/VCS/vcs/U-2023.03/etc/uvm/base/uvm_base.svh'.
Parsing included file '/home/install/synopsys_tools/VCS/vcs/U-2023.03/etc/uvm/base/uvm_resource_specializations.svh'.
Back to file '/home/install/synopsys_tools/VCS/vcs/U-2023.03/etc/uvm/base/uvm_base.svh'.
Parsing included file '/home/install/synopsys_tools/VCS/vcs/U-2023.03/etc/uvm/base/uvm_resource_db.svh'.
Back to file '/home/install/synopsys_tools/VCS/vcs/U-2023.03/etc/uvm/base/uvm_base.svh'.
Parsing included file '/home/install/synopsys_tools/VCS/vcs/U-2023.03/etc/uvm/base/uvm_config_db.svh'.
Back to file '/home/install/synopsys_tools/VCS/vcs/U-2023.03/etc/uvm/base/uvm_base.svh'.
Parsing included file '/home/install/synopsys_tools/VCS/vcs/U-2023.03/etc/uvm/base/uvm_printer.svh'.
Back to file '/home/install/synopsys_tools/VCS/vcs/U-2023.03/etc/uvm/base/uvm_base.svh'.
Parsing included file '/home/install/synopsys_tools/VCS/vcs/U-2023.03/etc/uvm/base/uvm_comparer.svh'.
Back to file '/home/install/synopsys_tools/VCS/vcs/U-2023.03/etc/uvm/base/uvm_base.svh'.
Parsing included file '/home/install/synopsys_tools/VCS/vcs/U-2023.03/etc/uvm/base/uvm_packer.svh'.
Back to file '/home/install/synopsys_tools/VCS/vcs/U-2023.03/etc/uvm/base/uvm_base.svh'.
Parsing included file '/home/install/synopsys_tools/VCS/vcs/U-2023.03/etc/uvm/base/uvm_recorder.svh'.
Back to file '/home/install/synopsys_tools/VCS/vcs/U-2023.03/etc/uvm/base/uvm_base.svh'.
Parsing included file '/home/install/synopsys_tools/VCS/vcs/U-2023.03/etc/uvm/base/uvm_event_callback.svh'.
Back to file '/home/install/synopsys_tools/VCS/vcs/U-2023.03/etc/uvm/base/uvm_base.svh'.
Parsing included file '/home/install/synopsys_tools/VCS/vcs/U-2023.03/etc/uvm/base/uvm_event.svh'.
Back to file '/home/install/synopsys_tools/VCS/vcs/U-2023.03/etc/uvm/base/uvm_base.svh'.
Parsing included file '/home/install/synopsys_tools/VCS/vcs/U-2023.03/etc/uvm/base/uvm_barrier.svh'.
Back to file '/home/install/synopsys_tools/VCS/vcs/U-2023.03/etc/uvm/base/uvm_base.svh'.
Parsing included file '/home/install/synopsys_tools/VCS/vcs/U-2023.03/etc/uvm/base/uvm_callback.svh'.
Parsing included file '/home/install/synopsys_tools/VCS/vcs/U-2023.03/etc/uvm/uvm_macros.svh'.
Back to file '/home/install/synopsys_tools/VCS/vcs/U-2023.03/etc/uvm/base/uvm_callback.svh'.
Back to file '/home/install/synopsys_tools/VCS/vcs/U-2023.03/etc/uvm/base/uvm_base.svh'.
Parsing included file '/home/install/synopsys_tools/VCS/vcs/U-2023.03/etc/uvm/base/uvm_report_catcher.svh'.
Back to file '/home/install/synopsys_tools/VCS/vcs/U-2023.03/etc/uvm/base/uvm_base.svh'.
Parsing included file '/home/install/synopsys_tools/VCS/vcs/U-2023.03/etc/uvm/base/uvm_report_server.svh'.
Back to file '/home/install/synopsys_tools/VCS/vcs/U-2023.03/etc/uvm/base/uvm_base.svh'.
Parsing included file '/home/install/synopsys_tools/VCS/vcs/U-2023.03/etc/uvm/base/uvm_report_handler.svh'.
Back to file '/home/install/synopsys_tools/VCS/vcs/U-2023.03/etc/uvm/base/uvm_base.svh'.
Parsing included file '/home/install/synopsys_tools/VCS/vcs/U-2023.03/etc/uvm/base/uvm_report_object.svh'.
Back to file '/home/install/synopsys_tools/VCS/vcs/U-2023.03/etc/uvm/base/uvm_base.svh'.
Parsing included file '/home/install/synopsys_tools/VCS/vcs/U-2023.03/etc/uvm/base/uvm_transaction.svh'.
Back to file '/home/install/synopsys_tools/VCS/vcs/U-2023.03/etc/uvm/base/uvm_base.svh'.
Parsing included file '/home/install/synopsys_tools/VCS/vcs/U-2023.03/etc/uvm/base/uvm_phase.svh'.
Back to file '/home/install/synopsys_tools/VCS/vcs/U-2023.03/etc/uvm/base/uvm_base.svh'.
Parsing included file '/home/install/synopsys_tools/VCS/vcs/U-2023.03/etc/uvm/base/uvm_domain.svh'.
Back to file '/home/install/synopsys_tools/VCS/vcs/U-2023.03/etc/uvm/base/uvm_base.svh'.
Parsing included file '/home/install/synopsys_tools/VCS/vcs/U-2023.03/etc/uvm/base/uvm_bottomup_phase.svh'.
Back to file '/home/install/synopsys_tools/VCS/vcs/U-2023.03/etc/uvm/base/uvm_base.svh'.
Parsing included file '/home/install/synopsys_tools/VCS/vcs/U-2023.03/etc/uvm/base/uvm_topdown_phase.svh'.
Back to file '/home/install/synopsys_tools/VCS/vcs/U-2023.03/etc/uvm/base/uvm_base.svh'.
Parsing included file '/home/install/synopsys_tools/VCS/vcs/U-2023.03/etc/uvm/base/uvm_task_phase.svh'.
Back to file '/home/install/synopsys_tools/VCS/vcs/U-2023.03/etc/uvm/base/uvm_base.svh'.
Parsing included file '/home/install/synopsys_tools/VCS/vcs/U-2023.03/etc/uvm/base/uvm_common_phases.svh'.
Back to file '/home/install/synopsys_tools/VCS/vcs/U-2023.03/etc/uvm/base/uvm_base.svh'.
Parsing included file '/home/install/synopsys_tools/VCS/vcs/U-2023.03/etc/uvm/base/uvm_runtime_phases.svh'.
Back to file '/home/install/synopsys_tools/VCS/vcs/U-2023.03/etc/uvm/base/uvm_base.svh'.
Parsing included file '/home/install/synopsys_tools/VCS/vcs/U-2023.03/etc/uvm/base/uvm_component.svh'.
Parsing included file '/home/install/synopsys_tools/VCS/vcs/U-2023.03/etc/uvm/base/uvm_root.svh'.
Back to file '/home/install/synopsys_tools/VCS/vcs/U-2023.03/etc/uvm/base/uvm_component.svh'.
Back to file '/home/install/synopsys_tools/VCS/vcs/U-2023.03/etc/uvm/base/uvm_base.svh'.
Parsing included file '/home/install/synopsys_tools/VCS/vcs/U-2023.03/etc/uvm/base/uvm_objection.svh'.
Back to file '/home/install/synopsys_tools/VCS/vcs/U-2023.03/etc/uvm/base/uvm_base.svh'.
Parsing included file '/home/install/synopsys_tools/VCS/vcs/U-2023.03/etc/uvm/base/uvm_heartbeat.svh'.
Back to file '/home/install/synopsys_tools/VCS/vcs/U-2023.03/etc/uvm/base/uvm_base.svh'.
Parsing included file '/home/install/synopsys_tools/VCS/vcs/U-2023.03/etc/uvm/base/uvm_globals.svh'.
Back to file '/home/install/synopsys_tools/VCS/vcs/U-2023.03/etc/uvm/base/uvm_base.svh'.
Parsing included file '/home/install/synopsys_tools/VCS/vcs/U-2023.03/etc/uvm/base/uvm_cmdline_processor.svh'.
Back to file '/home/install/synopsys_tools/VCS/vcs/U-2023.03/etc/uvm/base/uvm_base.svh'.
Back to file '/home/install/synopsys_tools/VCS/vcs/U-2023.03/etc/uvm/uvm_pkg.sv'.
Parsing included file '/home/install/synopsys_tools/VCS/vcs/U-2023.03/etc/uvm/tlm1/uvm_tlm.svh'.
Parsing included file '/home/install/synopsys_tools/VCS/vcs/U-2023.03/etc/uvm/tlm1/uvm_tlm_ifs.svh'.
Back to file '/home/install/synopsys_tools/VCS/vcs/U-2023.03/etc/uvm/tlm1/uvm_tlm.svh'.
Parsing included file '/home/install/synopsys_tools/VCS/vcs/U-2023.03/etc/uvm/tlm1/uvm_sqr_ifs.svh'.
Back to file '/home/install/synopsys_tools/VCS/vcs/U-2023.03/etc/uvm/tlm1/uvm_tlm.svh'.
Parsing included file '/home/install/synopsys_tools/VCS/vcs/U-2023.03/etc/uvm/base/uvm_port_base.svh'.
Back to file '/home/install/synopsys_tools/VCS/vcs/U-2023.03/etc/uvm/tlm1/uvm_tlm.svh'.
Parsing included file '/home/install/synopsys_tools/VCS/vcs/U-2023.03/etc/uvm/tlm1/uvm_tlm_imps.svh'.
Back to file '/home/install/synopsys_tools/VCS/vcs/U-2023.03/etc/uvm/tlm1/uvm_tlm.svh'.
Parsing included file '/home/install/synopsys_tools/VCS/vcs/U-2023.03/etc/uvm/tlm1/uvm_imps.svh'.
Back to file '/home/install/synopsys_tools/VCS/vcs/U-2023.03/etc/uvm/tlm1/uvm_tlm.svh'.
Parsing included file '/home/install/synopsys_tools/VCS/vcs/U-2023.03/etc/uvm/tlm1/uvm_ports.svh'.
Back to file '/home/install/synopsys_tools/VCS/vcs/U-2023.03/etc/uvm/tlm1/uvm_tlm.svh'.
Parsing included file '/home/install/synopsys_tools/VCS/vcs/U-2023.03/etc/uvm/tlm1/uvm_exports.svh'.
Back to file '/home/install/synopsys_tools/VCS/vcs/U-2023.03/etc/uvm/tlm1/uvm_tlm.svh'.
Parsing included file '/home/install/synopsys_tools/VCS/vcs/U-2023.03/etc/uvm/tlm1/uvm_analysis_port.svh'.
Back to file '/home/install/synopsys_tools/VCS/vcs/U-2023.03/etc/uvm/tlm1/uvm_tlm.svh'.
Parsing included file '/home/install/synopsys_tools/VCS/vcs/U-2023.03/etc/uvm/tlm1/uvm_tlm_fifo_base.svh'.
Back to file '/home/install/synopsys_tools/VCS/vcs/U-2023.03/etc/uvm/tlm1/uvm_tlm.svh'.
Parsing included file '/home/install/synopsys_tools/VCS/vcs/U-2023.03/etc/uvm/tlm1/uvm_tlm_fifos.svh'.
Back to file '/home/install/synopsys_tools/VCS/vcs/U-2023.03/etc/uvm/tlm1/uvm_tlm.svh'.
Parsing included file '/home/install/synopsys_tools/VCS/vcs/U-2023.03/etc/uvm/tlm1/uvm_tlm_req_rsp.svh'.
Back to file '/home/install/synopsys_tools/VCS/vcs/U-2023.03/etc/uvm/tlm1/uvm_tlm.svh'.
Parsing included file '/home/install/synopsys_tools/VCS/vcs/U-2023.03/etc/uvm/tlm1/uvm_sqr_connections.svh'.
Back to file '/home/install/synopsys_tools/VCS/vcs/U-2023.03/etc/uvm/tlm1/uvm_tlm.svh'.
Back to file '/home/install/synopsys_tools/VCS/vcs/U-2023.03/etc/uvm/uvm_pkg.sv'.
Parsing included file '/home/install/synopsys_tools/VCS/vcs/U-2023.03/etc/uvm/comps/uvm_comps.svh'.
Parsing included file '/home/install/synopsys_tools/VCS/vcs/U-2023.03/etc/uvm/comps/uvm_pair.svh'.
Back to file '/home/install/synopsys_tools/VCS/vcs/U-2023.03/etc/uvm/comps/uvm_comps.svh'.
Parsing included file '/home/install/synopsys_tools/VCS/vcs/U-2023.03/etc/uvm/comps/uvm_policies.svh'.
Back to file '/home/install/synopsys_tools/VCS/vcs/U-2023.03/etc/uvm/comps/uvm_comps.svh'.
Parsing included file '/home/install/synopsys_tools/VCS/vcs/U-2023.03/etc/uvm/comps/uvm_in_order_comparator.svh'.
Back to file '/home/install/synopsys_tools/VCS/vcs/U-2023.03/etc/uvm/comps/uvm_comps.svh'.
Parsing included file '/home/install/synopsys_tools/VCS/vcs/U-2023.03/etc/uvm/comps/uvm_algorithmic_comparator.svh'.
Back to file '/home/install/synopsys_tools/VCS/vcs/U-2023.03/etc/uvm/comps/uvm_comps.svh'.
Parsing included file '/home/install/synopsys_tools/VCS/vcs/U-2023.03/etc/uvm/comps/uvm_random_stimulus.svh'.
Back to file '/home/install/synopsys_tools/VCS/vcs/U-2023.03/etc/uvm/comps/uvm_comps.svh'.
Parsing included file '/home/install/synopsys_tools/VCS/vcs/U-2023.03/etc/uvm/comps/uvm_subscriber.svh'.
Back to file '/home/install/synopsys_tools/VCS/vcs/U-2023.03/etc/uvm/comps/uvm_comps.svh'.
Parsing included file '/home/install/synopsys_tools/VCS/vcs/U-2023.03/etc/uvm/comps/uvm_monitor.svh'.
Back to file '/home/install/synopsys_tools/VCS/vcs/U-2023.03/etc/uvm/comps/uvm_comps.svh'.
Parsing included file '/home/install/synopsys_tools/VCS/vcs/U-2023.03/etc/uvm/comps/uvm_driver.svh'.
Back to file '/home/install/synopsys_tools/VCS/vcs/U-2023.03/etc/uvm/comps/uvm_comps.svh'.
Parsing included file '/home/install/synopsys_tools/VCS/vcs/U-2023.03/etc/uvm/comps/uvm_push_driver.svh'.
Back to file '/home/install/synopsys_tools/VCS/vcs/U-2023.03/etc/uvm/comps/uvm_comps.svh'.
Parsing included file '/home/install/synopsys_tools/VCS/vcs/U-2023.03/etc/uvm/comps/uvm_scoreboard.svh'.
Back to file '/home/install/synopsys_tools/VCS/vcs/U-2023.03/etc/uvm/comps/uvm_comps.svh'.
Parsing included file '/home/install/synopsys_tools/VCS/vcs/U-2023.03/etc/uvm/comps/uvm_agent.svh'.
Back to file '/home/install/synopsys_tools/VCS/vcs/U-2023.03/etc/uvm/comps/uvm_comps.svh'.
Parsing included file '/home/install/synopsys_tools/VCS/vcs/U-2023.03/etc/uvm/comps/uvm_env.svh'.
Back to file '/home/install/synopsys_tools/VCS/vcs/U-2023.03/etc/uvm/comps/uvm_comps.svh'.
Parsing included file '/home/install/synopsys_tools/VCS/vcs/U-2023.03/etc/uvm/comps/uvm_test.svh'.
Back to file '/home/install/synopsys_tools/VCS/vcs/U-2023.03/etc/uvm/comps/uvm_comps.svh'.
Back to file '/home/install/synopsys_tools/VCS/vcs/U-2023.03/etc/uvm/uvm_pkg.sv'.
Parsing included file '/home/install/synopsys_tools/VCS/vcs/U-2023.03/etc/uvm/seq/uvm_seq.svh'.
Parsing included file '/home/install/synopsys_tools/VCS/vcs/U-2023.03/etc/uvm/seq/uvm_sequence_item.svh'.
Back to file '/home/install/synopsys_tools/VCS/vcs/U-2023.03/etc/uvm/seq/uvm_seq.svh'.
Parsing included file '/home/install/synopsys_tools/VCS/vcs/U-2023.03/etc/uvm/seq/uvm_sequencer_base.svh'.
Back to file '/home/install/synopsys_tools/VCS/vcs/U-2023.03/etc/uvm/seq/uvm_seq.svh'.
Parsing included file '/home/install/synopsys_tools/VCS/vcs/U-2023.03/etc/uvm/seq/uvm_sequencer_analysis_fifo.svh'.
Back to file '/home/install/synopsys_tools/VCS/vcs/U-2023.03/etc/uvm/seq/uvm_seq.svh'.
Parsing included file '/home/install/synopsys_tools/VCS/vcs/U-2023.03/etc/uvm/seq/uvm_sequencer_param_base.svh'.
Back to file '/home/install/synopsys_tools/VCS/vcs/U-2023.03/etc/uvm/seq/uvm_seq.svh'.
Parsing included file '/home/install/synopsys_tools/VCS/vcs/U-2023.03/etc/uvm/seq/uvm_sequencer.svh'.
Back to file '/home/install/synopsys_tools/VCS/vcs/U-2023.03/etc/uvm/seq/uvm_seq.svh'.
Parsing included file '/home/install/synopsys_tools/VCS/vcs/U-2023.03/etc/uvm/seq/uvm_push_sequencer.svh'.
Back to file '/home/install/synopsys_tools/VCS/vcs/U-2023.03/etc/uvm/seq/uvm_seq.svh'.
Parsing included file '/home/install/synopsys_tools/VCS/vcs/U-2023.03/etc/uvm/seq/uvm_sequence_base.svh'.
Back to file '/home/install/synopsys_tools/VCS/vcs/U-2023.03/etc/uvm/seq/uvm_seq.svh'.
Parsing included file '/home/install/synopsys_tools/VCS/vcs/U-2023.03/etc/uvm/seq/uvm_sequence.svh'.
Back to file '/home/install/synopsys_tools/VCS/vcs/U-2023.03/etc/uvm/seq/uvm_seq.svh'.
Parsing included file '/home/install/synopsys_tools/VCS/vcs/U-2023.03/etc/uvm/seq/uvm_sequence_library.svh'.
Back to file '/home/install/synopsys_tools/VCS/vcs/U-2023.03/etc/uvm/seq/uvm_seq.svh'.
Parsing included file '/home/install/synopsys_tools/VCS/vcs/U-2023.03/etc/uvm/seq/uvm_sequence_builtin.svh'.
Back to file '/home/install/synopsys_tools/VCS/vcs/U-2023.03/etc/uvm/seq/uvm_seq.svh'.
Back to file '/home/install/synopsys_tools/VCS/vcs/U-2023.03/etc/uvm/uvm_pkg.sv'.
Parsing included file '/home/install/synopsys_tools/VCS/vcs/U-2023.03/etc/uvm/tlm2/uvm_tlm2.svh'.
Parsing included file '/home/install/synopsys_tools/VCS/vcs/U-2023.03/etc/uvm/tlm2/uvm_tlm2_defines.svh'.
Back to file '/home/install/synopsys_tools/VCS/vcs/U-2023.03/etc/uvm/tlm2/uvm_tlm2.svh'.
Parsing included file '/home/install/synopsys_tools/VCS/vcs/U-2023.03/etc/uvm/tlm2/uvm_tlm2_time.svh'.
Back to file '/home/install/synopsys_tools/VCS/vcs/U-2023.03/etc/uvm/tlm2/uvm_tlm2.svh'.
Parsing included file '/home/install/synopsys_tools/VCS/vcs/U-2023.03/etc/uvm/tlm2/uvm_tlm2_generic_payload.svh'.
Back to file '/home/install/synopsys_tools/VCS/vcs/U-2023.03/etc/uvm/tlm2/uvm_tlm2.svh'.
Parsing included file '/home/install/synopsys_tools/VCS/vcs/U-2023.03/etc/uvm/tlm2/uvm_tlm2_ifs.svh'.
Back to file '/home/install/synopsys_tools/VCS/vcs/U-2023.03/etc/uvm/tlm2/uvm_tlm2.svh'.
Parsing included file '/home/install/synopsys_tools/VCS/vcs/U-2023.03/etc/uvm/tlm2/uvm_tlm2_imps.svh'.
Back to file '/home/install/synopsys_tools/VCS/vcs/U-2023.03/etc/uvm/tlm2/uvm_tlm2.svh'.
Parsing included file '/home/install/synopsys_tools/VCS/vcs/U-2023.03/etc/uvm/tlm2/uvm_tlm2_ports.svh'.
Back to file '/home/install/synopsys_tools/VCS/vcs/U-2023.03/etc/uvm/tlm2/uvm_tlm2.svh'.
Parsing included file '/home/install/synopsys_tools/VCS/vcs/U-2023.03/etc/uvm/tlm2/uvm_tlm2_exports.svh'.
Back to file '/home/install/synopsys_tools/VCS/vcs/U-2023.03/etc/uvm/tlm2/uvm_tlm2.svh'.
Parsing included file '/home/install/synopsys_tools/VCS/vcs/U-2023.03/etc/uvm/tlm2/uvm_tlm2_sockets_base.svh'.
Back to file '/home/install/synopsys_tools/VCS/vcs/U-2023.03/etc/uvm/tlm2/uvm_tlm2.svh'.
Parsing included file '/home/install/synopsys_tools/VCS/vcs/U-2023.03/etc/uvm/tlm2/uvm_tlm2_sockets.svh'.
Back to file '/home/install/synopsys_tools/VCS/vcs/U-2023.03/etc/uvm/tlm2/uvm_tlm2.svh'.
Back to file '/home/install/synopsys_tools/VCS/vcs/U-2023.03/etc/uvm/uvm_pkg.sv'.
Parsing included file '/home/install/synopsys_tools/VCS/vcs/U-2023.03/etc/uvm/reg/uvm_reg_model.svh'.
Parsing included file '/home/install/synopsys_tools/VCS/vcs/U-2023.03/etc/uvm/reg/uvm_reg_item.svh'.
Back to file '/home/install/synopsys_tools/VCS/vcs/U-2023.03/etc/uvm/reg/uvm_reg_model.svh'.
Parsing included file '/home/install/synopsys_tools/VCS/vcs/U-2023.03/etc/uvm/reg/uvm_reg_adapter.svh'.
Back to file '/home/install/synopsys_tools/VCS/vcs/U-2023.03/etc/uvm/reg/uvm_reg_model.svh'.
Parsing included file '/home/install/synopsys_tools/VCS/vcs/U-2023.03/etc/uvm/reg/uvm_reg_predictor.svh'.
Back to file '/home/install/synopsys_tools/VCS/vcs/U-2023.03/etc/uvm/reg/uvm_reg_model.svh'.
Parsing included file '/home/install/synopsys_tools/VCS/vcs/U-2023.03/etc/uvm/reg/uvm_reg_sequence.svh'.
Back to file '/home/install/synopsys_tools/VCS/vcs/U-2023.03/etc/uvm/reg/uvm_reg_model.svh'.
Parsing included file '/home/install/synopsys_tools/VCS/vcs/U-2023.03/etc/uvm/reg/uvm_reg_cbs.svh'.
Back to file '/home/install/synopsys_tools/VCS/vcs/U-2023.03/etc/uvm/reg/uvm_reg_model.svh'.
Parsing included file '/home/install/synopsys_tools/VCS/vcs/U-2023.03/etc/uvm/reg/uvm_reg_backdoor.svh'.
Back to file '/home/install/synopsys_tools/VCS/vcs/U-2023.03/etc/uvm/reg/uvm_reg_model.svh'.
Parsing included file '/home/install/synopsys_tools/VCS/vcs/U-2023.03/etc/uvm/reg/uvm_reg_field.svh'.
Back to file '/home/install/synopsys_tools/VCS/vcs/U-2023.03/etc/uvm/reg/uvm_reg_model.svh'.
Parsing included file '/home/install/synopsys_tools/VCS/vcs/U-2023.03/etc/uvm/reg/uvm_vreg_field.svh'.
Back to file '/home/install/synopsys_tools/VCS/vcs/U-2023.03/etc/uvm/reg/uvm_reg_model.svh'.
Parsing included file '/home/install/synopsys_tools/VCS/vcs/U-2023.03/etc/uvm/reg/uvm_reg.svh'.
Back to file '/home/install/synopsys_tools/VCS/vcs/U-2023.03/etc/uvm/reg/uvm_reg_model.svh'.
Parsing included file '/home/install/synopsys_tools/VCS/vcs/U-2023.03/etc/uvm/reg/uvm_reg_indirect.svh'.
Back to file '/home/install/synopsys_tools/VCS/vcs/U-2023.03/etc/uvm/reg/uvm_reg_model.svh'.
Parsing included file '/home/install/synopsys_tools/VCS/vcs/U-2023.03/etc/uvm/reg/uvm_reg_fifo.svh'.
Back to file '/home/install/synopsys_tools/VCS/vcs/U-2023.03/etc/uvm/reg/uvm_reg_model.svh'.
Parsing included file '/home/install/synopsys_tools/VCS/vcs/U-2023.03/etc/uvm/reg/uvm_reg_file.svh'.
Back to file '/home/install/synopsys_tools/VCS/vcs/U-2023.03/etc/uvm/reg/uvm_reg_model.svh'.
Parsing included file '/home/install/synopsys_tools/VCS/vcs/U-2023.03/etc/uvm/reg/uvm_mem_mam.svh'.
Back to file '/home/install/synopsys_tools/VCS/vcs/U-2023.03/etc/uvm/reg/uvm_reg_model.svh'.
Parsing included file '/home/install/synopsys_tools/VCS/vcs/U-2023.03/etc/uvm/reg/uvm_vreg.svh'.
Back to file '/home/install/synopsys_tools/VCS/vcs/U-2023.03/etc/uvm/reg/uvm_reg_model.svh'.
Parsing included file '/home/install/synopsys_tools/VCS/vcs/U-2023.03/etc/uvm/reg/uvm_mem.svh'.
Back to file '/home/install/synopsys_tools/VCS/vcs/U-2023.03/etc/uvm/reg/uvm_reg_model.svh'.
Parsing included file '/home/install/synopsys_tools/VCS/vcs/U-2023.03/etc/uvm/reg/uvm_reg_map.svh'.
Back to file '/home/install/synopsys_tools/VCS/vcs/U-2023.03/etc/uvm/reg/uvm_reg_model.svh'.
Parsing included file '/home/install/synopsys_tools/VCS/vcs/U-2023.03/etc/uvm/reg/uvm_reg_block.svh'.
Back to file '/home/install/synopsys_tools/VCS/vcs/U-2023.03/etc/uvm/reg/uvm_reg_model.svh'.
Parsing included file '/home/install/synopsys_tools/VCS/vcs/U-2023.03/etc/uvm/reg/sequences/uvm_reg_hw_reset_seq.svh'.
Back to file '/home/install/synopsys_tools/VCS/vcs/U-2023.03/etc/uvm/reg/uvm_reg_model.svh'.
Parsing included file '/home/install/synopsys_tools/VCS/vcs/U-2023.03/etc/uvm/reg/sequences/uvm_reg_bit_bash_seq.svh'.
Back to file '/home/install/synopsys_tools/VCS/vcs/U-2023.03/etc/uvm/reg/uvm_reg_model.svh'.
Parsing included file '/home/install/synopsys_tools/VCS/vcs/U-2023.03/etc/uvm/reg/sequences/uvm_mem_walk_seq.svh'.
Back to file '/home/install/synopsys_tools/VCS/vcs/U-2023.03/etc/uvm/reg/uvm_reg_model.svh'.
Parsing included file '/home/install/synopsys_tools/VCS/vcs/U-2023.03/etc/uvm/reg/sequences/uvm_mem_access_seq.svh'.
Back to file '/home/install/synopsys_tools/VCS/vcs/U-2023.03/etc/uvm/reg/uvm_reg_model.svh'.
Parsing included file '/home/install/synopsys_tools/VCS/vcs/U-2023.03/etc/uvm/reg/sequences/uvm_reg_access_seq.svh'.
Back to file '/home/install/synopsys_tools/VCS/vcs/U-2023.03/etc/uvm/reg/uvm_reg_model.svh'.
Parsing included file '/home/install/synopsys_tools/VCS/vcs/U-2023.03/etc/uvm/reg/sequences/uvm_reg_mem_shared_access_seq.svh'.
Back to file '/home/install/synopsys_tools/VCS/vcs/U-2023.03/etc/uvm/reg/uvm_reg_model.svh'.
Parsing included file '/home/install/synopsys_tools/VCS/vcs/U-2023.03/etc/uvm/reg/sequences/uvm_reg_mem_built_in_seq.svh'.
Back to file '/home/install/synopsys_tools/VCS/vcs/U-2023.03/etc/uvm/reg/uvm_reg_model.svh'.
Parsing included file '/home/install/synopsys_tools/VCS/vcs/U-2023.03/etc/uvm/reg/sequences/uvm_reg_mem_hdl_paths_seq.svh'.
Back to file '/home/install/synopsys_tools/VCS/vcs/U-2023.03/etc/uvm/reg/uvm_reg_model.svh'.
Parsing included file '/home/install/synopsys_tools/VCS/vcs/U-2023.03/etc/uvm/reg/snps_uvm_reg_bank.svh'.
Back to file '/home/install/synopsys_tools/VCS/vcs/U-2023.03/etc/uvm/reg/uvm_reg_model.svh'.
Back to file '/home/install/synopsys_tools/VCS/vcs/U-2023.03/etc/uvm/uvm_pkg.sv'.
Parsing included file '/home/install/synopsys_tools/VCS/vcs/U-2023.03/etc/uvm/vcs/vcs_uvm_alt.sv'.
Back to file '/home/install/synopsys_tools/VCS/vcs/U-2023.03/etc/uvm/uvm_pkg.sv'.
Parsing design file '/home/install/synopsys_tools/VCS/vcs/U-2023.03/etc/uvm/vcs/uvm_custom_install_vcs_recorder.sv'
Parsing included file '/home/install/synopsys_tools/VCS/vcs/U-2023.03/etc/uvm/vcs/msglog.svh'.
Back to file '/home/install/synopsys_tools/VCS/vcs/U-2023.03/etc/uvm/vcs/uvm_custom_install_vcs_recorder.sv'.
Parsing included file '/home/install/synopsys_tools/VCS/vcs/U-2023.03/etc/uvm/vcs/uvm_msglog_report_server.sv'.
Back to file '/home/install/synopsys_tools/VCS/vcs/U-2023.03/etc/uvm/vcs/uvm_custom_install_vcs_recorder.sv'.
Parsing included file '/home/install/synopsys_tools/VCS/vcs/U-2023.03/etc/uvm/vcs/uvm_vcs_recorder.svh'.
Back to file '/home/install/synopsys_tools/VCS/vcs/U-2023.03/etc/uvm/vcs/uvm_custom_install_vcs_recorder.sv'.
Parsing included file '/home/install/synopsys_tools/VCS/vcs/U-2023.03/etc/uvm/vcs/uvm_vcs_record_interface.sv'.
Back to file '/home/install/synopsys_tools/VCS/vcs/U-2023.03/etc/uvm/vcs/uvm_custom_install_vcs_recorder.sv'.
Parsing design file '/home/install/synopsys_tools/VCS/vcs/U-2023.03/etc/uvm/verdi/uvm_custom_install_verdi_recorder.sv'
Parsing included file '/home/install/synopsys_tools/VCS/vcs/U-2023.03/etc/uvm/uvm_macros.svh'.
Back to file '/home/install/synopsys_tools/VCS/vcs/U-2023.03/etc/uvm/verdi/uvm_custom_install_verdi_recorder.sv'.
Parsing included file '/home/install/synopsys_tools/VCS/vcs/U-2023.03/etc/uvm/verdi/uvm_verdi_recorder.svh'.
Parsing included file '/home/install/synopsys_tools/VCS/vcs/U-2023.03/etc/uvm/verdi/uvm_verdi_pli_base.svh'.
Back to file '/home/install/synopsys_tools/VCS/vcs/U-2023.03/etc/uvm/verdi/uvm_verdi_recorder.svh'.
Back to file '/home/install/synopsys_tools/VCS/vcs/U-2023.03/etc/uvm/verdi/uvm_custom_install_verdi_recorder.sv'.
Parsing included file '/home/install/synopsys_tools/VCS/vcs/U-2023.03/etc/uvm/verdi/uvm_verdi_reg_map_recording.sv'.
Back to file '/home/install/synopsys_tools/VCS/vcs/U-2023.03/etc/uvm/verdi/uvm_custom_install_verdi_recorder.sv'.
Parsing included file '/home/install/synopsys_tools/VCS/vcs/U-2023.03/etc/uvm/verdi/uvm_verdi_message_catcher.svh'.
Parsing included file '/home/install/synopsys_tools/VCS/vcs/U-2023.03/etc/uvm/verdi/uvm_verdi_pli_base.svh'.
Back to file '/home/install/synopsys_tools/VCS/vcs/U-2023.03/etc/uvm/verdi/uvm_verdi_message_catcher.svh'.
Back to file '/home/install/synopsys_tools/VCS/vcs/U-2023.03/etc/uvm/verdi/uvm_custom_install_verdi_recorder.sv'.
Parsing included file '/home/install/synopsys_tools/VCS/vcs/U-2023.03/etc/uvm/verdi/./dpi/uvm_verdi_dpi.svh'.
Back to file '/home/install/synopsys_tools/VCS/vcs/U-2023.03/etc/uvm/verdi/uvm_custom_install_verdi_recorder.sv'.
Parsing included file '/home/install/synopsys_tools/VCS/vcs/U-2023.03/etc/uvm/verdi/uvm_verdi_reg_recording.sv'.
Back to file '/home/install/synopsys_tools/VCS/vcs/U-2023.03/etc/uvm/verdi/uvm_custom_install_verdi_recorder.sv'.
Parsing included file '/home/install/synopsys_tools/verdi/verdi/U-2023.03-SP1/share/PLI/VCS/include/verdi_trans_recorder_dpi.svh'.
Back to file '/home/install/synopsys_tools/VCS/vcs/U-2023.03/etc/uvm/verdi/uvm_custom_install_verdi_recorder.sv'.
Parsing included file '/home/install/synopsys_tools/VCS/vcs/U-2023.03/etc/uvm/verdi/uvm_verdi_pli.svh'.
Back to file '/home/install/synopsys_tools/VCS/vcs/U-2023.03/etc/uvm/verdi/uvm_custom_install_verdi_recorder.sv'.
Parsing design file '/home/install/synopsys_tools/VCS/vcs/U-2023.03/etc/uvm/verdi/uvm_custom_install_verdi_recorder.sv'
Parsing design file '/home/user1/Darshan_Verification/Tanuja/Revital-X-SoC_Core_Verification/rtl/alu_in1_mux.sv'
Parsing design file '/home/user1/Darshan_Verification/Tanuja/Revital-X-SoC_Core_Verification/rtl/alu_in2_mux.sv'
Parsing design file '/home/user1/Darshan_Verification/Tanuja/Revital-X-SoC_Core_Verification/rtl/alu_mul_csr_mux.sv'
Parsing design file '/home/user1/Darshan_Verification/Tanuja/Revital-X-SoC_Core_Verification/rtl/alu.sv'
Parsing design file '/home/user1/Darshan_Verification/Tanuja/Revital-X-SoC_Core_Verification/rtl/Control_Unit.sv'
Parsing design file '/home/user1/Darshan_Verification/Tanuja/Revital-X-SoC_Core_Verification/rtl/CoreRV.sv'
Parsing design file '/home/user1/Darshan_Verification/Tanuja/Revital-X-SoC_Core_Verification/rtl/csr_register_file.sv'
Parsing design file '/home/user1/Darshan_Verification/Tanuja/Revital-X-SoC_Core_Verification/rtl/csr_unit.sv'
Parsing design file '/home/user1/Darshan_Verification/Tanuja/Revital-X-SoC_Core_Verification/rtl/data_ram.sv'
Parsing design file '/home/user1/Darshan_Verification/Tanuja/Revital-X-SoC_Core_Verification/rtl/dp_ram.sv'
Parsing design file '/home/user1/Darshan_Verification/Tanuja/Revital-X-SoC_Core_Verification/rtl/immediate_generator.sv'
Parsing design file '/home/user1/Darshan_Verification/Tanuja/Revital-X-SoC_Core_Verification/rtl/instr_ram.sv'
Parsing design file '/home/user1/Darshan_Verification/Tanuja/Revital-X-SoC_Core_Verification/rtl/interrupt_controller.sv'
Parsing design file '/home/user1/Darshan_Verification/Tanuja/Revital-X-SoC_Core_Verification/rtl/LSU_RVX.sv'
Parsing design file '/home/user1/Darshan_Verification/Tanuja/Revital-X-SoC_Core_Verification/rtl/Memory_Ctrl.sv'
Parsing design file '/home/user1/Darshan_Verification/Tanuja/Revital-X-SoC_Core_Verification/rtl/memtoreg_mux.sv'
Parsing design file '/home/user1/Darshan_Verification/Tanuja/Revital-X-SoC_Core_Verification/rtl/pc_mux.sv'
Parsing design file '/home/user1/Darshan_Verification/Tanuja/Revital-X-SoC_Core_Verification/rtl/Pipelined_M.sv'
Parsing design file '/home/user1/Darshan_Verification/Tanuja/Revital-X-SoC_Core_Verification/rtl/register_file.sv'
Parsing design file '/home/user1/Darshan_Verification/Tanuja/Revital-X-SoC_Core_Verification/rtl/sp_ram.sv'
Parsing design file '/home/user1/Darshan_Verification/Tanuja/Revital-X-SoC_Core_Verification/rtl/Stage1.sv'
Parsing design file '/home/user1/Darshan_Verification/Tanuja/Revital-X-SoC_Core_Verification/rtl/Stage2.sv'
Parsing design file '/home/user1/Darshan_Verification/Tanuja/Revital-X-SoC_Core_Verification/rtl/stall_controller.sv'
Parsing design file '/home/user1/Darshan_Verification/Tanuja/core_uvm/tb/sv/corerv_if.sv'
Parsing design file '/home/user1/Darshan_Verification/Tanuja/core_uvm/tb/sv/corerv_pkg.sv'
Parsing included file '/home/install/synopsys_tools/VCS/vcs/U-2023.03/etc/uvm/uvm_macros.svh'.
Back to file '/home/user1/Darshan_Verification/Tanuja/core_uvm/tb/sv/corerv_pkg.sv'.
Parsing included file '/home/user1/Darshan_Verification/Tanuja/core_uvm/tb/sv/corerv_seq_item.sv'.
Back to file '/home/user1/Darshan_Verification/Tanuja/core_uvm/tb/sv/corerv_pkg.sv'.
Parsing included file '/home/user1/Darshan_Verification/Tanuja/core_uvm/tb/sv/corerv_driver.sv'.
Back to file '/home/user1/Darshan_Verification/Tanuja/core_uvm/tb/sv/corerv_pkg.sv'.
Parsing included file '/home/user1/Darshan_Verification/Tanuja/core_uvm/tb/sv/corerv_monitor.sv'.
Back to file '/home/user1/Darshan_Verification/Tanuja/core_uvm/tb/sv/corerv_pkg.sv'.
Parsing included file '/home/user1/Darshan_Verification/Tanuja/core_uvm/tb/sv/corerv_coverage.sv'.
Back to file '/home/user1/Darshan_Verification/Tanuja/core_uvm/tb/sv/corerv_pkg.sv'.
Parsing included file '/home/user1/Darshan_Verification/Tanuja/core_uvm/tb/sv/corerv_agent.sv'.
Back to file '/home/user1/Darshan_Verification/Tanuja/core_uvm/tb/sv/corerv_pkg.sv'.
Parsing included file '/home/user1/Darshan_Verification/Tanuja/core_uvm/tb/sv/corerv_scoreboard.sv'.
Back to file '/home/user1/Darshan_Verification/Tanuja/core_uvm/tb/sv/corerv_pkg.sv'.
Parsing included file '/home/user1/Darshan_Verification/Tanuja/core_uvm/tb/sv/corerv_env.sv'.
Back to file '/home/user1/Darshan_Verification/Tanuja/core_uvm/tb/sv/corerv_pkg.sv'.
Parsing included file '/home/user1/Darshan_Verification/Tanuja/core_uvm/tb/sv/corerv_test.sv'.
Back to file '/home/user1/Darshan_Verification/Tanuja/core_uvm/tb/sv/corerv_pkg.sv'.
Parsing design file '/home/user1/Darshan_Verification/Tanuja/core_uvm/tb/sv/tb_top.sv'
Parsing included file '/home/install/synopsys_tools/VCS/vcs/U-2023.03/etc/uvm/uvm_macros.svh'.
Back to file '/home/user1/Darshan_Verification/Tanuja/core_uvm/tb/sv/tb_top.sv'.
Top Level Modules:
       uvm_custom_install_recording
       uvm_custom_install_verdi_recording
       dp_ram
       half_adder
       tb_top
TimeScale is 1 ns / 1 ps

Warning-[PCWM-W] Port connection width mismatch
/home/user1/Darshan_Verification/Tanuja/core_uvm/tb/sv/tb_top.sv, 79
"CoreRV #(32'h80000000, 32'h80004000, 32'h80010000, 32'h80020000, , , , , , , , , , , , ) dut( .clk (clk),  .rst (rst),  .data_addr_o (tb_top.vif.data_addr),  .data_wdata_o (tb_top.vif.data_wdata),  .data_we_o (tb_top.vif.data_we),  .data_req_o (tb_top.vif.data_req),  .data_be_o (tb_top.vif.data_be),  .data_rdata_i (tb_top.vif.data_rdata),  .data_gnt_i (tb_top.vif.data_gnt),  .data_rvalid_i (tb_top.vif.data_rvalid),  .irq_i (1'b0));"
  The following 1-bit expression is connected to 32-bit port "irq_i" of module
  "CoreRV", instance "dut".
  Expression: 1'b0
  Instantiated module defined at: 
  "/home/user1/Darshan_Verification/Tanuja/Revital-X-SoC_Core_Verification/rtl/CoreRV.sv",
  2
  Use +lint=PCWM for more details.

VCS Coverage Metrics Release U-2023.03_Full64 Copyright (c) 1991-2023 by Synopsys Inc.
Starting vcs inline pass...
33 modules and 0 UDP read.
recompiling module uvm_custom_install_verdi_recording
	However, due to incremental compilation, only 1 module needs to be compiled. 
make[1]: Entering directory `/home/user1/Darshan_Verification/Tanuja/core_uvm/sim/csrc'
make[1]: Leaving directory `/home/user1/Darshan_Verification/Tanuja/core_uvm/sim/csrc'
make[1]: Entering directory `/home/user1/Darshan_Verification/Tanuja/core_uvm/sim/csrc'
rm -f _cuarc*.so _csrc*.so pre_vcsobj_*.so share_vcsobj_*.so
if [ -x ../simv ]; then chmod a-x ../simv; fi
g++  -o ../simv      -rdynamic  -Wl,-rpath='$ORIGIN'/simv.daidir -Wl,-rpath=./simv.daidir -Wl,-rpath=/home/install/synopsys_tools/VCS/vcs/U-2023.03/linux64/lib -L/home/install/synopsys_tools/VCS/vcs/U-2023.03/linux64/lib  -Wl,-rpath-link=./  /usr/lib64/libnuma.so.1 uvm_dpi.o uvm_verdi_dpi.o   objs/amcQw_d.o   _14047_archive_1.so _prev_archive_1.so  SIM_l.o      rmapats_mop.o rmapats.o rmar.o rmar_nd.o  rmar_llvm_0_1.o rmar_llvm_0_0.o            -lvirsim -lerrorinf -lsnpsmalloc -lvfs spike_wrapper.so    -lvcsnew -lsimprofile -lreader_common /home/install/synopsys_tools/VCS/vcs/U-2023.03/linux64/lib/libBA.a -luclinative /home/install/synopsys_tools/VCS/vcs/U-2023.03/linux64/lib/vcs_tls.o   -Wl,-whole-archive  -lvcsucli    -Wl,-no-whole-archive       ./../simv.daidir/vc_hdrs.o  _vcs_pli_stub_.o   /home/install/synopsys_tools/VCS/vcs/U-2023.03/linux64/lib/vcs_save_restore_new.o /home/install/synopsys_tools/verdi/verdi/U-2023.03-SP1/share/PLI/VCS/LINUX64/pli.a -ldl  -lc -lm -lpthread -ldl 
../simv up to date
make[1]: Leaving directory `/home/user1/Darshan_Verification/Tanuja/core_uvm/sim/csrc'
CPU time: 3.838 seconds to compile + .233 seconds to elab + .239 seconds to link
Verdi KDB elaboration done and the database successfully generated: 0 error(s), 0 warning(s)
--------------------------------------------------------
 Starting UVM Simulation: corerv_test
--------------------------------------------------------
./simv +UVM_TESTNAME=corerv_test +ntb_random_seed=24650 -cm line+cond+fsm+tgl+branch -cm_name corerv_test -cm_dir ./coverage.vdb -l sim_corerv_test.log
Info: [VCS_SAVE_RESTORE_INFO] ASLR (Address Space Layout Randomization) is detected on the machine. To enable $save functionality, ASLR will be switched off and simv re-executed.
Please use '-no_save' simv switch to avoid this.
Chronologic VCS simulator copyright 1991-2023
Contains Synopsys proprietary information.
Compiler version U-2023.03_Full64; Runtime version U-2023.03_Full64;  Sep 30 13:21 2026
----------------------------------------------------------------
UVM-1.1d.Synopsys
(C) 2007-2013 Mentor Graphics Corporation
(C) 2007-2013 Cadence Design Systems, Inc.
(C) 2006-2013 Synopsys, Inc.
(C) 2011-2013 Cypress Semiconductor Corp.
----------------------------------------------------------------

  ***********       IMPORTANT RELEASE NOTES         ************

  You are using a version of the UVM library that has been compiled
  with `UVM_NO_DEPRECATED undefined.
  See http://www.eda.org/svdb/view.php?id=3313 for more details.

  You are using a version of the UVM library that has been compiled
  with `UVM_OBJECT_MUST_HAVE_CONSTRUCTOR undefined.
  See http://www.eda.org/svdb/view.php?id=3770 for more details.

      (Specify +UVM_NO_RELNOTES to turn off this notice)


 VCS Coverage Metrics Release U-2023.03_Full64 Copyright (c) 1991-2023 by Synopsys Inc.
UVM_INFO @ 0: reporter [RNTST] Running test corerv_test...
*Verdi* Loading libsscore_vcs202303.so
FSDB Dumper for VCS, Release Verdi_U-2023.03-SP1, Linux x86_64/64bit, 05/28/2023
(C) 1996 - 2023 by Synopsys, Inc.
*Verdi* FSDB WARNING: The FSDB file already exists. Overwriting the FSDB file may crash the programs that are using this file.
*Verdi* FSDB WARNING: Simv_lock file is locked (inter.fsdb.slock). Attempt to overwrite the FSDB (inter.fsdb.slock) which is currently written by other process is not permitted
*Verdi* ERROR: Failed to create FSDB file: 'inter.fsdb'.
*Verdi* FSDB WARNING: The FSDB file already exists. Overwriting the FSDB file may crash the programs that are using this file.
*Verdi* : Create FSDB file 'novas.fsdb'
*Verdi* : Begin traversing the scope (tb_top), layer (0).
*Verdi* : End of traversing.
*Verdi* : Begin traversing the SVA assertions, layer (0).
*Verdi* : End of traversing the SVA assertions.
UVM_INFO /home/user1/Darshan_Verification/Tanuja/core_uvm/tb/sv/corerv_monitor.sv(41) @ 0: uvm_test_top.env.agent.mon [MON_MEM] Loaded firmware into monitor memory map from firmware.hex
[DPI-C] Initializing Spike Golden Oracle at 0x80000000...
[DPI-C] Firmware loaded. PC set to: 0x80000000
UVM_INFO /home/user1/Darshan_Verification/Tanuja/core_uvm/tb/sv/corerv_test.sv(19) @ 0: uvm_test_top [TEST] CPU Test started. Running firmware...
UVM_INFO /home/user1/Darshan_Verification/Tanuja/core_uvm/tb/sv/corerv_scoreboard.sv(34) @ 65000: uvm_test_top.env.scb [SCB_MATCH] [PC: 80000000 | INSTR: 80010f37] MATCH OK! -> Reg x30 = 0x80010000
UVM_INFO /home/user1/Darshan_Verification/Tanuja/core_uvm/tb/sv/corerv_scoreboard.sv(34) @ 85000: uvm_test_top.env.scb [SCB_MATCH] [PC: 80000004 | INSTR: dc200093] MATCH OK! -> Reg x1 = 0xfffffdc2
UVM_INFO /home/user1/Darshan_Verification/Tanuja/core_uvm/tb/sv/corerv_scoreboard.sv(34) @ 95000: uvm_test_top.env.scb [SCB_MATCH] [PC: 80000008 | INSTR: 09700113] MATCH OK! -> Reg x2 = 0x00000097
UVM_INFO /home/user1/Darshan_Verification/Tanuja/core_uvm/tb/sv/corerv_scoreboard.sv(34) @ 105000: uvm_test_top.env.scb [SCB_MATCH] [PC: 8000000c | INSTR: cfb00193] MATCH OK! -> Reg x3 = 0xfffffcfb
UVM_INFO /home/user1/Darshan_Verification/Tanuja/core_uvm/tb/sv/corerv_scoreboard.sv(34) @ 115000: uvm_test_top.env.scb [SCB_MATCH] [PC: 80000010 | INSTR: 1f400213] MATCH OK! -> Reg x4 = 0x000001f4
UVM_INFO /home/user1/Darshan_Verification/Tanuja/core_uvm/tb/sv/corerv_scoreboard.sv(34) @ 125000: uvm_test_top.env.scb [SCB_MATCH] [PC: 80000014 | INSTR: 01400293] MATCH OK! -> Reg x5 = 0x00000014
UVM_INFO /home/user1/Darshan_Verification/Tanuja/core_uvm/tb/sv/corerv_scoreboard.sv(34) @ 135000: uvm_test_top.env.scb [SCB_MATCH] [PC: 80000018 | INSTR: f2c00313] MATCH OK! -> Reg x6 = 0xffffff2c
UVM_INFO /home/user1/Darshan_Verification/Tanuja/core_uvm/tb/sv/corerv_scoreboard.sv(34) @ 145000: uvm_test_top.env.scb [SCB_MATCH] [PC: 8000001c | INSTR: 35b00393] MATCH OK! -> Reg x7 = 0x0000035b
UVM_INFO /home/user1/Darshan_Verification/Tanuja/core_uvm/tb/sv/corerv_scoreboard.sv(34) @ 155000: uvm_test_top.env.scb [SCB_MATCH] [PC: 80000020 | INSTR: e4800413] MATCH OK! -> Reg x8 = 0xfffffe48
UVM_INFO /home/user1/Darshan_Verification/Tanuja/core_uvm/tb/sv/corerv_scoreboard.sv(34) @ 165000: uvm_test_top.env.scb [SCB_MATCH] [PC: 80000024 | INSTR: 25d00493] MATCH OK! -> Reg x9 = 0x0000025d
UVM_INFO /home/user1/Darshan_Verification/Tanuja/core_uvm/tb/sv/corerv_scoreboard.sv(34) @ 175000: uvm_test_top.env.scb [SCB_MATCH] [PC: 80000028 | INSTR: d9599517] MATCH OK! -> Reg x10 = 0x59599028
UVM_INFO /home/user1/Darshan_Verification/Tanuja/core_uvm/tb/sv/corerv_scoreboard.sv(38) @ 185000: uvm_test_top.env.scb [SCB_MATCH] [PC: 8000002c | INSTR: 019d4463] MATCH OK! -> Executed safely
UVM_INFO /home/user1/Darshan_Verification/Tanuja/core_uvm/tb/sv/corerv_scoreboard.sv(34) @ 195000: uvm_test_top.env.scb [SCB_MATCH] [PC: 80000030 | INSTR: 001d0193] MATCH OK! -> Reg x3 = 0x00000001
UVM_INFO /home/user1/Darshan_Verification/Tanuja/core_uvm/tb/sv/corerv_scoreboard.sv(38) @ 205000: uvm_test_top.env.scb [SCB_MATCH] [PC: 80000034 | INSTR: 00720463] MATCH OK! -> Executed safely
UVM_INFO /home/user1/Darshan_Verification/Tanuja/core_uvm/tb/sv/corerv_scoreboard.sv(34) @ 215000: uvm_test_top.env.scb [SCB_MATCH] [PC: 80000038 | INSTR: 00120893] MATCH OK! -> Reg x17 = 0x000001f5
UVM_INFO /home/user1/Darshan_Verification/Tanuja/core_uvm/tb/sv/corerv_scoreboard.sv(34) @ 225000: uvm_test_top.env.scb [SCB_MATCH] [PC: 8000003c | INSTR: 34042573] MATCH OK! -> Reg x10 = 0x00000000
UVM_INFO /home/user1/Darshan_Verification/Tanuja/core_uvm/tb/sv/corerv_scoreboard.sv(34) @ 235000: uvm_test_top.env.scb [SCB_MATCH] [PC: 80000040 | INSTR: 401959b3] MATCH OK! -> Reg x19 = 0x00000000
UVM_INFO /home/user1/Darshan_Verification/Tanuja/core_uvm/tb/sv/corerv_scoreboard.sv(34) @ 245000: uvm_test_top.env.scb [SCB_MATCH] [PC: 80000044 | INSTR: 9e730093] MATCH OK! -> Reg x1 = 0xfffff913
UVM_INFO /home/user1/Darshan_Verification/Tanuja/core_uvm/tb/sv/corerv_scoreboard.sv(38) @ 255000: uvm_test_top.env.scb [SCB_MATCH] [PC: 80000048 | INSTR: 00d4d463] MATCH OK! -> Executed safely
UVM_INFO /home/user1/Darshan_Verification/Tanuja/core_uvm/tb/sv/corerv_scoreboard.sv(34) @ 315000: uvm_test_top.env.scb [SCB_MATCH] [PC: 80000050 | INSTR: 02980cb3] MATCH OK! -> Reg x25 = 0x00000000
UVM_INFO /home/user1/Darshan_Verification/Tanuja/core_uvm/tb/sv/corerv_scoreboard.sv(34) @ 325000: uvm_test_top.env.scb [SCB_MATCH] [PC: 80000054 | INSTR: 905245b7] MATCH OK! -> Reg x11 = 0x90524000
UVM_INFO /home/user1/Darshan_Verification/Tanuja/core_uvm/tb/sv/corerv_scoreboard.sv(38) @ 335000: uvm_test_top.env.scb [SCB_MATCH] [PC: 80000058 | INSTR: 02df1023] MATCH OK! -> Executed safely
UVM_INFO /home/user1/Darshan_Verification/Tanuja/core_uvm/tb/sv/corerv_scoreboard.sv(34) @ 345000: uvm_test_top.env.scb [SCB_MATCH] [PC: 8000005c | INSTR: 40e95513] MATCH OK! -> Reg x10 = 0x00000000
UVM_INFO /home/user1/Darshan_Verification/Tanuja/core_uvm/tb/sv/corerv_scoreboard.sv(34) @ 355000: uvm_test_top.env.scb [SCB_MATCH] [PC: 80000060 | INSTR: 00000e97] MATCH OK! -> Reg x29 = 0x80000060
UVM_INFO /home/user1/Darshan_Verification/Tanuja/core_uvm/tb/sv/corerv_scoreboard.sv(34) @ 365000: uvm_test_top.env.scb [SCB_MATCH] [PC: 80000064 | INSTR: 00ce8b67] MATCH OK! -> Reg x22 = 0x80000068
UVM_INFO /home/user1/Darshan_Verification/Tanuja/core_uvm/tb/sv/corerv_scoreboard.sv(34) @ 405000: uvm_test_top.env.scb [SCB_MATCH] [PC: 8000006c | INSTR: 00cf2503] MATCH OK! -> Reg x10 = 0x00000000
UVM_INFO /home/user1/Darshan_Verification/Tanuja/core_uvm/tb/sv/corerv_scoreboard.sv(34) @ 415000: uvm_test_top.env.scb [SCB_MATCH] [PC: 80000070 | INSTR: 00c397b3] MATCH OK! -> Reg x15 = 0x0000035b
UVM_INFO /home/user1/Darshan_Verification/Tanuja/core_uvm/tb/sv/corerv_scoreboard.sv(34) @ 425000: uvm_test_top.env.scb [SCB_MATCH] [PC: 80000074 | INSTR: 00485913] MATCH OK! -> Reg x18 = 0x00000000
UVM_INFO /home/user1/Darshan_Verification/Tanuja/core_uvm/tb/sv/corerv_scoreboard.sv(34) @ 435000: uvm_test_top.env.scb [SCB_MATCH] [PC: 80000078 | INSTR: 940cd637] MATCH OK! -> Reg x12 = 0x940cd000
UVM_INFO /home/user1/Darshan_Verification/Tanuja/core_uvm/tb/sv/corerv_scoreboard.sv(34) @ 445000: uvm_test_top.env.scb [SCB_MATCH] [PC: 8000007c | INSTR: 3400a7f3] MATCH OK! -> Reg x15 = 0xfffffe48
UVM_INFO /home/user1/Darshan_Verification/Tanuja/core_uvm/tb/sv/corerv_scoreboard.sv(34) @ 475000: uvm_test_top.env.scb [SCB_MATCH] [PC: 80000080 | INSTR: 038d03b3] MATCH OK! -> Reg x7 = 0x00000000
UVM_INFO /home/user1/Darshan_Verification/Tanuja/core_uvm/tb/sv/corerv_scoreboard.sv(34) @ 485000: uvm_test_top.env.scb [SCB_MATCH] [PC: 80000084 | INSTR: 0132f733] MATCH OK! -> Reg x14 = 0x00000000
UVM_INFO /home/user1/Darshan_Verification/Tanuja/core_uvm/tb/sv/corerv_scoreboard.sv(34) @ 495000: uvm_test_top.env.scb [SCB_MATCH] [PC: 80000088 | INSTR: 76cf8b37] MATCH OK! -> Reg x22 = 0x76cf8000
UVM_INFO /home/user1/Darshan_Verification/Tanuja/core_uvm/tb/sv/corerv_scoreboard.sv(34) @ 505000: uvm_test_top.env.scb [SCB_MATCH] [PC: 8000008c | INSTR: 63e68e13] MATCH OK! -> Reg x28 = 0x0000063e
UVM_INFO /home/user1/Darshan_Verification/Tanuja/core_uvm/tb/sv/corerv_scoreboard.sv(34) @ 515000: uvm_test_top.env.scb [SCB_MATCH] [PC: 80000090 | INSTR: bd476393] MATCH OK! -> Reg x7 = 0xfffffbd4
UVM_INFO /home/user1/Darshan_Verification/Tanuja/core_uvm/tb/sv/corerv_scoreboard.sv(34) @ 525000: uvm_test_top.env.scb [SCB_MATCH] [PC: 80000094 | INSTR: 340ae873] MATCH OK! -> Reg x16 = 0xffffff5b
UVM_INFO /home/user1/Darshan_Verification/Tanuja/core_uvm/tb/sv/corerv_scoreboard.sv(34) @ 535000: uvm_test_top.env.scb [SCB_MATCH] [PC: 80000098 | INSTR: 34053473] MATCH OK! -> Reg x8 = 0xffffff5f
UVM_INFO /home/user1/Darshan_Verification/Tanuja/core_uvm/tb/sv/corerv_scoreboard.sv(38) @ 545000: uvm_test_top.env.scb [SCB_MATCH] [PC: 8000009c | INSTR: 00ff1c23] MATCH OK! -> Executed safely
UVM_INFO /home/user1/Darshan_Verification/Tanuja/core_uvm/tb/sv/corerv_scoreboard.sv(34) @ 555000: uvm_test_top.env.scb [SCB_MATCH] [PC: 800000a0 | INSTR: 56c0cb97] MATCH OK! -> Reg x23 = 0xd6c0c0a0
UVM_INFO /home/user1/Darshan_Verification/Tanuja/core_uvm/tb/sv/corerv_scoreboard.sv(34) @ 565000: uvm_test_top.env.scb [SCB_MATCH] [PC: 800000a4 | INSTR: 00019893] MATCH OK! -> Reg x17 = 0x00000001
UVM_INFO /home/user1/Darshan_Verification/Tanuja/core_uvm/tb/sv/corerv_scoreboard.sv(34) @ 575000: uvm_test_top.env.scb [SCB_MATCH] [PC: 800000a8 | INSTR: 34091d73] MATCH OK! -> Reg x26 = 0xffffff5f
UVM_INFO /home/user1/Darshan_Verification/Tanuja/core_uvm/tb/sv/corerv_scoreboard.sv(34) @ 585000: uvm_test_top.env.scb [SCB_MATCH] [PC: 800000ac | INSTR: b7563113] MATCH OK! -> Reg x2 = 0x00000001
UVM_INFO /home/user1/Darshan_Verification/Tanuja/core_uvm/tb/sv/corerv_scoreboard.sv(38) @ 595000: uvm_test_top.env.scb [SCB_MATCH] [PC: 800000b0 | INSTR: 00590463] MATCH OK! -> Executed safely
UVM_INFO /home/user1/Darshan_Verification/Tanuja/core_uvm/tb/sv/corerv_scoreboard.sv(34) @ 605000: uvm_test_top.env.scb [SCB_MATCH] [PC: 800000b4 | INSTR: 00190513] MATCH OK! -> Reg x10 = 0x00000001
UVM_INFO /home/user1/Darshan_Verification/Tanuja/core_uvm/tb/sv/corerv_scoreboard.sv(34) @ 615000: uvm_test_top.env.scb [SCB_MATCH] [PC: 800000b8 | INSTR: 018f1703] MATCH OK! -> Reg x14 = 0xfffffe48
UVM_INFO /home/user1/Darshan_Verification/Tanuja/core_uvm/tb/sv/corerv_scoreboard.sv(38) @ 625000: uvm_test_top.env.scb [SCB_MATCH] [PC: 800000bc | INSTR: 0181f463] MATCH OK! -> Executed safely
UVM_INFO /home/user1/Darshan_Verification/Tanuja/core_uvm/tb/sv/corerv_scoreboard.sv(34) @ 665000: uvm_test_top.env.scb [SCB_MATCH] [PC: 800000c4 | INSTR: 01065b93] MATCH OK! -> Reg x23 = 0x0000940c
UVM_INFO /home/user1/Darshan_Verification/Tanuja/core_uvm/tb/sv/corerv_scoreboard.sv(34) @ 675000: uvm_test_top.env.scb [SCB_MATCH] [PC: 800000c8 | INSTR: 008f2383] MATCH OK! -> Reg x7 = 0x00000000
UVM_INFO /home/user1/Darshan_Verification/Tanuja/core_uvm/tb/sv/corerv_scoreboard.sv(34) @ 685000: uvm_test_top.env.scb [SCB_MATCH] [PC: 800000cc | INSTR: 662e7937] MATCH OK! -> Reg x18 = 0x662e7000
UVM_INFO /home/user1/Darshan_Verification/Tanuja/core_uvm/tb/sv/corerv_scoreboard.sv(34) @ 695000: uvm_test_top.env.scb [SCB_MATCH] [PC: 800000d0 | INSTR: 340612f3] MATCH OK! -> Reg x5 = 0x00000000
UVM_INFO /home/user1/Darshan_Verification/Tanuja/core_uvm/tb/sv/corerv_scoreboard.sv(34) @ 705000: uvm_test_top.env.scb [SCB_MATCH] [PC: 800000d4 | INSTR: 340293f3] MATCH OK! -> Reg x7 = 0x940cd000
UVM_INFO /home/user1/Darshan_Verification/Tanuja/core_uvm/tb/sv/corerv_scoreboard.sv(34) @ 715000: uvm_test_top.env.scb [SCB_MATCH] [PC: 800000d8 | INSTR: 674a8417] MATCH OK! -> Reg x8 = 0xe74a80d8
UVM_INFO /home/user1/Darshan_Verification/Tanuja/core_uvm/tb/sv/corerv_scoreboard.sv(34) @ 725000: uvm_test_top.env.scb [SCB_MATCH] [PC: 800000dc | INSTR: 019307b3] MATCH OK! -> Reg x15 = 0xffffff2c
UVM_INFO /home/user1/Darshan_Verification/Tanuja/core_uvm/tb/sv/corerv_scoreboard.sv(34) @ 735000: uvm_test_top.env.scb [SCB_MATCH] [PC: 800000e0 | INSTR: 41ccd793] MATCH OK! -> Reg x15 = 0x00000000
UVM_INFO /home/user1/Darshan_Verification/Tanuja/core_uvm/tb/sv/corerv_scoreboard.sv(34) @ 745000: uvm_test_top.env.scb [SCB_MATCH] [PC: 800000e4 | INSTR: 01cf1e03] MATCH OK! -> Reg x28 = 0x00000000
UVM_INFO /home/user1/Darshan_Verification/Tanuja/core_uvm/tb/sv/corerv_scoreboard.sv(34) @ 755000: uvm_test_top.env.scb [SCB_MATCH] [PC: 800000e8 | INSTR: 008007ef] MATCH OK! -> Reg x15 = 0x800000ec
UVM_INFO /home/user1/Darshan_Verification/Tanuja/core_uvm/tb/sv/corerv_scoreboard.sv(38) @ 795000: uvm_test_top.env.scb [SCB_MATCH] [PC: 800000f0 | INSTR: 00c20463] MATCH OK! -> Executed safely
UVM_INFO /home/user1/Darshan_Verification/Tanuja/core_uvm/tb/sv/corerv_scoreboard.sv(34) @ 805000: uvm_test_top.env.scb [SCB_MATCH] [PC: 800000f4 | INSTR: 00120493] MATCH OK! -> Reg x9 = 0x000001f5
UVM_INFO /home/user1/Darshan_Verification/Tanuja/core_uvm/tb/sv/corerv_scoreboard.sv(34) @ 815000: uvm_test_top.env.scb [SCB_MATCH] [PC: 800000f8 | INSTR: 01348a33] MATCH OK! -> Reg x20 = 0x000001f5
UVM_INFO /home/user1/Darshan_Verification/Tanuja/core_uvm/tb/sv/corerv_scoreboard.sv(34) @ 825000: uvm_test_top.env.scb [SCB_MATCH] [PC: 800000fc | INSTR: 34075df3] MATCH OK! -> Reg x27 = 0x00000000
UVM_INFO /home/user1/Darshan_Verification/Tanuja/core_uvm/tb/sv/corerv_scoreboard.sv(34) @ 835000: uvm_test_top.env.scb [SCB_MATCH] [PC: 80000100 | INSTR: d489cb13] MATCH OK! -> Reg x22 = 0xfffffd48
UVM_INFO /home/user1/Darshan_Verification/Tanuja/core_uvm/tb/sv/corerv_scoreboard.sv(38) @ 845000: uvm_test_top.env.scb [SCB_MATCH] [PC: 80000104 | INSTR: 01764463] MATCH OK! -> Executed safely
UVM_INFO /home/user1/Darshan_Verification/Tanuja/core_uvm/tb/sv/corerv_scoreboard.sv(34) @ 885000: uvm_test_top.env.scb [SCB_MATCH] [PC: 8000010c | INSTR: 44e8dd17] MATCH OK! -> Reg x26 = 0xc4e8d10c
UVM_INFO /home/user1/Darshan_Verification/Tanuja/core_uvm/tb/sv/corerv_scoreboard.sv(38) @ 895000: uvm_test_top.env.scb [SCB_MATCH] [PC: 80000110 | INSTR: 010f2c23] MATCH OK! -> Executed safely
UVM_INFO /home/user1/Darshan_Verification/Tanuja/core_uvm/tb/sv/corerv_scoreboard.sv(38) @ 905000: uvm_test_top.env.scb [SCB_MATCH] [PC: 80000114 | INSTR: 012f2223] MATCH OK! -> Executed safely
UVM_INFO /home/user1/Darshan_Verification/Tanuja/core_uvm/tb/sv/corerv_scoreboard.sv(34) @ 915000: uvm_test_top.env.scb [SCB_MATCH] [PC: 80000118 | INSTR: 3407baf3] MATCH OK! -> Reg x21 = 0x0000000e
UVM_INFO /home/user1/Darshan_Verification/Tanuja/core_uvm/tb/sv/corerv_scoreboard.sv(34) @ 945000: uvm_test_top.env.scb [SCB_MATCH] [PC: 8000011c | INSTR: 02591d33] MATCH OK! -> Reg x26 = 0x00000000
UVM_INFO /home/user1/Darshan_Verification/Tanuja/core_uvm/tb/sv/corerv_scoreboard.sv(34) @ 955000: uvm_test_top.env.scb [SCB_MATCH] [PC: 80000120 | INSTR: 3406d773] MATCH OK! -> Reg x14 = 0x00000002
UVM_INFO /home/user1/Darshan_Verification/Tanuja/core_uvm/tb/sv/corerv_scoreboard.sv(34) @ 965000: uvm_test_top.env.scb [SCB_MATCH] [PC: 80000124 | INSTR: 88d50537] MATCH OK! -> Reg x10 = 0x88d50000
UVM_INFO /home/user1/Darshan_Verification/Tanuja/core_uvm/tb/sv/corerv_scoreboard.sv(34) @ 975000: uvm_test_top.env.scb [SCB_MATCH] [PC: 80000128 | INSTR: 340b3b73] MATCH OK! -> Reg x22 = 0x0000000d
UVM_INFO /home/user1/Darshan_Verification/Tanuja/core_uvm/tb/sv/corerv_scoreboard.sv(34) @ 985000: uvm_test_top.env.scb [SCB_MATCH] [PC: 8000012c | INSTR: 0080036f] MATCH OK! -> Reg x6 = 0x80000130
UVM_INFO /home/user1/Darshan_Verification/Tanuja/core_uvm/tb/sv/corerv_scoreboard.sv(34) @ 1025000: uvm_test_top.env.scb [SCB_MATCH] [PC: 80000134 | INSTR: 008f4a03] MATCH OK! -> Reg x20 = 0x00000000
UVM_INFO /home/user1/Darshan_Verification/Tanuja/core_uvm/tb/sv/corerv_scoreboard.sv(34) @ 1035000: uvm_test_top.env.scb [SCB_MATCH] [PC: 80000138 | INSTR: 01cd61b3] MATCH OK! -> Reg x3 = 0x00000000
UVM_INFO /home/user1/Darshan_Verification/Tanuja/core_uvm/tb/sv/corerv_scoreboard.sv(34) @ 1065000: uvm_test_top.env.scb [SCB_MATCH] [PC: 8000013c | INSTR: 02971db3] MATCH OK! -> Reg x27 = 0x00000000
UVM_INFO /home/user1/Darshan_Verification/Tanuja/core_uvm/tb/sv/corerv_scoreboard.sv(34) @ 1075000: uvm_test_top.env.scb [SCB_MATCH] [PC: 80000140 | INSTR: b21cd5b7] MATCH OK! -> Reg x11 = 0xb21cd000
UVM_INFO /home/user1/Darshan_Verification/Tanuja/core_uvm/tb/sv/corerv_scoreboard.sv(34) @ 1085000: uvm_test_top.env.scb [SCB_MATCH] [PC: 80000144 | INSTR: 00b81893] MATCH OK! -> Reg x17 = 0xfffad800
UVM_INFO /home/user1/Darshan_Verification/Tanuja/core_uvm/tb/sv/corerv_scoreboard.sv(34) @ 1095000: uvm_test_top.env.scb [SCB_MATCH] [PC: 80000148 | INSTR: 400c5c13] MATCH OK! -> Reg x24 = 0x00000000
UVM_INFO /home/user1/Darshan_Verification/Tanuja/core_uvm/tb/sv/corerv_scoreboard.sv(34) @ 1105000: uvm_test_top.env.scb [SCB_MATCH] [PC: 8000014c | INSTR: 008f1083] MATCH OK! -> Reg x1 = 0x00000000
UVM_INFO /home/user1/Darshan_Verification/Tanuja/core_uvm/tb/sv/corerv_scoreboard.sv(34) @ 1115000: uvm_test_top.env.scb [SCB_MATCH] [PC: 80000150 | INSTR: 3403b4f3] MATCH OK! -> Reg x9 = 0x00000005
UVM_INFO /home/user1/Darshan_Verification/Tanuja/core_uvm/tb/sv/corerv_scoreboard.sv(34) @ 1125000: uvm_test_top.env.scb [SCB_MATCH] [PC: 80000154 | INSTR: 66ea0b13] MATCH OK! -> Reg x22 = 0x0000066e
UVM_INFO /home/user1/Darshan_Verification/Tanuja/core_uvm/tb/sv/corerv_scoreboard.sv(34) @ 1135000: uvm_test_top.env.scb [SCB_MATCH] [PC: 80000158 | INSTR: c1047513] MATCH OK! -> Reg x10 = 0xe74a8010
UVM_INFO /home/user1/Darshan_Verification/Tanuja/core_uvm/tb/sv/corerv_scoreboard.sv(34) @ 1145000: uvm_test_top.env.scb [SCB_MATCH] [PC: 8000015c | INSTR: e5883293] MATCH OK! -> Reg x5 = 0x00000000
UVM_INFO /home/user1/Darshan_Verification/Tanuja/core_uvm/tb/sv/corerv_scoreboard.sv(34) @ 1175000: uvm_test_top.env.scb [SCB_MATCH] [PC: 80000160 | INSTR: 03c61e33] MATCH OK! -> Reg x28 = 0x00000000
UVM_INFO /home/user1/Darshan_Verification/Tanuja/core_uvm/tb/sv/corerv_scoreboard.sv(34) @ 1205000: uvm_test_top.env.scb [SCB_MATCH] [PC: 80000164 | INSTR: 024a19b3] MATCH OK! -> Reg x19 = 0x00000000
UVM_INFO /home/user1/Darshan_Verification/Tanuja/core_uvm/tb/sv/corerv_scoreboard.sv(34) @ 1215000: uvm_test_top.env.scb [SCB_MATCH] [PC: 80000168 | INSTR: 010d35b3] MATCH OK! -> Reg x11 = 0x00000001
UVM_INFO /home/user1/Darshan_Verification/Tanuja/core_uvm/tb/sv/corerv_scoreboard.sv(38) @ 1225000: uvm_test_top.env.scb [SCB_MATCH] [PC: 8000016c | INSTR: 001d4463] MATCH OK! -> Executed safely
UVM_INFO /home/user1/Darshan_Verification/Tanuja/core_uvm/tb/sv/corerv_scoreboard.sv(34) @ 1235000: uvm_test_top.env.scb [SCB_MATCH] [PC: 80000170 | INSTR: 001d0393] MATCH OK! -> Reg x7 = 0x00000001
UVM_INFO /home/user1/Darshan_Verification/Tanuja/core_uvm/tb/sv/corerv_scoreboard.sv(34) @ 1245000: uvm_test_top.env.scb [SCB_MATCH] [PC: 80000174 | INSTR: 010f0203] MATCH OK! -> Reg x4 = 0x00000000
UVM_INFO /home/user1/Darshan_Verification/Tanuja/core_uvm/tb/sv/corerv_scoreboard.sv(34) @ 1255000: uvm_test_top.env.scb [SCB_MATCH] [PC: 80000178 | INSTR: 40f55833] MATCH OK! -> Reg x16 = 0xfffe74a8
UVM_INFO /home/user1/Darshan_Verification/Tanuja/core_uvm/tb/sv/corerv_scoreboard.sv(34) @ 1265000: uvm_test_top.env.scb [SCB_MATCH] [PC: 8000017c | INSTR: 008003ef] MATCH OK! -> Reg x7 = 0x80000180
UVM_INFO /home/user1/Darshan_Verification/Tanuja/core_uvm/tb/sv/corerv_scoreboard.sv(34) @ 1305000: uvm_test_top.env.scb [SCB_MATCH] [PC: 80000184 | INSTR: 0080066f] MATCH OK! -> Reg x12 = 0x80000188
UVM_INFO /home/user1/Darshan_Verification/Tanuja/core_uvm/tb/sv/corerv_scoreboard.sv(38) @ 1345000: uvm_test_top.env.scb [SCB_MATCH] [PC: 8000018c | INSTR: 0104c463] MATCH OK! -> Executed safely
UVM_INFO /home/user1/Darshan_Verification/Tanuja/core_uvm/tb/sv/corerv_scoreboard.sv(34) @ 1355000: uvm_test_top.env.scb [SCB_MATCH] [PC: 80000190 | INSTR: 00148913] MATCH OK! -> Reg x18 = 0x00000006
UVM_INFO /home/user1/Darshan_Verification/Tanuja/core_uvm/tb/sv/corerv_scoreboard.sv(38) @ 1365000: uvm_test_top.env.scb [SCB_MATCH] [PC: 80000194 | INSTR: 014a5463] MATCH OK! -> Executed safely
UVM_INFO /home/user1/Darshan_Verification/Tanuja/core_uvm/tb/sv/corerv_scoreboard.sv(38) @ 1405000: uvm_test_top.env.scb [SCB_MATCH] [PC: 8000019c | INSTR: 00fb4463] MATCH OK! -> Executed safely
UVM_INFO /home/user1/Darshan_Verification/Tanuja/core_uvm/tb/sv/corerv_scoreboard.sv(34) @ 1415000: uvm_test_top.env.scb [SCB_MATCH] [PC: 800001a0 | INSTR: 001b0093] MATCH OK! -> Reg x1 = 0x0000066f
UVM_INFO /home/user1/Darshan_Verification/Tanuja/core_uvm/tb/sv/corerv_scoreboard.sv(34) @ 1425000: uvm_test_top.env.scb [SCB_MATCH] [PC: 800001a4 | INSTR: d00387b7] MATCH OK! -> Reg x15 = 0xd0038000
UVM_INFO /home/user1/Darshan_Verification/Tanuja/core_uvm/tb/sv/corerv_scoreboard.sv(34) @ 1435000: uvm_test_top.env.scb [SCB_MATCH] [PC: 800001a8 | INSTR: 340839f3] MATCH OK! -> Reg x19 = 0x00000005
UVM_INFO /home/user1/Darshan_Verification/Tanuja/core_uvm/tb/sv/corerv_scoreboard.sv(34) @ 1445000: uvm_test_top.env.scb [SCB_MATCH] [PC: 800001ac | INSTR: 012bd293] MATCH OK! -> Reg x5 = 0x00000000
UVM_INFO /home/user1/Darshan_Verification/Tanuja/core_uvm/tb/sv/corerv_scoreboard.sv(34) @ 1475000: uvm_test_top.env.scb [SCB_MATCH] [PC: 800001b0 | INSTR: 02e31733] MATCH OK! -> Reg x14 = 0xffffffff
UVM_INFO /home/user1/Darshan_Verification/Tanuja/core_uvm/tb/sv/corerv_scoreboard.sv(38) @ 1485000: uvm_test_top.env.scb [SCB_MATCH] [PC: 800001b4 | INSTR: 013c8463] MATCH OK! -> Executed safely
UVM_INFO /home/user1/Darshan_Verification/Tanuja/core_uvm/tb/sv/corerv_scoreboard.sv(34) @ 1495000: uvm_test_top.env.scb [SCB_MATCH] [PC: 800001b8 | INSTR: 001c8793] MATCH OK! -> Reg x15 = 0x00000001
UVM_INFO /home/user1/Darshan_Verification/Tanuja/core_uvm/tb/sv/corerv_scoreboard.sv(34) @ 1505000: uvm_test_top.env.scb [SCB_MATCH] [PC: 800001bc | INSTR: 34056973] MATCH OK! -> Reg x18 = 0x00000005
UVM_INFO /home/user1/Darshan_Verification/Tanuja/core_uvm/tb/sv/corerv_scoreboard.sv(34) @ 1515000: uvm_test_top.env.scb [SCB_MATCH] [PC: 800001c0 | INSTR: 016756b3] MATCH OK! -> Reg x13 = 0x0003ffff
UVM_INFO /home/user1/Darshan_Verification/Tanuja/core_uvm/tb/sv/corerv_scoreboard.sv(38) @ 1525000: uvm_test_top.env.scb [SCB_MATCH] [PC: 800001c4 | INSTR: 004f0423] MATCH OK! -> Executed safely
UVM_INFO /home/user1/Darshan_Verification/Tanuja/core_uvm/tb/sv/corerv_scoreboard.sv(34) @ 1535000: uvm_test_top.env.scb [SCB_MATCH] [PC: 800001c8 | INSTR: b51e0597] MATCH OK! -> Reg x11 = 0x351e01c8
UVM_INFO /home/user1/Darshan_Verification/Tanuja/core_uvm/tb/sv/corerv_scoreboard.sv(34) @ 1545000: uvm_test_top.env.scb [SCB_MATCH] [PC: 800001cc | INSTR: 0166d613] MATCH OK! -> Reg x12 = 0x00000000
UVM_INFO /home/user1/Darshan_Verification/Tanuja/core_uvm/tb/sv/corerv_scoreboard.sv(34) @ 1555000: uvm_test_top.env.scb [SCB_MATCH] [PC: 800001d0 | INSTR: d5966497] MATCH OK! -> Reg x9 = 0x559661d0
UVM_INFO /home/user1/Darshan_Verification/Tanuja/core_uvm/tb/sv/corerv_scoreboard.sv(38) @ 1565000: uvm_test_top.env.scb [SCB_MATCH] [PC: 800001d4 | INSTR: 00bf0623] MATCH OK! -> Executed safely
UVM_INFO /home/user1/Darshan_Verification/Tanuja/core_uvm/tb/sv/corerv_scoreboard.sv(34) @ 1575000: uvm_test_top.env.scb [SCB_MATCH] [PC: 800001d8 | INSTR: 0103f3b3] MATCH OK! -> Reg x7 = 0x80000080
UVM_INFO /home/user1/Darshan_Verification/Tanuja/core_uvm/tb/sv/corerv_scoreboard.sv(38) @ 1585000: uvm_test_top.env.scb [SCB_MATCH] [PC: 800001dc | INSTR: 012f1823] MATCH OK! -> Executed safely
UVM_INFO /home/user1/Darshan_Verification/Tanuja/core_uvm/tb/sv/corerv_scoreboard.sv(34) @ 1595000: uvm_test_top.env.scb [SCB_MATCH] [PC: 800001e0 | INSTR: 00000e97] MATCH OK! -> Reg x29 = 0x800001e0
UVM_INFO /home/user1/Darshan_Verification/Tanuja/core_uvm/tb/sv/corerv_scoreboard.sv(34) @ 1605000: uvm_test_top.env.scb [SCB_MATCH] [PC: 800001e4 | INSTR: 00ce8de7] MATCH OK! -> Reg x27 = 0x800001e8
UVM_INFO /home/user1/Darshan_Verification/Tanuja/core_uvm/tb/sv/corerv_scoreboard.sv(34) @ 1645000: uvm_test_top.env.scb [SCB_MATCH] [PC: 800001ec | INSTR: 4019d113] MATCH OK! -> Reg x2 = 0x00000002
UVM_INFO /home/user1/Darshan_Verification/Tanuja/core_uvm/tb/sv/corerv_scoreboard.sv(34) @ 1655000: uvm_test_top.env.scb [SCB_MATCH] [PC: 800001f0 | INSTR: 340be173] MATCH OK! -> Reg x2 = 0x0000000f
UVM_INFO /home/user1/Darshan_Verification/Tanuja/core_uvm/tb/sv/corerv_scoreboard.sv(34) @ 1665000: uvm_test_top.env.scb [SCB_MATCH] [PC: 800001f4 | INSTR: 000f4603] MATCH OK! -> Reg x12 = 0x00000000
UVM_INFO /home/user1/Darshan_Verification/Tanuja/core_uvm/tb/sv/corerv_scoreboard.sv(34) @ 1675000: uvm_test_top.env.scb [SCB_MATCH] [PC: 800001f8 | INSTR: 40370133] MATCH OK! -> Reg x2 = 0xffffffff
UVM_INFO /home/user1/Darshan_Verification/Tanuja/core_uvm/tb/sv/corerv_scoreboard.sv(34) @ 1685000: uvm_test_top.env.scb [SCB_MATCH] [PC: 800001fc | INSTR: 3406ec73] MATCH OK! -> Reg x24 = 0x0000001f
UVM_INFO /home/user1/Darshan_Verification/Tanuja/core_uvm/tb/sv/corerv_scoreboard.sv(34) @ 1695000: uvm_test_top.env.scb [SCB_MATCH] [PC: 80000200 | INSTR: 340c32f3] MATCH OK! -> Reg x5 = 0x0000001f
UVM_INFO /home/user1/Darshan_Verification/Tanuja/core_uvm/tb/sv/corerv_scoreboard.sv(34) @ 1725000: uvm_test_top.env.scb [SCB_MATCH] [PC: 80000204 | INSTR: 031d1b33] MATCH OK! -> Reg x22 = 0x00000000
UVM_INFO /home/user1/Darshan_Verification/Tanuja/core_uvm/tb/sv/corerv_scoreboard.sv(38) @ 1735000: uvm_test_top.env.scb [SCB_MATCH] [PC: 80000208 | INSTR: 00fbd463] MATCH OK! -> Executed safely
UVM_INFO /home/user1/Darshan_Verification/Tanuja/core_uvm/tb/sv/corerv_scoreboard.sv(38) @ 1775000: uvm_test_top.env.scb [SCB_MATCH] [PC: 80000210 | INSTR: 00994463] MATCH OK! -> Executed safely
UVM_INFO /home/user1/Darshan_Verification/Tanuja/core_uvm/tb/sv/corerv_scoreboard.sv(34) @ 1815000: uvm_test_top.env.scb [SCB_MATCH] [PC: 80000218 | INSTR: 00000e97] MATCH OK! -> Reg x29 = 0x80000218
UVM_INFO /home/user1/Darshan_Verification/Tanuja/core_uvm/tb/sv/corerv_scoreboard.sv(34) @ 1825000: uvm_test_top.env.scb [SCB_MATCH] [PC: 8000021c | INSTR: 00ce85e7] MATCH OK! -> Reg x11 = 0x80000220
UVM_INFO /home/user1/Darshan_Verification/Tanuja/core_uvm/tb/sv/corerv_scoreboard.sv(34) @ 1865000: uvm_test_top.env.scb [SCB_MATCH] [PC: 80000224 | INSTR: 011c1293] MATCH OK! -> Reg x5 = 0x003e0000
UVM_INFO /home/user1/Darshan_Verification/Tanuja/core_uvm/tb/sv/corerv_scoreboard.sv(34) @ 1875000: uvm_test_top.env.scb [SCB_MATCH] [PC: 80000228 | INSTR: 01cf2703] MATCH OK! -> Reg x14 = 0x00000000
UVM_INFO /home/user1/Darshan_Verification/Tanuja/core_uvm/tb/sv/corerv_scoreboard.sv(34) @ 1905000: uvm_test_top.env.scb [SCB_MATCH] [PC: 8000022c | INSTR: 030b9ab3] MATCH OK! -> Reg x21 = 0xffffffff
UVM_INFO /home/user1/Darshan_Verification/Tanuja/core_uvm/tb/sv/corerv_scoreboard.sv(34) @ 1915000: uvm_test_top.env.scb [SCB_MATCH] [PC: 80000230 | INSTR: e0e1b917] MATCH OK! -> Reg x18 = 0x60e1b230
UVM_INFO /home/user1/Darshan_Verification/Tanuja/core_uvm/tb/sv/corerv_scoreboard.sv(34) @ 1925000: uvm_test_top.env.scb [SCB_MATCH] [PC: 80000234 | INSTR: 4b8bdc97] MATCH OK! -> Reg x25 = 0xcb8bd234
UVM_INFO /home/user1/Darshan_Verification/Tanuja/core_uvm/tb/sv/corerv_scoreboard.sv(34) @ 1935000: uvm_test_top.env.scb [SCB_MATCH] [PC: 80000238 | INSTR: 01344db3] MATCH OK! -> Reg x27 = 0xe74a80dd
UVM_INFO /home/user1/Darshan_Verification/Tanuja/core_uvm/tb/sv/corerv_scoreboard.sv(38) @ 1945000: uvm_test_top.env.scb [SCB_MATCH] [PC: 8000023c | INSTR: 01357463] MATCH OK! -> Executed safely
UVM_INFO /home/user1/Darshan_Verification/Tanuja/core_uvm/tb/sv/corerv_scoreboard.sv(34) @ 1985000: uvm_test_top.env.scb [SCB_MATCH] [PC: 80000244 | INSTR: b97177b7] MATCH OK! -> Reg x15 = 0xb9717000
UVM_INFO /home/user1/Darshan_Verification/Tanuja/core_uvm/tb/sv/corerv_scoreboard.sv(34) @ 1995000: uvm_test_top.env.scb [SCB_MATCH] [PC: 80000248 | INSTR: 340a6a73] MATCH OK! -> Reg x20 = 0x00000000
UVM_INFO /home/user1/Darshan_Verification/Tanuja/core_uvm/tb/sv/corerv_scoreboard.sv(34) @ 2005000: uvm_test_top.env.scb [SCB_MATCH] [PC: 8000024c | INSTR: 340daaf3] MATCH OK! -> Reg x21 = 0x00000014
UVM_INFO /home/user1/Darshan_Verification/Tanuja/core_uvm/tb/sv/corerv_scoreboard.sv(34) @ 2015000: uvm_test_top.env.scb [SCB_MATCH] [PC: 80000250 | INSTR: f39f1417] MATCH OK! -> Reg x8 = 0x739f1250
UVM_INFO /home/user1/Darshan_Verification/Tanuja/core_uvm/tb/sv/corerv_scoreboard.sv(34) @ 2025000: uvm_test_top.env.scb [SCB_MATCH] [PC: 80000254 | INSTR: da574997] MATCH OK! -> Reg x19 = 0x5a574254
UVM_INFO /home/user1/Darshan_Verification/Tanuja/core_uvm/tb/sv/corerv_scoreboard.sv(34) @ 2035000: uvm_test_top.env.scb [SCB_MATCH] [PC: 80000258 | INSTR: 34055d73] MATCH OK! -> Reg x26 = 0xe74a80dd
UVM_INFO /home/user1/Darshan_Verification/Tanuja/core_uvm/tb/sv/corerv_scoreboard.sv(34) @ 2045000: uvm_test_top.env.scb [SCB_MATCH] [PC: 8000025c | INSTR: 3400d573] MATCH OK! -> Reg x10 = 0x0000000a
UVM_INFO /home/user1/Darshan_Verification/Tanuja/core_uvm/tb/sv/corerv_scoreboard.sv(34) @ 2055000: uvm_test_top.env.scb [SCB_MATCH] [PC: 80000260 | INSTR: 40b45993] MATCH OK! -> Reg x19 = 0x000e73e2
UVM_INFO /home/user1/Darshan_Verification/Tanuja/core_uvm/tb/sv/corerv_scoreboard.sv(34) @ 2065000: uvm_test_top.env.scb [SCB_MATCH] [PC: 80000264 | INSTR: f0b8e797] MATCH OK! -> Reg x15 = 0x70b8e264
UVM_INFO /home/user1/Darshan_Verification/Tanuja/core_uvm/tb/sv/corerv_scoreboard.sv(34) @ 2075000: uvm_test_top.env.scb [SCB_MATCH] [PC: 80000268 | INSTR: 41a65393] MATCH OK! -> Reg x7 = 0x00000000
UVM_INFO /home/user1/Darshan_Verification/Tanuja/core_uvm/tb/sv/corerv_scoreboard.sv(34) @ 2105000: uvm_test_top.env.scb [SCB_MATCH] [PC: 8000026c | INSTR: 03860133] MATCH OK! -> Reg x2 = 0x00000000
UVM_INFO /home/user1/Darshan_Verification/Tanuja/core_uvm/tb/sv/corerv_scoreboard.sv(34) @ 2115000: uvm_test_top.env.scb [SCB_MATCH] [PC: 80000270 | INSTR: 54ba83b7] MATCH OK! -> Reg x7 = 0x54ba8000
UVM_INFO /home/user1/Darshan_Verification/Tanuja/core_uvm/tb/sv/corerv_scoreboard.sv(34) @ 2125000: uvm_test_top.env.scb [SCB_MATCH] [PC: 80000274 | INSTR: 00d89313] MATCH OK! -> Reg x6 = 0x5b000000
UVM_INFO /home/user1/Darshan_Verification/Tanuja/core_uvm/tb/sv/corerv_scoreboard.sv(38) @ 2135000: uvm_test_top.env.scb [SCB_MATCH] [PC: 80000278 | INSTR: 0019c463] MATCH OK! -> Executed safely
UVM_INFO /home/user1/Darshan_Verification/Tanuja/core_uvm/tb/sv/corerv_scoreboard.sv(34) @ 2145000: uvm_test_top.env.scb [SCB_MATCH] [PC: 8000027c | INSTR: 00198c93] MATCH OK! -> Reg x25 = 0x000e73e3
UVM_INFO /home/user1/Darshan_Verification/Tanuja/core_uvm/tb/sv/corerv_scoreboard.sv(34) @ 2155000: uvm_test_top.env.scb [SCB_MATCH] [PC: 80000280 | INSTR: d71ae4b7] MATCH OK! -> Reg x9 = 0xd71ae000
UVM_INFO /home/user1/Darshan_Verification/Tanuja/core_uvm/tb/sv/corerv_scoreboard.sv(34) @ 2165000: uvm_test_top.env.scb [SCB_MATCH] [PC: 80000284 | INSTR: 261e7b13] MATCH OK! -> Reg x22 = 0x00000000
UVM_INFO /home/user1/Darshan_Verification/Tanuja/core_uvm/tb/sv/corerv_scoreboard.sv(38) @ 2175000: uvm_test_top.env.scb [SCB_MATCH] [PC: 80000288 | INSTR: 00ef0023] MATCH OK! -> Executed safely
UVM_INFO /home/user1/Darshan_Verification/Tanuja/core_uvm/tb/sv/corerv_scoreboard.sv(34) @ 2185000: uvm_test_top.env.scb [SCB_MATCH] [PC: 8000028c | INSTR: 8f323817] MATCH OK! -> Reg x16 = 0x0f32328c
UVM_INFO /home/user1/Darshan_Verification/Tanuja/core_uvm/tb/sv/corerv_scoreboard.sv(34) @ 2215000: uvm_test_top.env.scb [SCB_MATCH] [PC: 80000290 | INSTR: 022b8833] MATCH OK! -> Reg x16 = 0x00000000
UVM_INFO /home/user1/Darshan_Verification/Tanuja/core_uvm/tb/sv/corerv_scoreboard.sv(34) @ 2225000: uvm_test_top.env.scb [SCB_MATCH] [PC: 80000294 | INSTR: 00000e97] MATCH OK! -> Reg x29 = 0x80000294
UVM_INFO /home/user1/Darshan_Verification/Tanuja/core_uvm/tb/sv/corerv_scoreboard.sv(34) @ 2235000: uvm_test_top.env.scb [SCB_MATCH] [PC: 80000298 | INSTR: 00ce87e7] MATCH OK! -> Reg x15 = 0x8000029c
UVM_INFO /home/user1/Darshan_Verification/Tanuja/core_uvm/tb/sv/corerv_scoreboard.sv(34) @ 2295000: uvm_test_top.env.scb [SCB_MATCH] [PC: 800002a0 | INSTR: 02731ab3] MATCH OK! -> Reg x21 = 0x1e1e4b80
UVM_INFO /home/user1/Darshan_Verification/Tanuja/core_uvm/tb/sv/corerv_scoreboard.sv(34) @ 2305000: uvm_test_top.env.scb [SCB_MATCH] [PC: 800002a4 | INSTR: 340a21f3] MATCH OK! -> Reg x3 = 0x00000001
UVM_INFO /home/user1/Darshan_Verification/Tanuja/core_uvm/tb/sv/corerv_scoreboard.sv(34) @ 2315000: uvm_test_top.env.scb [SCB_MATCH] [PC: 800002a8 | INSTR: 41235633] MATCH OK! -> Reg x12 = 0x00005b00
UVM_INFO /home/user1/Darshan_Verification/Tanuja/core_uvm/tb/sv/corerv_scoreboard.sv(34) @ 2345000: uvm_test_top.env.scb [SCB_MATCH] [PC: 800002ac | INSTR: 035312b3] MATCH OK! -> Reg x5 = 0x0ab4c4d6
UVM_INFO /home/user1/Darshan_Verification/Tanuja/core_uvm/tb/sv/corerv_scoreboard.sv(34) @ 2355000: uvm_test_top.env.scb [SCB_MATCH] [PC: 800002b0 | INSTR: 340eddf3] MATCH OK! -> Reg x27 = 0x00000001
UVM_INFO /home/user1/Darshan_Verification/Tanuja/core_uvm/tb/sv/corerv_scoreboard.sv(34) @ 2365000: uvm_test_top.env.scb [SCB_MATCH] [PC: 800002b4 | INSTR: 3408a2f3] MATCH OK! -> Reg x5 = 0x0000001d
UVM_INFO /home/user1/Darshan_Verification/Tanuja/core_uvm/tb/sv/corerv_scoreboard.sv(34) @ 2375000: uvm_test_top.env.scb [SCB_MATCH] [PC: 800002b8 | INSTR: 3145bcb7] MATCH OK! -> Reg x25 = 0x3145b000
UVM_INFO /home/user1/Darshan_Verification/Tanuja/core_uvm/tb/sv/corerv_scoreboard.sv(34) @ 2385000: uvm_test_top.env.scb [SCB_MATCH] [PC: 800002bc | INSTR: 40f8d513] MATCH OK! -> Reg x10 = 0xfffffff5
UVM_INFO /home/user1/Darshan_Verification/Tanuja/core_uvm/tb/sv/corerv_scoreboard.sv(34) @ 2395000: uvm_test_top.env.scb [SCB_MATCH] [PC: 800002c0 | INSTR: c70b65b7] MATCH OK! -> Reg x11 = 0xc70b6000
UVM_INFO /home/user1/Darshan_Verification/Tanuja/core_uvm/tb/sv/corerv_scoreboard.sv(34) @ 2405000: uvm_test_top.env.scb [SCB_MATCH] [PC: 800002c4 | INSTR: 5c4dc117] MATCH OK! -> Reg x2 = 0xdc4dc2c4
UVM_INFO /home/user1/Darshan_Verification/Tanuja/core_uvm/tb/sv/corerv_scoreboard.sv(34) @ 2415000: uvm_test_top.env.scb [SCB_MATCH] [PC: 800002c8 | INSTR: 0012c1b3] MATCH OK! -> Reg x3 = 0x00000672
UVM_INFO /home/user1/Darshan_Verification/Tanuja/core_uvm/tb/sv/corerv_scoreboard.sv(34) @ 2425000: uvm_test_top.env.scb [SCB_MATCH] [PC: 800002cc | INSTR: 3409d5f3] MATCH OK! -> Reg x11 = 0xfffad81d
UVM_INFO /home/user1/Darshan_Verification/Tanuja/core_uvm/tb/sv/corerv_scoreboard.sv(34) @ 2435000: uvm_test_top.env.scb [SCB_MATCH] [PC: 800002d0 | INSTR: 0103bdb3] MATCH OK! -> Reg x27 = 0x00000000
UVM_INFO /home/user1/Darshan_Verification/Tanuja/core_uvm/tb/sv/corerv_scoreboard.sv(34) @ 2445000: uvm_test_top.env.scb [SCB_MATCH] [PC: 800002d4 | INSTR: 57442337] MATCH OK! -> Reg x6 = 0x57442000
UVM_INFO /home/user1/Darshan_Verification/Tanuja/core_uvm/tb/sv/corerv_scoreboard.sv(38) @ 2455000: uvm_test_top.env.scb [SCB_MATCH] [PC: 800002d8 | INSTR: 003c5463] MATCH OK! -> Executed safely
UVM_INFO /home/user1/Darshan_Verification/Tanuja/core_uvm/tb/sv/corerv_scoreboard.sv(34) @ 2465000: uvm_test_top.env.scb [SCB_MATCH] [PC: 800002dc | INSTR: 001c0a93] MATCH OK! -> Reg x21 = 0x00000020
UVM_INFO /home/user1/Darshan_Verification/Tanuja/core_uvm/tb/sv/corerv_scoreboard.sv(34) @ 2475000: uvm_test_top.env.scb [SCB_MATCH] [PC: 800002e0 | INSTR: 0105ddb3] MATCH OK! -> Reg x27 = 0xfffad81d
UVM_INFO /home/user1/Darshan_Verification/Tanuja/core_uvm/tb/sv/corerv_scoreboard.sv(34) @ 2485000: uvm_test_top.env.scb [SCB_MATCH] [PC: 800002e4 | INSTR: 331f2937] MATCH OK! -> Reg x18 = 0x331f2000
UVM_INFO /home/user1/Darshan_Verification/Tanuja/core_uvm/tb/sv/corerv_scoreboard.sv(34) @ 2515000: uvm_test_top.env.scb [SCB_MATCH] [PC: 800002e8 | INSTR: 02481433] MATCH OK! -> Reg x8 = 0x00000000
UVM_INFO /home/user1/Darshan_Verification/Tanuja/core_uvm/tb/sv/corerv_scoreboard.sv(34) @ 2525000: uvm_test_top.env.scb [SCB_MATCH] [PC: 800002ec | INSTR: 11c37493] MATCH OK! -> Reg x9 = 0x00000000
UVM_INFO /home/user1/Darshan_Verification/Tanuja/core_uvm/tb/sv/corerv_scoreboard.sv(34) @ 2535000: uvm_test_top.env.scb [SCB_MATCH] [PC: 800002f0 | INSTR: a5142e37] MATCH OK! -> Reg x28 = 0xa5142000
UVM_INFO /home/user1/Darshan_Verification/Tanuja/core_uvm/tb/sv/corerv_scoreboard.sv(34) @ 2545000: uvm_test_top.env.scb [SCB_MATCH] [PC: 800002f4 | INSTR: 8fe79517] MATCH OK! -> Reg x10 = 0x0fe792f4
UVM_INFO /home/user1/Darshan_Verification/Tanuja/core_uvm/tb/sv/corerv_scoreboard.sv(34) @ 2555000: uvm_test_top.env.scb [SCB_MATCH] [PC: 800002f8 | INSTR: 9d46fd97] MATCH OK! -> Reg x27 = 0x1d46f2f8
UVM_INFO /home/user1/Darshan_Verification/Tanuja/core_uvm/tb/sv/corerv_scoreboard.sv(34) @ 2565000: uvm_test_top.env.scb [SCB_MATCH] [PC: 800002fc | INSTR: 34033873] MATCH OK! -> Reg x16 = 0x00000013
UVM_INFO /home/user1/Darshan_Verification/Tanuja/core_uvm/tb/sv/corerv_scoreboard.sv(34) @ 2575000: uvm_test_top.env.scb [SCB_MATCH] [PC: 80000300 | INSTR: 340a6773] MATCH OK! -> Reg x14 = 0x00000013
UVM_INFO /home/user1/Darshan_Verification/Tanuja/core_uvm/tb/sv/corerv_scoreboard.sv(34) @ 2585000: uvm_test_top.env.scb [SCB_MATCH] [PC: 80000304 | INSTR: 74fc7537] MATCH OK! -> Reg x10 = 0x74fc7000
UVM_INFO /home/user1/Darshan_Verification/Tanuja/core_uvm/tb/sv/corerv_scoreboard.sv(34) @ 2595000: uvm_test_top.env.scb [SCB_MATCH] [PC: 80000308 | INSTR: 008007ef] MATCH OK! -> Reg x15 = 0x8000030c
UVM_INFO /home/user1/Darshan_Verification/Tanuja/core_uvm/tb/sv/corerv_scoreboard.sv(34) @ 2635000: uvm_test_top.env.scb [SCB_MATCH] [PC: 80000310 | INSTR: 0117de33] MATCH OK! -> Reg x28 = 0x8000030c
UVM_INFO /home/user1/Darshan_Verification/Tanuja/core_uvm/tb/sv/corerv_scoreboard.sv(34) @ 2645000: uvm_test_top.env.scb [SCB_MATCH] [PC: 80000314 | INSTR: 018f0c83] MATCH OK! -> Reg x25 = 0x0000005b
UVM_INFO /home/user1/Darshan_Verification/Tanuja/core_uvm/tb/sv/corerv_scoreboard.sv(34) @ 2675000: uvm_test_top.env.scb [SCB_MATCH] [PC: 80000318 | INSTR: 03b51533] MATCH OK! -> Reg x10 = 0x0d6104be
UVM_INFO /home/user1/Darshan_Verification/Tanuja/core_uvm/tb/sv/corerv_scoreboard.sv(34) @ 2685000: uvm_test_top.env.scb [SCB_MATCH] [PC: 8000031c | INSTR: 3401e873] MATCH OK! -> Reg x16 = 0x00000017
UVM_INFO /home/user1/Darshan_Verification/Tanuja/core_uvm/tb/sv/corerv_scoreboard.sv(34) @ 2695000: uvm_test_top.env.scb [SCB_MATCH] [PC: 80000320 | INSTR: 3409db73] MATCH OK! -> Reg x22 = 0x00000017
UVM_INFO /home/user1/Darshan_Verification/Tanuja/core_uvm/tb/sv/corerv_scoreboard.sv(34) @ 2705000: uvm_test_top.env.scb [SCB_MATCH] [PC: 80000324 | INSTR: 004b9a33] MATCH OK! -> Reg x20 = 0x0000940c
UVM_INFO /home/user1/Darshan_Verification/Tanuja/core_uvm/tb/sv/corerv_scoreboard.sv(34) @ 2715000: uvm_test_top.env.scb [SCB_MATCH] [PC: 80000328 | INSTR: 014c5a93] MATCH OK! -> Reg x21 = 0x00000000
UVM_INFO /home/user1/Darshan_Verification/Tanuja/core_uvm/tb/sv/corerv_scoreboard.sv(34) @ 2725000: uvm_test_top.env.scb [SCB_MATCH] [PC: 8000032c | INSTR: 340927f3] MATCH OK! -> Reg x15 = 0x00000013
UVM_INFO /home/user1/Darshan_Verification/Tanuja/core_uvm/tb/sv/corerv_scoreboard.sv(34) @ 2735000: uvm_test_top.env.scb [SCB_MATCH] [PC: 80000330 | INSTR: 00cf4083] MATCH OK! -> Reg x1 = 0x000000c8
UVM_INFO /home/user1/Darshan_Verification/Tanuja/core_uvm/tb/sv/corerv_scoreboard.sv(34) @ 2745000: uvm_test_top.env.scb [SCB_MATCH] [PC: 80000334 | INSTR: 34026573] MATCH OK! -> Reg x10 = 0x331f2013
UVM_INFO /home/user1/Darshan_Verification/Tanuja/core_uvm/tb/sv/corerv_scoreboard.sv(34) @ 2755000: uvm_test_top.env.scb [SCB_MATCH] [PC: 80000338 | INSTR: 40c8dd13] MATCH OK! -> Reg x26 = 0xffffffad
UVM_INFO /home/user1/Darshan_Verification/Tanuja/core_uvm/tb/sv/corerv_scoreboard.sv(38) @ 2765000: uvm_test_top.env.scb [SCB_MATCH] [PC: 8000033c | INSTR: 002e7463] MATCH OK! -> Executed safely
UVM_INFO /home/user1/Darshan_Verification/Tanuja/core_uvm/tb/sv/corerv_scoreboard.sv(34) @ 2775000: uvm_test_top.env.scb [SCB_MATCH] [PC: 80000340 | INSTR: 001e0413] MATCH OK! -> Reg x8 = 0x8000030d
UVM_INFO /home/user1/Darshan_Verification/Tanuja/core_uvm/tb/sv/corerv_scoreboard.sv(34) @ 2785000: uvm_test_top.env.scb [SCB_MATCH] [PC: 80000344 | INSTR: 30648b37] MATCH OK! -> Reg x22 = 0x30648000
UVM_INFO /home/user1/Darshan_Verification/Tanuja/core_uvm/tb/sv/corerv_scoreboard.sv(34) @ 2795000: uvm_test_top.env.scb [SCB_MATCH] [PC: 80000348 | INSTR: 34063273] MATCH OK! -> Reg x4 = 0x331f2017
UVM_INFO /home/user1/Darshan_Verification/Tanuja/core_uvm/tb/sv/corerv_scoreboard.sv(34) @ 2805000: uvm_test_top.env.scb [SCB_MATCH] [PC: 8000034c | INSTR: 78742d17] MATCH OK! -> Reg x26 = 0xf874234c
UVM_INFO /home/user1/Darshan_Verification/Tanuja/core_uvm/tb/sv/corerv_scoreboard.sv(34) @ 2815000: uvm_test_top.env.scb [SCB_MATCH] [PC: 80000350 | INSTR: 01c67333] MATCH OK! -> Reg x6 = 0x00000300
UVM_INFO /home/user1/Darshan_Verification/Tanuja/core_uvm/tb/sv/corerv_scoreboard.sv(34) @ 2825000: uvm_test_top.env.scb [SCB_MATCH] [PC: 80000354 | INSTR: 00000e97] MATCH OK! -> Reg x29 = 0x80000354
UVM_INFO /home/user1/Darshan_Verification/Tanuja/core_uvm/tb/sv/corerv_scoreboard.sv(34) @ 2835000: uvm_test_top.env.scb [SCB_MATCH] [PC: 80000358 | INSTR: 00ce8d67] MATCH OK! -> Reg x26 = 0x8000035c
UVM_INFO /home/user1/Darshan_Verification/Tanuja/core_uvm/tb/sv/corerv_scoreboard.sv(38) @ 2875000: uvm_test_top.env.scb [SCB_MATCH] [PC: 80000360 | INSTR: 014f2c23] MATCH OK! -> Executed safely
UVM_INFO /home/user1/Darshan_Verification/Tanuja/core_uvm/tb/sv/corerv_scoreboard.sv(34) @ 2885000: uvm_test_top.env.scb [SCB_MATCH] [PC: 80000364 | INSTR: 7fdcb737] MATCH OK! -> Reg x14 = 0x7fdcb000
UVM_INFO /home/user1/Darshan_Verification/Tanuja/core_uvm/tb/sv/corerv_scoreboard.sv(34) @ 2895000: uvm_test_top.env.scb [SCB_MATCH] [PC: 80000368 | INSTR: 34017c73] MATCH OK! -> Reg x24 = 0x331f2017
UVM_INFO /home/user1/Darshan_Verification/Tanuja/core_uvm/tb/sv/corerv_scoreboard.sv(38) @ 2905000: uvm_test_top.env.scb [SCB_MATCH] [PC: 8000036c | INSTR: 0090e463] MATCH OK! -> Executed safely
UVM_INFO /home/user1/Darshan_Verification/Tanuja/core_uvm/tb/sv/corerv_scoreboard.sv(34) @ 2915000: uvm_test_top.env.scb [SCB_MATCH] [PC: 80000370 | INSTR: 00108213] MATCH OK! -> Reg x4 = 0x000000c9
UVM_INFO /home/user1/Darshan_Verification/Tanuja/core_uvm/tb/sv/corerv_scoreboard.sv(34) @ 2945000: uvm_test_top.env.scb [SCB_MATCH] [PC: 80000374 | INSTR: 02219a33] MATCH OK! -> Reg x20 = 0xffffff19
UVM_INFO /home/user1/Darshan_Verification/Tanuja/core_uvm/tb/sv/corerv_scoreboard.sv(34) @ 2955000: uvm_test_top.env.scb [SCB_MATCH] [PC: 80000378 | INSTR: 0080066f] MATCH OK! -> Reg x12 = 0x8000037c
UVM_INFO /home/user1/Darshan_Verification/Tanuja/core_uvm/tb/sv/corerv_scoreboard.sv(34) @ 2995000: uvm_test_top.env.scb [SCB_MATCH] [PC: 80000380 | INSTR: 340b6173] MATCH OK! -> Reg x2 = 0x331f2015
UVM_INFO /home/user1/Darshan_Verification/Tanuja/core_uvm/tb/sv/corerv_scoreboard.sv(34) @ 3005000: uvm_test_top.env.scb [SCB_MATCH] [PC: 80000384 | INSTR: 01144b33] MATCH OK! -> Reg x22 = 0x7ffadb0d
UVM_INFO /home/user1/Darshan_Verification/Tanuja/core_uvm/tb/sv/corerv_scoreboard.sv(34) @ 3015000: uvm_test_top.env.scb [SCB_MATCH] [PC: 80000388 | INSTR: d00ac0b7] MATCH OK! -> Reg x1 = 0xd00ac000
UVM_INFO /home/user1/Darshan_Verification/Tanuja/core_uvm/tb/sv/corerv_scoreboard.sv(34) @ 3025000: uvm_test_top.env.scb [SCB_MATCH] [PC: 8000038c | INSTR: 106d5937] MATCH OK! -> Reg x18 = 0x106d5000
UVM_INFO /home/user1/Darshan_Verification/Tanuja/core_uvm/tb/sv/corerv_scoreboard.sv(34) @ 3035000: uvm_test_top.env.scb [SCB_MATCH] [PC: 80000390 | INSTR: b8294593] MATCH OK! -> Reg x11 = 0xef92ab82
UVM_INFO /home/user1/Darshan_Verification/Tanuja/core_uvm/tb/sv/corerv_scoreboard.sv(34) @ 3045000: uvm_test_top.env.scb [SCB_MATCH] [PC: 80000394 | INSTR: 3405f5f3] MATCH OK! -> Reg x11 = 0x331f2017
UVM_INFO /home/user1/Darshan_Verification/Tanuja/core_uvm/tb/sv/corerv_scoreboard.sv(34) @ 3055000: uvm_test_top.env.scb [SCB_MATCH] [PC: 80000398 | INSTR: 34055573] MATCH OK! -> Reg x10 = 0x331f2014
UVM_INFO /home/user1/Darshan_Verification/Tanuja/core_uvm/tb/sv/corerv_scoreboard.sv(34) @ 3065000: uvm_test_top.env.scb [SCB_MATCH] [PC: 8000039c | INSTR: 3f1f6337] MATCH OK! -> Reg x6 = 0x3f1f6000
[SCB DEBUG] Data Mismatch! Reg: x17 | RTL Val: 0x0 | Spike Val: 0x1
UVM_FATAL /home/user1/Darshan_Verification/Tanuja/core_uvm/tb/sv/corerv_scoreboard.sv(28) @ 3075000: uvm_test_top.env.scb [SCB_MISMATCH] Mismatch at PC: 800003a0 | INSTR: ab0cb893 | Reg: x17 | RTL Val: 00000000

--- UVM Report Summary ---

** Report counts by severity
UVM_INFO :  217
UVM_WARNING :    0
UVM_ERROR :    0
UVM_FATAL :    1
** Report counts by id
[MON_MEM]     1
[RNTST]     1
[SCB_MATCH]   214
[SCB_MISMATCH]     1
[TEST]     1
$finish called from file "/home/install/synopsys_tools/VCS/vcs/U-2023.03/etc/uvm/base/uvm_report_object.svh", line 292.
$finish at simulation time              3075000

---------------------------------------------------------------------------
VCS Coverage Metrics: during simulation line, cond, FSM, branch, tgl was monitored
---------------------------------------------------------------------------

 Coverage status: End of All Coverages ...

           V C S   S i m u l a t i o n   R e p o r t 
Time: 3075000 ps
CPU Time:      0.330 seconds;       Data structure size:   3.0Mb
Wed Sep 30 13:21:33 2026
