------------------------------------------------------------------------
                      SPIKE GOLDEN TRACE LOG                            
------------------------------------------------------------------------
PC: [0x80000000] INSTR: [0x80010f37] | WRITE REG: x30 = 0x80010000
PC: [0x80000004] INSTR: [0x1f000093] | WRITE REG: x01 = 0x000001f0
PC: [0x80000008] INSTR: [0xdf500113] | WRITE REG: x02 = 0xfffffdf5
PC: [0x8000000c] INSTR: [0xfd500193] | WRITE REG: x03 = 0xffffffd5
PC: [0x80000010] INSTR: [0xf9200213] | WRITE REG: x04 = 0xffffff92
PC: [0x80000014] INSTR: [0xd7900293] | WRITE REG: x05 = 0xfffffd79
PC: [0x80000018] INSTR: [0x1c500313] | WRITE REG: x06 = 0x000001c5
PC: [0x8000001c] INSTR: [0x1d600393] | WRITE REG: x07 = 0x000001d6
PC: [0x80000020] INSTR: [0x11900413] | WRITE REG: x08 = 0x00000119
PC: [0x80000024] INSTR: [0x2b000493] | WRITE REG: x09 = 0x000002b0
PC: [0x80000028] INSTR: [0x012d1113] | WRITE REG: x02 = 0x00000000
PC: [0x8000002c] INSTR: [0x3e815337] | WRITE REG: x06 = 0x3e815000
PC: [0x80000030] INSTR: [0x00fe7463] | NO_REG_WRITE
PC: [0x80000038] INSTR: [0x00a7d463] | NO_REG_WRITE
PC: [0x80000040] INSTR: [0x0056d393] | WRITE REG: x07 = 0x00000000
PC: [0x80000044] INSTR: [0x57d49797] | WRITE REG: x15 = 0xd7d49044
PC: [0x80000048] INSTR: [0x00a52db3] | WRITE REG: x27 = 0x00000000
PC: [0x8000004c] INSTR: [0x014f2d03] | WRITE REG: x26 = 0x00000000
PC: [0x80000050] INSTR: [0x340d3af3] | WRITE REG: x21 = 0x00000000
PC: [0x80000054] INSTR: [0x016a8463] | NO_REG_WRITE
PC: [0x8000005c] INSTR: [0x028f1023] | NO_REG_WRITE
PC: [0x80000060] INSTR: [0x3405b473] | WRITE REG: x08 = 0x00000000
PC: [0x80000064] INSTR: [0x01785513] | WRITE REG: x10 = 0x00000000
PC: [0x80000068] INSTR: [0x008006ef] | WRITE REG: x13 = 0x8000006c
PC: [0x80000070] INSTR: [0x00949293] | WRITE REG: x05 = 0x00056000
PC: [0x80000074] INSTR: [0x340258f3] | WRITE REG: x17 = 0x00000000
PC: [0x80000078] INSTR: [0x340c3c73] | WRITE REG: x24 = 0x00000004
PC: [0x8000007c] INSTR: [0x01d79993] | WRITE REG: x19 = 0x80000000
PC: [0x80000080] INSTR: [0x15023b97] | WRITE REG: x23 = 0x95023080
PC: [0x80000084] INSTR: [0x5b2d8697] | WRITE REG: x13 = 0xdb2d8084
PC: [0x80000088] INSTR: [0x01d0d393] | WRITE REG: x07 = 0x00000000
PC: [0x8000008c] INSTR: [0x9c8f51b7] | WRITE REG: x03 = 0x9c8f5000
PC: [0x80000090] INSTR: [0x01475093] | WRITE REG: x01 = 0x00000000
PC: [0x80000094] INSTR: [0x013dd463] | NO_REG_WRITE
PC: [0x8000009c] INSTR: [0x02c411b3] | WRITE REG: x03 = 0x00000000
PC: [0x800000a0] INSTR: [0x004b5463] | NO_REG_WRITE
PC: [0x800000a8] INSTR: [0x013f2623] | NO_REG_WRITE
PC: [0x800000ac] INSTR: [0x002f2023] | NO_REG_WRITE
PC: [0x800000b0] INSTR: [0x340db5f3] | WRITE REG: x11 = 0x00000004
PC: [0x800000b4] INSTR: [0xc53dbc93] | WRITE REG: x25 = 0x00000001
PC: [0x800000b8] INSTR: [0x00285613] | WRITE REG: x12 = 0x00000000
PC: [0x800000bc] INSTR: [0x008000ef] | WRITE REG: x01 = 0x800000c0
PC: [0x800000c4] INSTR: [0x0167d293] | WRITE REG: x05 = 0x0000035f
PC: [0x800000c8] INSTR: [0xd0a6f893] | WRITE REG: x17 = 0xdb2d8000
PC: [0x800000cc] INSTR: [0x40db0b33] | WRITE REG: x22 = 0x24d27f7c
PC: [0x800000d0] INSTR: [0x014f0603] | WRITE REG: x12 = 0x00000000
PC: [0x800000d4] INSTR: [0x037d04b3] | WRITE REG: x09 = 0x00000000
PC: [0x800000d8] INSTR: [0x018f2983] | WRITE REG: x19 = 0x00000000
PC: [0x800000dc] INSTR: [0x408d5a93] | WRITE REG: x21 = 0x00000000
PC: [0x800000e0] INSTR: [0x035212b3] | WRITE REG: x05 = 0x00000000
PC: [0x800000e4] INSTR: [0x00a11133] | WRITE REG: x02 = 0x00000000
PC: [0x800000e8] INSTR: [0x11a2e293] | WRITE REG: x05 = 0x0000011a
PC: [0x800000ec] INSTR: [0xb91bb513] | WRITE REG: x10 = 0x00000001
PC: [0x800000f0] INSTR: [0x40c805b3] | WRITE REG: x11 = 0x00000000
PC: [0x800000f4] INSTR: [0x00930463] | NO_REG_WRITE
PC: [0x800000f8] INSTR: [0x00130c13] | WRITE REG: x24 = 0x3e815001
PC: [0x800000fc] INSTR: [0x00145463] | NO_REG_WRITE
PC: [0x80000104] INSTR: [0x1d087613] | WRITE REG: x12 = 0x00000000
PC: [0x80000108] INSTR: [0x3ba4a2b7] | WRITE REG: x05 = 0x3ba4a000
PC: [0x8000010c] INSTR: [0x00000e97] | WRITE REG: x29 = 0x8000010c
PC: [0x80000110] INSTR: [0x00ce8e67] | WRITE REG: x28 = 0x80000114
PC: [0x80000118] INSTR: [0x1e2fc7b7] | WRITE REG: x15 = 0x1e2fc000
PC: [0x8000011c] INSTR: [0x340b51f3] | WRITE REG: x03 = 0x00000004
PC: [0x80000120] INSTR: [0x00000e97] | WRITE REG: x29 = 0x80000120
PC: [0x80000124] INSTR: [0x00ce8b67] | WRITE REG: x22 = 0x80000128
PC: [0x8000012c] INSTR: [0x340898f3] | WRITE REG: x17 = 0x00000016
PC: [0x80000130] INSTR: [0x40485613] | WRITE REG: x12 = 0x00000000
PC: [0x80000134] INSTR: [0x01e69a93] | WRITE REG: x21 = 0x00000000
PC: [0x80000138] INSTR: [0x00000e97] | WRITE REG: x29 = 0x80000138
PC: [0x8000013c] INSTR: [0x00ce8b67] | WRITE REG: x22 = 0x80000140
PC: [0x80000144] INSTR: [0xec392a97] | WRITE REG: x21 = 0x6c392144
PC: [0x80000148] INSTR: [0x2bd38913] | WRITE REG: x18 = 0x000002bd
PC: [0x8000014c] INSTR: [0x00ef1423] | NO_REG_WRITE
PC: [0x80000150] INSTR: [0x024c9ab3] | WRITE REG: x21 = 0xffffffff
PC: [0x80000154] INSTR: [0x340b2573] | WRITE REG: x10 = 0xdb2d8000
PC: [0x80000158] INSTR: [0x00cf1a23] | NO_REG_WRITE
PC: [0x8000015c] INSTR: [0x02299e33] | WRITE REG: x28 = 0x00000000
PC: [0x80000160] INSTR: [0x02d91cb3] | WRITE REG: x25 = 0xffffff9b
PC: [0x80000164] INSTR: [0xdb4cf517] | WRITE REG: x10 = 0x5b4cf164
PC: [0x80000168] INSTR: [0x03439b33] | WRITE REG: x22 = 0x00000000
PC: [0x8000016c] INSTR: [0x01cf1823] | NO_REG_WRITE
PC: [0x80000170] INSTR: [0x01424463] | NO_REG_WRITE
PC: [0x80000178] INSTR: [0x00000e97] | WRITE REG: x29 = 0x80000178
PC: [0x8000017c] INSTR: [0x00ce8467] | WRITE REG: x08 = 0x80000180
PC: [0x80000184] INSTR: [0xe4d7f1b7] | WRITE REG: x03 = 0xe4d7f000
PC: [0x80000188] INSTR: [0x011c5463] | NO_REG_WRITE
PC: [0x80000190] INSTR: [0x02f09233] | WRITE REG: x04 = 0xf0e82016
PC: [0x80000194] INSTR: [0xa2fc18b7] | WRITE REG: x17 = 0xa2fc1000
PC: [0x80000198] INSTR: [0x34032373] | WRITE REG: x06 = 0xdb2d8140
PC: [0x8000019c] INSTR: [0x5b6f9a37] | WRITE REG: x20 = 0x5b6f9000
PC: [0x800001a0] INSTR: [0x340a2b73] | WRITE REG: x22 = 0xffadd140
PC: [0x800001a4] INSTR: [0x0080036f] | WRITE REG: x06 = 0x800001a8
PC: [0x800001ac] INSTR: [0x023c0733] | WRITE REG: x14 = 0x4fd7f000
PC: [0x800001b0] INSTR: [0x0168b0b3] | WRITE REG: x01 = 0x00000001
PC: [0x800001b4] INSTR: [0x41285313] | WRITE REG: x06 = 0x00000000
PC: [0x800001b8] INSTR: [0x00536463] | NO_REG_WRITE
PC: [0x800001c0] INSTR: [0x00af1c23] | NO_REG_WRITE
PC: [0x800001c4] INSTR: [0x340bf4f3] | WRITE REG: x09 = 0xffefd140
PC: [0x800001c8] INSTR: [0x02f89bb3] | WRITE REG: x23 = 0xf5083063
PC: [0x800001cc] INSTR: [0x1993c337] | WRITE REG: x06 = 0x1993c000
PC: [0x800001d0] INSTR: [0x00800a6f] | WRITE REG: x20 = 0x800001d4
PC: [0x800001d8] INSTR: [0x41255613] | WRITE REG: x12 = 0x000016d3
PC: [0x800001dc] INSTR: [0xac107637] | WRITE REG: x12 = 0xac107000
PC: [0x800001e0] INSTR: [0x340153f3] | WRITE REG: x07 = 0xffefd140
PC: [0x800001e4] INSTR: [0x00800cef] | WRITE REG: x25 = 0x800001e8
PC: [0x800001ec] INSTR: [0x01cf4c03] | WRITE REG: x24 = 0x00000000
PC: [0x800001f0] INSTR: [0x0057d993] | WRITE REG: x19 = 0x00f17e00
PC: [0x800001f4] INSTR: [0x3405e9f3] | WRITE REG: x19 = 0x00000002
PC: [0x800001f8] INSTR: [0x41c9d913] | WRITE REG: x18 = 0x00000000
PC: [0x800001fc] INSTR: [0x00000e97] | WRITE REG: x29 = 0x800001fc
PC: [0x80000200] INSTR: [0x00ce8a67] | WRITE REG: x20 = 0x80000204
PC: [0x80000208] INSTR: [0x00438463] | NO_REG_WRITE
PC: [0x8000020c] INSTR: [0x00138513] | WRITE REG: x10 = 0xffefd141
PC: [0x80000210] INSTR: [0x00f7b533] | WRITE REG: x10 = 0x00000000
PC: [0x80000214] INSTR: [0x41bc83b3] | WRITE REG: x07 = 0x800001e8
PC: [0x80000218] INSTR: [0x340860f3] | WRITE REG: x01 = 0x0000000b
PC: [0x8000021c] INSTR: [0x340175f3] | WRITE REG: x11 = 0x0000001b
PC: [0x80000220] INSTR: [0x0114fe33] | WRITE REG: x28 = 0xa2ec1000
PC: [0x80000224] INSTR: [0x006565b3] | WRITE REG: x11 = 0x1993c000
PC: [0x80000228] INSTR: [0x0151d463] | NO_REG_WRITE
PC: [0x8000022c] INSTR: [0x00118d13] | WRITE REG: x26 = 0xe4d7f001
PC: [0x80000230] INSTR: [0x0080056f] | WRITE REG: x10 = 0x80000234
PC: [0x80000238] INSTR: [0x51b886b7] | WRITE REG: x13 = 0x51b88000
PC: [0x8000023c] INSTR: [0x1f946413] | WRITE REG: x08 = 0x800001f9
PC: [0x80000240] INSTR: [0x405657b3] | WRITE REG: x15 = 0xac107000
PC: [0x80000244] INSTR: [0x948c1a97] | WRITE REG: x21 = 0x148c1244
PC: [0x80000248] INSTR: [0x1412cb37] | WRITE REG: x22 = 0x1412c000
PC: [0x8000024c] INSTR: [0x03490bb3] | WRITE REG: x23 = 0x00000000
PC: [0x80000250] INSTR: [0x03929333] | WRITE REG: x06 = 0xe22db071
PC: [0x80000254] INSTR: [0x7f2ff497] | WRITE REG: x09 = 0xff2ff254
PC: [0x80000258] INSTR: [0x80f8e3b7] | WRITE REG: x07 = 0x80f8e000
PC: [0x8000025c] INSTR: [0xf45aa1b7] | WRITE REG: x03 = 0xf45aa000
PC: [0x80000260] INSTR: [0xc05aae37] | WRITE REG: x28 = 0xc05aa000
PC: [0x80000264] INSTR: [0x83cd4593] | WRITE REG: x11 = 0x1b28083d
PC: [0x80000268] INSTR: [0xa0eb4893] | WRITE REG: x17 = 0xebed3a0e
PC: [0x8000026c] INSTR: [0x34047473] | WRITE REG: x08 = 0x00000019
PC: [0x80000270] INSTR: [0x7c20c4b7] | WRITE REG: x09 = 0x7c20c000
PC: [0x80000274] INSTR: [0x03229133] | WRITE REG: x02 = 0x00000000
PC: [0x80000278] INSTR: [0x00e37463] | NO_REG_WRITE
PC: [0x80000280] INSTR: [0x00eb5463] | NO_REG_WRITE
PC: [0x80000284] INSTR: [0x001b0d13] | WRITE REG: x26 = 0x1412c001
PC: [0x80000288] INSTR: [0x00cf4c03] | WRITE REG: x24 = 0x00000000
PC: [0x8000028c] INSTR: [0xf7aaea93] | WRITE REG: x21 = 0xffffff7e
PC: [0x80000290] INSTR: [0x018dc463] | NO_REG_WRITE
PC: [0x80000294] INSTR: [0x001d8693] | WRITE REG: x13 = 0x00000001
PC: [0x80000298] INSTR: [0x3cb5a813] | WRITE REG: x16 = 0x00000000
PC: [0x8000029c] INSTR: [0x4097da93] | WRITE REG: x21 = 0xffd60838
PC: [0x800002a0] INSTR: [0x3405e8f3] | WRITE REG: x17 = 0x00000011
PC: [0x800002a4] INSTR: [0x41068db3] | WRITE REG: x27 = 0x00000001
PC: [0x800002a8] INSTR: [0x033c9133] | WRITE REG: x02 = 0xffffffff
PC: [0x800002ac] INSTR: [0x011807b3] | WRITE REG: x15 = 0x00000011
PC: [0x800002b0] INSTR: [0x03961c33] | WRITE REG: x24 = 0x29f7c75f
PC: [0x800002b4] INSTR: [0x018cd463] | NO_REG_WRITE
PC: [0x800002b8] INSTR: [0x001c8113] | WRITE REG: x02 = 0x800001e9
PC: [0x800002bc] INSTR: [0xd586d197] | WRITE REG: x03 = 0x5586d2bc
PC: [0x800002c0] INSTR: [0xdd4d8793] | WRITE REG: x15 = 0xfffffdd5
PC: [0x800002c4] INSTR: [0x010c74b3] | WRITE REG: x09 = 0x00000000
PC: [0x800002c8] INSTR: [0x3404bbf3] | WRITE REG: x23 = 0x0000001b
PC: [0x800002cc] INSTR: [0x010f4383] | WRITE REG: x07 = 0x00000000
PC: [0x800002d0] INSTR: [0x005be463] | NO_REG_WRITE
PC: [0x800002d8] INSTR: [0x340e1c73] | WRITE REG: x24 = 0x0000001b
PC: [0x800002dc] INSTR: [0x02589533] | WRITE REG: x10 = 0x00000003
PC: [0x800002e0] INSTR: [0x008001ef] | WRITE REG: x03 = 0x800002e4
PC: [0x800002e8] INSTR: [0xb57b6393] | WRITE REG: x07 = 0xfffffb57
PC: [0x800002ec] INSTR: [0x409b0933] | WRITE REG: x18 = 0x1412c000
PC: [0x800002f0] INSTR: [0x34035a73] | WRITE REG: x20 = 0xc05aa000
PC: [0x800002f4] INSTR: [0xd670e137] | WRITE REG: x02 = 0xd670e000
PC: [0x800002f8] INSTR: [0xa7618417] | WRITE REG: x08 = 0x276182f8
PC: [0x800002fc] INSTR: [0x00d7d693] | WRITE REG: x13 = 0x0007ffff
PC: [0x80000300] INSTR: [0x340911f3] | WRITE REG: x03 = 0x00000006
PC: [0x80000304] INSTR: [0x6a48f497] | WRITE REG: x09 = 0xea48f304
PC: [0x80000308] INSTR: [0x01cf5d83] | WRITE REG: x27 = 0x00000000
PC: [0x8000030c] INSTR: [0x55d66813] | WRITE REG: x16 = 0xac10755d
PC: [0x80000310] INSTR: [0x0191e463] | NO_REG_WRITE
PC: [0x80000318] INSTR: [0x340cf973] | WRITE REG: x18 = 0x1412c000
PC: [0x8000031c] INSTR: [0xa027b617] | WRITE REG: x12 = 0x2027b31c
PC: [0x80000320] INSTR: [0x00000e97] | WRITE REG: x29 = 0x80000320
PC: [0x80000324] INSTR: [0x00ce81e7] | WRITE REG: x03 = 0x80000328
PC: [0x8000032c] INSTR: [0xac586ab7] | WRITE REG: x21 = 0xac586000
PC: [0x80000330] INSTR: [0xe9c88637] | WRITE REG: x12 = 0xe9c88000
PC: [0x80000334] INSTR: [0x00625463] | NO_REG_WRITE
PC: [0x8000033c] INSTR: [0xb40c90b7] | WRITE REG: x01 = 0xb40c9000
PC: [0x80000340] INSTR: [0x00b97463] | NO_REG_WRITE
PC: [0x80000344] INSTR: [0x00190213] | WRITE REG: x04 = 0x1412c001
PC: [0x80000348] INSTR: [0xd960dd97] | WRITE REG: x27 = 0x5960d348
PC: [0x8000034c] INSTR: [0x00000e97] | WRITE REG: x29 = 0x8000034c
PC: [0x80000350] INSTR: [0x00ce8c67] | WRITE REG: x24 = 0x80000354
PC: [0x80000358] INSTR: [0x004f4c03] | WRITE REG: x24 = 0x00000000
PC: [0x8000035c] INSTR: [0x403ad833] | WRITE REG: x16 = 0xffac5860
PC: [0x80000360] INSTR: [0x00800b6f] | WRITE REG: x22 = 0x80000364
PC: [0x80000368] INSTR: [0x340e1bf3] | WRITE REG: x23 = 0x1412c000
PC: [0x8000036c] INSTR: [0x00b31463] | NO_REG_WRITE
PC: [0x80000374] INSTR: [0x029c9a33] | WRITE REG: x20 = 0x0adb8654
PC: [0x80000378] INSTR: [0x004f2083] | WRITE REG: x01 = 0x00000000
PC: [0x8000037c] INSTR: [0x9c9aed17] | WRITE REG: x26 = 0x1c9ae37c
PC: [0x80000380] INSTR: [0x01bf2223] | NO_REG_WRITE
PC: [0x80000384] INSTR: [0x723cc917] | WRITE REG: x18 = 0xf23cc384
PC: [0x80000388] INSTR: [0x340d26f3] | WRITE REG: x13 = 0xc05aa000
PC: [0x8000038c] INSTR: [0x9199fc97] | WRITE REG: x25 = 0x1199f38c
PC: [0x80000390] INSTR: [0x40265733] | WRITE REG: x14 = 0xe9c88000
PC: [0x80000394] INSTR: [0x340710f3] | WRITE REG: x01 = 0xdcdae37c
PC: [0x80000398] INSTR: [0x00611a93] | WRITE REG: x21 = 0x9c380000
PC: [0x8000039c] INSTR: [0x3406b1f3] | WRITE REG: x03 = 0xe9c88000
PC: [0x800003a0] INSTR: [0x00000e97] | WRITE REG: x29 = 0x800003a0
PC: [0x800003a4] INSTR: [0x00ce8367] | WRITE REG: x06 = 0x800003a8
PC: [0x800003ac] INSTR: [0x020f4603] | WRITE REG: x12 = 0x00000019
PC: [0x800003b0] INSTR: [0x02271933] | WRITE REG: x18 = 0x039b4f47
PC: [0x800003b4] INSTR: [0x0161f463] | NO_REG_WRITE
PC: [0x800003bc] INSTR: [0xcbeb6c37] | WRITE REG: x24 = 0xcbeb6000
PC: [0x800003c0] INSTR: [0xcd67a7b7] | WRITE REG: x15 = 0xcd67a000
PC: [0x800003c4] INSTR: [0x4104d3b3] | WRITE REG: x07 = 0xea48f304
PC: [0x800003c8] INSTR: [0x014f0683] | WRITE REG: x13 = 0x00000000
PC: [0x800003cc] INSTR: [0x34042773] | WRITE REG: x14 = 0x29800000
PC: [0x800003d0] INSTR: [0x00b706b3] | WRITE REG: x13 = 0x44a8083d
PC: [0x800003d4] INSTR: [0x2757eb93] | WRITE REG: x23 = 0xcd67a275
PC: [0x800003d8] INSTR: [0xd8ec00b7] | WRITE REG: x01 = 0xd8ec0000
PC: [0x800003dc] INSTR: [0x02c70c33] | WRITE REG: x24 = 0x0d800000
 >>> [DATA BUG] Mismatch on x24! Expected RTL: 0x8d800000 | Spike: 0xd800000
