------------------------------------------------------------------------
                       RTL EXECUTION TRACE LOG                          
------------------------------------------------------------------------
PC: [0x80000000] INSTR: [0x80010f37] | WRITE REG: x30 = 0x80010000
PC: [0x80000004] INSTR: [0x21600093] | WRITE REG: x1  = 0x00000216
PC: [0x80000008] INSTR: [0xde100113] | WRITE REG: x2  = 0xfffffde1
PC: [0x8000000c] INSTR: [0x2e700193] | WRITE REG: x3  = 0x000002e7
PC: [0x80000010] INSTR: [0xdd800213] | WRITE REG: x4  = 0xfffffdd8
PC: [0x80000014] INSTR: [0x3cf00293] | WRITE REG: x5  = 0x000003cf
PC: [0x80000018] INSTR: [0xe5400313] | WRITE REG: x6  = 0xfffffe54
PC: [0x8000001c] INSTR: [0x33500393] | WRITE REG: x7  = 0x00000335
PC: [0x80000020] INSTR: [0x03a00413] | WRITE REG: x8  = 0x0000003a
PC: [0x80000024] INSTR: [0xe9300493] | WRITE REG: x9  = 0xfffffe93
PC: [0x80000028] INSTR: [0x34037af3] | WRITE REG: x21 = 0x00000000
PC: [0x8000002c] INSTR: [0x001f0c23] | NO_REG_WRITE
PC: [0x80000030] INSTR: [0x00fa9463] | NO_REG_WRITE
PC: [0x80000034] INSTR: [0x001a8c93] | WRITE REG: x25 = 0x00000001
PC: [0x80000038] INSTR: [0xd48d2a37] | WRITE REG: x20 = 0xd48d2000
PC: [0x8000003c] INSTR: [0x003dc913] | WRITE REG: x18 = 0x00000003
PC: [0x80000040] INSTR: [0x027c0833] | WRITE REG: x16 = 0x00000000
PC: [0x80000044] INSTR: [0x02838733] | WRITE REG: x14 = 0x0000ba02
PC: [0x80000048] INSTR: [0x417a5bb3] | WRITE REG: x23 = 0xd48d2000
PC: [0x8000004c] INSTR: [0x0107ec33] | WRITE REG: x24 = 0x00000000
PC: [0x80000050] INSTR: [0x01c35933] | WRITE REG: x18 = 0xfffffe54
PC: [0x80000054] INSTR: [0x3401e6f3] | WRITE REG: x13 = 0x00000000
PC: [0x80000058] INSTR: [0x033f0023] | NO_REG_WRITE
PC: [0x8000005c] INSTR: [0x27a4bcb7] | WRITE REG: x25 = 0x27a4b000
PC: [0x80000060] INSTR: [0x009397b3] | WRITE REG: x15 = 0x19a80000
PC: [0x80000064] INSTR: [0x018f4483] | WRITE REG: x9  = 0x00000016
PC: [0x80000068] INSTR: [0x28fdd397] | WRITE REG: x7  = 0xa8fdd068
PC: [0x8000006c] INSTR: [0x00e17a33] | WRITE REG: x20 = 0x0000b800
PC: [0x80000070] INSTR: [0x02991833] | WRITE REG: x16 = 0xffffffff
PC: [0x80000074] INSTR: [0x028b86b3] | WRITE REG: x13 = 0x27f94000
PC: [0x80000078] INSTR: [0xa9d2a293] | WRITE REG: x5  = 0x00000000
PC: [0x8000007c] INSTR: [0x00000e97] | WRITE REG: x29 = 0x8000007c
PC: [0x80000080] INSTR: [0x00ce8de7] | WRITE REG: x27 = 0x80000084
PC: [0x80000088] INSTR: [0x34025273] | WRITE REG: x4  = 0x00000003
PC: [0x8000008c] INSTR: [0x6e3e8c97] | WRITE REG: x25 = 0xee3e808c
PC: [0x80000090] INSTR: [0x00b2d9b3] | WRITE REG: x19 = 0x00000000
PC: [0x80000094] INSTR: [0x01cf4c03] | WRITE REG: x24 = 0x00000000
PC: [0x80000098] INSTR: [0x027810b3] | WRITE REG: x1  = 0x00000000
PC: [0x8000009c] INSTR: [0x00000e97] | WRITE REG: x29 = 0x8000009c
PC: [0x800000a0] INSTR: [0x00ce8be7] | WRITE REG: x23 = 0x800000a4
PC: [0x800000a8] INSTR: [0xd5ce2693] | WRITE REG: x13 = 0x00000000
PC: [0x800000ac] INSTR: [0x340ed5f3] | WRITE REG: x11 = 0x00000004
PC: [0x800000b0] INSTR: [0x01439d33] | WRITE REG: x26 = 0xa8fdd068
PC: [0x800000b4] INSTR: [0x3402ed73] | WRITE REG: x26 = 0x0000001d
PC: [0x800000b8] INSTR: [0x340fe6f3] | WRITE REG: x13 = 0x0000001d
PC: [0x800000bc] INSTR: [0x003d4633] | WRITE REG: x12 = 0x000002fa
PC: [0x800000c0] INSTR: [0xbc8c7293] | WRITE REG: x5  = 0x00000000
PC: [0x800000c4] INSTR: [0x053d4d13] | WRITE REG: x26 = 0x0000004e
PC: [0x800000c8] INSTR: [0x02271a33] | WRITE REG: x20 = 0xffffffff
PC: [0x800000cc] INSTR: [0x340dbc73] | WRITE REG: x24 = 0x0000001f
PC: [0x800000d0] INSTR: [0x001f2023] | NO_REG_WRITE
PC: [0x800000d4] INSTR: [0x017c1493] | WRITE REG: x9  = 0x0f800000
PC: [0x800000d8] INSTR: [0x008004ef] | WRITE REG: x9  = 0x800000dc
PC: [0x800000e0] INSTR: [0x00620bb3] | WRITE REG: x23 = 0xfffffe57
PC: [0x800000e4] INSTR: [0xa7712113] | WRITE REG: x2  = 0x00000000
PC: [0x800000e8] INSTR: [0x5fc36517] | WRITE REG: x10 = 0xdfc360e8
PC: [0x800000ec] INSTR: [0x403988b3] | WRITE REG: x17 = 0xfffffd19
PC: [0x800000f0] INSTR: [0x010f0023] | NO_REG_WRITE
PC: [0x800000f4] INSTR: [0x00150463] | NO_REG_WRITE
PC: [0x800000f8] INSTR: [0x00150993] | WRITE REG: x19 = 0xdfc360e9
PC: [0x800000fc] INSTR: [0xbdde9837] | WRITE REG: x16 = 0xbdde9000
PC: [0x80000100] INSTR: [0x93a16517] | WRITE REG: x10 = 0x13a16100
PC: [0x80000104] INSTR: [0xe775c997] | WRITE REG: x19 = 0x6775c104
PC: [0x80000108] INSTR: [0x340735f3] | WRITE REG: x11 = 0x0000001b
PC: [0x8000010c] INSTR: [0x720988b7] | WRITE REG: x17 = 0x72098000
PC: [0x80000110] INSTR: [0x00000e97] | WRITE REG: x29 = 0x80000110
PC: [0x80000114] INSTR: [0x00ce8e67] | WRITE REG: x28 = 0x80000118
PC: [0x8000011c] INSTR: [0x016367b3] | WRITE REG: x15 = 0xfffffe54
PC: [0x80000120] INSTR: [0x01fcd193] | WRITE REG: x3  = 0x00000001
PC: [0x80000124] INSTR: [0x3400f1f3] | WRITE REG: x3  = 0x00000019
PC: [0x80000128] INSTR: [0x009f0423] | NO_REG_WRITE
PC: [0x8000012c] INSTR: [0x02c188b3] | WRITE REG: x17 = 0x00004a6a
PC: [0x80000130] INSTR: [0x408c5213] | WRITE REG: x4  = 0x00000000
PC: [0x80000134] INSTR: [0x340bfcf3] | WRITE REG: x25 = 0x00000018
PC: [0x80000138] INSTR: [0x01b4e463] | NO_REG_WRITE
PC: [0x8000013c] INSTR: [0x00148e13] | WRITE REG: x28 = 0x800000dd
PC: [0x80000140] INSTR: [0xc866fb37] | WRITE REG: x22 = 0xc866f000
PC: [0x80000144] INSTR: [0x0048f8b3] | WRITE REG: x17 = 0x00000000
PC: [0x80000148] INSTR: [0x0124d293] | WRITE REG: x5  = 0x00002000
PC: [0x8000014c] INSTR: [0x02e71733] | WRITE REG: x14 = 0x00000000
PC: [0x80000150] INSTR: [0xe24e3297] | WRITE REG: x5  = 0x624e3150
PC: [0x80000154] INSTR: [0x3405d6f3] | WRITE REG: x13 = 0x00000008
PC: [0x80000158] INSTR: [0x01af0423] | NO_REG_WRITE
PC: [0x8000015c] INSTR: [0x01cf5303] | WRITE REG: x6  = 0x00000000
PC: [0x80000160] INSTR: [0x13414597] | WRITE REG: x11 = 0x93414160
PC: [0x80000164] INSTR: [0xb38b6a93] | WRITE REG: x21 = 0xfffffb38
PC: [0x80000168] INSTR: [0xbbc0e137] | WRITE REG: x2  = 0xbbc0e000
PC: [0x8000016c] INSTR: [0x01647463] | NO_REG_WRITE
PC: [0x80000170] INSTR: [0x00140393] | WRITE REG: x7  = 0x0000003b
PC: [0x80000174] INSTR: [0x002f2823] | NO_REG_WRITE
PC: [0x80000178] INSTR: [0x3409e573] | WRITE REG: x10 = 0x0000000b
PC: [0x8000017c] INSTR: [0x037f1023] | NO_REG_WRITE
PC: [0x80000180] INSTR: [0x016f1223] | NO_REG_WRITE
PC: [0x80000184] INSTR: [0x010c1d93] | WRITE REG: x27 = 0x001f0000
PC: [0x80000188] INSTR: [0x41275413] | WRITE REG: x8  = 0x00000000
PC: [0x8000018c] INSTR: [0x00fdd193] | WRITE REG: x3  = 0x0000003e
PC: [0x80000190] INSTR: [0x340a1cf3] | WRITE REG: x25 = 0x0000001b
PC: [0x80000194] INSTR: [0x022310b3] | WRITE REG: x1  = 0x00000000
PC: [0x80000198] INSTR: [0x9a4b2397] | WRITE REG: x7  = 0x1a4b2198
PC: [0x8000019c] INSTR: [0x010f0303] | WRITE REG: x6  = 0x00000000
PC: [0x800001a0] INSTR: [0x020f2203] | WRITE REG: x4  = 0x0000fe57
PC: [0x800001a4] INSTR: [0xdaaa27b7] | WRITE REG: x15 = 0xdaaa2000
PC: [0x800001a8] INSTR: [0x01549463] | NO_REG_WRITE
PC: [0x800001b0] INSTR: [0x010f1a23] | NO_REG_WRITE
PC: [0x800001b4] INSTR: [0x01ae7463] | NO_REG_WRITE
PC: [0x800001bc] INSTR: [0x020f5a03] | WRITE REG: x20 = 0x0000fe57
PC: [0x800001c0] INSTR: [0x702aab97] | WRITE REG: x23 = 0xf02aa1c0
PC: [0x800001c4] INSTR: [0x009d5463] | NO_REG_WRITE
PC: [0x800001cc] INSTR: [0x340950f3] | WRITE REG: x1  = 0xffffffff
PC: [0x800001d0] INSTR: [0x02b302b3] | WRITE REG: x5  = 0x00000000
PC: [0x800001d4] INSTR: [0x01cf2703] | WRITE REG: x14 = 0x00000000
PC: [0x800001d8] INSTR: [0x970cb613] | WRITE REG: x12 = 0x00000001
PC: [0x800001dc] INSTR: [0x9465bbb7] | WRITE REG: x23 = 0x9465b000
PC: [0x800001e0] INSTR: [0x82ed2193] | WRITE REG: x3  = 0x00000000
PC: [0x800001e4] INSTR: [0x00800e6f] | WRITE REG: x28 = 0x800001e8
PC: [0x800001ec] INSTR: [0x00fc4463] | NO_REG_WRITE
PC: [0x800001f0] INSTR: [0x001c0e13] | WRITE REG: x28 = 0x00000020
PC: [0x800001f4] INSTR: [0x89967813] | WRITE REG: x16 = 0x00000001
PC: [0x800001f8] INSTR: [0x00000e97] | WRITE REG: x29 = 0x800001f8
PC: [0x800001fc] INSTR: [0x00ce83e7] | WRITE REG: x7  = 0x80000200
PC: [0x80000204] INSTR: [0x03141533] | WRITE REG: x10 = 0x00000000
PC: [0x80000208] INSTR: [0x7ddd6a17] | WRITE REG: x20 = 0xfddd6208
PC: [0x8000020c] INSTR: [0x3403f173] | WRITE REG: x2  = 0x00000012
PC: [0x80000210] INSTR: [0x75ab7d93] | WRITE REG: x27 = 0x00000000
PC: [0x80000214] INSTR: [0x0124c463] | NO_REG_WRITE
PC: [0x8000021c] INSTR: [0x01475463] | NO_REG_WRITE
PC: [0x80000224] INSTR: [0x01657463] | NO_REG_WRITE
PC: [0x80000228] INSTR: [0x00150893] | WRITE REG: x17 = 0x00000001
PC: [0x8000022c] INSTR: [0x40d705b3] | WRITE REG: x11 = 0xfffffff8
PC: [0x80000230] INSTR: [0x4ea57917] | WRITE REG: x18 = 0xcea57230
PC: [0x80000234] INSTR: [0x34089773] | WRITE REG: x14 = 0x00000010
PC: [0x80000238] INSTR: [0x02580e33] | WRITE REG: x28 = 0x00000000
PC: [0x8000023c] INSTR: [0x00000e97] | WRITE REG: x29 = 0x8000023c
PC: [0x80000240] INSTR: [0x00ce8de7] | WRITE REG: x27 = 0x80000244
PC: [0x80000248] INSTR: [0x037e0533] | WRITE REG: x10 = 0x00000000
PC: [0x8000024c] INSTR: [0x020f1103] | WRITE REG: x2  = 0xfffffe57
PC: [0x80000250] INSTR: [0x03748333] | WRITE REG: x6  = 0x87634000
PC: [0x80000254] INSTR: [0x07f4a813] | WRITE REG: x16 = 0x00000001
PC: [0x80000258] INSTR: [0x0192f633] | WRITE REG: x12 = 0x00000000
PC: [0x8000025c] INSTR: [0x3400eb73] | WRITE REG: x22 = 0x00000001
PC: [0x80000260] INSTR: [0x37c66717] | WRITE REG: x14 = 0xb7c66260
PC: [0x80000264] INSTR: [0x2dc94837] | WRITE REG: x16 = 0x2dc94000
PC: [0x80000268] INSTR: [0x00781463] | NO_REG_WRITE
PC: [0x80000270] INSTR: [0x00000e97] | WRITE REG: x29 = 0x80000270
PC: [0x80000274] INSTR: [0x00ce8d67] | WRITE REG: x26 = 0x80000278
PC: [0x8000027c] INSTR: [0x37cbb4b7] | WRITE REG: x9  = 0x37cbb000
PC: [0x80000280] INSTR: [0x7bbc6e17] | WRITE REG: x28 = 0xfbbc6280
PC: [0x80000284] INSTR: [0x0020d493] | WRITE REG: x9  = 0x3fffffff
PC: [0x80000288] INSTR: [0x00e1c333] | WRITE REG: x6  = 0xb7c66260
PC: [0x8000028c] INSTR: [0x03511cb3] | WRITE REG: x25 = 0xffffffff
 >>> [MISMATCH DETECTED AT THIS STEP]
